[    0.000000] Initializing cgroup subsys cpuset
[    0.000000] Initializing cgroup subsys cpu
[    0.000000] Initializing cgroup subsys cpuacct
[    0.000000] Linux version 3.12.0-0.rc0.git13.1.fc21.x86_64 (mockbuild@bkernel02) (gcc version 4.8.1 20130829 (Red Hat 4.8.1-7) (GCC) ) #1 SMP Fri Sep 6 14:27:00 UTC 2013
[    0.000000] Command line: BOOT_IMAGE=/vmlinuz-3.12.0-0.rc0.git13.1.fc21.x86_64 root=/dev/mapper/VolGroup00-fedora ro rd.md.uuid=60ab7ad8:5e71ed16:57627bc9:17e70637 rd.md.uuid=746f1cca:4ea1a3c9:22961411:6ca914c8 LANG=fr_FR.UTF-8 rd.lvm.lv=VolGroup00/fedora KEYTABLE=fr-oss rd.luks=0 rd.dm=0 rd.systemd.log_level=debug systemd.log_level=debug rd.info log_buf_len=1M
[    0.000000] e820: BIOS-provided physical RAM map:
[    0.000000] BIOS-e820: [mem 0x0000000000000000-0x000000000009e7ff] usable
[    0.000000] BIOS-e820: [mem 0x000000000009f800-0x000000000009ffff] reserved
[    0.000000] BIOS-e820: [mem 0x00000000000f0000-0x00000000000fffff] reserved
[    0.000000] BIOS-e820: [mem 0x0000000000100000-0x00000000cfeaffff] usable
[    0.000000] BIOS-e820: [mem 0x00000000cfeb0000-0x00000000cfee2fff] ACPI NVS
[    0.000000] BIOS-e820: [mem 0x00000000cfee3000-0x00000000cfeeffff] ACPI data
[    0.000000] BIOS-e820: [mem 0x00000000cfef0000-0x00000000cfefffff] reserved
[    0.000000] BIOS-e820: [mem 0x00000000e0000000-0x00000000e3ffffff] reserved
[    0.000000] BIOS-e820: [mem 0x00000000fec00000-0x00000000ffffffff] reserved
[    0.000000] BIOS-e820: [mem 0x0000000100000000-0x000000012fffffff] usable
[    0.000000] NX (Execute Disable) protection: active
[    0.000000] SMBIOS 2.4 present.
[    0.000000] DMI: Gigabyte Technology Co., Ltd. EP45-DS5/EP45-DS5, BIOS F12 09/30/2008
[    0.000000] e820: update [mem 0x00000000-0x00000fff] usable ==> reserved
[    0.000000] e820: remove [mem 0x000a0000-0x000fffff] usable
[    0.000000] No AGP bridge found
[    0.000000] e820: last_pfn = 0x130000 max_arch_pfn = 0x400000000
[    0.000000] MTRR default type: uncachable
[    0.000000] MTRR fixed ranges enabled:
[    0.000000]   00000-9FFFF write-back
[    0.000000]   A0000-BFFFF uncachable
[    0.000000]   C0000-CFFFF write-protect
[    0.000000]   D0000-EFFFF uncachable
[    0.000000]   F0000-FFFFF write-through
[    0.000000] MTRR variable ranges enabled:
[    0.000000]   0 base 000000000 mask F00000000 write-back
[    0.000000]   1 base 0E0000000 mask FE0000000 uncachable
[    0.000000]   2 base 0D0000000 mask FF0000000 uncachable
[    0.000000]   3 base 100000000 mask FC0000000 write-back
[    0.000000]   4 base 130000000 mask FF0000000 uncachable
[    0.000000]   5 base 0CFF00000 mask FFFF00000 uncachable
[    0.000000]   6 disabled
[    0.000000]   7 disabled
[    0.000000] x86 PAT enabled: cpu 0, old 0x7040600070406, new 0x7010600070106
[    0.000000] e820: update [mem 0xcff00000-0xffffffff] usable ==> reserved
[    0.000000] e820: last_pfn = 0xcfeb0 max_arch_pfn = 0x400000000
[    0.000000] found SMP MP-table at [mem 0x000f59c0-0x000f59cf] mapped at [ffff8800000f59c0]
[    0.000000] Scanning 1 areas for low memory corruption
[    0.000000] Base memory trampoline at [ffff880000098000] 98000 size 24576
[    0.000000] init_memory_mapping: [mem 0x00000000-0x000fffff]
[    0.000000]  [mem 0x00000000-0x000fffff] page 4k
[    0.000000] BRK [0x02d14000, 0x02d14fff] PGTABLE
[    0.000000] BRK [0x02d15000, 0x02d15fff] PGTABLE
[    0.000000] BRK [0x02d16000, 0x02d16fff] PGTABLE
[    0.000000] init_memory_mapping: [mem 0x12fe00000-0x12fffffff]
[    0.000000]  [mem 0x12fe00000-0x12fffffff] page 2M
[    0.000000] BRK [0x02d17000, 0x02d17fff] PGTABLE
[    0.000000] init_memory_mapping: [mem 0x12c000000-0x12fdfffff]
[    0.000000]  [mem 0x12c000000-0x12fdfffff] page 2M
[    0.000000] init_memory_mapping: [mem 0x100000000-0x12bffffff]
[    0.000000]  [mem 0x100000000-0x12bffffff] page 2M
[    0.000000] init_memory_mapping: [mem 0x00100000-0xcfeaffff]
[    0.000000]  [mem 0x00100000-0x001fffff] page 4k
[    0.000000]  [mem 0x00200000-0xcfdfffff] page 2M
[    0.000000]  [mem 0xcfe00000-0xcfeaffff] page 4k
[    0.000000] log_buf_len: 1048576
[    0.000000] early log buf free: 258024(98%)
[    0.000000] RAMDISK: [mem 0x3702c000-0x3780dfff]
[    0.000000] ACPI: RSDP 00000000000f77f0 00014 (v00 GBT   )
[    0.000000] ACPI: RSDT 00000000cfee3040 0004C (v01 GBT    GBTUACPI 42302E31 GBTU 01010101)
[    0.000000] ACPI: FACP 00000000cfee30c0 00074 (v01 GBT    GBTUACPI 42302E31 GBTU 01010101)
[    0.000000] ACPI: DSDT 00000000cfee3180 04C52 (v01 GBT    GBTUACPI 00001000 MSFT 0100000C)
[    0.000000] ACPI: FACS 00000000cfeb0000 00040
[    0.000000] ACPI: HPET 00000000cfee7f40 00038 (v01 GBT    GBTUACPI 42302E31 GBTU 00000098)
[    0.000000] ACPI: MCFG 00000000cfee7fc0 0003C (v01 GBT    GBTUACPI 42302E31 GBTU 01010101)
[    0.000000] ACPI: TCPA 00000000cfee8040 00032 (v01 HTC    HTCACPI  42302E31 GBTU 00000000)
[    0.000000] ACPI: APIC 00000000cfee7e40 00084 (v01 GBT    GBTUACPI 42302E31 GBTU 01010101)
[    0.000000] ACPI: SSDT 00000000cfee86e0 0018A (v01  PmRef  Cpu0Cst 00003001 INTL 20040311)
[    0.000000] ACPI: SSDT 00000000cfee8870 0018A (v01  PmRef  Cpu1Cst 00003001 INTL 20040311)
[    0.000000] ACPI: SSDT 00000000cfee8a00 0018A (v01  PmRef  Cpu2Cst 00003001 INTL 20040311)
[    0.000000] ACPI: SSDT 00000000cfee8b90 0018A (v01  PmRef  Cpu3Cst 00003001 INTL 20040311)
[    0.000000] ACPI: SSDT 00000000cfee8d20 003AB (v01  PmRef    CpuPm 00003000 INTL 20040311)
[    0.000000] ACPI: Local APIC address 0xfee00000
[    0.000000] No NUMA configuration found
[    0.000000] Faking a node at [mem 0x0000000000000000-0x000000012fffffff]
[    0.000000] Initmem setup node 0 [mem 0x00000000-0x12fffffff]
[    0.000000]   NODE_DATA [mem 0x12fed5000-0x12fefbfff]
[    0.000000]  [ffffea0000000000-ffffea0004bfffff] PMD -> [ffff88012b600000-ffff88012f5fffff] on node 0
[    0.000000] Zone ranges:
[    0.000000]   DMA      [mem 0x00001000-0x00ffffff]
[    0.000000]   DMA32    [mem 0x01000000-0xffffffff]
[    0.000000]   Normal   [mem 0x100000000-0x12fffffff]
[    0.000000] Movable zone start for each node
[    0.000000] Early memory node ranges
[    0.000000]   node   0: [mem 0x00001000-0x0009dfff]
[    0.000000]   node   0: [mem 0x00100000-0xcfeaffff]
[    0.000000]   node   0: [mem 0x100000000-0x12fffffff]
[    0.000000] On node 0 totalpages: 1048141
[    0.000000]   DMA zone: 64 pages used for memmap
[    0.000000]   DMA zone: 21 pages reserved
[    0.000000]   DMA zone: 3997 pages, LIFO batch:0
[    0.000000]   DMA32 zone: 13243 pages used for memmap
[    0.000000]   DMA32 zone: 847536 pages, LIFO batch:31
[    0.000000]   Normal zone: 3072 pages used for memmap
[    0.000000]   Normal zone: 196608 pages, LIFO batch:31
[    0.000000] ACPI: PM-Timer IO Port: 0x408
[    0.000000] ACPI: Local APIC address 0xfee00000
[    0.000000] ACPI: LAPIC (acpi_id[0x00] lapic_id[0x00] enabled)
[    0.000000] ACPI: LAPIC (acpi_id[0x01] lapic_id[0x01] enabled)
[    0.000000] ACPI: LAPIC (acpi_id[0x02] lapic_id[0x02] disabled)
[    0.000000] ACPI: LAPIC (acpi_id[0x03] lapic_id[0x03] disabled)
[    0.000000] ACPI: LAPIC_NMI (acpi_id[0x00] dfl dfl lint[0x1])
[    0.000000] ACPI: LAPIC_NMI (acpi_id[0x01] dfl dfl lint[0x1])
[    0.000000] ACPI: LAPIC_NMI (acpi_id[0x02] dfl dfl lint[0x1])
[    0.000000] ACPI: LAPIC_NMI (acpi_id[0x03] dfl dfl lint[0x1])
[    0.000000] ACPI: IOAPIC (id[0x02] address[0xfec00000] gsi_base[0])
[    0.000000] IOAPIC[0]: apic_id 2, version 32, address 0xfec00000, GSI 0-23
[    0.000000] ACPI: INT_SRC_OVR (bus 0 bus_irq 0 global_irq 2 dfl dfl)
[    0.000000] ACPI: INT_SRC_OVR (bus 0 bus_irq 9 global_irq 9 high level)
[    0.000000] ACPI: IRQ0 used by override.
[    0.000000] ACPI: IRQ2 used by override.
[    0.000000] ACPI: IRQ9 used by override.
[    0.000000] Using ACPI (MADT) for SMP configuration information
[    0.000000] ACPI: HPET id: 0x8086a201 base: 0xfed00000
[    0.000000] smpboot: Allowing 4 CPUs, 2 hotplug CPUs
[    0.000000] nr_irqs_gsi: 40
[    0.000000] PM: Registered nosave memory: [mem 0x0009e000-0x0009ffff]
[    0.000000] PM: Registered nosave memory: [mem 0x000a0000-0x000effff]
[    0.000000] PM: Registered nosave memory: [mem 0x000f0000-0x000fffff]
[    0.000000] PM: Registered nosave memory: [mem 0xcfeb0000-0xcfee2fff]
[    0.000000] PM: Registered nosave memory: [mem 0xcfee3000-0xcfeeffff]
[    0.000000] PM: Registered nosave memory: [mem 0xcfef0000-0xcfefffff]
[    0.000000] PM: Registered nosave memory: [mem 0xcff00000-0xdfffffff]
[    0.000000] PM: Registered nosave memory: [mem 0xe0000000-0xe3ffffff]
[    0.000000] PM: Registered nosave memory: [mem 0xe4000000-0xfebfffff]
[    0.000000] PM: Registered nosave memory: [mem 0xfec00000-0xffffffff]
[    0.000000] e820: [mem 0xe4000000-0xfebfffff] available for PCI devices
[    0.000000] Booting paravirtualized kernel on bare hardware
[    0.000000] setup_percpu: NR_CPUS:4096 nr_cpumask_bits:4 nr_cpu_ids:4 nr_node_ids:1
[    0.000000] PERCPU: Embedded 478 pages/cpu @ffff88012ae00000 s1925248 r8192 d24448 u2097152
[    0.000000] pcpu-alloc: s1925248 r8192 d24448 u2097152 alloc=1*2097152
[    0.000000] pcpu-alloc: [0] 0 [0] 1 [0] 2 [0] 3 
[    0.000000] Built 1 zonelists in Node order, mobility grouping on.  Total pages: 1031741
[    0.000000] Policy zone: Normal
[    0.000000] Kernel command line: BOOT_IMAGE=/vmlinuz-3.12.0-0.rc0.git13.1.fc21.x86_64 root=/dev/mapper/VolGroup00-fedora ro rd.md.uuid=60ab7ad8:5e71ed16:57627bc9:17e70637 rd.md.uuid=746f1cca:4ea1a3c9:22961411:6ca914c8 LANG=fr_FR.UTF-8 rd.lvm.lv=VolGroup00/fedora KEYTABLE=fr-oss rd.luks=0 rd.dm=0 rd.systemd.log_level=debug systemd.log_level=debug rd.info log_buf_len=1M
[    0.000000] PID hash table entries: 4096 (order: 3, 32768 bytes)
[    0.000000] xsave: enabled xstate_bv 0x3, cntxt size 0x240
[    0.000000] Checking aperture...
[    0.000000] No AGP bridge found
[    0.000000] Memory: 4013772K/4192564K available (7495K kernel code, 1356K rwdata, 3128K rodata, 3648K init, 12444K bss, 178792K reserved)
[    0.000000] SLUB: HWalign=64, Order=0-3, MinObjects=0, CPUs=4, Nodes=1
[    0.000000] Hierarchical RCU implementation.
[    0.000000] 	RCU lockdep checking is enabled.
[    0.000000] 	RCU restricting CPUs from NR_CPUS=4096 to nr_cpu_ids=4.
[    0.000000] NR_IRQS:262400 nr_irqs:712 16
[    0.000000] Console: colour dummy device 80x25
[    0.000000] console [tty0] enabled
[    0.000000] Lock dependency validator: Copyright (c) 2006 Red Hat, Inc., Ingo Molnar
[    0.000000] ... MAX_LOCKDEP_SUBCLASSES:  8
[    0.000000] ... MAX_LOCK_DEPTH:          48
[    0.000000] ... MAX_LOCKDEP_KEYS:        8191
[    0.000000] ... CLASSHASH_SIZE:          4096
[    0.000000] ... MAX_LOCKDEP_ENTRIES:     16384
[    0.000000] ... MAX_LOCKDEP_CHAINS:      32768
[    0.000000] ... CHAINHASH_SIZE:          16384
[    0.000000]  memory used by lock dependency info: 6367 kB
[    0.000000]  per task-struct memory footprint: 2688 bytes
[    0.000000] allocated 16777216 bytes of page_cgroup
[    0.000000] please try 'cgroup_disable=memory' option if you don't want memory cgroups
[    0.000000] ODEBUG: 23 of 23 active objects replaced
[    0.000000] kmemleak: Kernel memory leak detector disabled
[    0.000000] hpet clockevent registered
[    0.000000] tsc: Fast TSC calibration using PIT
[    0.000000] tsc: Detected 3166.317 MHz processor
[    0.001003] Calibrating delay loop (skipped), value calculated using timer frequency.. 6332.63 BogoMIPS (lpj=3166317)
[    0.001011] pid_max: default: 32768 minimum: 301
[    0.001303] Security Framework initialized
[    0.001315] SELinux:  Initializing.
[    0.001398] SELinux:  Starting in permissive mode
[    0.002497] Dentry cache hash table entries: 524288 (order: 10, 4194304 bytes)
[    0.004182] Inode-cache hash table entries: 262144 (order: 9, 2097152 bytes)
[    0.004926] Mount-cache hash table entries: 256
[    0.006817] Initializing cgroup subsys memory
[    0.006953] Initializing cgroup subsys devices
[    0.007006] Initializing cgroup subsys freezer
[    0.007028] Initializing cgroup subsys net_cls
[    0.007038] Initializing cgroup subsys blkio
[    0.007042] Initializing cgroup subsys perf_event
[    0.007213] CPU: Physical Processor ID: 0
[    0.007217] CPU: Processor Core ID: 0
[    0.007221] mce: CPU supports 6 MCE banks
[    0.007234] CPU0: Thermal monitoring enabled (TM2)
[    0.007247] Last level iTLB entries: 4KB 128, 2MB 4, 4MB 4
Last level dTLB entries: 4KB 256, 2MB 0, 4MB 32
tlb_flushall_shift: -1
[    0.007421] Freeing SMP alternatives memory: 24K (ffffffff820e5000 - ffffffff820eb000)
[    0.008917] ACPI: Core revision 20130725
[    0.080234] ACPI: All ACPI Tables successfully acquired
[    0.081068] ftrace: allocating 25435 entries in 100 pages
[    0.089459] ..TIMER: vector=0x30 apic1=0 pin1=2 apic2=-1 pin2=-1
[    0.099473] smpboot: CPU0: Intel(R) Core(TM)2 Duo CPU     E8500  @ 3.16GHz (fam: 06, model: 17, stepping: 0a)
[    0.100000] Performance Events: PEBS fmt0+, 4-deep LBR, Core2 events, Intel PMU driver.
[    0.100000] ... version:                2
[    0.100000] ... bit width:              40
[    0.100000] ... generic registers:      2
[    0.100000] ... value mask:             000000ffffffffff
[    0.100000] ... max period:             000000007fffffff
[    0.100000] ... fixed-purpose events:   3
[    0.100000] ... event mask:             0000000700000003
[    0.103866] SMP alternatives: lockdep: fixing up alternatives
[    0.103886] smpboot: Booting Node   0, Processors  #1
[    0.116184] Brought up 2 CPUs
[    0.116192] smpboot: Total of 2 processors activated (12665.26 BogoMIPS)
[    0.116571] NMI watchdog: enabled on all CPUs, permanently consumes one hw-PMU counter.
[    0.119164] devtmpfs: initialized
[    0.121544] PM: Registering ACPI NVS region [mem 0xcfeb0000-0xcfee2fff] (208896 bytes)
[    0.128374] atomic64 test passed for x86-64 platform with CX8 and with SSE
[    0.128494] RTC time:  7:51:05, date: 09/07/13
[    0.129023] NET: Registered protocol family 16
[    0.130301] cpuidle: using governor menu
[    0.130506] ACPI: bus type PCI registered
[    0.130511] acpiphp: ACPI Hot Plug PCI Controller Driver version: 0.5
[    0.131117] PCI: MMCONFIG for domain 0000 [bus 00-3f] at [mem 0xe0000000-0xe3ffffff] (base 0xe0000000)
[    0.131125] PCI: MMCONFIG at [mem 0xe0000000-0xe3ffffff] reserved in E820
[    0.140032] PCI: Using configuration type 1 for base access
[    0.157329] bio: create slab <bio-0> at 0
[    0.158222] ACPI: Added _OSI(Module Device)
[    0.158228] ACPI: Added _OSI(Processor Device)
[    0.158232] ACPI: Added _OSI(3.0 _SCP Extensions)
[    0.158236] ACPI: Added _OSI(Processor Aggregator Device)
[    0.163044] ACPI: EC: Look up EC in DSDT
[    0.247030] ACPI: SSDT 00000000cfee80c0 0022A (v01  PmRef  Cpu0Ist 00003000 INTL 20040311)
[    0.249047] ACPI: Dynamic OEM Table Load:
[    0.249053] ACPI: SSDT           (null) 0022A (v01  PmRef  Cpu0Ist 00003000 INTL 20040311)
[    0.251016] ACPI: SSDT 00000000cfee8580 00152 (v01  PmRef  Cpu1Ist 00003000 INTL 20040311)
[    0.252635] ACPI: Dynamic OEM Table Load:
[    0.252640] ACPI: SSDT           (null) 00152 (v01  PmRef  Cpu1Ist 00003000 INTL 20040311)
[    0.253626] ACPI Error: Method parse/execution failed [\_PR_.CPU1._PDC] (Node ffff880129355140), AE_ALREADY_EXISTS (20130725/psparse-536)
[    0.253719] ACPI: Marking method _PDC as Serialized because of AE_ALREADY_EXISTS error
[    0.256909] ACPI: Interpreter enabled
[    0.256932] ACPI Exception: AE_NOT_FOUND, While evaluating Sleep State [\_S1_] (20130725/hwxface-571)
[    0.256961] ACPI Exception: AE_NOT_FOUND, While evaluating Sleep State [\_S2_] (20130725/hwxface-571)
[    0.257112] ACPI: (supports S0 S3 S4 S5)
[    0.257116] ACPI: Using IOAPIC for interrupt routing
[    0.257451] PCI: Using host bridge windows from ACPI; if necessary, use "pci=nocrs" and report a bug
[    0.260324] ACPI: No dock devices found.
[    0.413783] ACPI: PCI Root Bridge [PCI0] (domain 0000 [bus 00-3f])
[    0.413840] acpi PNP0A03:00: ACPI _OSC support notification failed, disabling PCIe ASPM
[    0.413847] acpi PNP0A03:00: Unable to request _OSC control (_OSC support mask: 0x08)
[    0.416511] acpi PNP0A03:00: fail to add MMCONFIG information, can't access extended PCI configuration space under this bridge.
[    0.422573] ACPI: \_SB_.PCI0.LNKA: can't evaluate _ADR (0x5)
[    0.422621] ACPI: \_SB_.PCI0.LNKB: can't evaluate _ADR (0x5)
[    0.422667] ACPI: \_SB_.PCI0.LNKC: can't evaluate _ADR (0x5)
[    0.422713] ACPI: \_SB_.PCI0.LNKD: can't evaluate _ADR (0x5)
[    0.422759] ACPI: \_SB_.PCI0.LNKE: can't evaluate _ADR (0x5)
[    0.422805] ACPI: \_SB_.PCI0.LNKF: can't evaluate _ADR (0x5)
[    0.422850] ACPI: \_SB_.PCI0.LNK0: can't evaluate _ADR (0x5)
[    0.422896] ACPI: \_SB_.PCI0.LNK1: can't evaluate _ADR (0x5)
[    0.422942] ACPI: \_SB_.PCI0.EXPL: can't evaluate _ADR (0x5)
[    0.422955] PCI host bridge to bus 0000:00
[    0.422966] pci_bus 0000:00: root bus resource [bus 00-3f]
[    0.422976] pci_bus 0000:00: root bus resource [io  0x0000-0x0cf7]
[    0.422987] pci_bus 0000:00: root bus resource [io  0x0d00-0xffff]
[    0.423004] pci_bus 0000:00: root bus resource [mem 0x000a0000-0x000bffff]
[    0.423015] pci_bus 0000:00: root bus resource [mem 0x000c0000-0x000dffff]
[    0.423026] pci_bus 0000:00: root bus resource [mem 0xfed40000-0xfed44fff]
[    0.423036] pci_bus 0000:00: root bus resource [mem 0xcff00000-0xfebfffff]
[    0.423073] pci 0000:00:00.0: [8086:2e20] type 00 class 0x060000
[    0.423127] DMAR: Forcing write-buffer flush capability
[    0.423132] DMAR: Disabling IOMMU for graphics on this chipset
[    0.424847] pci 0000:00:01.0: [8086:2e21] type 01 class 0x060400
[    0.424952] pci 0000:00:01.0: PME# supported from D0 D3hot D3cold
[    0.426739] pci 0000:00:1a.0: [8086:3a37] type 00 class 0x0c0300
[    0.426804] pci 0000:00:1a.0: reg 0x20: [io  0xe500-0xe51f]
[    0.428385] pci 0000:00:1a.0: System wakeup disabled by ACPI
[    0.428822] pci 0000:00:1a.1: [8086:3a38] type 00 class 0x0c0300
[    0.428887] pci 0000:00:1a.1: reg 0x20: [io  0xe000-0xe01f]
[    0.430443] pci 0000:00:1a.1: System wakeup disabled by ACPI
[    0.430848] pci 0000:00:1a.2: [8086:3a39] type 00 class 0x0c0300
[    0.430912] pci 0000:00:1a.2: reg 0x20: [io  0xe100-0xe11f]
[    0.432471] pci 0000:00:1a.2: System wakeup disabled by ACPI
[    0.432882] pci 0000:00:1a.7: [8086:3a3c] type 00 class 0x0c0320
[    0.432907] pci 0000:00:1a.7: reg 0x10: [mem 0xec404000-0xec4043ff]
[    0.434523] pci 0000:00:1a.7: System wakeup disabled by ACPI
[    0.434933] pci 0000:00:1b.0: [8086:3a3e] type 00 class 0x040300
[    0.434957] pci 0000:00:1b.0: reg 0x10: [mem 0xec400000-0xec403fff 64bit]
[    0.435092] pci 0000:00:1b.0: PME# supported from D0 D3hot D3cold
[    0.436579] pci 0000:00:1b.0: System wakeup disabled by ACPI
[    0.436987] pci 0000:00:1c.0: [8086:3a40] type 01 class 0x060400
[    0.437127] pci 0000:00:1c.0: PME# supported from D0 D3hot D3cold
[    0.438630] pci 0000:00:1c.0: System wakeup disabled by ACPI
[    0.439052] pci 0000:00:1c.3: [8086:3a46] type 01 class 0x060400
[    0.439184] pci 0000:00:1c.3: PME# supported from D0 D3hot D3cold
[    0.440683] pci 0000:00:1c.3: System wakeup disabled by ACPI
[    0.441095] pci 0000:00:1c.4: [8086:3a48] type 01 class 0x060400
[    0.441227] pci 0000:00:1c.4: PME# supported from D0 D3hot D3cold
[    0.442783] pci 0000:00:1c.4: System wakeup disabled by ACPI
[    0.443198] pci 0000:00:1c.5: [8086:3a4a] type 01 class 0x060400
[    0.443329] pci 0000:00:1c.5: PME# supported from D0 D3hot D3cold
[    0.444853] pci 0000:00:1c.5: System wakeup disabled by ACPI
[    0.445260] pci 0000:00:1d.0: [8086:3a34] type 00 class 0x0c0300
[    0.445325] pci 0000:00:1d.0: reg 0x20: [io  0xe200-0xe21f]
[    0.446898] pci 0000:00:1d.0: System wakeup disabled by ACPI
[    0.447317] pci 0000:00:1d.1: [8086:3a35] type 00 class 0x0c0300
[    0.447381] pci 0000:00:1d.1: reg 0x20: [io  0xe300-0xe31f]
[    0.448958] pci 0000:00:1d.1: System wakeup disabled by ACPI
[    0.449372] pci 0000:00:1d.2: [8086:3a36] type 00 class 0x0c0300
[    0.449436] pci 0000:00:1d.2: reg 0x20: [io  0xe400-0xe41f]
[    0.451025] pci 0000:00:1d.2: System wakeup disabled by ACPI
[    0.451446] pci 0000:00:1d.7: [8086:3a3a] type 00 class 0x0c0320
[    0.451470] pci 0000:00:1d.7: reg 0x10: [mem 0xec405000-0xec4053ff]
[    0.453102] pci 0000:00:1d.7: System wakeup disabled by ACPI
[    0.453502] pci 0000:00:1e.0: [8086:244e] type 01 class 0x060401
[    0.455100] pci 0000:00:1e.0: System wakeup disabled by ACPI
[    0.455506] pci 0000:00:1f.0: [8086:3a16] type 00 class 0x060100
[    0.455636] pci 0000:00:1f.0: address space collision: [io  0x0400-0x047f] conflicts with ACPI CPU throttle [??? 0x00000410-0x00000415 flags 0x80000000]
[    0.455649] pci 0000:00:1f.0: quirk: [io  0x0480-0x04bf] claimed by ICH6 GPIO
[    0.455656] pci 0000:00:1f.0: ICH7 LPC Generic IO decode 1 PIO at 0800 (mask 000f)
[    0.455664] pci 0000:00:1f.0: ICH7 LPC Generic IO decode 2 PIO at 0290 (mask 000f)
[    0.455671] pci 0000:00:1f.0: ICH7 LPC Generic IO decode 3 PIO at 4700 (mask 000b)
[    0.457407] pci 0000:00:1f.2: [8086:3a22] type 00 class 0x010601
[    0.457437] pci 0000:00:1f.2: reg 0x10: [io  0xe600-0xe607]
[    0.457449] pci 0000:00:1f.2: reg 0x14: [io  0xe700-0xe703]
[    0.457461] pci 0000:00:1f.2: reg 0x18: [io  0xe800-0xe807]
[    0.457473] pci 0000:00:1f.2: reg 0x1c: [io  0xe900-0xe903]
[    0.457485] pci 0000:00:1f.2: reg 0x20: [io  0xea00-0xea1f]
[    0.457497] pci 0000:00:1f.2: reg 0x24: [mem 0xec406000-0xec4067ff]
[    0.457588] pci 0000:00:1f.2: PME# supported from D3hot
[    0.459475] pci 0000:00:1f.3: [8086:3a30] type 00 class 0x0c0500
[    0.459499] pci 0000:00:1f.3: reg 0x10: [mem 0xec407000-0xec4070ff 64bit]
[    0.459531] pci 0000:00:1f.3: reg 0x20: [io  0x0500-0x051f]
[    0.461579] pci 0000:01:00.0: [1002:6779] type 00 class 0x030000
[    0.461603] pci 0000:01:00.0: reg 0x10: [mem 0xd0000000-0xdfffffff 64bit pref]
[    0.461622] pci 0000:01:00.0: reg 0x18: [mem 0xeb000000-0xeb01ffff 64bit]
[    0.461635] pci 0000:01:00.0: reg 0x20: [io  0x9000-0x90ff]
[    0.461658] pci 0000:01:00.0: reg 0x30: [mem 0x00000000-0x0001ffff pref]
[    0.461738] pci 0000:01:00.0: supports D1 D2
[    0.462131] pci 0000:01:00.1: [1002:aa98] type 00 class 0x040300
[    0.462154] pci 0000:01:00.1: reg 0x10: [mem 0xeb020000-0xeb023fff 64bit]
[    0.462286] pci 0000:01:00.1: supports D1 D2
[    0.462729] pci 0000:00:01.0: PCI bridge to [bus 01]
[    0.462737] pci 0000:00:01.0:   bridge window [io  0x9000-0x9fff]
[    0.462741] pci 0000:00:01.0:   bridge window [mem 0xea000000-0xebffffff]
[    0.462748] pci 0000:00:01.0:   bridge window [mem 0xd0000000-0xdfffffff 64bit pref]
[    0.463105] pci 0000:00:1c.0: PCI bridge to [bus 02]
[    0.464007] pci 0000:03:00.0: [197b:2363] type 00 class 0x010185
[    0.464123] pci 0000:03:00.0: reg 0x24: [mem 0xec000000-0xec001fff]
[    0.464230] pci 0000:03:00.0: PME# supported from D3hot
[    0.464839] pci 0000:03:00.1: [197b:2363] type 00 class 0x010185
[    0.464867] pci 0000:03:00.1: reg 0x10: [io  0xa000-0xa007]
[    0.464881] pci 0000:03:00.1: reg 0x14: [io  0xa100-0xa103]
[    0.464894] pci 0000:03:00.1: reg 0x18: [io  0xa200-0xa207]
[    0.464907] pci 0000:03:00.1: reg 0x1c: [io  0xa300-0xa303]
[    0.464920] pci 0000:03:00.1: reg 0x20: [io  0xa400-0xa40f]
[    0.465524] pci 0000:03:00.0: disabling ASPM on pre-1.1 PCIe device.  You can enable it with 'pcie_aspm=force'
[    0.465550] pci 0000:00:1c.3: PCI bridge to [bus 03]
[    0.465558] pci 0000:00:1c.3:   bridge window [io  0xa000-0xafff]
[    0.465563] pci 0000:00:1c.3:   bridge window [mem 0xec000000-0xec0fffff]
[    0.465955] pci 0000:04:00.0: [10ec:8168] type 00 class 0x020000
[    0.465978] pci 0000:04:00.0: reg 0x10: [io  0xb000-0xb0ff]
[    0.466022] pci 0000:04:00.0: reg 0x18: [mem 0xec310000-0xec310fff 64bit pref]
[    0.466047] pci 0000:04:00.0: reg 0x20: [mem 0xec300000-0xec30ffff 64bit pref]
[    0.466063] pci 0000:04:00.0: reg 0x30: [mem 0x00000000-0x0000ffff pref]
[    0.466181] pci 0000:04:00.0: supports D1 D2
[    0.466183] pci 0000:04:00.0: PME# supported from D0 D1 D2 D3hot D3cold
[    0.468064] pci 0000:00:1c.4: PCI bridge to [bus 04]
[    0.468076] pci 0000:00:1c.4:   bridge window [io  0xb000-0xbfff]
[    0.468083] pci 0000:00:1c.4:   bridge window [mem 0xe8000000-0xe8ffffff]
[    0.468093] pci 0000:00:1c.4:   bridge window [mem 0xec300000-0xec3fffff 64bit pref]
[    0.468488] pci 0000:05:00.0: [10ec:8168] type 00 class 0x020000
[    0.468511] pci 0000:05:00.0: reg 0x10: [io  0xc000-0xc0ff]
[    0.468549] pci 0000:05:00.0: reg 0x18: [mem 0xec110000-0xec110fff 64bit pref]
[    0.468573] pci 0000:05:00.0: reg 0x20: [mem 0xec100000-0xec10ffff 64bit pref]
[    0.468589] pci 0000:05:00.0: reg 0x30: [mem 0x00000000-0x0000ffff pref]
[    0.468701] pci 0000:05:00.0: supports D1 D2
[    0.468703] pci 0000:05:00.0: PME# supported from D0 D1 D2 D3hot D3cold
[    0.471035] pci 0000:00:1c.5: PCI bridge to [bus 05]
[    0.471046] pci 0000:00:1c.5:   bridge window [io  0xc000-0xcfff]
[    0.471053] pci 0000:00:1c.5:   bridge window [mem 0xe9000000-0xe9ffffff]
[    0.471064] pci 0000:00:1c.5:   bridge window [mem 0xec100000-0xec1fffff 64bit pref]
[    0.471434] pci 0000:06:00.0: [1102:0004] type 00 class 0x040100
[    0.471458] pci 0000:06:00.0: reg 0x10: [io  0xd000-0xd01f]
[    0.471584] pci 0000:06:00.0: supports D1 D2
[    0.471960] pci 0000:06:00.2: [1102:4001] type 00 class 0x0c0010
[    0.471985] pci 0000:06:00.2: reg 0x10: [mem 0xec204000-0xec2047ff]
[    0.472011] pci 0000:06:00.2: reg 0x14: [mem 0xec200000-0xec203fff]
[    0.472129] pci 0000:06:00.2: supports D1 D2
[    0.472132] pci 0000:06:00.2: PME# supported from D0 D1 D2 D3hot
[    0.472584] pci 0000:06:01.0: [4444:0016] type 00 class 0x040000
[    0.472609] pci 0000:06:01.0: reg 0x10: [mem 0xe4000000-0xe7ffffff pref]
[    0.473159] pci 0000:00:1e.0: PCI bridge to [bus 06] (subtractive decode)
[    0.473168] pci 0000:00:1e.0:   bridge window [io  0xd000-0xdfff]
[    0.473173] pci 0000:00:1e.0:   bridge window [mem 0xec200000-0xec2fffff]
[    0.473181] pci 0000:00:1e.0:   bridge window [mem 0xe4000000-0xe7ffffff 64bit pref]
[    0.473189] pci 0000:00:1e.0:   bridge window [io  0x0000-0x0cf7] (subtractive decode)
[    0.473197] pci 0000:00:1e.0:   bridge window [io  0x0d00-0xffff] (subtractive decode)
[    0.473205] pci 0000:00:1e.0:   bridge window [mem 0x000a0000-0x000bffff] (subtractive decode)
[    0.473213] pci 0000:00:1e.0:   bridge window [mem 0x000c0000-0x000dffff] (subtractive decode)
[    0.473221] pci 0000:00:1e.0:   bridge window [mem 0xfed40000-0xfed44fff] (subtractive decode)
[    0.473228] pci 0000:00:1e.0:   bridge window [mem 0xcff00000-0xfebfffff] (subtractive decode)
[    0.482594] ACPI: PCI Interrupt Link [LNKA] (IRQs 3 4 5 6 7 9 *10 11 12 14 15)
[    0.484188] ACPI: PCI Interrupt Link [LNKB] (IRQs 3 4 5 6 7 9 10 *11 12 14 15)
[    0.485773] ACPI: PCI Interrupt Link [LNKC] (IRQs *3 4 5 6 7 9 10 11 12 14 15)
[    0.487364] ACPI: PCI Interrupt Link [LNKD] (IRQs 3 4 5 6 7 9 10 11 12 14 *15)
[    0.488948] ACPI: PCI Interrupt Link [LNKE] (IRQs 3 4 5 6 7 9 10 11 12 *14 15)
[    0.490542] ACPI: PCI Interrupt Link [LNKF] (IRQs 3 *4 5 6 7 9 10 11 12 14 15)
[    0.492129] ACPI: PCI Interrupt Link [LNK0] (IRQs 3 4 *5 6 7 9 10 11 12 14 15)
[    0.493716] ACPI: PCI Interrupt Link [LNK1] (IRQs 3 4 5 6 *7 9 10 11 12 14 15)
[    0.494782] ACPI: Enabled 1 GPEs in block 00 to 3F
[    0.494811] ACPI: \_SB_.PCI0: notify handler is installed
[    0.495027] Found 1 acpi root devices
[    0.496063] vgaarb: device added: PCI:0000:01:00.0,decodes=io+mem,owns=io+mem,locks=none
[    0.496077] vgaarb: loaded
[    0.496080] vgaarb: bridge control possible 0000:01:00.0
[    0.497439] SCSI subsystem initialized
[    0.497602] libata version 3.00 loaded.
[    0.498110] ACPI: bus type USB registered
[    0.498353] usbcore: registered new interface driver usbfs
[    0.498464] usbcore: registered new interface driver hub
[    0.498529] usbcore: registered new device driver usb
[    0.499169] PCI: Using ACPI for IRQ routing
[    0.501038] PCI: pci_cache_line_size set to 64 bytes
[    0.501157] e820: reserve RAM buffer [mem 0x0009e800-0x0009ffff]
[    0.501168] e820: reserve RAM buffer [mem 0xcfeb0000-0xcfffffff]
[    0.502468] NetLabel: Initializing
[    0.502472] NetLabel:  domain hash size = 128
[    0.502475] NetLabel:  protocols = UNLABELED CIPSOv4
[    0.502653] NetLabel:  unlabeled traffic allowed by default
[    0.502825] HPET: 4 timers in total, 0 timers will be used for per-cpu timer
[    0.502847] hpet0: at MMIO 0xfed00000, IRQs 2, 8, 0, 0
[    0.502855] hpet0: 4 comparators, 64-bit 14.318180 MHz counter
[    0.505128] Switched to clocksource hpet
[    0.642152] pnp: PnP ACPI init
[    0.642289] ACPI: bus type PNP registered
[    0.644811] system 00:00: [io  0x04d0-0x04d1] has been reserved
[    0.644830] system 00:00: [io  0x0290-0x029f] has been reserved
[    0.644848] system 00:00: [io  0x0800-0x0805] has been reserved
[    0.644865] system 00:00: [io  0x0290-0x0294] has been reserved
[    0.644883] system 00:00: [io  0x0880-0x088f] has been reserved
[    0.644920] system 00:00: [io  0x04c0-0x04ff] could not be reserved
[    0.644978] system 00:00: Plug and Play ACPI device, IDs PNP0c02 (active)
[    0.645140] pnp 00:01: [dma 4]
[    0.645408] pnp 00:01: Plug and Play ACPI device, IDs PNP0200 (active)
[    0.646819] pnp 00:02: Plug and Play ACPI device, IDs PNP0103 (active)
[    0.647677] pnp 00:03: Plug and Play ACPI device, IDs PNP0b00 (active)
[    0.648053] pnp 00:04: Plug and Play ACPI device, IDs PNP0800 (active)
[    0.648446] pnp 00:05: Plug and Play ACPI device, IDs PNP0c04 (active)
[    0.652402] pnp 00:06: Plug and Play ACPI device, IDs IFX0102 PNP0c31 (active)
[    0.653143] system 00:07: [io  0x0400-0x04bf] could not be reserved
[    0.653155] system 00:07: Plug and Play ACPI device, IDs PNP0c02 (active)
[    0.658443] system 00:08: [mem 0xe0000000-0xe3ffffff] has been reserved
[    0.658455] system 00:08: Plug and Play ACPI device, IDs PNP0c02 (active)
[    0.665138] system 00:09: [mem 0x000d2000-0x000d3fff] has been reserved
[    0.665170] system 00:09: [mem 0x000f0000-0x000f7fff] could not be reserved
[    0.665200] system 00:09: [mem 0x000f8000-0x000fbfff] could not be reserved
[    0.665231] system 00:09: [mem 0x000fc000-0x000fffff] could not be reserved
[    0.665261] system 00:09: [mem 0xcfeb0000-0xcfefffff] could not be reserved
[    0.665291] system 00:09: [mem 0x00000000-0x0009ffff] could not be reserved
[    0.665321] system 00:09: [mem 0x00100000-0xcfeaffff] could not be reserved
[    0.665351] system 00:09: [mem 0xfec00000-0xfec00fff] could not be reserved
[    0.665369] system 00:09: [mem 0xfed10000-0xfed1dfff] has been reserved
[    0.665399] system 00:09: [mem 0xfed20000-0xfed8ffff] could not be reserved
[    0.665417] system 00:09: [mem 0xfee00000-0xfee00fff] has been reserved
[    0.665435] system 00:09: [mem 0xffb00000-0xffb7ffff] has been reserved
[    0.665453] system 00:09: [mem 0xfff00000-0xffffffff] has been reserved
[    0.665470] system 00:09: [mem 0x000e0000-0x000effff] has been reserved
[    0.665480] system 00:09: Plug and Play ACPI device, IDs PNP0c01 (active)
[    0.666138] pnp 00:0a: Plug and Play ACPI device, IDs INT0800 (active)
[    0.666180] pnp: PnP ACPI: found 11 devices
[    0.666184] ACPI: bus type PNP unregistered
[    0.690506] pci 0000:00:1c.0: bridge window [io  0x1000-0x0fff] to [bus 02] add_size 1000
[    0.690515] pci 0000:00:1c.0: bridge window [mem 0x00100000-0x000fffff 64bit pref] to [bus 02] add_size 200000
[    0.690528] pci 0000:00:1c.0: bridge window [mem 0x00100000-0x000fffff] to [bus 02] add_size 200000
[    0.690546] pci 0000:00:1c.3: bridge window [mem 0x00100000-0x000fffff 64bit pref] to [bus 03] add_size 200000
[    0.690595] pci 0000:00:1f.0: BAR 13: [io  0x0400-0x047f] has bogus alignment
[    0.690620] pci 0000:00:1c.0: res[14]=[mem 0x00100000-0x000fffff] get_res_add_size add_size 200000
[    0.690622] pci 0000:00:1c.0: res[15]=[mem 0x00100000-0x000fffff 64bit pref] get_res_add_size add_size 200000
[    0.690625] pci 0000:00:1c.3: res[15]=[mem 0x00100000-0x000fffff 64bit pref] get_res_add_size add_size 200000
[    0.690627] pci 0000:00:1c.0: res[13]=[io  0x1000-0x0fff] get_res_add_size add_size 1000
[    0.690634] pci 0000:00:1c.0: BAR 14: assigned [mem 0xec500000-0xec6fffff]
[    0.690643] pci 0000:00:1c.0: BAR 15: assigned [mem 0xec700000-0xec8fffff 64bit pref]
[    0.690651] pci 0000:00:1c.3: BAR 15: assigned [mem 0xec900000-0xecafffff 64bit pref]
[    0.690658] pci 0000:00:1c.0: BAR 13: assigned [io  0x1000-0x1fff]
[    0.690720] pci 0000:01:00.0: BAR 6: assigned [mem 0xea000000-0xea01ffff pref]
[    0.690732] pci 0000:00:01.0: PCI bridge to [bus 01]
[    0.690738] pci 0000:00:01.0:   bridge window [io  0x9000-0x9fff]
[    0.690746] pci 0000:00:01.0:   bridge window [mem 0xea000000-0xebffffff]
[    0.690754] pci 0000:00:01.0:   bridge window [mem 0xd0000000-0xdfffffff 64bit pref]
[    0.690764] pci 0000:00:1c.0: PCI bridge to [bus 02]
[    0.690770] pci 0000:00:1c.0:   bridge window [io  0x1000-0x1fff]
[    0.690779] pci 0000:00:1c.0:   bridge window [mem 0xec500000-0xec6fffff]
[    0.690787] pci 0000:00:1c.0:   bridge window [mem 0xec700000-0xec8fffff 64bit pref]
[    0.690799] pci 0000:00:1c.3: PCI bridge to [bus 03]
[    0.690805] pci 0000:00:1c.3:   bridge window [io  0xa000-0xafff]
[    0.690814] pci 0000:00:1c.3:   bridge window [mem 0xec000000-0xec0fffff]
[    0.690822] pci 0000:00:1c.3:   bridge window [mem 0xec900000-0xecafffff 64bit pref]
[    0.690840] pci 0000:04:00.0: BAR 6: assigned [mem 0xec320000-0xec32ffff pref]
[    0.690851] pci 0000:00:1c.4: PCI bridge to [bus 04]
[    0.690857] pci 0000:00:1c.4:   bridge window [io  0xb000-0xbfff]
[    0.690866] pci 0000:00:1c.4:   bridge window [mem 0xe8000000-0xe8ffffff]
[    0.690874] pci 0000:00:1c.4:   bridge window [mem 0xec300000-0xec3fffff 64bit pref]
[    0.690891] pci 0000:05:00.0: BAR 6: assigned [mem 0xec120000-0xec12ffff pref]
[    0.690903] pci 0000:00:1c.5: PCI bridge to [bus 05]
[    0.690908] pci 0000:00:1c.5:   bridge window [io  0xc000-0xcfff]
[    0.690918] pci 0000:00:1c.5:   bridge window [mem 0xe9000000-0xe9ffffff]
[    0.690926] pci 0000:00:1c.5:   bridge window [mem 0xec100000-0xec1fffff 64bit pref]
[    0.690938] pci 0000:00:1e.0: PCI bridge to [bus 06]
[    0.690944] pci 0000:00:1e.0:   bridge window [io  0xd000-0xdfff]
[    0.690953] pci 0000:00:1e.0:   bridge window [mem 0xec200000-0xec2fffff]
[    0.690961] pci 0000:00:1e.0:   bridge window [mem 0xe4000000-0xe7ffffff 64bit pref]
[    0.690973] pci_bus 0000:00: resource 4 [io  0x0000-0x0cf7]
[    0.690975] pci_bus 0000:00: resource 5 [io  0x0d00-0xffff]
[    0.690977] pci_bus 0000:00: resource 6 [mem 0x000a0000-0x000bffff]
[    0.690979] pci_bus 0000:00: resource 7 [mem 0x000c0000-0x000dffff]
[    0.690981] pci_bus 0000:00: resource 8 [mem 0xfed40000-0xfed44fff]
[    0.690983] pci_bus 0000:00: resource 9 [mem 0xcff00000-0xfebfffff]
[    0.690985] pci_bus 0000:01: resource 0 [io  0x9000-0x9fff]
[    0.690987] pci_bus 0000:01: resource 1 [mem 0xea000000-0xebffffff]
[    0.690989] pci_bus 0000:01: resource 2 [mem 0xd0000000-0xdfffffff 64bit pref]
[    0.690992] pci_bus 0000:02: resource 0 [io  0x1000-0x1fff]
[    0.690994] pci_bus 0000:02: resource 1 [mem 0xec500000-0xec6fffff]
[    0.690996] pci_bus 0000:02: resource 2 [mem 0xec700000-0xec8fffff 64bit pref]
[    0.690998] pci_bus 0000:03: resource 0 [io  0xa000-0xafff]
[    0.691011] pci_bus 0000:03: resource 1 [mem 0xec000000-0xec0fffff]
[    0.691014] pci_bus 0000:03: resource 2 [mem 0xec900000-0xecafffff 64bit pref]
[    0.691016] pci_bus 0000:04: resource 0 [io  0xb000-0xbfff]
[    0.691018] pci_bus 0000:04: resource 1 [mem 0xe8000000-0xe8ffffff]
[    0.691020] pci_bus 0000:04: resource 2 [mem 0xec300000-0xec3fffff 64bit pref]
[    0.691022] pci_bus 0000:05: resource 0 [io  0xc000-0xcfff]
[    0.691024] pci_bus 0000:05: resource 1 [mem 0xe9000000-0xe9ffffff]
[    0.691026] pci_bus 0000:05: resource 2 [mem 0xec100000-0xec1fffff 64bit pref]
[    0.691028] pci_bus 0000:06: resource 0 [io  0xd000-0xdfff]
[    0.691030] pci_bus 0000:06: resource 1 [mem 0xec200000-0xec2fffff]
[    0.691033] pci_bus 0000:06: resource 2 [mem 0xe4000000-0xe7ffffff 64bit pref]
[    0.691034] pci_bus 0000:06: resource 4 [io  0x0000-0x0cf7]
[    0.691036] pci_bus 0000:06: resource 5 [io  0x0d00-0xffff]
[    0.691038] pci_bus 0000:06: resource 6 [mem 0x000a0000-0x000bffff]
[    0.691040] pci_bus 0000:06: resource 7 [mem 0x000c0000-0x000dffff]
[    0.691042] pci_bus 0000:06: resource 8 [mem 0xfed40000-0xfed44fff]
[    0.691044] pci_bus 0000:06: resource 9 [mem 0xcff00000-0xfebfffff]
[    0.691234] NET: Registered protocol family 2
[    0.692455] TCP established hash table entries: 32768 (order: 7, 524288 bytes)
[    0.692901] TCP bind hash table entries: 32768 (order: 9, 2621440 bytes)
[    0.694829] TCP: Hash tables configured (established 32768 bind 32768)
[    0.694927] TCP: reno registered
[    0.694980] UDP hash table entries: 2048 (order: 6, 393216 bytes)
[    0.695294] UDP-Lite hash table entries: 2048 (order: 6, 393216 bytes)
[    0.696203] NET: Registered protocol family 1
[    0.726676] pci 0000:01:00.0: Boot video device
[    0.726708] PCI: CLS 32 bytes, default 64
[    0.727301] Unpacking initramfs...
[    0.946427] Freeing initrd memory: 8072K (ffff88003702c000 - ffff88003780e000)
[    1.208566] DMA-API: preallocated 65536 debug entries
[    1.208576] DMA-API: debugging enabled by kernel config
[    1.208588] PCI-DMA: Using software bounce buffering for IO (SWIOTLB)
[    1.208594] software IO TLB [mem 0xcbeb0000-0xcfeb0000] (64MB) mapped at [ffff8800cbeb0000-ffff8800cfeaffff]
[    1.211031] Scanning for low memory corruption every 60 seconds
[    1.211605] cryptomgr_test (28) used greatest stack depth: 6280 bytes left
[    1.213791] Initialise system trusted keyring
[    1.213995] audit: initializing netlink socket (disabled)
[    1.214089] type=2000 audit(1378540265.213:1): initialized
[    1.237869] HugeTLB registered 2 MB page size, pre-allocated 0 pages
[    1.265359] zbud: loaded
[    1.268259] VFS: Disk quotas dquot_6.5.2
[    1.268580] Dquot-cache hash table entries: 512 (order 0, 4096 bytes)
[    1.274184] msgmni has been set to 7855
[    1.274799] SELinux:  Registering netfilter hooks
[    1.276898] cryptomgr_test (35) used greatest stack depth: 5640 bytes left
[    1.278805] cryptomgr_test (40) used greatest stack depth: 5512 bytes left
[    1.279044] alg: No test for stdrng (krng)
[    1.279066] NET: Registered protocol family 38
[    1.279109] Key type asymmetric registered
[    1.279124] Asymmetric key parser 'x509' registered
[    1.279483] Block layer SCSI generic (bsg) driver version 0.4 loaded (major 252)
[    1.279653] io scheduler noop registered
[    1.279659] io scheduler deadline registered
[    1.280262] io scheduler cfq registered (default)
[    1.281136] list_sort_test: start testing list_sort()
[    1.289735] pcieport 0000:00:01.0: irq 40 for MSI/MSI-X
[    1.292367] pcieport 0000:00:1c.0: irq 41 for MSI/MSI-X
[    1.295058] pcieport 0000:00:1c.3: irq 42 for MSI/MSI-X
[    1.297613] pcieport 0000:00:1c.4: irq 43 for MSI/MSI-X
[    1.300247] pcieport 0000:00:1c.5: irq 44 for MSI/MSI-X
[    1.300820] pci_hotplug: PCI Hot Plug PCI Core version: 0.5
[    1.301087] pciehp: PCI Express Hot Plug Controller Driver version: 0.4
[    1.301515] vesafb: mode is 1400x1050x32, linelength=5632, pages=0
[    1.301520] vesafb: scrolling: redraw
[    1.301524] vesafb: Truecolor: size=0:8:8:8, shift=0:16:8:0
[    1.302425] vesafb: framebuffer at 0xd0000000, mapped to 0xffffc90004a80000, using 5824k, total 5824k
[    1.339474] Console: switching to colour frame buffer device 175x65
[    1.373064] fb0: VESA VGA frame buffer device
[    1.373324] intel_idle: does not run on family 6 model 23
[    1.373933] input: Power Button as /devices/LNXSYSTM:00/device:00/PNP0C0C:00/input/input0
[    1.374289] ACPI: Power Button [PWRB]
[    1.374881] input: Power Button as /devices/LNXSYSTM:00/LNXPWRBN:00/input/input1
[    1.375175] ACPI: Power Button [PWRF]
[    1.376275] ACPI: Requesting acpi_cpufreq
[    1.378823] tsc: Marking TSC unstable due to TSC halts in idle
[    1.379083] ACPI: acpi_idle registered with cpuidle
[    1.380486] modprobe (45) used greatest stack depth: 5368 bytes left
[    1.383140] GHES: HEST is not enabled!
[    1.383832] Serial: 8250/16550 driver, 4 ports, IRQ sharing enabled
[    1.389074] Non-volatile memory driver v1.3
[    1.389228] Linux agpgart interface v0.103
[    1.391417] ahci 0000:00:1f.2: version 3.0
[    1.393808] ahci 0000:00:1f.2: irq 45 for MSI/MSI-X
[    1.394123] ahci: SSS flag set, parallel bus scan disabled
[    1.394351] ahci 0000:00:1f.2: AHCI 0001.0200 32 slots 6 ports 3 Gbps 0x3f impl SATA mode
[    1.394649] ahci 0000:00:1f.2: flags: 64bit ncq sntf stag pm led clo pmp pio slum part ccc ems 
[    1.394966] ahci 0000:00:1f.2: setting latency timer to 64
[    1.414179] scsi0 : ahci
[    1.415904] scsi1 : ahci
[    1.416779] scsi2 : ahci
[    1.417648] scsi3 : ahci
[    1.418518] scsi4 : ahci
[    1.419385] scsi5 : ahci
[    1.420086] ata1: SATA max UDMA/133 abar m2048@0xec406000 port 0xec406100 irq 45
[    1.420355] ata2: SATA max UDMA/133 abar m2048@0xec406000 port 0xec406180 irq 45
[    1.420623] ata3: SATA max UDMA/133 abar m2048@0xec406000 port 0xec406200 irq 45
[    1.420891] ata4: SATA max UDMA/133 abar m2048@0xec406000 port 0xec406280 irq 45
[    1.421170] ata5: SATA max UDMA/133 abar m2048@0xec406000 port 0xec406300 irq 45
[    1.421438] ata6: SATA max UDMA/133 abar m2048@0xec406000 port 0xec406380 irq 45
[    1.422733] ahci 0000:03:00.0: online status unreliable, applying workaround
[    1.434131] ahci 0000:03:00.0: AHCI 0001.0000 32 slots 2 ports 3 Gbps 0x3 impl SATA mode
[    1.434443] ahci 0000:03:00.0: flags: 64bit ncq pm led clo pmp pio slum part 
[    1.438102] scsi6 : ahci
[    1.438995] scsi7 : ahci
[    1.439701] ata7: SATA max UDMA/133 abar m8192@0xec000000 port 0xec000100 irq 19
[    1.439971] ata8: SATA max UDMA/133 abar m8192@0xec000000 port 0xec000180 irq 19
[    1.440982] libphy: Fixed MDIO Bus: probed
[    1.449928] ehci_hcd: USB 2.0 'Enhanced' Host Controller (EHCI) Driver
[    1.458483] ehci-pci: EHCI PCI platform driver
[    1.469197] ehci-pci 0000:00:1a.7: setting latency timer to 64
[    1.469251] ehci-pci 0000:00:1a.7: EHCI Host Controller
[    1.478504] ehci-pci 0000:00:1a.7: new USB bus registered, assigned bus number 1
[    1.491180] ehci-pci 0000:00:1a.7: cache line size of 32 is not supported
[    1.491382] ehci-pci 0000:00:1a.7: irq 18, io mem 0xec404000
[    1.505110] ehci-pci 0000:00:1a.7: USB 2.0 started, EHCI 1.00
[    1.514239] usb usb1: New USB device found, idVendor=1d6b, idProduct=0002
[    1.522831] usb usb1: New USB device strings: Mfr=3, Product=2, SerialNumber=1
[    1.531390] usb usb1: Product: EHCI Host Controller
[    1.539945] usb usb1: Manufacturer: Linux 3.12.0-0.rc0.git13.1.fc21.x86_64 ehci_hcd
[    1.548684] usb usb1: SerialNumber: 0000:00:1a.7
[    1.558828] hub 1-0:1.0: USB hub found
[    1.567611] hub 1-0:1.0: 6 ports detected
[    1.581141] ehci-pci 0000:00:1d.7: setting latency timer to 64
[    1.581170] ehci-pci 0000:00:1d.7: EHCI Host Controller
[    1.590216] ehci-pci 0000:00:1d.7: new USB bus registered, assigned bus number 2
[    1.602916] ehci-pci 0000:00:1d.7: cache line size of 32 is not supported
[    1.603117] ehci-pci 0000:00:1d.7: irq 23, io mem 0xec405000
[    1.617106] ehci-pci 0000:00:1d.7: USB 2.0 started, EHCI 1.00
[    1.626373] usb usb2: New USB device found, idVendor=1d6b, idProduct=0002
[    1.635038] usb usb2: New USB device strings: Mfr=3, Product=2, SerialNumber=1
[    1.643671] usb usb2: Product: EHCI Host Controller
[    1.652284] usb usb2: Manufacturer: Linux 3.12.0-0.rc0.git13.1.fc21.x86_64 ehci_hcd
[    1.661062] usb usb2: SerialNumber: 0000:00:1d.7
[    1.670865] hub 2-0:1.0: USB hub found
[    1.680025] hub 2-0:1.0: 6 ports detected
[    1.690994] ohci_hcd: USB 1.1 'Open' Host Controller (OHCI) Driver
[    1.699469] ohci-pci: OHCI PCI platform driver
[    1.707892] uhci_hcd: USB Universal Host Controller Interface driver
[    1.718684] uhci_hcd 0000:00:1a.0: setting latency timer to 64
[    1.718695] uhci_hcd 0000:00:1a.0: UHCI Host Controller
[    1.727378] uhci_hcd 0000:00:1a.0: new USB bus registered, assigned bus number 3
[    1.735797] uhci_hcd 0000:00:1a.0: irq 16, io base 0x0000e500
[    1.744553] usb usb3: New USB device found, idVendor=1d6b, idProduct=0001
[    1.752832] usb usb3: New USB device strings: Mfr=3, Product=2, SerialNumber=1
[    1.761107] usb usb3: Product: UHCI Host Controller
[    1.769292] usb usb3: Manufacturer: Linux 3.12.0-0.rc0.git13.1.fc21.x86_64 uhci_hcd
[    1.777611] usb usb3: SerialNumber: 0000:00:1a.0
[    1.786949] hub 3-0:1.0: USB hub found
[    1.795292] hub 3-0:1.0: 2 ports detected
[    1.807488] uhci_hcd 0000:00:1a.1: setting latency timer to 64
[    1.807492] uhci_hcd 0000:00:1a.1: UHCI Host Controller
[    1.816076] uhci_hcd 0000:00:1a.1: new USB bus registered, assigned bus number 4
[    1.824429] uhci_hcd 0000:00:1a.1: irq 21, io base 0x0000e000
[    1.832960] usb usb4: New USB device found, idVendor=1d6b, idProduct=0001
[    1.841163] usb usb4: New USB device strings: Mfr=3, Product=2, SerialNumber=1
[    1.849503] usb usb4: Product: UHCI Host Controller
[    1.857935] usb usb4: Manufacturer: Linux 3.12.0-0.rc0.git13.1.fc21.x86_64 uhci_hcd
[    1.866636] usb usb4: SerialNumber: 0000:00:1a.1
[    1.876660] hub 4-0:1.0: USB hub found
[    1.885441] hub 4-0:1.0: 2 ports detected
[    1.894181] ata1: SATA link up 1.5 Gbps (SStatus 113 SControl 300)
[    1.897633] uhci_hcd 0000:00:1a.2: setting latency timer to 64
[    1.897636] uhci_hcd 0000:00:1a.2: UHCI Host Controller
[    1.898131] uhci_hcd 0000:00:1a.2: new USB bus registered, assigned bus number 5
[    1.898216] uhci_hcd 0000:00:1a.2: irq 18, io base 0x0000e100
[    1.898763] usb usb5: New USB device found, idVendor=1d6b, idProduct=0001
[    1.898765] usb usb5: New USB device strings: Mfr=3, Product=2, SerialNumber=1
[    1.898767] usb usb5: Product: UHCI Host Controller
[    1.898768] usb usb5: Manufacturer: Linux 3.12.0-0.rc0.git13.1.fc21.x86_64 uhci_hcd
[    1.898769] usb usb5: SerialNumber: 0000:00:1a.2
[    1.899881] hub 5-0:1.0: USB hub found
[    1.900018] hub 5-0:1.0: 2 ports detected
[    1.903552] uhci_hcd 0000:00:1d.0: setting latency timer to 64
[    1.903555] uhci_hcd 0000:00:1d.0: UHCI Host Controller
[    1.904196] uhci_hcd 0000:00:1d.0: new USB bus registered, assigned bus number 6
[    1.904286] uhci_hcd 0000:00:1d.0: irq 23, io base 0x0000e200
[    1.904848] usb usb6: New USB device found, idVendor=1d6b, idProduct=0001
[    1.904850] usb usb6: New USB device strings: Mfr=3, Product=2, SerialNumber=1
[    1.904851] usb usb6: Product: UHCI Host Controller
[    1.904853] usb usb6: Manufacturer: Linux 3.12.0-0.rc0.git13.1.fc21.x86_64 uhci_hcd
[    1.904854] usb usb6: SerialNumber: 0000:00:1d.0
[    1.905960] hub 6-0:1.0: USB hub found
[    1.906102] hub 6-0:1.0: 2 ports detected
[    1.909627] uhci_hcd 0000:00:1d.1: setting latency timer to 64
[    1.909630] uhci_hcd 0000:00:1d.1: UHCI Host Controller
[    1.910115] uhci_hcd 0000:00:1d.1: new USB bus registered, assigned bus number 7
[    1.910200] uhci_hcd 0000:00:1d.1: irq 19, io base 0x0000e300
[    1.910739] usb usb7: New USB device found, idVendor=1d6b, idProduct=0001
[    1.910741] usb usb7: New USB device strings: Mfr=3, Product=2, SerialNumber=1
[    1.910742] usb usb7: Product: UHCI Host Controller
[    1.910743] usb usb7: Manufacturer: Linux 3.12.0-0.rc0.git13.1.fc21.x86_64 uhci_hcd
[    1.910745] usb usb7: SerialNumber: 0000:00:1d.1
[    1.911852] hub 7-0:1.0: USB hub found
[    1.911978] hub 7-0:1.0: 2 ports detected
[    1.915524] uhci_hcd 0000:00:1d.2: setting latency timer to 64
[    1.915527] uhci_hcd 0000:00:1d.2: UHCI Host Controller
[    1.915980] uhci_hcd 0000:00:1d.2: new USB bus registered, assigned bus number 8
[    1.916084] uhci_hcd 0000:00:1d.2: irq 18, io base 0x0000e400
[    1.916620] usb usb8: New USB device found, idVendor=1d6b, idProduct=0001
[    1.916622] usb usb8: New USB device strings: Mfr=3, Product=2, SerialNumber=1
[    1.916624] usb usb8: Product: UHCI Host Controller
[    1.916625] usb usb8: Manufacturer: Linux 3.12.0-0.rc0.git13.1.fc21.x86_64 uhci_hcd
[    1.916626] usb usb8: SerialNumber: 0000:00:1d.2
[    1.917723] hub 8-0:1.0: USB hub found
[    1.917853] hub 8-0:1.0: 2 ports detected
[    1.919656] usbcore: registered new interface driver usbserial
[    1.919730] usbcore: registered new interface driver usbserial_generic
[    1.919860] usbserial: USB Serial support registered for generic
[    1.920151] i8042: PNP: No PS/2 controller found. Probing ports directly.
[    2.309988] serio: i8042 KBD port at 0x60,0x64 irq 1
[    2.311460] ata1.00: HPA detected: current 586112591, native 586114704
[    2.311462] ata1.00: ATA-7: Maxtor 6L300S0, BANC1G10, max UDMA/133
[    2.311464] ata1.00: 586112591 sectors, multi 0: LBA48 NCQ (not used)
[    2.346459] serio: i8042 AUX port at 0x60,0x64 irq 12
[    2.356533] mousedev: PS/2 mouse device common for all mice
[    2.365786] ata1.00: configured for UDMA/133
[    2.367268] rtc_cmos 00:03: RTC can wake from S4
[    2.368104] rtc_cmos 00:03: rtc core: registered rtc_cmos as rtc0
[    2.368186] rtc_cmos 00:03: alarms up to one month, 242 bytes nvram, hpet irqs
[    2.369042] device-mapper: uevent: version 1.0.3
[    2.369903] device-mapper: ioctl: 4.25.0-ioctl (2013-06-26) initialised: dm-devel@redhat.com
[    2.372855] hidraw: raw HID events driver (C) Jiri Kosina
[    2.374123] usbcore: registered new interface driver usbhid
[    2.374124] usbhid: USB HID core driver
[    2.374600] drop_monitor: Initializing network drop monitor service
[    2.374973] ip_tables: (C) 2000-2006 Netfilter Core Team
[    2.467199] hpet1: lost 5 rtc interrupts
[    2.476544] TCP: cubic registered
[    2.478134] scsi 0:0:0:0: Direct-Access     ATA      Maxtor 6L300S0   BANC PQ: 0 ANSI: 5
[    2.480557] sd 0:0:0:0: [sda] 586112591 512-byte logical blocks: (300 GB/279 GiB)
[    2.481177] sd 0:0:0:0: [sda] Write Protect is off
[    2.481179] sd 0:0:0:0: [sda] Mode Sense: 00 3a 00 00
[    2.481434] sd 0:0:0:0: [sda] Write cache: enabled, read cache: enabled, doesn't support DPO or FUA
[    2.482471] sd 0:0:0:0: Attached scsi generic sg0 type 0
[    2.532928] usb 2-1: new high-speed USB device number 2 using ehci-pci
[    2.533130] Initializing XFRM netlink socket
[    2.535166] NET: Registered protocol family 10
[    2.537492] mip6: Mobile IPv6
[    2.537506] NET: Registered protocol family 17
[    2.539501] PM: Hibernation image not present or could not be loaded.
[    2.539525] Loading compiled-in X.509 certificates
[    2.540823] Loaded X.509 cert 'Fedora kernel signing key: 730c1296d4e0a315fa15a5eee8871e37e25b6a44'
[    2.540930] registered taskstats version 1
[    2.545130]   Magic number: 13:622:874
[    2.618727] rtc_cmos 00:03: setting system clock to 2013-09-07 07:51:07 UTC (1378540267)
[    2.638463]  sda: sda1 sda2 sda3
[    2.652126] sd 0:0:0:0: [sda] Attached SCSI disk
[    2.747262] usb 2-1: New USB device found, idVendor=0bb4, idProduct=0ff9
[    2.757192] usb 2-1: New USB device strings: Mfr=1, Product=2, SerialNumber=3
[    2.767110] usb 2-1: Product: Android Phone
[    2.776928] usb 2-1: Manufacturer: HTC
[    2.786661] usb 2-1: SerialNumber: HT127PY00748
[    2.993046] ata2: SATA link up 1.5 Gbps (SStatus 113 SControl 300)
[    3.004861] ata2.00: ATA-7: Maxtor 6L300S0, BANC1G10, max UDMA/133
[    3.014574] ata2.00: 586114704 sectors, multi 0: LBA48 NCQ (not used)
[    3.027371] ata2.00: configured for UDMA/133
[    3.037780] scsi 1:0:0:0: Direct-Access     ATA      Maxtor 6L300S0   BANC PQ: 0 ANSI: 5
[    3.048951] sd 1:0:0:0: [sdb] 586114704 512-byte logical blocks: (300 GB/279 GiB)
[    3.049357] sd 1:0:0:0: Attached scsi generic sg1 type 0
[    3.069498] sd 1:0:0:0: [sdb] Write Protect is off
[    3.079383] sd 1:0:0:0: [sdb] Mode Sense: 00 3a 00 00
[    3.079634] sd 1:0:0:0: [sdb] Write cache: enabled, read cache: enabled, doesn't support DPO or FUA
[    3.130395]  sdb: sdb1 sdb2 sdb3
[    3.143732] sd 1:0:0:0: [sdb] Attached SCSI disk
[    3.242128] usb 6-2: new low-speed USB device number 2 using uhci_hcd
[    3.371045] ata3: SATA link down (SStatus 0 SControl 300)
[    3.427387] usb 6-2: New USB device found, idVendor=045e, idProduct=00db
[    3.437670] usb 6-2: New USB device strings: Mfr=1, Product=2, SerialNumber=0
[    3.447913] usb 6-2: Product: Natural Ergonomic Keyboard 4000
[    3.458272] usb 6-2: Manufacturer: Microsoft
[    3.487134] input: Microsoft Natural Ergonomic Keyboard 4000 as /devices/pci0000:00/0000:00:1d.0/usb6/6-2/6-2:1.0/input/input2
[    3.499375] microsoft 0003:045E:00DB.0001: input,hidraw0: USB HID v1.11 Keyboard [Microsoft Natural Ergonomic Keyboard 4000] on usb-0000:00:1d.0-2/input0
[    3.532101] input: Microsoft Natural Ergonomic Keyboard 4000 as /devices/pci0000:00/0000:00:1d.0/usb6/6-2/6-2:1.1/input/input3
[    3.544350] microsoft 0003:045E:00DB.0002: input,hidraw1: USB HID v1.11 Device [Microsoft Natural Ergonomic Keyboard 4000] on usb-0000:00:1d.0-2/input1
[    3.658099] usb 7-1: new low-speed USB device number 2 using uhci_hcd
[    3.687051] ata4: SATA link down (SStatus 0 SControl 300)
[    3.839206] usb 7-1: New USB device found, idVendor=045e, idProduct=0024
[    3.850902] usb 7-1: New USB device strings: Mfr=1, Product=2, SerialNumber=0
[    3.862582] usb 7-1: Product: Microsoft Trackball Explorer
[    3.874270] usb 7-1: Manufacturer: Microsoft
[    3.905519] input: Microsoft Microsoft Trackball Explorer as /devices/pci0000:00/0000:00:1d.1/usb7/7-1/7-1:1.0/input/input4
[    3.919089] hid-generic 0003:045E:0024.0003: input,hidraw2: USB HID v1.00 Mouse [Microsoft Microsoft Trackball Explorer] on usb-0000:00:1d.1-1/input0
[    4.003044] ata5: SATA link down (SStatus 0 SControl 300)
[    4.475048] ata6: SATA link up 1.5 Gbps (SStatus 113 SControl 300)
[    4.496516] ata6.00: ATAPI: PLEXTOR DVDR   PX-716A, 1.11, max UDMA/66
[    4.508822] ata6.00: applying bridge limits
[    4.533375] ata6.00: configured for UDMA/66
[    7.405904] scsi 5:0:0:0: CD-ROM            PLEXTOR  DVDR   PX-716A   1.11 PQ: 0 ANSI: 5
[    7.420297] sr0: scsi3-mmc drive: 40x/40x writer cd/rw xa/form2 cdda tray
[    7.432693] cdrom: Uniform CD-ROM driver Revision: 3.20
[    7.446534] sr 5:0:0:0: Attached scsi CD-ROM sr0
[    7.447338] sr 5:0:0:0: Attached scsi generic sg2 type 5
[    7.789042] ata8: link is slow to respond, please be patient (ready=0)
[    7.802034] ata7: link is slow to respond, please be patient (ready=0)
[   11.473042] ata8: device not ready, treating as offline
[   11.485277] ata8: SATA link up 3.0 Gbps (SStatus 123 SControl 300)
[   11.497473] ata7: device not ready, treating as offline
[   11.509624] ata7: SATA link up 3.0 Gbps (SStatus 123 SControl 300)
[   11.525319] Freeing unused kernel memory: 3648K (ffffffff81d55000 - ffffffff820e5000)
[   11.537654] Write protecting the kernel read-only data: 12288k
[   11.552497] Freeing unused kernel memory: 684K (ffff880001755000 - ffff880001800000)
[   11.567666] Freeing unused kernel memory: 968K (ffff880001b0e000 - ffff880001c00000)
[   11.594071] systemd[1]: Unknown kernel switch rd.systemd.log_level=debug. Ignoring.
[   11.606548] systemd[1]: Supported kernel switches:
[   11.618853] systemd[1]: systemd.unit=UNIT                        Default unit to start
[   11.631324] systemd[1]: rd.systemd.unit=UNIT                     Default unit to start when run in initrd
[   11.643749] systemd[1]: systemd.dump_core=0|1                    Dump core on crash
[   11.656068] systemd[1]: systemd.crash_shell=0|1                  Run shell on crash
[   11.668352] systemd[1]: systemd.crash_chvt=N                     Change to VT #N on crash
[   11.680564] systemd[1]: systemd.confirm_spawn=0|1                Confirm every process spawn
[   11.692789] systemd[1]: systemd.show_status=0|1                  Show status updates on the console during bootup
[   11.705117] systemd[1]: systemd.log_target=console|kmsg|journal|journal-or-kmsg|syslog|syslog-or-kmsg|null
[   11.717614] systemd[1]:                                          Log target
[   11.730196] systemd[1]: systemd.log_level=LEVEL                  Log level
[   11.742712] systemd[1]: systemd.log_color=0|1                    Highlight important log messages
[   11.755268] systemd[1]: systemd.log_location=0|1                 Include code location in log messages
[   11.767832] systemd[1]: systemd.default_standard_output=null|tty|syslog|syslog+console|kmsg|kmsg+console|journal|journal+console
[   11.780639] systemd[1]:                                          Set default log output for services
[   11.793490] systemd[1]: systemd.default_standard_error=null|tty|syslog|syslog+console|kmsg|kmsg+console|journal|journal+console
[   11.806536] systemd[1]:                                          Set default log error output for services
[   11.819677] systemd[1]: systemd.setenv=ASSIGNMENT                Set an environment variable for all spawned processes
[   11.834432] systemd[1]: Mounting cgroup to /sys/fs/cgroup/cpuset of type cgroup with options cpuset.
[   11.835317] systemd[1]: Mounting cgroup to /sys/fs/cgroup/cpu,cpuacct of type cgroup with options cpu,cpuacct.
[   11.836243] systemd[1]: Mounting cgroup to /sys/fs/cgroup/memory of type cgroup with options memory.
[   11.837534] systemd[1]: Mounting cgroup to /sys/fs/cgroup/devices of type cgroup with options devices.
[   11.838149] systemd[1]: Mounting cgroup to /sys/fs/cgroup/freezer of type cgroup with options freezer.
[   11.838648] systemd[1]: Mounting cgroup to /sys/fs/cgroup/net_cls of type cgroup with options net_cls.
[   11.839251] systemd[1]: Mounting cgroup to /sys/fs/cgroup/blkio of type cgroup with options blkio.
[   11.840730] systemd[1]: Mounting cgroup to /sys/fs/cgroup/perf_event of type cgroup with options perf_event.
[   11.841252] systemd[1]: systemd 206 running in system mode. (+PAM +LIBWRAP +AUDIT +SELINUX +IMA +SYSVINIT +LIBCRYPTSETUP +GCRYPT +ACL +XZ)
[   11.855987] systemd[1]: Running in initial RAM disk.
[   11.915565] systemd[1]: Set hostname to <arekh.okg>.
[   11.932886] systemd[1]: Using cgroup controller name=systemd. File system hierarchy is at /sys/fs/cgroup/systemd.
[   11.933534] systemd[1]: Installed release agent.
[   11.934589] systemd[1]: Using notification socket @/org/freedesktop/systemd1/notify
[   11.934698] systemd[1]: Set up TFD_TIMER_CANCEL_ON_SET timerfd.
[   11.935182] systemd[1]: Successfully created private D-Bus server.
[   11.937040] systemd[1]: Spawned /usr/lib/systemd/system-generators/systemd-fstab-generator as 69
[   11.943137] systemd[1]: /usr/lib/systemd/system-generators/systemd-fstab-generator exited successfully.
[   11.943640] systemd[1]: Looking for unit files in (higher priority first):
[   11.943655] systemd[1]: 	/etc/systemd/system
[   11.943669] systemd[1]: 	/run/systemd/system
[   11.943682] systemd[1]: 	/run/systemd/generator
[   11.943696] systemd[1]: 	/usr/local/lib/systemd/system
[   11.943709] systemd[1]: 	/usr/lib/systemd/system
[   11.943800] systemd[1]: Looking for SysV init scripts in:
[   11.943814] systemd[1]: 	/etc/rc.d/init.d
[   11.943828] systemd[1]: Looking for SysV rcN.d links in:
[   11.943842] systemd[1]: 	/etc/rc.d
[   11.946547] systemd[1]: Failed to load configuration for syslog.service: No such file or directory
[   11.947832] systemd[1]: Failed to load configuration for plymouth-start.service: No such file or directory
[   11.948499] systemd[1]: Failed to load configuration for systemd-readahead-replay.service: No such file or directory
[   11.948599] systemd[1]: Failed to load configuration for systemd-readahead-collect.service: No such file or directory
[   11.949126] systemd[1]: -.mount changed dead -> mounted
[   11.949289] systemd[1]: Activating default unit: default.target
[   11.953399] systemd[1]: Trying to enqueue job initrd.target/start/isolate
[   11.953478] systemd[1]: Installed new job initrd.target/start as 1
[   11.953494] systemd[1]: Installed new job basic.target/start as 2
[   11.953509] systemd[1]: Installed new job sysinit.target/start as 3
[   11.953524] systemd[1]: Installed new job local-fs.target/start as 4
[   11.953538] systemd[1]: Installed new job swap.target/start as 6
[   11.953553] systemd[1]: Installed new job kmod-static-nodes.service/start as 7
[   11.953567] systemd[1]: Installed new job systemd-modules-load.service/start as 8
[   11.953582] systemd[1]: Installed new job systemd-journald.service/start as 9
[   11.953596] systemd[1]: Installed new job systemd-journald.socket/start as 10
[   11.953611] systemd[1]: Installed new job system.slice/start as 12
[   11.953625] systemd[1]: Installed new job -.slice/start as 13
[   11.953640] systemd[1]: Installed new job systemd-udev-trigger.service/start as 14
[   11.953654] systemd[1]: Installed new job systemd-udevd.service/start as 15
[   11.953669] systemd[1]: Installed new job systemd-udevd-control.socket/start as 16
[   11.953683] systemd[1]: Installed new job systemd-udevd-kernel.socket/start as 17
[   11.953698] systemd[1]: Installed new job systemd-tmpfiles-setup-dev.service/start as 18
[   11.953713] systemd[1]: Installed new job systemd-ask-password-console.path/start as 19
[   11.953727] systemd[1]: Installed new job sockets.target/start as 22
[   11.953741] systemd[1]: Installed new job timers.target/start as 23
[   11.953756] systemd[1]: Installed new job paths.target/start as 24
[   11.953770] systemd[1]: Installed new job slices.target/start as 25
[   11.953785] systemd[1]: Installed new job dev-disk-by\x2duuid-0cab8380\x2d5126\x2d4bf9\x2dbb4d\x2df967c2573d7b.device/start as 26
[   11.953886] systemd[1]: Installed new job dev-disk-by\x2duuid-03924499\x2d649c\x2d41b8\x2d9f63\x2dd389a473c02f.device/start as 27
[   11.953942] systemd[1]: Installed new job dev-mapper-VolGroup00\x2dfedora.device/start as 28
[   11.953997] systemd[1]: Installed new job sysroot.mount/start as 29
[   11.954027] systemd[1]: Installed new job dev-disk-by\x2duuid-ec420dbe\x2db6a9\x2d48d4\x2dae67\x2d1d3a0310ffb2.device/start as 31
[   11.954082] systemd[1]: Installed new job initrd-root-fs.target/start as 32
[   11.954097] systemd[1]: Installed new job initrd-fs.target/start as 33
[   11.954112] systemd[1]: Installed new job initrd-parse-etc.service/start as 34
[   11.954126] systemd[1]: Installed new job dracut-mount.service/start as 35
[   11.954141] systemd[1]: Installed new job dracut-cmdline.service/start as 36
[   11.954155] systemd[1]: Installed new job dracut-pre-udev.service/start as 37
[   11.954169] systemd[1]: Installed new job dracut-pre-trigger.service/start as 38
[   11.954184] systemd[1]: Installed new job dracut-pre-pivot.service/start as 39
[   11.954198] systemd[1]: Installed new job dracut-pre-mount.service/start as 40
[   11.954213] systemd[1]: Installed new job dracut-initqueue.service/start as 41
[   11.954322] systemd[1]: Enqueued job initrd.target/start as 1
[   11.954339] systemd[1]: Loaded units and determined initial transaction in 18.978ms.
[   11.954388] systemd[1]: Expecting device dev-disk-by\x2duuid-ec420dbe\x2db6a9\x2d48d4\x2dae67\x2d1d3a0310ffb2.device...
[   11.984881] systemd[1]: Expecting device dev-mapper-VolGroup00\x2dfedora.device...
[   12.014913] systemd[1]: Expecting device dev-disk-by\x2duuid-03924499\x2d649c\x2d41b8\x2d9f63\x2dd389a473c02f.device...
[   12.044544] systemd[1]: Expecting device dev-disk-by\x2duuid-0cab8380\x2d5126\x2d4bf9\x2dbb4d\x2df967c2573d7b.device...
[   12.073799] systemd[1]: Starting Timers.
[   12.087326] systemd[1]: timers.target changed dead -> active
[   12.087343] systemd[1]: Job timers.target/start finished, result=done
[   12.102737] systemd[1]: Reached target Timers.
[   12.116279] systemd[1]: ConditionPathExists=!/run/plymouth/pid succeeded for systemd-ask-password-console.path.
[   12.116297] systemd[1]: Starting Dispatch Password Requests to Console Directory Watch.
[   12.130408] systemd[1]: systemd-ask-password-console.path changed dead -> waiting
[   12.130424] systemd[1]: Job systemd-ask-password-console.path/start finished, result=done
[   12.130442] systemd[1]: Started Dispatch Password Requests to Console Directory Watch.
[   12.144113] systemd[1]: Starting Paths.
[   12.157451] systemd[1]: paths.target changed dead -> active
[   12.157467] systemd[1]: Job paths.target/start finished, result=done
[   12.172484] systemd[1]: Reached target Paths.
[   12.185291] systemd[1]: ConditionPathIsReadWrite=/sys succeeded for systemd-udevd-kernel.socket.
[   12.185309] systemd[1]: Starting udev Kernel Socket.
[   12.198184] systemd[1]: systemd-udevd-kernel.socket changed dead -> listening
[   12.198201] systemd[1]: Job systemd-udevd-kernel.socket/start finished, result=done
[   12.212877] systemd[1]: Listening on udev Kernel Socket.
[   12.225683] systemd[1]: ConditionPathIsReadWrite=/sys succeeded for systemd-udevd-control.socket.
[   12.225700] systemd[1]: Starting udev Control Socket.
[   12.238663] systemd[1]: systemd-udevd-control.socket changed dead -> listening
[   12.238680] systemd[1]: Job systemd-udevd-control.socket/start finished, result=done
[   12.253353] systemd[1]: Listening on udev Control Socket.
[   12.266052] systemd[1]: Starting -.slice.
[   12.280418] systemd[1]: -.slice changed dead -> active
[   12.280435] systemd[1]: Job -.slice/start finished, result=done
[   12.294891] systemd[1]: Created slice -.slice.
[   12.307401] systemd[1]: Starting System Slice.
[   12.320516] systemd[1]: system.slice changed dead -> active
[   12.320533] systemd[1]: Job system.slice/start finished, result=done
[   12.334967] systemd[1]: Created slice System Slice.
[   12.347494] systemd[1]: Starting Slices.
[   12.359951] systemd[1]: slices.target changed dead -> active
[   12.359967] systemd[1]: Job slices.target/start finished, result=done
[   12.374439] systemd[1]: Reached target Slices.
[   12.386755] systemd[1]: Starting Journal Socket.
[   12.399418] systemd[1]: systemd-journald.socket changed dead -> listening
[   12.399435] systemd[1]: Job systemd-journald.socket/start finished, result=done
[   12.413469] systemd[1]: Listening on Journal Socket.
[   12.426056] systemd[1]: ConditionKernelCommandLine=|noresume failed for dracut-cmdline.service.
[   12.426371] systemd[1]: ConditionKernelCommandLine=|resume failed for dracut-cmdline.service.
[   12.426688] systemd[1]: ConditionKernelCommandLine=|rd.break=cmdline failed for dracut-cmdline.service.
[   12.426769] systemd[1]: ConditionDirectoryNotEmpty=|/lib/dracut/hooks/cmdline succeeded for dracut-cmdline.service.
[   12.426862] systemd[1]: ConditionPathExistsGlob=|/etc/cmdline.d/*.conf succeeded for dracut-cmdline.service.
[   12.426900] systemd[1]: ConditionPathExists=/etc/initrd-release succeeded for dracut-cmdline.service.
[   12.426918] systemd[1]: Starting dracut cmdline hook...
[   12.453712] systemd[1]: About to execute: /bin/dracut-cmdline
[   12.455143] systemd[1]: Forked /bin/dracut-cmdline as 70
[   12.455587] systemd[1]: dracut-cmdline.service changed dead -> start
[   12.455626] systemd[1]: Starting Sockets.
[   12.467747] systemd[1]: sockets.target changed dead -> active
[   12.467764] systemd[1]: Job sockets.target/start finished, result=done
[   12.482278] systemd[1]: Reached target Sockets.
[   12.494379] systemd[1]: Starting Journal Service...
[   12.521195] systemd[1]: About to execute: /usr/lib/systemd/systemd-journald
[   12.522548] systemd[1]: Forked /usr/lib/systemd/systemd-journald as 84
[   12.523290] systemd[1]: systemd-journald.service changed dead -> running
[   12.523313] systemd[1]: Job systemd-journald.service/start finished, result=done
[   12.541034] systemd[1]: Started Journal Service.
[   12.559652] systemd[1]: ConditionKernelCommandLine=|rd.modules-load failed for systemd-modules-load.service.
[   12.560150] systemd[1]: ConditionKernelCommandLine=|modules-load failed for systemd-modules-load.service.
[   12.560209] systemd[1]: ConditionDirectoryNotEmpty=|/run/modules-load.d failed for systemd-modules-load.service.
[   12.560265] systemd[1]: ConditionDirectoryNotEmpty=|/etc/modules-load.d failed for systemd-modules-load.service.
[   12.560321] systemd[1]: ConditionDirectoryNotEmpty=|/usr/local/lib/modules-load.d failed for systemd-modules-load.service.
[   12.560395] systemd[1]: ConditionDirectoryNotEmpty=|/usr/lib/modules-load.d succeeded for systemd-modules-load.service.
[   12.560471] systemd[1]: ConditionDirectoryNotEmpty=|/lib/modules-load.d succeeded for systemd-modules-load.service.
[   12.560657] systemd[1]: ConditionCapability=CAP_SYS_MODULE succeeded for systemd-modules-load.service.
[   12.560677] systemd[1]: Starting Load Kernel Modules...
[   12.590980] systemd[1]: About to execute: /usr/lib/systemd/systemd-modules-load
[   12.592365] systemd[1]: Forked /usr/lib/systemd/systemd-modules-load as 98
[   12.592819] systemd[1]: systemd-modules-load.service changed dead -> start
[   12.592984] systemd[1]: ConditionCapability=CAP_MKNOD succeeded for kmod-static-nodes.service.
[   12.593029] systemd[1]: Starting Create list of required static device nodes for the current kernel...
[   12.636239] i2c /dev entries driver
[   12.650233] systemd[1]: About to execute: /usr/bin/mkdir -p /run/tmpfiles.d
[   12.651721] systemd[1]: Forked /usr/bin/mkdir as 103
[   12.652120] systemd[1]: kmod-static-nodes.service changed dead -> start-pre
[   12.652157] systemd[1]: Starting Swap.
[   12.669451] systemd[1]: swap.target changed dead -> active
[   12.669470] systemd[1]: Job swap.target/start finished, result=done
[   12.694293] systemd[1]: Reached target Swap.
[   12.705967] systemd[1]: Starting Local File Systems.
[   12.718992] systemd[1]: local-fs.target changed dead -> active
[   12.719060] systemd[1]: Job local-fs.target/start finished, result=done
[   12.732514] systemd[1]: Reached target Local File Systems.
[   12.741974] initqueue (107) used greatest stack depth: 5144 bytes left
[   12.755162] systemd[1]: Set up jobs progress timerfd.
[   12.755194] systemd[1]: Set up idle_pipe watch.
[   12.757719] systemd[1]: Received SIGCHLD from PID 69 (n/a).
[   12.757883] systemd[1]: Got SIGCHLD for process 98 (systemd-modules)
[   12.758475] systemd[1]: Child 98 died (code=exited, status=0/SUCCESS)
[   12.758491] systemd[1]: Child 98 belongs to systemd-modules-load.service
[   12.758515] systemd[1]: systemd-modules-load.service: main process exited, code=exited, status=0/SUCCESS
[   12.759283] systemd[1]: systemd-modules-load.service changed start -> exited
[   12.759301] systemd[1]: Job systemd-modules-load.service/start finished, result=done
[   12.781382] systemd[1]: Started Load Kernel Modules.
[   12.798307] systemd[1]: Got SIGCHLD for process 103 (mkdir)
[   12.798359] systemd[1]: Got notification message for unit systemd-journald.service
[   12.798375] systemd[1]: systemd-journald.service: Got message
[   12.798391] systemd[1]: systemd-journald.service: got STATUS=Processing requests...
[   12.799141] systemd[1]: Child 103 died (code=exited, status=0/SUCCESS)
[   12.799157] systemd[1]: Child 103 belongs to kmod-static-nodes.service
[   12.799175] systemd[1]: kmod-static-nodes.service: control process exited, code=exited status=0
[   12.799790] systemd[1]: kmod-static-nodes.service got final SIGCHLD for state start-pre
[   12.799952] systemd[1]: About to execute: /usr/bin/kmod static-nodes --format=tmpfiles --output=/run/tmpfiles.d/kmod.conf
[   12.801365] systemd[1]: Forked /usr/bin/kmod as 117
[   12.801782] systemd[1]: kmod-static-nodes.service changed start-pre -> start
[   12.801838] systemd[1]: Incoming traffic on systemd-udevd-kernel.socket
[   12.801880] systemd[1]: systemd-udevd-kernel.socket changed listening -> running
[   12.802098] systemd[1]: Accepted connection on private bus.
[   12.802223] systemd[1]: Accepted connection on private bus.
[   12.811738] systemd[1]: Accepted connection on private bus.
[   12.811928] systemd[1]: Received SIGCHLD from PID 117 (kmod).
[   12.812187] systemd[1]: Got SIGCHLD for process 117 (kmod)
[   12.812839] systemd[1]: Child 117 died (code=exited, status=0/SUCCESS)
[   12.812854] systemd[1]: Child 117 belongs to kmod-static-nodes.service
[   12.812874] systemd[1]: kmod-static-nodes.service: main process exited, code=exited, status=0/SUCCESS
[   12.815139] systemd[1]: kmod-static-nodes.service changed start -> exited
[   12.815158] systemd[1]: Job kmod-static-nodes.service/start finished, result=done
[   12.829349] systemd[1]: Started Create list of required static device nodes for the current kernel.
[   12.841098] systemd[1]: ConditionCapability=CAP_MKNOD succeeded for systemd-tmpfiles-setup-dev.service.
[   12.841118] systemd[1]: Starting Create static device nodes in /dev...
[   12.866131] systemd[1]: About to execute: /usr/bin/systemd-tmpfiles --prefix=/dev --create
[   12.867604] systemd[1]: Forked /usr/bin/systemd-tmpfiles as 132
[   12.868161] systemd[1]: systemd-tmpfiles-setup-dev.service changed dead -> start
[   12.868516] systemd[1]: Accepted connection on private bus.
[   12.868818] systemd[1]: Received SIGCHLD from PID 70 (dracut-cmdline).
[   12.868945] systemd[1]: Got SIGCHLD for process 70 (dracut-cmdline)
[   12.869954] systemd[1]: Child 70 died (code=exited, status=0/SUCCESS)
[   12.869969] systemd[1]: Child 70 belongs to dracut-cmdline.service
[   12.869988] systemd[1]: dracut-cmdline.service: main process exited, code=exited, status=0/SUCCESS
[   12.872850] systemd[1]: dracut-cmdline.service changed start -> exited
[   12.872868] systemd[1]: Job dracut-cmdline.service/start finished, result=done
[   12.886909] systemd[1]: Started dracut cmdline hook.
[   12.897788] systemd[1]: Got SIGCHLD for process 132 (systemd-tmpfile)
[   12.898598] systemd[1]: Child 132 died (code=exited, status=0/SUCCESS)
[   12.898614] systemd[1]: Child 132 belongs to systemd-tmpfiles-setup-dev.service
[   12.898633] systemd[1]: systemd-tmpfiles-setup-dev.service: main process exited, code=exited, status=0/SUCCESS
[   12.899192] systemd[1]: systemd-tmpfiles-setup-dev.service changed start -> exited
[   12.899210] systemd[1]: Job systemd-tmpfiles-setup-dev.service/start finished, result=done
[   12.911516] systemd[1]: Started Create static device nodes in /dev.
[   12.922283] systemd[1]: ConditionKernelCommandLine=|rd.driver.post failed for dracut-pre-udev.service.
[   12.922602] systemd[1]: ConditionKernelCommandLine=|rd.driver.pre failed for dracut-pre-udev.service.
[   12.922917] systemd[1]: ConditionKernelCommandLine=|rd.driver.blacklist failed for dracut-pre-udev.service.
[   12.923251] systemd[1]: ConditionKernelCommandLine=|rd.break=pre-udev failed for dracut-pre-udev.service.
[   12.923336] systemd[1]: ConditionDirectoryNotEmpty=|/lib/dracut/hooks/pre-udev succeeded for dracut-pre-udev.service.
[   12.923375] systemd[1]: ConditionPathExists=/etc/initrd-release succeeded for dracut-pre-udev.service.
[   12.923394] systemd[1]: Starting dracut pre-udev hook...
[   12.945700] systemd[1]: About to execute: /bin/dracut-pre-udev
[   12.947961] systemd[1]: Forked /bin/dracut-pre-udev as 134
[   12.948395] systemd[1]: dracut-pre-udev.service changed dead -> start
[   12.948592] systemd[1]: Accepted connection on private bus.
[   12.948869] systemd[1]: Received SIGCHLD from PID 132 (n/a).
[   12.949733] systemd[1]: Accepted connection on private bus.
[   12.950729] systemd[1]: Got D-Bus request: org.freedesktop.systemd1.Agent.Released() on /org/freedesktop/systemd1/agent
[   12.951130] systemd[1]: Incoming traffic on systemd-journald.socket
[   12.951194] systemd[1]: systemd-journald.socket changed listening -> running
[   13.048785] systemd-udevd[149]: starting version 206
[   13.302901] systemd-cgroups (183) used greatest stack depth: 4968 bytes left
[   13.572569] systemd[1]: -.mount changed dead -> mounted
[   13.572587] systemd[1]: local-fs.target changed dead -> active
[   13.572603] systemd[1]: sysinit.target changed dead -> active
[   13.572619] systemd[1]: systemd-journald.socket changed dead -> running
[   13.572635] systemd[1]: system.slice changed dead -> active
[   13.572650] systemd[1]: slices.target changed dead -> active
[   13.572665] systemd[1]: -.slice changed dead -> active
[   13.572680] systemd[1]: sockets.target changed dead -> active
[   13.572696] systemd[1]: systemd-journald.service changed dead -> running
[   13.581477] pata_jmicron 0000:03:00.1: enabling device (0000 -> 0001)
[   13.597395] pata_jmicron 0000:03:00.1: setting latency timer to 64
[   13.653468] usb-storage 2-1:1.0: USB Mass Storage device detected
[   13.668853] pci 0000:00:1e.0: setting latency timer to 64
[   13.682497] scsi8 : usb-storage 2-1:1.0
[   13.687704] ata_id (207) used greatest stack depth: 4936 bytes left
[   13.705884] scsi9 : pata_jmicron
[   13.706796] usbcore: registered new interface driver usb-storage
[   13.729960] scsi10 : pata_jmicron
[   13.740195] firewire_ohci 0000:06:00.2: added OHCI v1.10 device as card 0, 4 IR + 8 IT contexts, quirks 0x2
[   13.745292] ata9: PATA max UDMA/100 cmd 0xa000 ctl 0xa100 bmdma 0xa400 irq 16
[   13.745293] ata10: PATA max UDMA/100 cmd 0xa200 ctl 0xa300 bmdma 0xa408 irq 16
[   13.780155] ata_id (212) used greatest stack depth: 4088 bytes left
[   14.227440] md: bind<sdb3>
[   14.260878] md: bind<sdb1>
[   14.280435] md: bind<sda3>
[   14.292470] firewire_core 0000:06:00.2: created device fw0: GUID 00023c012100510f, S400
[   14.308710] md: raid1 personality registered for level 1
[   14.321791] md/raid1:md126: active with 2 out of 2 mirrors
[   14.332323] md126: detected capacity change from 0 to 295789199360
[   14.346258] md: bind<sda1>
[   14.361374]  md126: unknown partition table
[   14.379994] md/raid1:md0: active with 2 out of 2 mirrors
[   14.398191] created bitmap (1 pages) for device md0
[   14.408938] md0: bitmap initialized from disk: read 1 pages, set 0 of 32 bits
[   14.433079] md0: detected capacity change from 0 to 2145734656
[   14.446399] mdadm (252) used greatest stack depth: 3752 bytes left
[   14.457476]  md0: unknown partition table
[   14.711450] scsi 8:0:0:0: Direct-Access     HTC      Android Phone    0100 PQ: 0 ANSI: 2
[   14.730649] sd 8:0:0:0: [sdc] 3862528 512-byte logical blocks: (1.97 GB/1.84 GiB)
[   14.743084] sd 8:0:0:0: Attached scsi generic sg3 type 0
[   14.756390] sd 8:0:0:0: [sdc] Write Protect is off
[   14.766699] sd 8:0:0:0: [sdc] Mode Sense: 03 00 00 00
[   14.771276] sd 8:0:0:0: [sdc] No Caching mode page present
[   14.781523] sd 8:0:0:0: [sdc] Assuming drive cache: write through
[   14.803549] sd 8:0:0:0: [sdc] No Caching mode page present
[   14.813780] sd 8:0:0:0: [sdc] Assuming drive cache: write through
[   14.825403]  sdc: sdc1
[   14.852540] sd 8:0:0:0: [sdc] No Caching mode page present
[   14.862631] sd 8:0:0:0: [sdc] Assuming drive cache: write through
[   14.872774] sd 8:0:0:0: [sdc] Attached SCSI removable disk
[   15.006693] bio: create slab <bio-1> at 1
[   15.474169] EXT4-fs (dm-0): mounted filesystem with ordered data mode. Opts: (null)
[   15.623460] systemd[1]: dev-sdc.device changed dead -> plugged
[   15.623477] systemd[1]: dev-disk-by\x2did-usb\x2dHTC_Android_Phone_HT127PY00748\x2d0:0.device changed dead -> plugged
[   15.623493] systemd[1]: dev-disk-by\x2dpath-pci\x2d0000:00:1d.7\x2dusb\x2d0:1:1.0\x2dscsi\x2d0:0:0:0.device changed dead -> plugged
[   15.623509] systemd[1]: sys-devices-pci0000:00-0000:00:1d.7-usb2-2\x2d1-2\x2d1:1.0-host8-target8:0:0-8:0:0:0-block-sdc-sdc1.device changed dead -> plugged
[   15.623524] systemd[1]: dev-sdc1.device changed dead -> plugged
[   15.623538] systemd[1]: dev-disk-by\x2did-usb\x2dHTC_Android_Phone_HT127PY00748\x2d0:0\x2dpart1.device changed dead -> plugged
[   15.623554] systemd[1]: dev-disk-by\x2dpath-pci\x2d0000:00:1d.7\x2dusb\x2d0:1:1.0\x2dscsi\x2d0:0:0:0\x2dpart1.device changed dead -> plugged
[   15.623569] systemd[1]: dev-disk-by\x2duuid-3664\x2d3461.device changed dead -> plugged
[   15.623584] systemd[1]: sys-devices-pci0000:00-0000:00:1f.2-ata1-host0-target0:0:0-0:0:0:0-block-sda.device changed dead -> plugged
[   15.623599] systemd[1]: dev-sda.device changed dead -> plugged
[   15.623614] systemd[1]: dev-disk-by\x2did-ata\x2dMaxtor_6L300S0_L608B7ZG.device changed dead -> plugged
[   15.623629] systemd[1]: sys-devices-pci0000:00-0000:00:1f.2-ata1-host0-target0:0:0-0:0:0:0-block-sda-sda1.device changed dead -> plugged
[   15.623643] systemd[1]: dev-sda1.device changed dead -> plugged
[   15.623658] systemd[1]: dev-disk-by\x2did-ata\x2dMaxtor_6L300S0_L608B7ZG\x2dpart1.device changed dead -> plugged
[   15.623673] systemd[1]: sys-devices-pci0000:00-0000:00:1f.2-ata1-host0-target0:0:0-0:0:0:0-block-sda-sda2.device changed dead -> plugged
[   15.623688] systemd[1]: dev-sda2.device changed dead -> plugged
[   15.623703] systemd[1]: dev-disk-by\x2did-ata\x2dMaxtor_6L300S0_L608B7ZG\x2dpart2.device changed dead -> plugged
[   15.623718] systemd[1]: dev-disk-by\x2duuid-ec420dbe\x2db6a9\x2d48d4\x2dae67\x2d1d3a0310ffb2.device changed dead -> plugged
[   15.623733] systemd[1]: sys-devices-pci0000:00-0000:00:1f.2-ata1-host0-target0:0:0-0:0:0:0-block-sda-sda3.device changed dead -> plugged
[   15.623748] systemd[1]: dev-sda3.device changed dead -> plugged
[   15.623762] systemd[1]: dev-disk-by\x2did-ata\x2dMaxtor_6L300S0_L608B7ZG\x2dpart3.device changed dead -> plugged
[   15.623778] systemd[1]: sys-devices-pci0000:00-0000:00:1f.2-ata2-host1-target1:0:0-1:0:0:0-block-sdb.device changed dead -> plugged
[   15.623793] systemd[1]: dev-sdb.device changed dead -> plugged
[   15.623807] systemd[1]: dev-disk-by\x2did-ata\x2dMaxtor_6L300S0_L60696YG.device changed dead -> plugged
[   15.623822] systemd[1]: sys-devices-pci0000:00-0000:00:1f.2-ata2-host1-target1:0:0-1:0:0:0-block-sdb-sdb1.device changed dead -> plugged
[   15.623837] systemd[1]: dev-sdb1.device changed dead -> plugged
[   15.623852] systemd[1]: dev-disk-by\x2did-ata\x2dMaxtor_6L300S0_L60696YG\x2dpart1.device changed dead -> plugged
[   15.623867] systemd[1]: sys-devices-pci0000:00-0000:00:1f.2-ata2-host1-target1:0:0-1:0:0:0-block-sdb-sdb2.device changed dead -> plugged
[   15.623882] systemd[1]: dev-sdb2.device changed dead -> plugged
[   15.623896] systemd[1]: dev-disk-by\x2did-ata\x2dMaxtor_6L300S0_L60696YG\x2dpart2.device changed dead -> plugged
[   15.623911] systemd[1]: dev-disk-by\x2duuid-03924499\x2d649c\x2d41b8\x2d9f63\x2dd389a473c02f.device changed dead -> plugged
[   15.623927] systemd[1]: sys-devices-pci0000:00-0000:00:1f.2-ata2-host1-target1:0:0-1:0:0:0-block-sdb-sdb3.device changed dead -> plugged
[   15.623941] systemd[1]: dev-sdb3.device changed dead -> plugged
[   15.623956] systemd[1]: dev-disk-by\x2did-ata\x2dMaxtor_6L300S0_L60696YG\x2dpart3.device changed dead -> plugged
[   15.623971] systemd[1]: sys-devices-pci0000:00-0000:00:1f.2-ata6-host5-target5:0:0-5:0:0:0-block-sr0.device changed dead -> plugged
[   15.623986] systemd[1]: dev-sr0.device changed dead -> plugged
[   15.624013] systemd[1]: dev-disk-by\x2did-ata\x2dPLEXTOR_DVDR_PX\x2d716A_179223.device changed dead -> plugged
[   15.624029] systemd[1]: sys-devices-platform-serial8250-tty-ttyS0.device changed dead -> plugged
[   15.624044] systemd[1]: dev-ttyS0.device changed dead -> plugged
[   15.624059] systemd[1]: sys-devices-platform-serial8250-tty-ttyS1.device changed dead -> plugged
[   15.624074] systemd[1]: dev-ttyS1.device changed dead -> plugged
[   15.624089] systemd[1]: sys-devices-platform-serial8250-tty-ttyS2.device changed dead -> plugged
[   15.624104] systemd[1]: dev-ttyS2.device changed dead -> plugged
[   15.624119] systemd[1]: sys-devices-platform-serial8250-tty-ttyS3.device changed dead -> plugged
[   15.624134] systemd[1]: dev-ttyS3.device changed dead -> plugged
[   15.624149] systemd[1]: sys-module-configfs.device changed dead -> plugged
[   15.624164] systemd[1]: sys-devices-virtual-block-dm\x2d0.device changed dead -> plugged
[   15.624179] systemd[1]: dev-dm\x2d0.device changed dead -> plugged
[   15.624194] systemd[1]: dev-VolGroup00-fedora.device changed dead -> plugged
[   15.624209] systemd[1]: dev-disk-by\x2did-dm\x2dname\x2dVolGroup00\x2dfedora.device changed dead -> plugged
[   15.624224] systemd[1]: dev-disk-by\x2did-dm\x2duuid\x2dLVM\x2diRyyAGjOJXrUWN8Vs7jLGRvUvAZpC0spBoR86D4yxQsDUhQxAZ6qCrpvLrMLg5Pg.device changed dead -> plugged
[   15.624239] systemd[1]: dev-disk-by\x2duuid-ecf58cea\x2dd436\x2d48c6\x2dbe7b\x2d8702433cbedd.device changed dead -> plugged
[   15.624254] systemd[1]: dev-mapper-VolGroup00\x2dfedora.device changed dead -> plugged
[   15.624269] systemd[1]: sys-devices-virtual-block-md0.device changed dead -> plugged
[   15.624284] systemd[1]: dev-md0.device changed dead -> plugged
[   15.624299] systemd[1]: dev-disk-by\x2duuid-0cab8380\x2d5126\x2d4bf9\x2dbb4d\x2df967c2573d7b.device changed dead -> plugged
[   15.624314] systemd[1]: sys-devices-virtual-block-md126.device changed dead -> plugged
[   15.624329] systemd[1]: dev-md126.device changed dead -> plugged
[   15.624344] systemd[1]: -.mount changed dead -> mounted
[   15.624359] systemd[1]: local-fs.target changed dead -> active
[   15.624374] systemd[1]: sysinit.target changed dead -> active
[   15.624390] systemd[1]: systemd-journald.socket changed dead -> running
[   15.624405] systemd[1]: system.slice changed dead -> active
[   15.624420] systemd[1]: slices.target changed dead -> active
[   15.624435] systemd[1]: -.slice changed dead -> active
[   15.624449] systemd[1]: sockets.target changed dead -> active
[   15.624465] systemd[1]: systemd-journald.service changed dead -> running
[   16.064758] systemd-udevd (175) used greatest stack depth: 3624 bytes left
[   16.269027] systemd-journald[84]: Received SIGTERM
[   17.312111] type=1404 audit(1378540282.265:2): enforcing=1 old_enforcing=0 auid=4294967295 ses=4294967295
[   17.704576] SELinux: 2048 avtab hash slots, 95190 rules.
[   18.396977] SELinux: 2048 avtab hash slots, 95190 rules.
[   19.493082] SELinux:  8 users, 82 roles, 4572 types, 259 bools, 1 sens, 1024 cats
[   19.493088] SELinux:  83 classes, 95190 rules
[   19.754614] SELinux:  Completing initialization.
[   19.754619] SELinux:  Setting up existing superblocks.
[   19.754808] SELinux: initialized (dev sysfs, type sysfs), uses genfs_contexts
[   19.754893] SELinux: initialized (dev rootfs, type rootfs), uses genfs_contexts
[   19.754965] SELinux: initialized (dev bdev, type bdev), uses genfs_contexts
[   19.755038] SELinux: initialized (dev proc, type proc), uses genfs_contexts
[   19.755245] SELinux: initialized (dev tmpfs, type tmpfs), uses transition SIDs
[   19.755393] SELinux: initialized (dev devtmpfs, type devtmpfs), uses transition SIDs
[   19.758299] SELinux: initialized (dev sockfs, type sockfs), uses task SIDs
[   19.758377] SELinux: initialized (dev debugfs, type debugfs), uses genfs_contexts
[   19.768701] SELinux: initialized (dev pipefs, type pipefs), uses task SIDs
[   19.768782] SELinux: initialized (dev anon_inodefs, type anon_inodefs), uses genfs_contexts
[   19.768852] SELinux: initialized (dev devpts, type devpts), uses transition SIDs
[   19.769019] SELinux: initialized (dev hugetlbfs, type hugetlbfs), uses transition SIDs
[   19.769114] SELinux: initialized (dev mqueue, type mqueue), uses transition SIDs
[   19.769191] SELinux: initialized (dev selinuxfs, type selinuxfs), uses genfs_contexts
[   19.769316] SELinux: initialized (dev sysfs, type sysfs), uses genfs_contexts
[   19.773612] SELinux: initialized (dev securityfs, type securityfs), uses genfs_contexts
[   19.773635] SELinux: initialized (dev tmpfs, type tmpfs), uses transition SIDs
[   19.773657] SELinux: initialized (dev tmpfs, type tmpfs), uses transition SIDs
[   19.773913] SELinux: initialized (dev tmpfs, type tmpfs), uses transition SIDs
[   19.774084] SELinux: initialized (dev cgroup, type cgroup), uses genfs_contexts
[   19.774202] SELinux: initialized (dev pstore, type pstore), uses genfs_contexts
[   19.774226] SELinux: initialized (dev cgroup, type cgroup), uses genfs_contexts
[   19.774272] SELinux: initialized (dev cgroup, type cgroup), uses genfs_contexts
[   19.774311] SELinux: initialized (dev cgroup, type cgroup), uses genfs_contexts
[   19.774385] SELinux: initialized (dev cgroup, type cgroup), uses genfs_contexts
[   19.774412] SELinux: initialized (dev cgroup, type cgroup), uses genfs_contexts
[   19.774434] SELinux: initialized (dev cgroup, type cgroup), uses genfs_contexts
[   19.774457] SELinux: initialized (dev cgroup, type cgroup), uses genfs_contexts
[   19.774544] SELinux: initialized (dev cgroup, type cgroup), uses genfs_contexts
[   19.774625] SELinux: initialized (dev dm-0, type ext4), uses xattr
[   19.830591] type=1403 audit(1378540284.783:3): policy loaded auid=4294967295 ses=4294967295
[   19.897274] systemd[1]: Successfully loaded SELinux policy in 2.616449s.
[   20.163395] systemd[1]: Relabelled /dev and /run in 71.399ms.
[   38.027551] usb 6-2: USB disconnect, device number 2
[   38.287107] usb 6-2: new low-speed USB device number 3 using uhci_hcd
[   38.466372] usb 6-2: New USB device found, idVendor=045e, idProduct=00db
[   38.476220] usb 6-2: New USB device strings: Mfr=1, Product=2, SerialNumber=0
[   38.486036] usb 6-2: Product: Natural Ergonomic Keyboard 4000
[   38.495819] usb 6-2: Manufacturer: Microsoft
[   38.524945] input: Microsoft Natural Ergonomic Keyboard 4000 as /devices/pci0000:00/0000:00:1d.0/usb6/6-2/6-2:1.0/input/input5
[   38.536237] microsoft 0003:045E:00DB.0004: input,hidraw0: USB HID v1.11 Keyboard [Microsoft Natural Ergonomic Keyboard 4000] on usb-0000:00:1d.0-2/input0
[   38.568065] input: Microsoft Natural Ergonomic Keyboard 4000 as /devices/pci0000:00/0000:00:1d.0/usb6/6-2/6-2:1.1/input/input6
[   38.579639] microsoft 0003:045E:00DB.0005: input,hidraw1: USB HID v1.11 Device [Microsoft Natural Ergonomic Keyboard 4000] on usb-0000:00:1d.0-2/input1
[   39.704241] usb 6-2: USB disconnect, device number 3
[   40.216105] usb 6-2: new low-speed USB device number 4 using uhci_hcd
[   40.398138] usb 6-2: New USB device found, idVendor=045e, idProduct=00db
[   40.409146] usb 6-2: New USB device strings: Mfr=1, Product=2, SerialNumber=0
[   40.420327] usb 6-2: Product: Natural Ergonomic Keyboard 4000
[   40.431358] usb 6-2: Manufacturer: Microsoft
[   40.460497] input: Microsoft Natural Ergonomic Keyboard 4000 as /devices/pci0000:00/0000:00:1d.0/usb6/6-2/6-2:1.0/input/input7
[   40.472930] microsoft 0003:045E:00DB.0006: input,hidraw0: USB HID v1.11 Keyboard [Microsoft Natural Ergonomic Keyboard 4000] on usb-0000:00:1d.0-2/input0
[   40.506788] input: Microsoft Natural Ergonomic Keyboard 4000 as /devices/pci0000:00/0000:00:1d.0/usb6/6-2/6-2:1.1/input/input8
[   40.519765] microsoft 0003:045E:00DB.0007: input,hidraw1: USB HID v1.11 Device [Microsoft Natural Ergonomic Keyboard 4000] on usb-0000:00:1d.0-2/input1
[   53.600340] usb 6-2: USB disconnect, device number 4
[   53.854073] usb 6-2: new low-speed USB device number 5 using uhci_hcd
[   54.239142] usb 6-2: New USB device found, idVendor=045e, idProduct=00db
[   54.251590] usb 6-2: New USB device strings: Mfr=1, Product=2, SerialNumber=0
[   54.264011] usb 6-2: Product: Natural Ergonomic Keyboard 4000
[   54.276379] usb 6-2: Manufacturer: Microsoft
[   54.307443] input: Microsoft Natural Ergonomic Keyboard 4000 as /devices/pci0000:00/0000:00:1d.0/usb6/6-2/6-2:1.0/input/input9
[   54.321211] microsoft 0003:045E:00DB.0008: input,hidraw0: USB HID v1.11 Keyboard [Microsoft Natural Ergonomic Keyboard 4000] on usb-0000:00:1d.0-2/input0
[   54.355790] input: Microsoft Natural Ergonomic Keyboard 4000 as /devices/pci0000:00/0000:00:1d.0/usb6/6-2/6-2:1.1/input/input10
[   54.370040] microsoft 0003:045E:00DB.0009: input,hidraw1: USB HID v1.11 Device [Microsoft Natural Ergonomic Keyboard 4000] on usb-0000:00:1d.0-2/input1
[   80.357157] systemd[1]: Spawned /usr/lib/systemd/system-generators/systemd-getty-generator as 336
[   80.644473] LVM: Logical Volume autoactivation enabled.
[   80.644486] LVM: Activation generator successfully completed.
[  140.358116] systemd[1]: Spawned /usr/lib/systemd/system-generators/lvm2-activation-generator as 337
[  200.359063] systemd[1]: Spawned /usr/lib/systemd/system-generators/systemd-system-update-generator as 338
[  260.360085] systemd[1]: Spawned /usr/lib/systemd/system-generators/systemd-rc-local-generator as 339
[  318.852559] usb 6-2: USB disconnect, device number 5
[  319.108107] usb 6-2: new low-speed USB device number 6 using uhci_hcd
[  319.684103] usb 6-2: new low-speed USB device number 7 using uhci_hcd
[  319.869136] usb 6-2: New USB device found, idVendor=045e, idProduct=00db
[  319.882826] usb 6-2: New USB device strings: Mfr=1, Product=2, SerialNumber=0
[  319.896475] usb 6-2: Product: Natural Ergonomic Keyboard 4000
[  319.910128] usb 6-2: Manufacturer: Microsoft
[  319.942522] input: Microsoft Natural Ergonomic Keyboard 4000 as /devices/pci0000:00/0000:00:1d.0/usb6/6-2/6-2:1.0/input/input11
[  319.957741] microsoft 0003:045E:00DB.000A: input,hidraw0: USB HID v1.11 Keyboard [Microsoft Natural Ergonomic Keyboard 4000] on usb-0000:00:1d.0-2/input0
[  319.993784] input: Microsoft Natural Ergonomic Keyboard 4000 as /devices/pci0000:00/0000:00:1d.0/usb6/6-2/6-2:1.1/input/input12
[  320.009571] microsoft 0003:045E:00DB.000B: input,hidraw1: USB HID v1.11 Device [Microsoft Natural Ergonomic Keyboard 4000] on usb-0000:00:1d.0-2/input1
[  320.204223] usb 6-2: USB disconnect, device number 7
[  320.361070] systemd[1]: Spawned /usr/lib/systemd/system-generators/systemd-efi-boot-generator as 340
[  320.720103] usb 6-2: new low-speed USB device number 8 using uhci_hcd
[  320.907140] usb 6-2: New USB device found, idVendor=045e, idProduct=00db
[  320.922372] usb 6-2: New USB device strings: Mfr=1, Product=2, SerialNumber=0
[  320.937488] usb 6-2: Product: Natural Ergonomic Keyboard 4000
[  320.952643] usb 6-2: Manufacturer: Microsoft
[  320.986528] input: Microsoft Natural Ergonomic Keyboard 4000 as /devices/pci0000:00/0000:00:1d.0/usb6/6-2/6-2:1.0/input/input13
[  321.003344] microsoft 0003:045E:00DB.000C: input,hidraw0: USB HID v1.11 Keyboard [Microsoft Natural Ergonomic Keyboard 4000] on usb-0000:00:1d.0-2/input0
[  321.040729] input: Microsoft Natural Ergonomic Keyboard 4000 as /devices/pci0000:00/0000:00:1d.0/usb6/6-2/6-2:1.1/input/input14
[  321.058050] microsoft 0003:045E:00DB.000D: input,hidraw1: USB HID v1.11 Device [Microsoft Natural Ergonomic Keyboard 4000] on usb-0000:00:1d.0-2/input1
[  352.167398] usb 6-2: USB disconnect, device number 8
[  352.736116] usb 6-2: new low-speed USB device number 9 using uhci_hcd
[  352.924131] usb 6-2: New USB device found, idVendor=045e, idProduct=00db
[  352.940539] usb 6-2: New USB device strings: Mfr=1, Product=2, SerialNumber=0
[  352.956834] usb 6-2: Product: Natural Ergonomic Keyboard 4000
[  352.973088] usb 6-2: Manufacturer: Microsoft
[  353.007446] input: Microsoft Natural Ergonomic Keyboard 4000 as /devices/pci0000:00/0000:00:1d.0/usb6/6-2/6-2:1.0/input/input15
[  353.025228] microsoft 0003:045E:00DB.000E: input,hidraw0: USB HID v1.11 Keyboard [Microsoft Natural Ergonomic Keyboard 4000] on usb-0000:00:1d.0-2/input0
[  353.063785] input: Microsoft Natural Ergonomic Keyboard 4000 as /devices/pci0000:00/0000:00:1d.0/usb6/6-2/6-2:1.1/input/input16
[  353.082210] microsoft 0003:045E:00DB.000F: input,hidraw1: USB HID v1.11 Device [Microsoft Natural Ergonomic Keyboard 4000] on usb-0000:00:1d.0-2/input1
[  380.362111] systemd[1]: Spawned /usr/lib/systemd/system-generators/systemd-fstab-generator as 342
[  440.362044] systemd[1]: /usr/lib/systemd/system-generators/systemd-cryptsetup-generator exited successfully.
[  500.362074] systemd[1]: /usr/lib/systemd/system-generators/systemd-getty-generator exited successfully.
[  560.363076] systemd[1]: /usr/lib/systemd/system-generators/lvm2-activation-generator exited successfully.
[  620.363076] systemd[1]: /usr/lib/systemd/system-generators/systemd-system-update-generator exited successfully.
[  680.363044] systemd[1]: /usr/lib/systemd/system-generators/systemd-rc-local-generator exited successfully.
[  740.363074] systemd[1]: /usr/lib/systemd/system-generators/systemd-efi-boot-generator exited successfully.
[  800.363075] systemd[1]: /usr/lib/systemd/system-generators/systemd-fstab-generator exited successfully.
[  860.394074] systemd[1]: Looking for unit files in (higher priority first):
[  920.394074] systemd[1]: 	/etc/systemd/system

[  953.329977] ======================================================
[  953.329978] [ INFO: possible circular locking dependency detected ]
[  953.329979] 3.12.0-0.rc0.git13.1.fc21.x86_64 #1 Not tainted
[  953.329979] -------------------------------------------------------
[  953.329980] kworker/0:2/189 is trying to acquire lock:
[  953.329987]  (&fb_info->lock){+.+.+.}, at: [<ffffffff813c8bdd>] lock_fb_info+0x1d/0x50
[  953.329987] 
but task is already holding lock:
[  953.329991]  (console_lock){+.+.+.}, at: [<ffffffff814677b3>] console_callback+0x13/0x180
[  953.329991] 
which lock already depends on the new lock.

[  953.329992] 
the existing dependency chain (in reverse order) is:
[  953.329993] 
-> #1 (console_lock){+.+.+.}:
[  953.329996]        [<ffffffff810eb612>] lock_acquire+0xa2/0x1f0
[  953.329998]        [<ffffffff810d6227>] console_lock+0x77/0x80
[  953.330000]        [<ffffffff813ca82d>] register_framebuffer+0x1dd/0x320
[  953.330003]        [<ffffffff813e280d>] vesafb_probe+0x5bd/0xa70
[  953.330004]        [<ffffffff81495c6c>] platform_drv_probe+0x3c/0x70
[  953.330004]        [<ffffffff814939d7>] driver_probe_device+0x87/0x390
[  953.330004]        [<ffffffff81493db3>] __driver_attach+0x93/0xa0
[  953.330004]        [<ffffffff8149179b>] bus_for_each_dev+0x6b/0xb0
[  953.330004]        [<ffffffff814933fe>] driver_attach+0x1e/0x20
[  953.330004]        [<ffffffff81492f58>] bus_add_driver+0x208/0x2e0
[  953.330004]        [<ffffffff81494424>] driver_register+0x64/0xf0
[  953.330004]        [<ffffffff81495a5a>] __platform_driver_register+0x4a/0x50
[  953.330004]        [<ffffffff81f6d7d5>] vesafb_driver_init+0x12/0x14
[  953.330004]        [<ffffffff810020fa>] do_one_initcall+0xfa/0x1b0
[  953.330004]        [<ffffffff81f2d0c3>] kernel_init_freeable+0x17c/0x202
[  953.330004]        [<ffffffff8172ee9e>] kernel_init+0xe/0x190
[  953.330004]        [<ffffffff8174d6ec>] ret_from_fork+0x7c/0xb0
[  953.330004] 
-> #0 (&fb_info->lock){+.+.+.}:
[  953.330004]        [<ffffffff810eac72>] __lock_acquire+0x18f2/0x1aa0
[  953.330004]        [<ffffffff810eb612>] lock_acquire+0xa2/0x1f0
[  953.330004]        [<ffffffff8173de68>] mutex_lock_nested+0x88/0x400
[  953.330004]        [<ffffffff813c8bdd>] lock_fb_info+0x1d/0x50
[  953.330004]        [<ffffffff813d49db>] fbcon_blank+0x28b/0x2d0
[  953.330004]        [<ffffffff81465338>] do_blank_screen+0x1d8/0x280
[  953.330004]        [<ffffffff81467808>] console_callback+0x68/0x180
[  953.330004]        [<ffffffff81098f01>] process_one_work+0x211/0x6e0
[  953.330004]        [<ffffffff810994ed>] worker_thread+0x11d/0x3a0
[  953.330004]        [<ffffffff810a22fd>] kthread+0xed/0x100
[  953.330004]        [<ffffffff8174d6ec>] ret_from_fork+0x7c/0xb0
[  953.330004] 
other info that might help us debug this:

[  953.330004]  Possible unsafe locking scenario:

[  953.330004]        CPU0                    CPU1
[  953.330004]        ----                    ----
[  953.330004]   lock(console_lock);
[  953.330004]                                lock(&fb_info->lock);
[  953.330004]                                lock(console_lock);
[  953.330004]   lock(&fb_info->lock);
[  953.330004] 
 *** DEADLOCK ***

