[    0.000000] Initializing cgroup subsys cpuset
[    0.000000] Initializing cgroup subsys cpu
[    0.000000] Initializing cgroup subsys cpuacct
[    0.000000] Linux version 3.10.11-100.fc18.x86_64 (mockbuild@bkernel02) (gcc version 4.7.2 20121109 (Red Hat 4.7.2-8) (GCC) ) #1 SMP Mon Sep 9 13:06:31 UTC 2013
[    0.000000] Command line: BOOT_IMAGE=/vmlinuz-3.10.11-100.fc18.x86_64 root=/dev/mapper/fedora-root ro rd.lvm.lv=fedora/swap rd.md=0 rd.dm=0 vconsole.keymap=us rd.lvm.lv=fedora/root rd.luks.uuid=luks-e92849c7-1c11-45cd-adf9-60fd31053e8a rhgb quiet LANG=en_US.UTF-8
[    0.000000] e820: BIOS-provided physical RAM map:
[    0.000000] BIOS-e820: [mem 0x0000000000000000-0x000000000009ebff] usable
[    0.000000] BIOS-e820: [mem 0x000000000009ec00-0x000000000009ffff] reserved
[    0.000000] BIOS-e820: [mem 0x00000000000e0000-0x00000000000fffff] reserved
[    0.000000] BIOS-e820: [mem 0x0000000000100000-0x00000000bc6bdfff] usable
[    0.000000] BIOS-e820: [mem 0x00000000bc6be000-0x00000000bcebdfff] reserved
[    0.000000] BIOS-e820: [mem 0x00000000bcebe000-0x00000000bcfbdfff] ACPI NVS
[    0.000000] BIOS-e820: [mem 0x00000000bcfbe000-0x00000000bcffefff] ACPI data
[    0.000000] BIOS-e820: [mem 0x00000000bcfff000-0x00000000bcffffff] usable
[    0.000000] BIOS-e820: [mem 0x00000000bd000000-0x00000000bf9fffff] reserved
[    0.000000] BIOS-e820: [mem 0x00000000e0000000-0x00000000efffffff] reserved
[    0.000000] BIOS-e820: [mem 0x00000000fec00000-0x00000000fec00fff] reserved
[    0.000000] BIOS-e820: [mem 0x00000000fed10000-0x00000000fed13fff] reserved
[    0.000000] BIOS-e820: [mem 0x00000000fed18000-0x00000000fed19fff] reserved
[    0.000000] BIOS-e820: [mem 0x00000000fed1c000-0x00000000fed1ffff] reserved
[    0.000000] BIOS-e820: [mem 0x00000000fee00000-0x00000000fee00fff] reserved
[    0.000000] BIOS-e820: [mem 0x00000000ffd00000-0x00000000ffffffff] reserved
[    0.000000] BIOS-e820: [mem 0x0000000100000000-0x000000033dffffff] usable
[    0.000000] NX (Execute Disable) protection: active
[    0.000000] SMBIOS 2.6 present.
[    0.000000] DMI: Hewlett-Packard HP EliteBook 2560p/162B, BIOS 68SSU Ver. F.29 10/23/2012
[    0.000000] e820: update [mem 0x00000000-0x00000fff] usable ==> reserved
[    0.000000] e820: remove [mem 0x000a0000-0x000fffff] usable
[    0.000000] No AGP bridge found
[    0.000000] e820: last_pfn = 0x33e000 max_arch_pfn = 0x400000000
[    0.000000] MTRR default type: uncachable
[    0.000000] MTRR fixed ranges enabled:
[    0.000000]   00000-9FFFF write-back
[    0.000000]   A0000-BFFFF uncachable
[    0.000000]   C0000-FFFFF write-protect
[    0.000000] MTRR variable ranges enabled:
[    0.000000]   0 base 0FFC00000 mask FFFC00000 write-protect
[    0.000000]   1 base 000000000 mask F80000000 write-back
[    0.000000]   2 base 080000000 mask FC0000000 write-back
[    0.000000]   3 base 0BE000000 mask FFE000000 uncachable
[    0.000000]   4 base 0BD800000 mask FFF800000 uncachable
[    0.000000]   5 base 100000000 mask F00000000 write-back
[    0.000000]   6 base 200000000 mask F00000000 write-back
[    0.000000]   7 base 300000000 mask FC0000000 write-back
[    0.000000]   8 base 33E000000 mask FFE000000 uncachable
[    0.000000]   9 disabled
[    0.000000] x86 PAT enabled: cpu 0, old 0x7040600070406, new 0x7010600070106
[    0.000000] e820: last_pfn = 0xbd000 max_arch_pfn = 0x400000000
[    0.000000] Base memory trampoline at [ffff880000098000] 98000 size 24576
[    0.000000] reserving inaccessible SNB gfx pages
[    0.000000] init_memory_mapping: [mem 0x00000000-0x000fffff]
[    0.000000]  [mem 0x00000000-0x000fffff] page 4k
[    0.000000] BRK [0x01fdf000, 0x01fdffff] PGTABLE
[    0.000000] BRK [0x01fe0000, 0x01fe0fff] PGTABLE
[    0.000000] BRK [0x01fe1000, 0x01fe1fff] PGTABLE
[    0.000000] init_memory_mapping: [mem 0x33de00000-0x33dffffff]
[    0.000000]  [mem 0x33de00000-0x33dffffff] page 2M
[    0.000000] BRK [0x01fe2000, 0x01fe2fff] PGTABLE
[    0.000000] init_memory_mapping: [mem 0x33c000000-0x33ddfffff]
[    0.000000]  [mem 0x33c000000-0x33ddfffff] page 2M
[    0.000000] init_memory_mapping: [mem 0x300000000-0x33bffffff]
[    0.000000]  [mem 0x300000000-0x33bffffff] page 2M
[    0.000000] init_memory_mapping: [mem 0x00100000-0xbc6bdfff]
[    0.000000]  [mem 0x00100000-0x001fffff] page 4k
[    0.000000]  [mem 0x00200000-0xbc5fffff] page 2M
[    0.000000]  [mem 0xbc600000-0xbc6bdfff] page 4k
[    0.000000] init_memory_mapping: [mem 0xbcfff000-0xbcffffff]
[    0.000000]  [mem 0xbcfff000-0xbcffffff] page 4k
[    0.000000] BRK [0x01fe3000, 0x01fe3fff] PGTABLE
[    0.000000] init_memory_mapping: [mem 0x100000000-0x2ffffffff]
[    0.000000]  [mem 0x100000000-0x2ffffffff] page 2M
[    0.000000] BRK [0x01fe4000, 0x01fe4fff] PGTABLE
[    0.000000] RAMDISK: [mem 0x33f6e000-0x35faefff]
[    0.000000] ACPI: RSDP 00000000000f2f60 00024 (v02 HPQOEM)
[    0.000000] ACPI: XSDT 00000000bcffe120 00084 (v01 HPQOEM SLIC-MPC 0000000F      01000013)
[    0.000000] ACPI: FACP 00000000bcffc000 000F4 (v03 HPQOEM 162B     0000000F HP   00000001)
[    0.000000] ACPI: DSDT 00000000bcfd1000 25C43 (v02 HPQOEM 162B     00000001 INTL 20060912)
[    0.000000] ACPI: FACS 00000000bcf88000 00040
[    0.000000] ACPI: HPET 00000000bcffb000 00038 (v01 HPQOEM 162B     00000001 HP   00000001)
[    0.000000] ACPI: APIC 00000000bcffa000 000BC (v01 HPQOEM 162B     00000001 HP   00000001)
[    0.000000] ACPI: MCFG 00000000bcff9000 0003C (v01 HPQOEM 162B     00000001 HP   00000001)
[    0.000000] ACPI: TCPA 00000000bcff7000 00032 (v02 HPQOEM 162B     00000000 HP   00000001)
[    0.000000] ACPI: SSDT 00000000bcfce000 00283 (v01 HPQOEM SataAhci 00001000 INTL 20060912)
[    0.000000] ACPI: SSDT 00000000bcfcd000 0048A (v01 HPQOEM PtidDevc 00001000 INTL 20060912)
[    0.000000] ACPI: SLIC 00000000bcfcc000 00176 (v01 HPQOEM SLIC-MPC 00000001 HP   00000001)
[    0.000000] ACPI: SSDT 00000000bcfcb000 00810 (v01  PmRef  Cpu0Ist 00003000 INTL 20060912)
[    0.000000] ACPI: SSDT 00000000bcfca000 009B1 (v01  PmRef    CpuPm 00003000 INTL 20060912)
[    0.000000] ACPI: DMAR 00000000bcfc9000 000E8 (v01 INTEL      SNB  00000001 INTL 00000001)
[    0.000000] ACPI: ASF! 00000000bcff8000 000A5 (v32 HPQOEM 162B     00000001 HP   00000001)
[    0.000000] ACPI: Local APIC address 0xfee00000
[    0.000000] No NUMA configuration found
[    0.000000] Faking a node at [mem 0x0000000000000000-0x000000033dffffff]
[    0.000000] Initmem setup node 0 [mem 0x00000000-0x33dffffff]
[    0.000000]   NODE_DATA [mem 0x33dfe2000-0x33dff5fff]
[    0.000000]  [ffffea0000000000-ffffea000cffffff] PMD -> [ffff880331600000-ffff88033d5fffff] on node 0
[    0.000000] Zone ranges:
[    0.000000]   DMA      [mem 0x00001000-0x00ffffff]
[    0.000000]   DMA32    [mem 0x01000000-0xffffffff]
[    0.000000]   Normal   [mem 0x100000000-0x33dffffff]
[    0.000000] Movable zone start for each node
[    0.000000] Early memory node ranges
[    0.000000]   node   0: [mem 0x00001000-0x0009dfff]
[    0.000000]   node   0: [mem 0x00100000-0xbc6bdfff]
[    0.000000]   node   0: [mem 0xbcfff000-0xbcffffff]
[    0.000000]   node   0: [mem 0x100000000-0x33dffffff]
[    0.000000] On node 0 totalpages: 3122780
[    0.000000]   DMA zone: 64 pages used for memmap
[    0.000000]   DMA zone: 157 pages reserved
[    0.000000]   DMA zone: 3997 pages, LIFO batch:0
[    0.000000]   DMA32 zone: 11995 pages used for memmap
[    0.000000]   DMA32 zone: 767679 pages, LIFO batch:31
[    0.000000]   Normal zone: 36736 pages used for memmap
[    0.000000]   Normal zone: 2351104 pages, LIFO batch:31
[    0.000000] ACPI: PM-Timer IO Port: 0x408
[    0.000000] ACPI: Local APIC address 0xfee00000
[    0.000000] ACPI: LAPIC (acpi_id[0x00] lapic_id[0x00] enabled)
[    0.000000] ACPI: LAPIC (acpi_id[0x01] lapic_id[0x01] enabled)
[    0.000000] ACPI: LAPIC (acpi_id[0x02] lapic_id[0x02] enabled)
[    0.000000] ACPI: LAPIC (acpi_id[0x03] lapic_id[0x03] enabled)
[    0.000000] ACPI: LAPIC (acpi_id[0x04] lapic_id[0x00] disabled)
[    0.000000] ACPI: LAPIC (acpi_id[0x05] lapic_id[0x00] disabled)
[    0.000000] ACPI: LAPIC (acpi_id[0x06] lapic_id[0x00] disabled)
[    0.000000] ACPI: LAPIC (acpi_id[0x07] lapic_id[0x00] disabled)
[    0.000000] ACPI: LAPIC_NMI (acpi_id[0x00] high edge lint[0x1])
[    0.000000] ACPI: LAPIC_NMI (acpi_id[0x01] high edge lint[0x1])
[    0.000000] ACPI: LAPIC_NMI (acpi_id[0x02] high edge lint[0x1])
[    0.000000] ACPI: LAPIC_NMI (acpi_id[0x03] high edge lint[0x1])
[    0.000000] ACPI: LAPIC_NMI (acpi_id[0x04] high edge lint[0x1])
[    0.000000] ACPI: LAPIC_NMI (acpi_id[0x05] high edge lint[0x1])
[    0.000000] ACPI: LAPIC_NMI (acpi_id[0x06] high edge lint[0x1])
[    0.000000] ACPI: LAPIC_NMI (acpi_id[0x07] high edge lint[0x1])
[    0.000000] ACPI: IOAPIC (id[0x00] address[0xfec00000] gsi_base[0])
[    0.000000] IOAPIC[0]: apic_id 0, version 32, address 0xfec00000, GSI 0-23
[    0.000000] ACPI: INT_SRC_OVR (bus 0 bus_irq 0 global_irq 2 dfl dfl)
[    0.000000] ACPI: INT_SRC_OVR (bus 0 bus_irq 9 global_irq 9 high level)
[    0.000000] ACPI: IRQ0 used by override.
[    0.000000] ACPI: IRQ2 used by override.
[    0.000000] ACPI: IRQ9 used by override.
[    0.000000] Using ACPI (MADT) for SMP configuration information
[    0.000000] ACPI: HPET id: 0x8086a201 base: 0xfed00000
[    0.000000] smpboot: Allowing 8 CPUs, 4 hotplug CPUs
[    0.000000] nr_irqs_gsi: 40
[    0.000000] PM: Registered nosave memory: 000000000009e000 - 000000000009f000
[    0.000000] PM: Registered nosave memory: 000000000009f000 - 00000000000a0000
[    0.000000] PM: Registered nosave memory: 00000000000a0000 - 00000000000e0000
[    0.000000] PM: Registered nosave memory: 00000000000e0000 - 0000000000100000
[    0.000000] PM: Registered nosave memory: 00000000bc6be000 - 00000000bcebe000
[    0.000000] PM: Registered nosave memory: 00000000bcebe000 - 00000000bcfbe000
[    0.000000] PM: Registered nosave memory: 00000000bcfbe000 - 00000000bcfff000
[    0.000000] PM: Registered nosave memory: 00000000bd000000 - 00000000bfa00000
[    0.000000] PM: Registered nosave memory: 00000000bfa00000 - 00000000e0000000
[    0.000000] PM: Registered nosave memory: 00000000e0000000 - 00000000f0000000
[    0.000000] PM: Registered nosave memory: 00000000f0000000 - 00000000fec00000
[    0.000000] PM: Registered nosave memory: 00000000fec00000 - 00000000fec01000
[    0.000000] PM: Registered nosave memory: 00000000fec01000 - 00000000fed10000
[    0.000000] PM: Registered nosave memory: 00000000fed10000 - 00000000fed14000
[    0.000000] PM: Registered nosave memory: 00000000fed14000 - 00000000fed18000
[    0.000000] PM: Registered nosave memory: 00000000fed18000 - 00000000fed1a000
[    0.000000] PM: Registered nosave memory: 00000000fed1a000 - 00000000fed1c000
[    0.000000] PM: Registered nosave memory: 00000000fed1c000 - 00000000fed20000
[    0.000000] PM: Registered nosave memory: 00000000fed20000 - 00000000fee00000
[    0.000000] PM: Registered nosave memory: 00000000fee00000 - 00000000fee01000
[    0.000000] PM: Registered nosave memory: 00000000fee01000 - 00000000ffd00000
[    0.000000] PM: Registered nosave memory: 00000000ffd00000 - 0000000100000000
[    0.000000] e820: [mem 0xbfa00000-0xdfffffff] available for PCI devices
[    0.000000] Booting paravirtualized kernel on bare hardware
[    0.000000] setup_percpu: NR_CPUS:128 nr_cpumask_bits:128 nr_cpu_ids:8 nr_node_ids:1
[    0.000000] PERCPU: Embedded 28 pages/cpu @ffff88033dc00000 s85440 r8192 d21056 u262144
[    0.000000] pcpu-alloc: s85440 r8192 d21056 u262144 alloc=1*2097152
[    0.000000] pcpu-alloc: [0] 0 1 2 3 4 5 6 7 
[    0.000000] Built 1 zonelists in Zone order, mobility grouping on.  Total pages: 3073828
[    0.000000] Policy zone: Normal
[    0.000000] Kernel command line: BOOT_IMAGE=/vmlinuz-3.10.11-100.fc18.x86_64 root=/dev/mapper/fedora-root ro rd.lvm.lv=fedora/swap rd.md=0 rd.dm=0 vconsole.keymap=us rd.lvm.lv=fedora/root rd.luks.uuid=luks-e92849c7-1c11-45cd-adf9-60fd31053e8a rhgb quiet LANG=en_US.UTF-8
[    0.000000] PID hash table entries: 4096 (order: 3, 32768 bytes)
[    0.000000] xsave: enabled xstate_bv 0x7, cntxt size 0x340
[    0.000000] Checking aperture...
[    0.000000] No AGP bridge found
[    0.000000] Memory: 12177336k/13598720k available (6563k kernel code, 1107600k absent, 313784k reserved, 6694k data, 1416k init)
[    0.000000] SLUB: HWalign=64, Order=0-3, MinObjects=0, CPUs=8, Nodes=1
[    0.000000] Hierarchical RCU implementation.
[    0.000000] 	RCU restricting CPUs from NR_CPUS=128 to nr_cpu_ids=8.
[    0.000000] NR_IRQS:8448 nr_irqs:744 16
[    0.000000] Console: colour dummy device 80x25
[    0.000000] console [tty0] enabled
[    0.000000] allocated 50331648 bytes of page_cgroup
[    0.000000] please try 'cgroup_disable=memory' option if you don't want memory cgroups
[    0.000000] hpet clockevent registered
[    0.000000] tsc: Fast TSC calibration using PIT
[    0.001000] tsc: Detected 2594.012 MHz processor
[    0.000002] Calibrating delay loop (skipped), value calculated using timer frequency.. 5188.02 BogoMIPS (lpj=2594012)
[    0.000005] pid_max: default: 32768 minimum: 301
[    0.000032] Security Framework initialized
[    0.000038] SELinux:  Initializing.
[    0.000045] SELinux:  Starting in permissive mode
[    0.001210] Dentry cache hash table entries: 2097152 (order: 12, 16777216 bytes)
[    0.004401] Inode-cache hash table entries: 1048576 (order: 11, 8388608 bytes)
[    0.005732] Mount-cache hash table entries: 256
[    0.005891] Initializing cgroup subsys memory
[    0.005899] Initializing cgroup subsys devices
[    0.005901] Initializing cgroup subsys freezer
[    0.005902] Initializing cgroup subsys net_cls
[    0.005903] Initializing cgroup subsys blkio
[    0.005904] Initializing cgroup subsys perf_event
[    0.005929] CPU: Physical Processor ID: 0
[    0.005930] CPU: Processor Core ID: 0
[    0.005935] ENERGY_PERF_BIAS: Set to 'normal', was 'performance'
ENERGY_PERF_BIAS: View and update with x86_energy_perf_policy(8)
[    0.005937] mce: CPU supports 7 MCE banks
[    0.005947] CPU0: Thermal monitoring enabled (TM1)
[    0.005956] Last level iTLB entries: 4KB 512, 2MB 0, 4MB 0
Last level dTLB entries: 4KB 512, 2MB 32, 4MB 32
tlb_flushall_shift: 5
[    0.006048] Freeing SMP alternatives: 24k freed
[    0.007349] ACPI: Core revision 20130328
[    0.013923] ACPI: All ACPI Tables successfully acquired
[    0.028023] ftrace: allocating 24867 entries in 98 pages
[    0.039280] dmar: Host address width 36
[    0.039283] dmar: DRHD base: 0x000000fed90000 flags: 0x0
[    0.039288] dmar: IOMMU 0: reg_base_addr fed90000 ver 1:0 cap c0000020e60262 ecap f0101a
[    0.039290] dmar: DRHD base: 0x000000fed91000 flags: 0x1
[    0.039293] dmar: IOMMU 1: reg_base_addr fed91000 ver 1:0 cap c9008020660262 ecap f0105a
[    0.039294] dmar: RMRR base: 0x000000bce9b000 end: 0x000000bcebafff
[    0.039296] dmar: RMRR base: 0x000000bd800000 end: 0x000000bf9fffff
[    0.039367] IOAPIC id 0 under DRHD base  0xfed91000 IOMMU 1
[    0.039368] HPET id 0 under DRHD base 0xfed91000
[    0.039369] HPET id 0 under DRHD base 0xfed91000
[    0.039370] HPET id 0 under DRHD base 0xfed91000
[    0.039371] HPET id 0 under DRHD base 0xfed91000
[    0.039372] HPET id 0 under DRHD base 0xfed91000
[    0.039373] HPET id 0 under DRHD base 0xfed91000
[    0.039373] HPET id 0 under DRHD base 0xfed91000
[    0.039374] HPET id 0 under DRHD base 0xfed91000
[    0.039544] Enabled IRQ remapping in x2apic mode
[    0.039546] Enabling x2apic
[    0.039547] Enabled x2apic
[    0.039552] Switched APIC routing to cluster x2apic.
[    0.040010] ..TIMER: vector=0x30 apic1=0 pin1=2 apic2=-1 pin2=-1
[    0.050019] smpboot: CPU0: Intel(R) Core(TM) i5-2540M CPU @ 2.60GHz (fam: 06, model: 2a, stepping: 07)
[    0.050026] TSC deadline timer enabled
[    0.050037] Performance Events: PEBS fmt1+, 16-deep LBR, SandyBridge events, Intel PMU driver.
[    0.050042] perf_event_intel: PEBS disabled due to CPU errata, please upgrade microcode
[    0.050044] ... version:                3
[    0.050045] ... bit width:              48
[    0.050046] ... generic registers:      4
[    0.050047] ... value mask:             0000ffffffffffff
[    0.050048] ... max period:             000000007fffffff
[    0.050049] ... fixed-purpose events:   3
[    0.050050] ... event mask:             000000070000000f
[    0.064365] NMI watchdog: enabled on all CPUs, permanently consumes one hw-PMU counter.
[    0.051138] smpboot: Booting Node   0, Processors  #1 #2 #3
[    0.090798] Brought up 4 CPUs
[    0.090802] smpboot: Total of 4 processors activated (20752.09 BogoMIPS)
[    0.093852] devtmpfs: initialized
[    0.094038] PM: Registering ACPI NVS region [mem 0xbcebe000-0xbcfbdfff] (1048576 bytes)
[    0.094783] atomic64 test passed for x86-64 platform with CX8 and with SSE
[    0.094809] RTC time:  4:11:57, date: 09/27/13
[    0.094847] NET: Registered protocol family 16
[    0.094976] ACPI FADT declares the system doesn't support PCIe ASPM, so disable it
[    0.094978] ACPI: bus type PCI registered
[    0.094980] acpiphp: ACPI Hot Plug PCI Controller Driver version: 0.5
[    0.095032] PCI: MMCONFIG for domain 0000 [bus 00-ff] at [mem 0xe0000000-0xefffffff] (base 0xe0000000)
[    0.095035] PCI: MMCONFIG at [mem 0xe0000000-0xefffffff] reserved in E820
[    0.112026] PCI: Using configuration type 1 for base access
[    0.112137] mtrr: your CPUs had inconsistent variable MTRR settings
[    0.112138] mtrr: probably your BIOS does not setup all CPUs.
[    0.112139] mtrr: corrected configuration.
[    0.112747] bio: create slab <bio-0> at 0
[    0.112846] ACPI: Added _OSI(Module Device)
[    0.112848] ACPI: Added _OSI(Processor Device)
[    0.112849] ACPI: Added _OSI(3.0 _SCP Extensions)
[    0.112850] ACPI: Added _OSI(Processor Aggregator Device)
[    0.114376] ACPI: EC: Look up EC in DSDT
[    0.116160] ACPI: Executed 1 blocks of module-level executable AML code
[    0.126765] [Firmware Bug]: ACPI: BIOS _OSI(Linux) query ignored
[    0.148875] ACPI: SSDT 00000000bce46718 0069C (v01  PmRef  Cpu0Cst 00003001 INTL 20060912)
[    0.149258] ACPI: Dynamic OEM Table Load:
[    0.149260] ACPI: SSDT           (null) 0069C (v01  PmRef  Cpu0Cst 00003001 INTL 20060912)
[    0.153084] ACPI: SSDT 00000000bce47a98 00303 (v01  PmRef    ApIst 00003000 INTL 20060912)
[    0.153491] ACPI: Dynamic OEM Table Load:
[    0.153492] ACPI: SSDT           (null) 00303 (v01  PmRef    ApIst 00003000 INTL 20060912)
[    0.155988] ACPI: SSDT 00000000bce45d98 00119 (v01  PmRef    ApCst 00003000 INTL 20060912)
[    0.156367] ACPI: Dynamic OEM Table Load:
[    0.156368] ACPI: SSDT           (null) 00119 (v01  PmRef    ApCst 00003000 INTL 20060912)
[    0.587698] ACPI: Interpreter enabled
[    0.587705] ACPI Exception: AE_NOT_FOUND, While evaluating Sleep State [\_S1_] (20130328/hwxface-568)
[    0.587709] ACPI Exception: AE_NOT_FOUND, While evaluating Sleep State [\_S2_] (20130328/hwxface-568)
[    0.587720] ACPI: (supports S0 S3 S4 S5)
[    0.587722] ACPI: Using IOAPIC for interrupt routing
[    0.587741] PCI: Using host bridge windows from ACPI; if necessary, use "pci=nocrs" and report a bug
[    0.587842] ACPI: No dock devices found.
[    0.589683] ACPI: Power Resource [APPR] (off)
[    0.596212] ACPI: PCI Root Bridge [PCI0] (domain 0000 [bus 00-3e])
[    0.597097] PCI host bridge to bus 0000:00
[    0.597100] pci_bus 0000:00: root bus resource [bus 00-3e]
[    0.597102] pci_bus 0000:00: root bus resource [io  0x0000-0x0cf7]
[    0.597103] pci_bus 0000:00: root bus resource [io  0x0d00-0xffff]
[    0.597105] pci_bus 0000:00: root bus resource [mem 0x000a0000-0x000bffff]
[    0.597107] pci_bus 0000:00: root bus resource [mem 0xbfa00000-0xdfffffff]
[    0.597108] pci_bus 0000:00: root bus resource [mem 0xf0000000-0xfedfffff]
[    0.597110] pci_bus 0000:00: root bus resource [mem 0xfee01000-0xffffffff]
[    0.597117] pci 0000:00:00.0: [8086:0104] type 00 class 0x060000
[    0.597190] pci 0000:00:02.0: [8086:0126] type 00 class 0x030000
[    0.597200] pci 0000:00:02.0: reg 10: [mem 0xd4000000-0xd43fffff 64bit]
[    0.597205] pci 0000:00:02.0: reg 18: [mem 0xc0000000-0xcfffffff 64bit pref]
[    0.597209] pci 0000:00:02.0: reg 20: [io  0x4000-0x403f]
[    0.597299] pci 0000:00:16.0: [8086:1c3a] type 00 class 0x078000
[    0.597323] pci 0000:00:16.0: reg 10: [mem 0xd4724000-0xd472400f 64bit]
[    0.597400] pci 0000:00:16.0: PME# supported from D0 D3hot D3cold
[    0.597464] pci 0000:00:16.3: [8086:1c3d] type 00 class 0x070002
[    0.597484] pci 0000:00:16.3: reg 10: [io  0x4090-0x4097]
[    0.597493] pci 0000:00:16.3: reg 14: [mem 0xd472b000-0xd472bfff]
[    0.597625] pci 0000:00:19.0: [8086:1502] type 00 class 0x020000
[    0.597643] pci 0000:00:19.0: reg 10: [mem 0xd4700000-0xd471ffff]
[    0.597654] pci 0000:00:19.0: reg 14: [mem 0xd472a000-0xd472afff]
[    0.597663] pci 0000:00:19.0: reg 18: [io  0x4060-0x407f]
[    0.597725] pci 0000:00:19.0: PME# supported from D0 D3hot D3cold
[    0.597763] pci 0000:00:19.0: System wakeup disabled by ACPI
[    0.597797] pci 0000:00:1a.0: [8086:1c2d] type 00 class 0x0c0320
[    0.597818] pci 0000:00:1a.0: reg 10: [mem 0xd4729000-0xd47293ff]
[    0.597906] pci 0000:00:1a.0: PME# supported from D0 D3hot D3cold
[    0.597945] pci 0000:00:1a.0: System wakeup disabled by ACPI
[    0.597976] pci 0000:00:1b.0: [8086:1c20] type 00 class 0x040300
[    0.597991] pci 0000:00:1b.0: reg 10: [mem 0xd4720000-0xd4723fff 64bit]
[    0.598058] pci 0000:00:1b.0: PME# supported from D0 D3hot D3cold
[    0.598120] pci 0000:00:1c.0: [8086:1c10] type 01 class 0x060400
[    0.598197] pci 0000:00:1c.0: PME# supported from D0 D3hot D3cold
[    0.598262] pci 0000:00:1c.1: [8086:1c12] type 01 class 0x060400
[    0.598338] pci 0000:00:1c.1: PME# supported from D0 D3hot D3cold
[    0.598378] pci 0000:00:1c.1: System wakeup disabled by ACPI
[    0.598408] pci 0000:00:1c.2: [8086:1c14] type 01 class 0x060400
[    0.598485] pci 0000:00:1c.2: PME# supported from D0 D3hot D3cold
[    0.598526] pci 0000:00:1c.2: System wakeup disabled by ACPI
[    0.598555] pci 0000:00:1c.3: [8086:1c16] type 01 class 0x060400
[    0.598632] pci 0000:00:1c.3: PME# supported from D0 D3hot D3cold
[    0.598675] pci 0000:00:1c.3: System wakeup disabled by ACPI
[    0.598710] pci 0000:00:1d.0: [8086:1c26] type 00 class 0x0c0320
[    0.598731] pci 0000:00:1d.0: reg 10: [mem 0xd4728000-0xd47283ff]
[    0.598820] pci 0000:00:1d.0: PME# supported from D0 D3hot D3cold
[    0.598858] pci 0000:00:1d.0: System wakeup disabled by ACPI
[    0.598889] pci 0000:00:1f.0: [8086:1c4f] type 00 class 0x060100
[    0.599048] pci 0000:00:1f.2: [8086:1c03] type 00 class 0x010601
[    0.599066] pci 0000:00:1f.2: reg 10: [io  0x4088-0x408f]
[    0.599074] pci 0000:00:1f.2: reg 14: [io  0x409c-0x409f]
[    0.599083] pci 0000:00:1f.2: reg 18: [io  0x4080-0x4087]
[    0.599090] pci 0000:00:1f.2: reg 1c: [io  0x4098-0x409b]
[    0.599098] pci 0000:00:1f.2: reg 20: [io  0x4040-0x405f]
[    0.599106] pci 0000:00:1f.2: reg 24: [mem 0xd4727000-0xd47277ff]
[    0.599150] pci 0000:00:1f.2: PME# supported from D3hot
[    0.599259] pci 0000:00:1c.0: PCI bridge to [bus 01]
[    0.599265] pci 0000:00:1c.0:   bridge window [mem 0xd4600000-0xd46fffff]
[    0.599357] acpiphp: Slot [1] registered
[    0.599370] pci 0000:00:1c.1: PCI bridge to [bus 02-22]
[    0.599375] pci 0000:00:1c.1:   bridge window [io  0x2000-0x3fff]
[    0.599379] pci 0000:00:1c.1:   bridge window [mem 0xd0000000-0xd3ffffff]
[    0.599499] pci 0000:23:00.0: [197b:2392] type 00 class 0x088000
[    0.599526] pci 0000:23:00.0: reg 10: [mem 0xd4503000-0xd45030ff]
[    0.599631] pci 0000:23:00.0: reg 30: [mem 0xffff0000-0xffffffff pref]
[    0.599794] pci 0000:23:00.2: [197b:2391] type 00 class 0x080501
[    0.599820] pci 0000:23:00.2: reg 10: [mem 0xd4502000-0xd45020ff]
[    0.601727] pci 0000:00:1c.2: PCI bridge to [bus 23]
[    0.601742] pci 0000:00:1c.2:   bridge window [mem 0xd4500000-0xd45fffff]
[    0.601979] pci 0000:24:00.0: [8086:0085] type 00 class 0x028000
[    0.602086] pci 0000:24:00.0: reg 10: [mem 0xd4400000-0xd4401fff 64bit]
[    0.602659] pci 0000:24:00.0: PME# supported from D0 D3hot D3cold
[    0.602805] pci 0000:24:00.0: System wakeup disabled by ACPI
[    0.604846] pci 0000:00:1c.3: PCI bridge to [bus 24]
[    0.604852] pci 0000:00:1c.3:   bridge window [mem 0xd4400000-0xd44fffff]
[    0.605217] acpi PNP0A08:00: Requesting ACPI _OSC control (0x1d)
[    0.606195] acpi PNP0A08:00: ACPI _OSC control (0x1d) granted
[    0.606824] ACPI: PCI Interrupt Link [LNKA] (IRQs 1 3 4 5 6 7 *10 12 14 15)
[    0.606869] ACPI: PCI Interrupt Link [LNKB] (IRQs 1 3 4 5 6 7 *11 12 14 15)
[    0.606912] ACPI: PCI Interrupt Link [LNKC] (IRQs 1 3 4 5 6 7 *10 12 14 15)
[    0.606954] ACPI: PCI Interrupt Link [LNKD] (IRQs 1 3 4 5 6 7 11 12 14 15) *10
[    0.606996] ACPI: PCI Interrupt Link [LNKE] (IRQs 1 3 4 5 6 7 *10 12 14 15)
[    0.607038] ACPI: PCI Interrupt Link [LNKF] (IRQs 1 3 4 5 6 7 11 12 14 15) *0, disabled.
[    0.607080] ACPI: PCI Interrupt Link [LNKG] (IRQs 1 3 4 *5 6 7 10 12 14 15)
[    0.607122] ACPI: PCI Interrupt Link [LNKH] (IRQs 1 3 4 5 6 7 11 12 14 15) *0, disabled.
[    0.607440] ACPI: Enabled 5 GPEs in block 00 to 3F
[    0.607445] acpi root: \_SB_.PCI0 notify handler is installed
[    0.607494] Found 1 acpi root devices
[    0.607528] ACPI: EC: GPE = 0x16, I/O: command/status = 0x66, data = 0x62
[    0.607635] vgaarb: device added: PCI:0000:00:02.0,decodes=io+mem,owns=io+mem,locks=none
[    0.607638] vgaarb: loaded
[    0.607639] vgaarb: bridge control possible 0000:00:02.0
[    0.607697] SCSI subsystem initialized
[    0.607699] ACPI: bus type ATA registered
[    0.607735] libata version 3.00 loaded.
[    0.607752] ACPI: bus type USB registered
[    0.607765] usbcore: registered new interface driver usbfs
[    0.607771] usbcore: registered new interface driver hub
[    0.607790] usbcore: registered new device driver usb
[    0.607843] PCI: Using ACPI for IRQ routing
[    0.614338] PCI: pci_cache_line_size set to 64 bytes
[    0.614391] e820: reserve RAM buffer [mem 0x0009ec00-0x0009ffff]
[    0.614393] e820: reserve RAM buffer [mem 0xbc6be000-0xbfffffff]
[    0.614394] e820: reserve RAM buffer [mem 0xbd000000-0xbfffffff]
[    0.614396] e820: reserve RAM buffer [mem 0x33e000000-0x33fffffff]
[    0.614469] NetLabel: Initializing
[    0.614471] NetLabel:  domain hash size = 128
[    0.614472] NetLabel:  protocols = UNLABELED CIPSOv4
[    0.614482] NetLabel:  unlabeled traffic allowed by default
[    0.614529] hpet0: at MMIO 0xfed00000, IRQs 2, 8, 0, 0, 0, 0, 0, 0
[    0.614534] hpet0: 8 comparators, 64-bit 14.318180 MHz counter
[    0.616549] Switching to clocksource hpet
[    0.620847] pnp: PnP ACPI init
[    0.620859] ACPI: bus type PNP registered
[    0.621000] system 00:00: [mem 0xfed1c000-0xfed1ffff] has been reserved
[    0.621002] system 00:00: [mem 0xfed10000-0xfed17fff] could not be reserved
[    0.621004] system 00:00: [mem 0xfed18000-0xfed18fff] has been reserved
[    0.621006] system 00:00: [mem 0x00000000-0x00000fff] could not be reserved
[    0.621008] system 00:00: [mem 0xbfa00000-0xbfa00fff] has been reserved
[    0.621009] system 00:00: [mem 0xe0000000-0xefffffff] has been reserved
[    0.621011] system 00:00: [mem 0xfed20000-0xfed3ffff] has been reserved
[    0.621013] system 00:00: [mem 0xfed90000-0xfed93fff] could not be reserved
[    0.621015] system 00:00: [mem 0xfed45000-0xfed8ffff] has been reserved
[    0.621017] system 00:00: [mem 0xfec00000-0xfec00fff] could not be reserved
[    0.621020] system 00:00: Plug and Play ACPI device, IDs PNP0c02 (active)
[    0.621086] pnp 00:01: [dma 4]
[    0.621102] pnp 00:01: Plug and Play ACPI device, IDs PNP0200 (active)
[    0.621121] pnp 00:02: Plug and Play ACPI device, IDs INT0800 (active)
[    0.621173] pnp 00:03: Plug and Play ACPI device, IDs IFX0102 PNP0c31 (active)
[    0.621253] pnp 00:04: Plug and Play ACPI device, IDs PNP0103 (active)
[    0.621284] pnp 00:05: Plug and Play ACPI device, IDs PNP0c04 (active)
[    0.621318] system 00:06: [io  0x0200-0x027f] has been reserved
[    0.621321] system 00:06: [io  0x1000-0x100f] has been reserved
[    0.621322] system 00:06: [io  0xffff] has been reserved
[    0.621324] system 00:06: [io  0xffff] has been reserved
[    0.621326] system 00:06: [io  0x0400-0x047f] has been reserved
[    0.621328] system 00:06: [io  0x0500-0x057f] has been reserved
[    0.621329] system 00:06: [io  0xef80-0xef9f] has been reserved
[    0.621332] system 00:06: Plug and Play ACPI device, IDs PNP0c02 (active)
[    0.621360] pnp 00:07: Plug and Play ACPI device, IDs PNP0b00 (active)
[    0.621464] pnp 00:08: Plug and Play ACPI device, IDs PNP0303 (active)
[    0.621489] pnp 00:09: Plug and Play ACPI device, IDs SYN0181 SYN0100 SYN0002 PNP0f13 (active)
[    0.621694] pnp 00:0a: Plug and Play ACPI device, IDs HPQ0004 (active)
[    0.621840] pnp: PnP ACPI: found 11 devices
[    0.621842] ACPI: bus type PNP unregistered
[    0.627992] pci 0000:23:00.0: no compatible bridge window for [mem 0xffff0000-0xffffffff pref]
[    0.628013] pci 0000:00:1c.1: bridge window [mem 0x00100000-0x000fffff 64bit pref] to [bus 02-22] add_size 200000
[    0.628031] pci 0000:00:1c.1: res[15]=[mem 0x00100000-0x000fffff 64bit pref] get_res_add_size add_size 200000
[    0.628035] pci 0000:00:1c.1: BAR 15: assigned [mem 0xbfb00000-0xbfcfffff 64bit pref]
[    0.628038] pci 0000:00:1c.2: BAR 15: assigned [mem 0xbfd00000-0xbfdfffff pref]
[    0.628040] pci 0000:00:1c.0: PCI bridge to [bus 01]
[    0.628046] pci 0000:00:1c.0:   bridge window [mem 0xd4600000-0xd46fffff]
[    0.628054] pci 0000:00:1c.1: PCI bridge to [bus 02-22]
[    0.628057] pci 0000:00:1c.1:   bridge window [io  0x2000-0x3fff]
[    0.628062] pci 0000:00:1c.1:   bridge window [mem 0xd0000000-0xd3ffffff]
[    0.628066] pci 0000:00:1c.1:   bridge window [mem 0xbfb00000-0xbfcfffff 64bit pref]
[    0.628073] pci 0000:23:00.0: BAR 6: assigned [mem 0xbfd00000-0xbfd0ffff pref]
[    0.628075] pci 0000:00:1c.2: PCI bridge to [bus 23]
[    0.628080] pci 0000:00:1c.2:   bridge window [mem 0xd4500000-0xd45fffff]
[    0.628084] pci 0000:00:1c.2:   bridge window [mem 0xbfd00000-0xbfdfffff pref]
[    0.628090] pci 0000:00:1c.3: PCI bridge to [bus 24]
[    0.628095] pci 0000:00:1c.3:   bridge window [mem 0xd4400000-0xd44fffff]
[    0.628501] pci_bus 0000:00: resource 4 [io  0x0000-0x0cf7]
[    0.628503] pci_bus 0000:00: resource 5 [io  0x0d00-0xffff]
[    0.628505] pci_bus 0000:00: resource 6 [mem 0x000a0000-0x000bffff]
[    0.628506] pci_bus 0000:00: resource 7 [mem 0xbfa00000-0xdfffffff]
[    0.628508] pci_bus 0000:00: resource 8 [mem 0xf0000000-0xfedfffff]
[    0.628509] pci_bus 0000:00: resource 9 [mem 0xfee01000-0xffffffff]
[    0.628511] pci_bus 0000:01: resource 1 [mem 0xd4600000-0xd46fffff]
[    0.628513] pci_bus 0000:02: resource 0 [io  0x2000-0x3fff]
[    0.628514] pci_bus 0000:02: resource 1 [mem 0xd0000000-0xd3ffffff]
[    0.628516] pci_bus 0000:02: resource 2 [mem 0xbfb00000-0xbfcfffff 64bit pref]
[    0.628518] pci_bus 0000:23: resource 1 [mem 0xd4500000-0xd45fffff]
[    0.628519] pci_bus 0000:23: resource 2 [mem 0xbfd00000-0xbfdfffff pref]
[    0.628521] pci_bus 0000:24: resource 1 [mem 0xd4400000-0xd44fffff]
[    0.628549] NET: Registered protocol family 2
[    0.628817] TCP established hash table entries: 131072 (order: 9, 2097152 bytes)
[    0.629153] TCP bind hash table entries: 65536 (order: 8, 1048576 bytes)
[    0.629281] TCP: Hash tables configured (established 131072 bind 65536)
[    0.629303] TCP: reno registered
[    0.629322] UDP hash table entries: 8192 (order: 6, 262144 bytes)
[    0.629379] UDP-Lite hash table entries: 8192 (order: 6, 262144 bytes)
[    0.629483] NET: Registered protocol family 1
[    0.629494] pci 0000:00:02.0: Boot video device
[    0.630184] PCI: CLS 64 bytes, default 64
[    0.630224] Unpacking initramfs...
[    1.135788] Freeing initrd memory: 33028k freed
[    1.139732] PCI-DMA: Using software bounce buffering for IO (SWIOTLB)
[    1.139737] software IO TLB [mem 0xb86be000-0xbc6be000] (64MB) mapped at [ffff8800b86be000-ffff8800bc6bdfff]
[    1.141982] alg: No test for __gcm-aes-aesni (__driver-gcm-aes-aesni)
[    1.142236] Initialise system trusted keyring
[    1.142274] audit: initializing netlink socket (disabled)
[    1.142284] type=2000 audit(1380255118.115:1): initialized
[    1.164977] HugeTLB registered 2 MB page size, pre-allocated 0 pages
[    1.166215] VFS: Disk quotas dquot_6.5.2
[    1.166250] Dquot-cache hash table entries: 512 (order 0, 4096 bytes)
[    1.166555] msgmni has been set to 23848
[    1.166600] SELinux:  Registering netfilter hooks
[    1.167106] alg: No test for stdrng (krng)
[    1.167112] NET: Registered protocol family 38
[    1.167116] Key type asymmetric registered
[    1.167117] Asymmetric key parser 'x509' registered
[    1.167118] Asymmetric key parser 'pefile' registered
[    1.167146] Block layer SCSI generic (bsg) driver version 0.4 loaded (major 252)
[    1.167176] io scheduler noop registered
[    1.167179] io scheduler deadline registered
[    1.167203] io scheduler cfq registered (default)
[    1.167301] pcieport 0000:00:1c.0: irq 42 for MSI/MSI-X
[    1.167381] pcieport 0000:00:1c.1: irq 43 for MSI/MSI-X
[    1.167458] pcieport 0000:00:1c.2: irq 44 for MSI/MSI-X
[    1.167529] pcieport 0000:00:1c.3: irq 45 for MSI/MSI-X
[    1.167606] pcieport 0000:00:1c.0: Signaling PME through PCIe PME interrupt
[    1.167610] pcie_pme 0000:00:1c.0:pcie01: service driver pcie_pme loaded
[    1.167625] pcieport 0000:00:1c.1: Signaling PME through PCIe PME interrupt
[    1.167629] pcie_pme 0000:00:1c.1:pcie01: service driver pcie_pme loaded
[    1.167644] pcieport 0000:00:1c.2: Signaling PME through PCIe PME interrupt
[    1.167646] pci 0000:23:00.0: Signaling PME through PCIe PME interrupt
[    1.167648] pci 0000:23:00.2: Signaling PME through PCIe PME interrupt
[    1.167652] pcie_pme 0000:00:1c.2:pcie01: service driver pcie_pme loaded
[    1.167667] pcieport 0000:00:1c.3: Signaling PME through PCIe PME interrupt
[    1.167669] pci 0000:24:00.0: Signaling PME through PCIe PME interrupt
[    1.167673] pcie_pme 0000:00:1c.3:pcie01: service driver pcie_pme loaded
[    1.167681] pci_hotplug: PCI Hot Plug PCI Core version: 0.5
[    1.167724] pciehp 0000:00:1c.1:pcie04: HPC vendor_id 8086 device_id 1c12 ss_vid 103c ss_did 162b
[    1.167740] pciehp 0000:00:1c.1:pcie04: pci_hp_register failed with error -16
[    1.167744] pciehp 0000:00:1c.1:pcie04: Slot already registered by another hotplug driver
[    1.167752] pciehp: PCI Express Hot Plug Controller Driver version: 0.4
[    1.167784] vesafb: mode is 1024x768x32, linelength=4096, pages=0
[    1.167785] vesafb: scrolling: redraw
[    1.167787] vesafb: Truecolor: size=8:8:8:8, shift=24:16:8:0
[    1.168014] vesafb: framebuffer at 0xc0000000, mapped to 0xffffc90011c80000, using 3072k, total 3072k
[    1.168071] Console: switching to colour frame buffer device 128x48
[    1.218443] fb0: VESA VGA frame buffer device
[    1.218451] intel_idle: MWAIT substates: 0x21120
[    1.218453] intel_idle: v0.4 model 0x2A
[    1.218454] intel_idle: lapic_timer_reliable_states 0xffffffff
[    1.218638] ACPI: AC Adapter [AC] (on-line)
[    1.218787] input: Sleep Button as /devices/LNXSYSTM:00/device:00/PNP0C0E:00/input/input0
[    1.218790] ACPI: Sleep Button [SLPB]
[    1.218816] input: Lid Switch as /devices/LNXSYSTM:00/device:00/PNP0C0D:00/input/input1
[    1.218834] ACPI: Lid Switch [LID]
[    1.218859] input: Power Button as /devices/LNXSYSTM:00/LNXPWRBN:00/input/input2
[    1.218861] ACPI: Power Button [PWRF]
[    1.218912] ACPI: Requesting acpi_cpufreq
[    1.252118] thermal LNXTHERM:00: registered as thermal_zone0
[    1.252120] ACPI: Thermal Zone [CPUZ] (43 C)
[    1.275776] thermal LNXTHERM:01: registered as thermal_zone1
[    1.275778] ACPI: Thermal Zone [GFXZ] (0 C)
[    1.290509] thermal LNXTHERM:02: registered as thermal_zone2
[    1.290511] ACPI: Thermal Zone [EXTZ] (29 C)
[    1.311250] thermal LNXTHERM:03: registered as thermal_zone3
[    1.311252] ACPI: Thermal Zone [LOCZ] (27 C)
[    1.326030] thermal LNXTHERM:04: registered as thermal_zone4
[    1.326032] ACPI: Thermal Zone [BATZ] (27 C)
[    1.326252] thermal LNXTHERM:05: registered as thermal_zone5
[    1.326254] ACPI: Thermal Zone [PCHZ] (0 C)
[    1.326333] thermal LNXTHERM:06: registered as thermal_zone6
[    1.326334] ACPI: Thermal Zone [DM1Z] (0 C)
[    1.326407] thermal LNXTHERM:07: registered as thermal_zone7
[    1.326408] ACPI: Thermal Zone [DM2Z] (0 C)
[    1.326427] GHES: HEST is not enabled!
[    1.326493] Serial: 8250/16550 driver, 4 ports, IRQ sharing enabled
[    1.347303] 0000:00:16.3: ttyS0 at I/O 0x4090 (irq = 17) is a 16550A
[    1.347539] Non-volatile memory driver v1.3
[    1.347540] Linux agpgart interface v0.103
[    1.348143] loop: module loaded
[    1.348184] ahci 0000:00:1f.2: version 3.0
[    1.348318] ahci 0000:00:1f.2: irq 46 for MSI/MSI-X
[    1.348346] ahci: SSS flag set, parallel bus scan disabled
[    1.359078] ahci 0000:00:1f.2: AHCI 0001.0300 32 slots 6 ports 6 Gbps 0x33 impl SATA mode
[    1.359082] ahci 0000:00:1f.2: flags: 64bit ncq sntf stag pm led clo pio slum part ems sxs apst 
[    1.359086] ahci 0000:00:1f.2: setting latency timer to 64
[    1.365378] scsi0 : ahci
[    1.365437] scsi1 : ahci
[    1.365484] scsi2 : ahci
[    1.365533] scsi3 : ahci
[    1.365579] scsi4 : ahci
[    1.365626] scsi5 : ahci
[    1.365691] ata1: SATA max UDMA/133 abar m2048@0xd4727000 port 0xd4727100 irq 46
[    1.365694] ata2: SATA max UDMA/133 abar m2048@0xd4727000 port 0xd4727180 irq 46
[    1.365695] ata3: DUMMY
[    1.365696] ata4: DUMMY
[    1.365699] ata5: SATA max UDMA/133 abar m2048@0xd4727000 port 0xd4727300 irq 46
[    1.365701] ata6: SATA max UDMA/133 abar m2048@0xd4727000 port 0xd4727380 irq 46
[    1.365758] libphy: Fixed MDIO Bus: probed
[    1.365812] ehci_hcd: USB 2.0 'Enhanced' Host Controller (EHCI) Driver
[    1.365814] ehci-pci: EHCI PCI platform driver
[    1.365941] ehci-pci 0000:00:1a.0: setting latency timer to 64
[    1.365949] ehci-pci 0000:00:1a.0: EHCI Host Controller
[    1.365984] ehci-pci 0000:00:1a.0: new USB bus registered, assigned bus number 1
[    1.365997] ehci-pci 0000:00:1a.0: debug port 2
[    1.369568] ACPI: Battery Slot [BAT0] (battery present)
[    1.369909] ehci-pci 0000:00:1a.0: cache line size of 64 is not supported
[    1.369939] ehci-pci 0000:00:1a.0: irq 16, io mem 0xd4729000
[    1.375069] ehci-pci 0000:00:1a.0: USB 2.0 started, EHCI 1.00
[    1.375093] usb usb1: New USB device found, idVendor=1d6b, idProduct=0002
[    1.375094] usb usb1: New USB device strings: Mfr=3, Product=2, SerialNumber=1
[    1.375096] usb usb1: Product: EHCI Host Controller
[    1.375098] usb usb1: Manufacturer: Linux 3.10.11-100.fc18.x86_64 ehci_hcd
[    1.375099] usb usb1: SerialNumber: 0000:00:1a.0
[    1.375184] hub 1-0:1.0: USB hub found
[    1.375187] hub 1-0:1.0: 3 ports detected
[    1.375394] ehci-pci 0000:00:1d.0: setting latency timer to 64
[    1.375399] ehci-pci 0000:00:1d.0: EHCI Host Controller
[    1.375429] ehci-pci 0000:00:1d.0: new USB bus registered, assigned bus number 2
[    1.375440] ehci-pci 0000:00:1d.0: debug port 2
[    1.379344] ehci-pci 0000:00:1d.0: cache line size of 64 is not supported
[    1.379349] ehci-pci 0000:00:1d.0: irq 16, io mem 0xd4728000
[    1.385075] ehci-pci 0000:00:1d.0: USB 2.0 started, EHCI 1.00
[    1.385095] usb usb2: New USB device found, idVendor=1d6b, idProduct=0002
[    1.385097] usb usb2: New USB device strings: Mfr=3, Product=2, SerialNumber=1
[    1.385098] usb usb2: Product: EHCI Host Controller
[    1.385100] usb usb2: Manufacturer: Linux 3.10.11-100.fc18.x86_64 ehci_hcd
[    1.385101] usb usb2: SerialNumber: 0000:00:1d.0
[    1.385167] hub 2-0:1.0: USB hub found
[    1.385170] hub 2-0:1.0: 3 ports detected
[    1.385263] ohci_hcd: USB 1.1 'Open' Host Controller (OHCI) Driver
[    1.385271] uhci_hcd: USB Universal Host Controller Interface driver
[    1.385304] usbcore: registered new interface driver usbserial
[    1.385309] usbcore: registered new interface driver usbserial_generic
[    1.385315] usbserial: USB Serial support registered for generic
[    1.385338] i8042: PNP: PS/2 Controller [PNP0303:PS2K,PNP0f13:PS2M] at 0x60,0x64 irq 1,12
[    1.387237] i8042: Detected active multiplexing controller, rev 1.1
[    1.388006] serio: i8042 KBD port at 0x60,0x64 irq 1
[    1.388010] serio: i8042 AUX0 port at 0x60,0x64 irq 12
[    1.388029] serio: i8042 AUX1 port at 0x60,0x64 irq 12
[    1.388042] serio: i8042 AUX2 port at 0x60,0x64 irq 12
[    1.388055] serio: i8042 AUX3 port at 0x60,0x64 irq 12
[    1.388138] mousedev: PS/2 mouse device common for all mice
[    1.388282] rtc_cmos 00:07: RTC can wake from S4
[    1.388407] rtc_cmos 00:07: rtc core: registered rtc_cmos as rtc0
[    1.388435] rtc_cmos 00:07: alarms up to one month, y3k, 242 bytes nvram, hpet irqs
[    1.388488] device-mapper: uevent: version 1.0.3
[    1.388542] device-mapper: ioctl: 4.24.0-ioctl (2013-01-15) initialised: dm-devel@redhat.com
[    1.388635] cpuidle: using governor ladder
[    1.388721] cpuidle: using governor menu
[    1.388870] hidraw: raw HID events driver (C) Jiri Kosina
[    1.388929] usbcore: registered new interface driver usbhid
[    1.388930] usbhid: USB HID core driver
[    1.388950] drop_monitor: Initializing network drop monitor service
[    1.389014] ip_tables: (C) 2000-2006 Netfilter Core Team
[    1.389047] TCP: cubic registered
[    1.389049] Initializing XFRM netlink socket
[    1.389138] NET: Registered protocol family 10
[    1.389286] mip6: Mobile IPv6
[    1.389288] NET: Registered protocol family 17
[    1.389506] PM: Hibernation image not present or could not be loaded.
[    1.389507] Loading compiled-in X.509 certificates
[    1.390337] Loaded X.509 cert 'Fedora kernel signing key: 46465a95516eb3c352424ff849647c0099750be0'
[    1.390344] registered taskstats version 1
[    1.390987]   Magic number: 13:86:162
[    1.391018] acpi device:29: hash matches
[    1.391064] rtc_cmos 00:07: setting system clock to 2013-09-27 04:11:59 UTC (1380255119)
[    1.412918] input: AT Translated Set 2 keyboard as /devices/platform/i8042/serio0/input/input3
[    1.677380] usb 1-1: new high-speed USB device number 2 using ehci-pci
[    1.791921] usb 1-1: New USB device found, idVendor=8087, idProduct=0024
[    1.791932] usb 1-1: New USB device strings: Mfr=0, Product=0, SerialNumber=0
[    1.792419] hub 1-1:1.0: USB hub found
[    1.792574] hub 1-1:1.0: 6 ports detected
[    1.856301] psmouse serio1: alps: Unknown ALPS touchpad: E7=10 00 64, EC=10 00 64
[    1.895459] usb 2-1: new high-speed USB device number 2 using ehci-pci
[    2.009975] usb 2-1: New USB device found, idVendor=8087, idProduct=0024
[    2.009994] usb 2-1: New USB device strings: Mfr=0, Product=0, SerialNumber=0
[    2.010400] hub 2-1:1.0: USB hub found
[    2.010593] hub 2-1:1.0: 8 ports detected
[    2.074736] usb 1-1.1: new full-speed USB device number 3 using ehci-pci
[    2.141674] tsc: Refined TSC clocksource calibration: 2594.107 MHz
[    2.141687] Switching to clocksource tsc
[    2.161606] usb 1-1.1: New USB device found, idVendor=138a, idProduct=003c
[    2.161617] usb 1-1.1: New USB device strings: Mfr=0, Product=0, SerialNumber=1
[    2.161623] usb 1-1.1: SerialNumber: 002056693888
[    2.285909] usb 2-1.4: new high-speed USB device number 3 using ehci-pci
[    2.396557] input: PS/2 Generic Mouse as /devices/platform/i8042/serio1/input/input4
[    2.421567] usb 2-1.4: New USB device found, idVendor=04f2, idProduct=b230
[    2.421589] usb 2-1.4: New USB device strings: Mfr=2, Product=1, SerialNumber=3
[    2.421593] usb 2-1.4: Product: HP HD Webcam [Fixed]
[    2.421595] usb 2-1.4: Manufacturer: Chicony Electronics Co., Ltd.
[    2.421598] usb 2-1.4: SerialNumber: SN0001
[    3.307686] psmouse serio4: synaptics: Touchpad model: 1, fw: 7.4, id: 0x1e0b1, caps: 0xd04773/0xe40000/0xa0400, board id: 3655, fw id: 768486
[    3.353390] input: SynPS/2 Synaptics TouchPad as /devices/platform/i8042/serio4/input/input5
[    6.740786] ata1: link is slow to respond, please be patient (ready=0)
[   11.384724] ata1: COMRESET failed (errno=-16)
[   11.689931] ata1: SATA link up 3.0 Gbps (SStatus 123 SControl 300)
[   11.690360] ata1.00: ACPI cmd 00/00:00:00:00:00:a0 (NOP) rejected by device (Stat=0x51 Err=0x04)
[   11.690423] ata1.00: ATA-7: INTEL SSDSA2M040G2GC, 2CV102HD, max UDMA/133
[   11.690426] ata1.00: 78165360 sectors, multi 1: LBA48 NCQ (depth 31/32)
[   11.690965] ata1.00: ACPI cmd 00/00:00:00:00:00:a0 (NOP) rejected by device (Stat=0x51 Err=0x04)
[   11.691080] ata1.00: configured for UDMA/133
[   11.693159] scsi 0:0:0:0: Direct-Access     ATA      INTEL SSDSA2M040 2CV1 PQ: 0 ANSI: 5
[   11.693324] sd 0:0:0:0: Attached scsi generic sg0 type 0
[   11.693354] sd 0:0:0:0: [sda] 78165360 512-byte logical blocks: (40.0 GB/37.2 GiB)
[   11.693545] sd 0:0:0:0: [sda] Write Protect is off
[   11.693547] sd 0:0:0:0: [sda] Mode Sense: 00 3a 00 00
[   11.693622] sd 0:0:0:0: [sda] Write cache: enabled, read cache: enabled, doesn't support DPO or FUA
[   11.694036]  sda: sda1 sda2
[   11.694252] sd 0:0:0:0: [sda] Attached SCSI disk
[   11.998049] ata2: SATA link up 1.5 Gbps (SStatus 113 SControl 300)
[   12.002314] ata2.00: ACPI cmd 00/00:00:00:00:00:a0 (NOP) rejected by device (Stat=0x51 Err=0x04)
[   12.002318] ata2.00: ATAPI: hp       DVDRAM GU40N, QC04, max UDMA/100
[   12.007304] ata2.00: ACPI cmd 00/00:00:00:00:00:a0 (NOP) rejected by device (Stat=0x51 Err=0x04)
[   12.007309] ata2.00: configured for UDMA/100
[   12.011759] scsi 1:0:0:0: CD-ROM            hp       DVDRAM GU40N     QC04 PQ: 0 ANSI: 5
[   12.015935] sr0: scsi3-mmc drive: 24x/24x writer dvd-ram cd/rw xa/form2 cdda tray
[   12.015938] cdrom: Uniform CD-ROM driver Revision: 3.20
[   12.016058] sr 1:0:0:0: Attached scsi CD-ROM sr0
[   12.016178] sr 1:0:0:0: Attached scsi generic sg1 type 5
[   12.321347] ata5: SATA link down (SStatus 0 SControl 300)
[   12.626545] ata6: SATA link down (SStatus 0 SControl 300)
[   12.627263] Freeing unused kernel memory: 1416k freed
[   12.627411] Write protecting the kernel read-only data: 12288k
[   12.630240] Freeing unused kernel memory: 1620k freed
[   12.632426] Freeing unused kernel memory: 1280k freed
[   12.635332] systemd[1]: systemd 201 running in system mode. (+PAM +LIBWRAP +AUDIT +SELINUX +IMA +SYSVINIT +LIBCRYPTSETUP +GCRYPT +ACL +XZ)
[   12.635416] systemd[1]: Running in initial RAM disk.
[   12.635502] systemd[1]: No hostname configured.
[   12.635506] systemd[1]: Set hostname to <localhost>.
[   12.635581] systemd[1]: Initializing machine ID from random generator.
[   12.640806] systemd[1]: Cannot add dependency job for unit timers.target, ignoring: Unit timers.target failed to load: No such file or directory. See system logs and 'systemctl status timers.target' for details.
[   12.640815] systemd[1]: Cannot add dependency job for unit paths.target, ignoring: Unit paths.target failed to load: No such file or directory. See system logs and 'systemctl status paths.target' for details.
[   12.640869] systemd[1]: Expecting device dev-disk-by\x2duuid-e92849c7\x2d1c11\x2d45cd\x2dadf9\x2d60fd31053e8a.device...
[   12.640879] systemd[1]: Expecting device dev-mapper-luks\x2de92849c7\x2d1c11\x2d45cd\x2dadf9\x2d60fd31053e8a.device...
[   12.640927] systemd[1]: Starting udev Kernel Socket.
[   12.640953] systemd[1]: Listening on udev Kernel Socket.
[   12.640992] systemd[1]: Starting udev Control Socket.
[   12.641017] systemd[1]: Listening on udev Control Socket.
[   12.641025] systemd[1]: Starting Journal Socket.
[   12.641060] systemd[1]: Listening on Journal Socket.
[   12.641175] systemd[1]: Started Load Kernel Modules.
[   12.641183] systemd[1]: Starting Journal Service...
[   12.641563] systemd[1]: Started Journal Service.
[   12.641687] systemd[1]: Starting Sockets.
[   12.641699] systemd[1]: Reached target Sockets.
[   12.641708] systemd[1]: Starting dracut cmdline hook...
[   12.642078] systemd[1]: Starting Swap.
[   12.642097] systemd[1]: Reached target Swap.
[   12.642112] systemd[1]: Starting Local File Systems.
[   12.642125] systemd[1]: Reached target Local File Systems.
[   12.644444] systemd-journald[99]: Failed to resolve 'systemd-journal' group: No such process
[   12.750308] RPC: Registered named UNIX socket transport module.
[   12.750312] RPC: Registered udp transport module.
[   12.750314] RPC: Registered tcp transport module.
[   12.750315] RPC: Registered tcp NFSv4.1 backchannel transport module.
[   12.784950] systemd-udevd[202]: starting version 201
[   12.862028] wmi: Mapper loaded
[   12.864436] pps_core: LinuxPPS API ver. 1 registered
[   12.864440] pps_core: Software ver. 5.3.6 - Copyright 2005-2007 Rodolfo Giometti <giometti@linux.it>
[   12.866171] PTP clock support registered
[   12.873374] sdhci: Secure Digital Host Controller Interface driver
[   12.873378] sdhci: Copyright(c) Pierre Ossman
[   12.873674] [drm] Initialized drm 1.1.0 20060810
[   12.874278] e1000e: Intel(R) PRO/1000 Network Driver - 2.3.2-k
[   12.874281] e1000e: Copyright(c) 1999 - 2013 Intel Corporation.
[   12.874500] e1000e 0000:00:19.0: setting latency timer to 64
[   12.874565] e1000e 0000:00:19.0: Interrupt Throttling Rate (ints/sec) set to dynamic conservative mode
[   12.874589] e1000e 0000:00:19.0: irq 47 for MSI/MSI-X
[   12.875066] sdhci-pci 0000:23:00.0: SDHCI controller found [197b:2392] (rev 30)
[   12.875223] mmc0: SDHCI controller on PCI [0000:23:00.0] using DMA
[   12.875235] sdhci-pci 0000:23:00.2: SDHCI controller found [197b:2391] (rev 30)
[   12.875282] sdhci-pci 0000:23:00.2: Refusing to bind to secondary interface.
[   12.898513] alg: No test for crc32 (crc32-pclmul)
[   13.076538] e1000e 0000:00:19.0 eth0: registered PHC clock
[   13.076543] e1000e 0000:00:19.0 eth0: (PCI Express:2.5GT/s:Width x1) 64:31:50:9c:60:22
[   13.076545] e1000e 0000:00:19.0 eth0: Intel(R) PRO/1000 Network Connection
[   13.076578] e1000e 0000:00:19.0 eth0: MAC: 10, PHY: 11, PBA No: FFFFFF-0FF
[   13.077587] [drm] Memory usable by graphics device = 2048M
[   13.077591] checking generic (c0000000 300000) vs hw (c0000000 10000000)
[   13.077593] fb: conflicting fb hw usage inteldrmfb vs VESA VGA - removing generic driver
[   13.077605] Console: switching to colour dummy device 80x25
[   13.077675] i915 0000:00:02.0: setting latency timer to 64
[   13.098514] i915 0000:00:02.0: irq 48 for MSI/MSI-X
[   13.098522] [drm] Supports vblank timestamp caching Rev 1 (10.10.2010).
[   13.098523] [drm] Driver supports precise vblank timestamp query.
[   13.098571] vgaarb: device changed decodes: PCI:0000:00:02.0,olddecodes=io+mem,decodes=io+mem:owns=io+mem
[   13.125847] [drm] Wrong MCH_SSKPD value: 0x16040307
[   13.125851] [drm] This can cause pipe underruns and display issues.
[   13.125852] [drm] Please upgrade your BIOS to fix this.
[   13.137614] fbcon: inteldrmfb (fb0) is primary device
[   13.805360] Console: switching to colour frame buffer device 170x48
[   13.808061] i915 0000:00:02.0: fb0: inteldrmfb frame buffer device
[   13.808062] i915 0000:00:02.0: registered panic notifier
[   13.818386] acpi device:0c: registered as cooling_device4
[   13.818534] ACPI: Video Device [GFX0] (multi-head: yes  rom: no  post: no)
[   13.818572] input: Video Bus as /devices/LNXSYSTM:00/device:00/PNP0A08:00/LNXVIDEO:01/input/input6
[   13.818648] [drm] Initialized i915 1.6.0 20080730 for 0000:00:02.0 on minor 0
[   14.742268] [drm] Enabling RC6 states: RC6 on, RC6p off, RC6pp off
[   29.070160] bio: create slab <bio-1> at 1
[   29.231476] bio: create slab <bio-1> at 1
[   29.350443] EXT4-fs (dm-2): INFO: recovery required on readonly filesystem
[   29.350447] EXT4-fs (dm-2): write access will be enabled during recovery
[   29.646395] EXT4-fs (dm-2): orphan cleanup on readonly fs
[   29.657556] EXT4-fs (dm-2): ext4_orphan_cleanup: deleting unreferenced inode 919851
[   29.657629] EXT4-fs (dm-2): ext4_orphan_cleanup: deleting unreferenced inode 919652
[   29.665706] EXT4-fs (dm-2): ext4_orphan_cleanup: deleting unreferenced inode 799355
[   29.669549] EXT4-fs (dm-2): ext4_orphan_cleanup: deleting unreferenced inode 930994
[   29.673849] EXT4-fs (dm-2): ext4_orphan_cleanup: deleting unreferenced inode 918989
[   29.674410] EXT4-fs (dm-2): 5 orphan inodes deleted
[   29.674415] EXT4-fs (dm-2): recovery complete
[   29.683540] EXT4-fs (dm-2): mounted filesystem with ordered data mode. Opts: (null)
[   29.771587] EXT4-fs (dm-2): mounted filesystem with ordered data mode. Opts: (null)
[   29.957880] device-mapper: ioctl: unable to remove open device luks-e92849c7-1c11-45cd-adf9-60fd31053e8a
[   29.976006] systemd-journald[99]: Received SIGTERM
[   30.083530] type=1404 audit(1380255148.172:2): enforcing=1 old_enforcing=0 auid=4294967295 ses=4294967295
[   30.142572] SELinux: 2048 avtab hash slots, 97914 rules.
[   30.157199] SELinux: 2048 avtab hash slots, 97914 rules.
[   30.384290] SELinux:  9 users, 15 roles, 4405 types, 248 bools, 1 sens, 1024 cats
[   30.384294] SELinux:  83 classes, 97914 rules
[   30.388409] SELinux:  Permission attach_queue in class tun_socket not defined in policy.
[   30.388412] SELinux: the above unknown classes and permissions will be allowed
[   30.388417] SELinux:  Completing initialization.
[   30.388418] SELinux:  Setting up existing superblocks.
[   30.388423] SELinux: initialized (dev sysfs, type sysfs), uses genfs_contexts
[   30.388427] SELinux: initialized (dev rootfs, type rootfs), uses genfs_contexts
[   30.388435] SELinux: initialized (dev bdev, type bdev), uses genfs_contexts
[   30.388439] SELinux: initialized (dev proc, type proc), uses genfs_contexts
[   30.388446] SELinux: initialized (dev tmpfs, type tmpfs), uses transition SIDs
[   30.388473] SELinux: initialized (dev devtmpfs, type devtmpfs), uses transition SIDs
[   30.389043] SELinux: initialized (dev sockfs, type sockfs), uses task SIDs
[   30.389046] SELinux: initialized (dev debugfs, type debugfs), uses genfs_contexts
[   30.389580] SELinux: initialized (dev pipefs, type pipefs), uses task SIDs
[   30.389586] SELinux: initialized (dev anon_inodefs, type anon_inodefs), uses genfs_contexts
[   30.389588] SELinux: initialized (dev devpts, type devpts), uses transition SIDs
[   30.389609] SELinux: initialized (dev hugetlbfs, type hugetlbfs), uses transition SIDs
[   30.389615] SELinux: initialized (dev mqueue, type mqueue), uses transition SIDs
[   30.389620] SELinux: initialized (dev selinuxfs, type selinuxfs), uses genfs_contexts
[   30.389629] SELinux: initialized (dev sysfs, type sysfs), uses genfs_contexts
[   30.389864] SELinux: initialized (dev securityfs, type securityfs), uses genfs_contexts
[   30.389866] SELinux: initialized (dev tmpfs, type tmpfs), uses transition SIDs
[   30.389871] SELinux: initialized (dev tmpfs, type tmpfs), uses transition SIDs
[   30.389951] SELinux: initialized (dev tmpfs, type tmpfs), uses transition SIDs
[   30.389975] SELinux: initialized (dev cgroup, type cgroup), uses genfs_contexts
[   30.389978] SELinux: initialized (dev pstore, type pstore), uses genfs_contexts
[   30.389980] SELinux: initialized (dev cgroup, type cgroup), uses genfs_contexts
[   30.389985] SELinux: initialized (dev cgroup, type cgroup), uses genfs_contexts
[   30.390007] SELinux: initialized (dev cgroup, type cgroup), uses genfs_contexts
[   30.390011] SELinux: initialized (dev cgroup, type cgroup), uses genfs_contexts
[   30.390014] SELinux: initialized (dev cgroup, type cgroup), uses genfs_contexts
[   30.390017] SELinux: initialized (dev cgroup, type cgroup), uses genfs_contexts
[   30.390019] SELinux: initialized (dev cgroup, type cgroup), uses genfs_contexts
[   30.390024] SELinux: initialized (dev cgroup, type cgroup), uses genfs_contexts
[   30.390028] SELinux: initialized (dev rpc_pipefs, type rpc_pipefs), uses genfs_contexts
[   30.390035] SELinux: initialized (dev dm-2, type ext4), uses xattr
[   30.406426] type=1403 audit(1380255148.495:3): policy loaded auid=4294967295 ses=4294967295
[   30.413762] systemd[1]: Successfully loaded SELinux policy in 333.717ms.
[   30.459403] systemd[1]: Relabelled /dev and /run in 21.337ms.
[   30.621774] SELinux: initialized (dev autofs, type autofs), uses genfs_contexts
[   30.631399] SELinux: initialized (dev hugetlbfs, type hugetlbfs), uses transition SIDs
[   30.633603] SELinux: initialized (dev tmpfs, type tmpfs), uses transition SIDs
[   30.649307] EXT4-fs (dm-2): re-mounted. Opts: (null)
[   30.665247] systemd-udevd[496]: starting version 201
[   30.684721] SELinux: initialized (dev configfs, type configfs), uses genfs_contexts
[   30.762215] hp_accel: laptop model unknown, using default axes configuration
[   30.762803] lis3lv02d: 8 bits 3DC sensor found
[   30.765503] tpm_inf_pnp 00:03: Found GTPM with ID IFX0102
[   30.765546] tpm_inf_pnp 00:03: TPM found: config base 0xfe00, data base 0xfe80, chip version 0x000b, vendor id 0x15d1 (Infineon), product id 0x000b (SLB 9635 TT 1.2)
[   30.785168] mei_me 0000:00:16.0: setting latency timer to 64
[   30.785214] mei_me 0000:00:16.0: irq 49 for MSI/MSI-X
[   30.799337] ACPI Warning: 0x0000000000000428-0x000000000000042f SystemIO conflicts with Region \PMIO 1 (20130328/utaddress-251)
[   30.799344] ACPI: If an ACPI driver is available for this device, you should use it instead of the native driver
[   30.799349] ACPI Warning: 0x0000000000000540-0x000000000000054f SystemIO conflicts with Region \GPIO 1 (20130328/utaddress-251)
[   30.799353] ACPI: If an ACPI driver is available for this device, you should use it instead of the native driver
[   30.799355] ACPI Warning: 0x0000000000000530-0x000000000000053f SystemIO conflicts with Region \GPIO 1 (20130328/utaddress-251)
[   30.799358] ACPI: If an ACPI driver is available for this device, you should use it instead of the native driver
[   30.799360] ACPI Warning: 0x0000000000000500-0x000000000000052f SystemIO conflicts with Region \GPIO 1 (20130328/utaddress-251)
[   30.799386] ACPI: If an ACPI driver is available for this device, you should use it instead of the native driver
[   30.799387] lpc_ich: Resource conflict(s) found affecting gpio_ich
[   30.799438] input: ST LIS3LV02DL Accelerometer as /devices/platform/lis3lv02d/input/input7
[   30.822570] cfg80211: Calling CRDA to update world regulatory domain
[   30.827571] Intel(R) Wireless WiFi driver for Linux, in-tree:d
[   30.827574] Copyright(c) 2003-2013 Intel Corporation
[   30.827737] iwlwifi 0000:24:00.0: irq 50 for MSI/MSI-X
[   30.828509] snd_hda_intel 0000:00:1b.0: irq 51 for MSI/MSI-X
[   30.830485] media: Linux media interface: v0.10
[   30.835680] Linux video capture interface: v2.00
[   30.836867] iwlwifi 0000:24:00.0: loaded firmware version 18.168.6.1 op_mode iwldvm
[   30.846338] microcode: CPU0 sig=0x206a7, pf=0x10, revision=0x1a
[   30.848283] uvcvideo: Found UVC 1.00 device HP HD Webcam [Fixed] (04f2:b230)
[   30.855292] ALSA sound/pci/hda/patch_sigmatel.c:2057 mute LED gpio 1 polarity 0
[   30.855604] ALSA sound/pci/hda/hda_auto_parser.c:393 autoconfig: line_outs=1 (0xa/0x0/0x0/0x0/0x0) type:line
[   30.855608] ALSA sound/pci/hda/hda_auto_parser.c:397    speaker_outs=1 (0xd/0x0/0x0/0x0/0x0)
[   30.855611] ALSA sound/pci/hda/hda_auto_parser.c:401    hp_outs=1 (0xb/0x0/0x0/0x0/0x0)
[   30.855613] ALSA sound/pci/hda/hda_auto_parser.c:402    mono: mono_out=0x0
[   30.855615] ALSA sound/pci/hda/hda_auto_parser.c:406    inputs:
[   30.855618] ALSA sound/pci/hda/hda_auto_parser.c:410      Mic=0xc
[   30.855620] ALSA sound/pci/hda/hda_auto_parser.c:410      Internal Mic=0x11
[   30.855622] ALSA sound/pci/hda/hda_auto_parser.c:410      Line=0xf
[   30.859873] microcode: CPU0 sig=0x206a7, pf=0x10, revision=0x1a
[   30.860002] ALSA sound/pci/hda/hda_auto_parser.c:393 autoconfig: line_outs=0 (0x0/0x0/0x0/0x0/0x0) type:line
[   30.860006] ALSA sound/pci/hda/hda_auto_parser.c:397    speaker_outs=0 (0x0/0x0/0x0/0x0/0x0)
[   30.860009] ALSA sound/pci/hda/hda_auto_parser.c:401    hp_outs=0 (0x0/0x0/0x0/0x0/0x0)
[   30.860011] ALSA sound/pci/hda/hda_auto_parser.c:402    mono: mono_out=0x0
[   30.860013] ALSA sound/pci/hda/hda_auto_parser.c:406    inputs:
[   30.860406] microcode: CPU0 updated to revision 0x28, date = 2012-04-24
[   30.860898] microcode: CPU1 sig=0x206a7, pf=0x10, revision=0x1a
[   30.860964] microcode: CPU1 sig=0x206a7, pf=0x10, revision=0x1a
[   30.861256] microcode: CPU1 updated to revision 0x28, date = 2012-04-24
[   30.862303] microcode: CPU2 sig=0x206a7, pf=0x10, revision=0x1a
[   30.862344] microcode: CPU2 sig=0x206a7, pf=0x10, revision=0x1a
[   30.862642] microcode: CPU2 updated to revision 0x28, date = 2012-04-24
[   30.862697] microcode: CPU3 sig=0x206a7, pf=0x10, revision=0x1a
[   30.862731] microcode: CPU3 sig=0x206a7, pf=0x10, revision=0x1a
[   30.863024] microcode: CPU3 updated to revision 0x28, date = 2012-04-24
[   30.863028] perf_event_intel: PEBS enabled due to microcode update
[   30.863084] microcode: Microcode Update Driver: v2.00 <tigran@aivazian.fsnet.co.uk>, Peter Oruba
[   30.870137] iwlwifi 0000:24:00.0: CONFIG_IWLWIFI_DEBUG enabled
[   30.870142] iwlwifi 0000:24:00.0: CONFIG_IWLWIFI_DEBUGFS enabled
[   30.870145] iwlwifi 0000:24:00.0: CONFIG_IWLWIFI_DEVICE_TRACING disabled
[   30.870147] iwlwifi 0000:24:00.0: CONFIG_IWLWIFI_DEVICE_TESTMODE disabled
[   30.870149] iwlwifi 0000:24:00.0: CONFIG_IWLWIFI_P2P disabled
[   30.870153] iwlwifi 0000:24:00.0: Detected Intel(R) Centrino(R) Advanced-N 6205 AGN, REV=0xB0
[   30.870183] iwlwifi 0000:24:00.0: L1 Disabled; Enabling L0S
[   30.872465] iwlwifi 0000:24:00.0: RF_KILL bit toggled to enable radio.
[   30.877696] input: HDA Intel PCH HDMI/DP,pcm=7 as /devices/pci0000:00/0000:00:1b.0/sound/card0/input8
[   30.883256] input: HDA Intel PCH HDMI/DP,pcm=3 as /devices/pci0000:00/0000:00:1b.0/sound/card0/input9
[   30.883517] input: HDA Intel PCH Headphone as /devices/pci0000:00/0000:00:1b.0/sound/card0/input10
[   30.883956] input: HDA Intel PCH Dock Line Out as /devices/pci0000:00/0000:00:1b.0/sound/card0/input11
[   30.886244] input: HDA Intel PCH Line as /devices/pci0000:00/0000:00:1b.0/sound/card0/input12
[   30.887056] input: HDA Intel PCH Mic as /devices/pci0000:00/0000:00:1b.0/sound/card0/input13
[   30.901729] ieee80211 phy0: Selected rate control algorithm 'iwl-agn-rs'
[   30.944265] iTCO_vendor_support: vendor-support=0
[   30.946285] iTCO_wdt: Intel TCO WatchDog Timer Driver v1.10
[   30.946317] iTCO_wdt: Found a Cougar Point TCO device (Version=2, TCOBASE=0x0460)
[   30.946516] iTCO_wdt: initialized. heartbeat=30 sec (nowayout=0)
[   30.952325] cfg80211: World regulatory domain updated:
[   30.952329] cfg80211:   (start_freq - end_freq @ bandwidth), (max_antenna_gain, max_eirp)
[   30.952332] cfg80211:   (2402000 KHz - 2472000 KHz @ 40000 KHz), (300 mBi, 2000 mBm)
[   30.952335] cfg80211:   (2457000 KHz - 2482000 KHz @ 40000 KHz), (300 mBi, 2000 mBm)
[   30.952337] cfg80211:   (2474000 KHz - 2494000 KHz @ 20000 KHz), (300 mBi, 2000 mBm)
[   30.952339] cfg80211:   (5170000 KHz - 5250000 KHz @ 40000 KHz), (300 mBi, 2000 mBm)
[   30.952341] cfg80211:   (5735000 KHz - 5835000 KHz @ 40000 KHz), (300 mBi, 2000 mBm)
[   30.982845] input: HP WMI hotkeys as /devices/virtual/input/input14
[   30.988450] cfg80211: Calling CRDA for country: CA
[   30.989863] cfg80211: Regulatory domain changed to country: CA
[   30.989866] cfg80211:   (start_freq - end_freq @ bandwidth), (max_antenna_gain, max_eirp)
[   30.989868] cfg80211:   (2402000 KHz - 2472000 KHz @ 40000 KHz), (300 mBi, 2700 mBm)
[   30.989869] cfg80211:   (5170000 KHz - 5250000 KHz @ 40000 KHz), (300 mBi, 1700 mBm)
[   30.989870] cfg80211:   (5250000 KHz - 5330000 KHz @ 40000 KHz), (300 mBi, 2000 mBm)
[   30.989872] cfg80211:   (5490000 KHz - 5710000 KHz @ 40000 KHz), (300 mBi, 2000 mBm)
[   30.989873] cfg80211:   (5735000 KHz - 5835000 KHz @ 40000 KHz), (300 mBi, 3000 mBm)
[   31.002081] Adding 3964924k swap on /dev/mapper/fedora-swap.  Priority:-1 extents:1 across:3964924k SSFS
[   31.059397] input: HP HD Webcam [Fixed] as /devices/pci0000:00/0000:00:1d.0/usb2/2-1/2-1.4/2-1.4:1.0/input/input15
[   31.059509] usbcore: registered new interface driver uvcvideo
[   31.059512] USB Video Class driver (1.1.1)
[   31.081178] EXT4-fs (sda1): mounted filesystem with ordered data mode. Opts: (null)
[   31.081507] SELinux: initialized (dev sda1, type ext4), uses xattr
[   31.661764] type=1305 audit(1380255149.749:4): audit_pid=664 old=0 auid=4294967295 ses=4294967295
 subj=system_u:system_r:auditd_t:s0 res=1
[   31.827443] Loading iSCSI transport class v2.0-870.
[   31.841381] iscsi: registered transport (tcp)
[   31.867297] iscsi: registered transport (iser)
[   31.872419] libcxgbi:libcxgbi_init_module: tag itt 0x1fff, 13 bits, age 0xf, 4 bits.
[   31.872423] libcxgbi:ddp_setup_host_page_size: system PAGE 4096, ddp idx 0.
[   31.879378] Chelsio T3 iSCSI Driver cxgb3i v2.0.0 (Jun. 2010)
[   31.879411] iscsi: registered transport (cxgb3i)
[   31.886861] Chelsio T4 iSCSI Driver cxgb4i v0.9.1 (Aug. 2010)
[   31.886891] iscsi: registered transport (cxgb4i)
[   31.891364] cnic: Broadcom NetXtreme II CNIC Driver cnic v2.5.16 (Dec 05, 2012)
[   31.893485] Broadcom NetXtreme II iSCSI Driver bnx2i v2.7.2.2 (Apr 25, 2012)
[   31.893514] iscsi: registered transport (bnx2i)
[   31.903375] iscsi: registered transport (be2iscsi)
[   31.903379] In beiscsi_module_init, tt=ffffffffa06d5000
[   31.972079] ip6_tables: (C) 2000-2006 Netfilter Core Team
[   31.990037] Ebtables v2.0 registered
[   32.059800] nf_conntrack version 0.5.0 (16384 buckets, 65536 max)
[   32.066039] Bluetooth: Core ver 2.16
[   32.066126] NET: Registered protocol family 31
[   32.066129] Bluetooth: HCI device and connection manager initialized
[   32.066137] Bluetooth: HCI socket layer initialized
[   32.066140] Bluetooth: L2CAP socket layer initialized
[   32.066146] Bluetooth: SCO socket layer initialized
[   32.071022] Bluetooth: BNEP (Ethernet Emulation) ver 1.3
[   32.071026] Bluetooth: BNEP filters: protocol multicast
[   32.071035] Bluetooth: BNEP socket layer initialized
[   32.216769] e1000e 0000:00:19.0: irq 47 for MSI/MSI-X
[   32.317502] e1000e 0000:00:19.0: irq 47 for MSI/MSI-X
[   32.317796] IPv6: ADDRCONF(NETDEV_UP): eth0: link is not ready
[   32.320462] iwlwifi 0000:24:00.0: L1 Disabled; Enabling L0S
[   32.320602] iwlwifi 0000:24:00.0: Radio type=0x1-0x2-0x0
[   32.689607] iwlwifi 0000:24:00.0: L1 Disabled; Enabling L0S
[   32.689834] iwlwifi 0000:24:00.0: Radio type=0x1-0x2-0x0
[   32.887106] IPv6: ADDRCONF(NETDEV_UP): wlan0: link is not ready
[   38.902479] wlan0: authenticate with c0:3f:0e:77:0e:51
[   38.906898] wlan0: send auth to c0:3f:0e:77:0e:51 (try 1/3)
[   38.909328] wlan0: authenticated
[   38.909715] wlan0: associate with c0:3f:0e:77:0e:51 (try 1/3)
[   38.914096] wlan0: RX AssocResp from c0:3f:0e:77:0e:51 (capab=0x431 status=0 aid=2)
[   38.935008] wlan0: associated
[   38.935099] IPv6: ADDRCONF(NETDEV_CHANGE): wlan0: link becomes ready
[   49.968432] Bluetooth: RFCOMM TTY layer initialized
[   49.968446] Bluetooth: RFCOMM socket layer initialized
[   49.968448] Bluetooth: RFCOMM ver 1.11
[   51.346932] usb 2-1.6: new full-speed USB device number 4 using ehci-pci
[   51.435861] usb 2-1.6: New USB device found, idVendor=03f0, idProduct=231d
[   51.435866] usb 2-1.6: New USB device strings: Mfr=1, Product=2, SerialNumber=0
[   51.435868] usb 2-1.6: Product: HP Integrated Module
[   51.435870] usb 2-1.6: Manufacturer: Broadcom Corp
[   51.445931] usbcore: registered new interface driver btusb
[   54.050010] nf_conntrack: automatic helper assignment is deprecated and it will be removed soon. Use the iptables CT target to attach helpers instead.
[16689.797876] wlan0: deauthenticating from c0:3f:0e:77:0e:51 by local choice (reason=3)
[16689.822899] cfg80211: Calling CRDA to update world regulatory domain
[16689.839530] cfg80211: World regulatory domain updated:
[16689.839533] cfg80211:   (start_freq - end_freq @ bandwidth), (max_antenna_gain, max_eirp)
[16689.839535] cfg80211:   (2402000 KHz - 2472000 KHz @ 40000 KHz), (300 mBi, 2000 mBm)
[16689.839536] cfg80211:   (2457000 KHz - 2482000 KHz @ 40000 KHz), (300 mBi, 2000 mBm)
[16689.839537] cfg80211:   (2474000 KHz - 2494000 KHz @ 20000 KHz), (300 mBi, 2000 mBm)
[16689.839538] cfg80211:   (5170000 KHz - 5250000 KHz @ 40000 KHz), (300 mBi, 2000 mBm)
[16689.839539] cfg80211:   (5735000 KHz - 5835000 KHz @ 40000 KHz), (300 mBi, 2000 mBm)
[16689.839556] cfg80211: Calling CRDA for country: CA
[16689.842003] cfg80211: Regulatory domain changed to country: CA
[16689.842005] cfg80211:   (start_freq - end_freq @ bandwidth), (max_antenna_gain, max_eirp)
[16689.842006] cfg80211:   (2402000 KHz - 2472000 KHz @ 40000 KHz), (300 mBi, 2700 mBm)
[16689.842007] cfg80211:   (5170000 KHz - 5250000 KHz @ 40000 KHz), (300 mBi, 1700 mBm)
[16689.842009] cfg80211:   (5250000 KHz - 5330000 KHz @ 40000 KHz), (300 mBi, 2000 mBm)
[16689.842010] cfg80211:   (5490000 KHz - 5710000 KHz @ 40000 KHz), (300 mBi, 2000 mBm)
[16689.842011] cfg80211:   (5735000 KHz - 5835000 KHz @ 40000 KHz), (300 mBi, 3000 mBm)
[16693.300899] PM: Syncing filesystems ... done.
[16693.304154] PM: Preparing system for mem sleep
[16693.304772] Freezing user space processes ... (elapsed 0.01 seconds) done.
[16693.315577] Freezing remaining freezable tasks ... (elapsed 0.01 seconds) done.
[16693.326682] PM: Entering mem sleep
[16693.326751] Suspending console(s) (use no_console_suspend to debug)
[16693.327013] sd 0:0:0:0: [sda] Synchronizing SCSI cache
[16693.327100] sd 0:0:0:0: [sda] Stopping disk
[16693.383988] tpm_inf_pnp 00:03: saving TPM state
[16693.388568] mei_me 0000:00:16.0: suspend
[16693.611772] snd_hda_intel 0000:00:1b.0: power state changed by ACPI to D3hot
[16693.669885] PM: suspend of devices complete after 342.814 msecs
[16693.670015] PM: late suspend of devices complete after 0.127 msecs
[16693.680869] ehci-pci 0000:00:1d.0: System wakeup enabled by ACPI
[16693.691875] ehci-pci 0000:00:1a.0: System wakeup enabled by ACPI
[16693.702748] e1000e 0000:00:19.0: System wakeup enabled by ACPI
[16693.724752] PM: noirq suspend of devices complete after 54.700 msecs
[16693.724925] ACPI: Preparing to enter system sleep state S3
[16693.729782] PM: Saving platform NVS memory
[16693.730312] Disabling non-boot CPUs ...
[16693.731832] smpboot: CPU 1 is now offline
[16693.732071] CPU 1 offline: Remove Rx thread
[16693.733284] smpboot: CPU 2 is now offline
[16693.733479] CPU 2 offline: Remove Rx thread
[16693.733702] Broke affinity for irq 16
[16693.733707] Broke affinity for irq 43
[16693.733710] Broke affinity for irq 45
[16693.734733] smpboot: CPU 3 is now offline
[16693.734962] CPU 3 offline: Remove Rx thread
[16693.735923] ACPI: Low-level resume complete
[16693.735963] PM: Restoring platform NVS memory
[16693.736462] microcode: CPU0 sig=0x206a7, pf=0x10, revision=0x28
[16693.736485] Enabling non-boot CPUs ...
[16693.736517] smpboot: Booting Node 0 Processor 1 APIC 0x1
[16693.747325] CPU1 microcode updated early to revision 0x28, date = 2012-04-24
[16693.750348] microcode: CPU1 sig=0x206a7, pf=0x10, revision=0x28
[16693.750455] bnx2i: CPU 1 online: Create Rx thread
[16693.750487] CPU1 is up
[16693.750505] smpboot: Booting Node 0 Processor 2 APIC 0x2
[16693.761021] CPU2 microcode updated early to revision 0x28, date = 2012-04-24
[16693.763832] microcode: CPU2 sig=0x206a7, pf=0x10, revision=0x28
[16693.763934] bnx2i: CPU 2 online: Create Rx thread
[16693.763963] CPU2 is up
[16693.763982] smpboot: Booting Node 0 Processor 3 APIC 0x3
[16693.777336] microcode: CPU3 sig=0x206a7, pf=0x10, revision=0x28
[16693.777434] bnx2i: CPU 3 online: Create Rx thread
[16693.777466] CPU3 is up
[16693.780549] ACPI: Waking up from system sleep state S3
[16693.888320] ehci-pci 0000:00:1a.0: System wakeup disabled by ACPI
[16693.896825] snd_hda_intel 0000:00:1b.0: power state changed by ACPI to D0
[16693.918331] ehci-pci 0000:00:1d.0: System wakeup disabled by ACPI
[16693.951486] PM: noirq resume of devices complete after 117.815 msecs
[16693.951591] PM: early resume of devices complete after 0.083 msecs
[16693.951613] i915 0000:00:02.0: setting latency timer to 64
[16693.951647] mei_me 0000:00:16.0: irq 47 for MSI/MSI-X
[16693.951677] e1000e 0000:00:19.0: System wakeup disabled by ACPI
[16693.951687] e1000e 0000:00:19.0: setting latency timer to 64
[16693.951708] e1000e 0000:00:19.0: irq 49 for MSI/MSI-X
[16693.951767] ahci 0000:00:1f.2: setting latency timer to 64
[16693.955951] ehci-pci 0000:00:1a.0: setting latency timer to 64
[16693.956118] snd_hda_intel 0000:00:1b.0: irq 51 for MSI/MSI-X
[16693.956305] ehci-pci 0000:00:1d.0: setting latency timer to 64
[16693.968848] [drm] Wrong MCH_SSKPD value: 0x16040307
[16693.968849] [drm] This can cause pipe underruns and display issues.
[16693.968849] [drm] Please upgrade your BIOS to fix this.
[16694.162666] usb 2-1.6: reset full-speed USB device number 4 using ehci-pci
[16694.249479] btusb 2-1.6:1.0: no reset_resume for driver btusb?
[16694.249483] btusb 2-1.6:1.1: no reset_resume for driver btusb?
[16694.269534] ata6: SATA link down (SStatus 0 SControl 300)
[16694.270530] ata5: SATA link down (SStatus 0 SControl 300)
[16694.320759] usb 2-1.4: reset high-speed USB device number 3 using ehci-pci
[16694.372589] ata2: SATA link up 1.5 Gbps (SStatus 113 SControl 300)
[16694.375735] ata2.00: ACPI cmd 00/00:00:00:00:00:a0 (NOP) rejected by device (Stat=0x51 Err=0x04)
[16694.379261] ata2.00: ACPI cmd 00/00:00:00:00:00:a0 (NOP) rejected by device (Stat=0x51 Err=0x04)
[16694.379272] ata2.00: configured for UDMA/100
[16694.476666] ata1: SATA link up 3.0 Gbps (SStatus 123 SControl 300)
[16694.477057] ata1.00: ACPI cmd 00/00:00:00:00:00:a0 (NOP) rejected by device (Stat=0x51 Err=0x04)
[16694.477580] ata1.00: ACPI cmd 00/00:00:00:00:00:a0 (NOP) rejected by device (Stat=0x51 Err=0x04)
[16694.477646] ata1.00: configured for UDMA/133
[16694.479828] sd 0:0:0:0: [sda] Starting disk
[16694.719918] PM: resume of devices complete after 767.820 msecs
[16694.720547] PM: Finishing wakeup.
[16694.720548] Restarting tasks ... done.
[16694.733244] video LNXVIDEO:01: Restoring backlight state
[16694.930161] e1000e 0000:00:19.0: irq 49 for MSI/MSI-X
[16695.031172] e1000e 0000:00:19.0: irq 49 for MSI/MSI-X
[16695.031510] IPv6: ADDRCONF(NETDEV_UP): eth0: link is not ready
[16695.033840] iwlwifi 0000:24:00.0: L1 Disabled; Enabling L0S
[16695.033983] iwlwifi 0000:24:00.0: Radio type=0x1-0x2-0x0
[16695.034807] psmouse serio1: alps: Unknown ALPS touchpad: E7=10 00 64, EC=10 00 64
[16695.233576] IPv6: ADDRCONF(NETDEV_UP): wlan0: link is not ready
[16695.683482] [drm] Enabling RC6 states: RC6 on, RC6p off, RC6pp off
[16718.905004] wlan0: authenticate with 00:0b:0e:bf:3b:85
[16718.909316] wlan0: send auth to 00:0b:0e:bf:3b:85 (try 1/3)
[16719.006130] wlan0: authenticated
[16719.006804] wlan0: associate with 00:0b:0e:bf:3b:85 (try 1/3)
[16719.009252] wlan0: RX AssocResp from 00:0b:0e:bf:3b:85 (capab=0x511 status=0 aid=1)
[16719.028496] wlan0: associated
[16719.028561] IPv6: ADDRCONF(NETDEV_CHANGE): wlan0: link becomes ready
[16719.028780] cfg80211: Calling CRDA for country: US
[16719.041169] cfg80211: Regulatory domain changed to country: US
[16719.041178] cfg80211:   (start_freq - end_freq @ bandwidth), (max_antenna_gain, max_eirp)
[16719.041184] cfg80211:   (2402000 KHz - 2472000 KHz @ 40000 KHz), (300 mBi, 2700 mBm)
[16719.041188] cfg80211:   (5170000 KHz - 5250000 KHz @ 40000 KHz), (300 mBi, 1700 mBm)
[16719.041193] cfg80211:   (5250000 KHz - 5330000 KHz @ 40000 KHz), (300 mBi, 2000 mBm)
[16719.041197] cfg80211:   (5490000 KHz - 5600000 KHz @ 40000 KHz), (300 mBi, 2000 mBm)
[16719.041201] cfg80211:   (5650000 KHz - 5710000 KHz @ 40000 KHz), (300 mBi, 2000 mBm)
[16719.041205] cfg80211:   (5735000 KHz - 5835000 KHz @ 40000 KHz), (300 mBi, 3000 mBm)
[16719.041210] cfg80211:   (57240000 KHz - 63720000 KHz @ 2160000 KHz), (N/A, 4000 mBm)
[21476.375209] wlan0: authenticate with 00:0b:0e:bf:3b:84
[21476.382794] wlan0: send auth to 00:0b:0e:bf:3b:84 (try 1/3)
[21476.382874] cfg80211: Calling CRDA to update world regulatory domain
[21476.385391] wlan0: authenticated
[21476.387115] wlan0: associate with 00:0b:0e:bf:3b:84 (try 1/3)
[21476.390092] wlan0: RX AssocResp from 00:0b:0e:bf:3b:84 (capab=0x431 status=0 aid=3)
[21476.391258] cfg80211: World regulatory domain updated:
[21476.391260] cfg80211:   (start_freq - end_freq @ bandwidth), (max_antenna_gain, max_eirp)
[21476.391262] cfg80211:   (2402000 KHz - 2472000 KHz @ 40000 KHz), (300 mBi, 2000 mBm)
[21476.391264] cfg80211:   (2457000 KHz - 2482000 KHz @ 40000 KHz), (300 mBi, 2000 mBm)
[21476.391269] cfg80211:   (2474000 KHz - 2494000 KHz @ 20000 KHz), (300 mBi, 2000 mBm)
[21476.391271] cfg80211:   (5170000 KHz - 5250000 KHz @ 40000 KHz), (300 mBi, 2000 mBm)
[21476.391272] cfg80211:   (5735000 KHz - 5835000 KHz @ 40000 KHz), (300 mBi, 2000 mBm)
[21476.391287] cfg80211: Calling CRDA for country: CA
[21476.393899] cfg80211: Regulatory domain changed to country: CA
[21476.393901] cfg80211:   (start_freq - end_freq @ bandwidth), (max_antenna_gain, max_eirp)
[21476.393903] cfg80211:   (2402000 KHz - 2472000 KHz @ 40000 KHz), (300 mBi, 2700 mBm)
[21476.393904] cfg80211:   (5170000 KHz - 5250000 KHz @ 40000 KHz), (300 mBi, 1700 mBm)
[21476.393905] cfg80211:   (5250000 KHz - 5330000 KHz @ 40000 KHz), (300 mBi, 2000 mBm)
[21476.393907] cfg80211:   (5490000 KHz - 5710000 KHz @ 40000 KHz), (300 mBi, 2000 mBm)
[21476.393908] cfg80211:   (5735000 KHz - 5835000 KHz @ 40000 KHz), (300 mBi, 3000 mBm)
[21476.411549] wlan0: associated
[21476.411710] cfg80211: Calling CRDA for country: US
[21476.415893] cfg80211: Regulatory domain changed to country: US
[21476.415901] cfg80211:   (start_freq - end_freq @ bandwidth), (max_antenna_gain, max_eirp)
[21476.415907] cfg80211:   (2402000 KHz - 2472000 KHz @ 40000 KHz), (300 mBi, 2700 mBm)
[21476.415911] cfg80211:   (5170000 KHz - 5250000 KHz @ 40000 KHz), (300 mBi, 1700 mBm)
[21476.415916] cfg80211:   (5250000 KHz - 5330000 KHz @ 40000 KHz), (300 mBi, 2000 mBm)
[21476.415920] cfg80211:   (5490000 KHz - 5600000 KHz @ 40000 KHz), (300 mBi, 2000 mBm)
[21476.415924] cfg80211:   (5650000 KHz - 5710000 KHz @ 40000 KHz), (300 mBi, 2000 mBm)
[21476.415928] cfg80211:   (5735000 KHz - 5835000 KHz @ 40000 KHz), (300 mBi, 3000 mBm)
[21476.415933] cfg80211:   (57240000 KHz - 63720000 KHz @ 2160000 KHz), (N/A, 4000 mBm)
[22113.378142] cfg80211: Calling CRDA to update world regulatory domain
[22113.383433] cfg80211: World regulatory domain updated:
[22113.383442] cfg80211:   (start_freq - end_freq @ bandwidth), (max_antenna_gain, max_eirp)
[22113.383448] cfg80211:   (2402000 KHz - 2472000 KHz @ 40000 KHz), (300 mBi, 2000 mBm)
[22113.383453] cfg80211:   (2457000 KHz - 2482000 KHz @ 40000 KHz), (300 mBi, 2000 mBm)
[22113.383457] cfg80211:   (2474000 KHz - 2494000 KHz @ 20000 KHz), (300 mBi, 2000 mBm)
[22113.383462] cfg80211:   (5170000 KHz - 5250000 KHz @ 40000 KHz), (300 mBi, 2000 mBm)
[22113.383466] cfg80211:   (5735000 KHz - 5835000 KHz @ 40000 KHz), (300 mBi, 2000 mBm)
[22113.383507] cfg80211: Calling CRDA for country: CA
[22113.388337] cfg80211: Regulatory domain changed to country: CA
[22113.388345] cfg80211:   (start_freq - end_freq @ bandwidth), (max_antenna_gain, max_eirp)
[22113.388350] cfg80211:   (2402000 KHz - 2472000 KHz @ 40000 KHz), (300 mBi, 2700 mBm)
[22113.388355] cfg80211:   (5170000 KHz - 5250000 KHz @ 40000 KHz), (300 mBi, 1700 mBm)
[22113.388359] cfg80211:   (5250000 KHz - 5330000 KHz @ 40000 KHz), (300 mBi, 2000 mBm)
[22113.388363] cfg80211:   (5490000 KHz - 5710000 KHz @ 40000 KHz), (300 mBi, 2000 mBm)
[22113.388367] cfg80211:   (5735000 KHz - 5835000 KHz @ 40000 KHz), (300 mBi, 3000 mBm)
[22113.726474] wlan0: authenticate with 00:0b:0e:bf:3b:85
[22113.730379] wlan0: send auth to 00:0b:0e:bf:3b:85 (try 1/3)
[22113.794039] wlan0: authenticated
[22113.795211] wlan0: associate with 00:0b:0e:bf:3b:85 (try 1/3)
[22113.797090] wlan0: RX AssocResp from 00:0b:0e:bf:3b:85 (capab=0x511 status=0 aid=1)
[22113.815787] wlan0: associated
[22113.815960] cfg80211: Calling CRDA for country: US
[22113.820462] cfg80211: Regulatory domain changed to country: US
[22113.820469] cfg80211:   (start_freq - end_freq @ bandwidth), (max_antenna_gain, max_eirp)
[22113.820475] cfg80211:   (2402000 KHz - 2472000 KHz @ 40000 KHz), (300 mBi, 2700 mBm)
[22113.820479] cfg80211:   (5170000 KHz - 5250000 KHz @ 40000 KHz), (300 mBi, 1700 mBm)
[22113.820484] cfg80211:   (5250000 KHz - 5330000 KHz @ 40000 KHz), (300 mBi, 2000 mBm)
[22113.820488] cfg80211:   (5490000 KHz - 5600000 KHz @ 40000 KHz), (300 mBi, 2000 mBm)
[22113.820492] cfg80211:   (5650000 KHz - 5710000 KHz @ 40000 KHz), (300 mBi, 2000 mBm)
[22113.820496] cfg80211:   (5735000 KHz - 5835000 KHz @ 40000 KHz), (300 mBi, 3000 mBm)
[22113.820501] cfg80211:   (57240000 KHz - 63720000 KHz @ 2160000 KHz), (N/A, 4000 mBm)
[23388.837781] wlan0: deauthenticating from 00:0b:0e:bf:3b:85 by local choice (reason=3)
[23388.860681] cfg80211: Calling CRDA to update world regulatory domain
[23388.866070] cfg80211: World regulatory domain updated:
[23388.866074] cfg80211:   (start_freq - end_freq @ bandwidth), (max_antenna_gain, max_eirp)
[23388.866076] cfg80211:   (2402000 KHz - 2472000 KHz @ 40000 KHz), (300 mBi, 2000 mBm)
[23388.866077] cfg80211:   (2457000 KHz - 2482000 KHz @ 40000 KHz), (300 mBi, 2000 mBm)
[23388.866079] cfg80211:   (2474000 KHz - 2494000 KHz @ 20000 KHz), (300 mBi, 2000 mBm)
[23388.866080] cfg80211:   (5170000 KHz - 5250000 KHz @ 40000 KHz), (300 mBi, 2000 mBm)
[23388.866081] cfg80211:   (5735000 KHz - 5835000 KHz @ 40000 KHz), (300 mBi, 2000 mBm)
[23388.866091] cfg80211: Calling CRDA for country: CA
[23388.873350] cfg80211: Regulatory domain changed to country: CA
[23388.873354] cfg80211:   (start_freq - end_freq @ bandwidth), (max_antenna_gain, max_eirp)
[23388.873357] cfg80211:   (2402000 KHz - 2472000 KHz @ 40000 KHz), (300 mBi, 2700 mBm)
[23388.873359] cfg80211:   (5170000 KHz - 5250000 KHz @ 40000 KHz), (300 mBi, 1700 mBm)
[23388.873361] cfg80211:   (5250000 KHz - 5330000 KHz @ 40000 KHz), (300 mBi, 2000 mBm)
[23388.873363] cfg80211:   (5490000 KHz - 5710000 KHz @ 40000 KHz), (300 mBi, 2000 mBm)
[23388.873364] cfg80211:   (5735000 KHz - 5835000 KHz @ 40000 KHz), (300 mBi, 3000 mBm)
[23392.317485] PM: Syncing filesystems ... done.
[23392.320930] PM: Preparing system for mem sleep
[23392.321493] Freezing user space processes ... (elapsed 0.01 seconds) done.
[23392.333200] Freezing remaining freezable tasks ... (elapsed 0.01 seconds) done.
[23392.344209] PM: Entering mem sleep
[23392.344288] Suspending console(s) (use no_console_suspend to debug)
[23392.344565] sd 0:0:0:0: [sda] Synchronizing SCSI cache
[23392.344671] sd 0:0:0:0: [sda] Stopping disk
[23392.401330] tpm_inf_pnp 00:03: saving TPM state
[23392.406095] mei_me 0000:00:16.0: suspend
[23392.633796] snd_hda_intel 0000:00:1b.0: power state changed by ACPI to D3hot
[23392.686453] PM: suspend of devices complete after 341.836 msecs
[23392.686594] PM: late suspend of devices complete after 0.139 msecs
[23392.697446] ehci-pci 0000:00:1d.0: System wakeup enabled by ACPI
[23392.708490] ehci-pci 0000:00:1a.0: System wakeup enabled by ACPI
[23392.719336] e1000e 0000:00:19.0: System wakeup enabled by ACPI
[23392.741346] PM: noirq suspend of devices complete after 54.712 msecs
[23392.742017] ACPI: Preparing to enter system sleep state S3
[23392.747409] PM: Saving platform NVS memory
[23392.748028] Disabling non-boot CPUs ...
[23392.749852] smpboot: CPU 1 is now offline
[23392.750068] CPU 1 offline: Remove Rx thread
[23392.751317] smpboot: CPU 2 is now offline
[23392.751472] CPU 2 offline: Remove Rx thread
[23392.751736] Broke affinity for irq 16
[23392.751742] Broke affinity for irq 43
[23392.751745] Broke affinity for irq 45
[23392.752772] smpboot: CPU 3 is now offline
[23392.752965] CPU 3 offline: Remove Rx thread
[23392.753982] ACPI: Low-level resume complete
[23392.754022] PM: Restoring platform NVS memory
[23392.754526] microcode: CPU0 sig=0x206a7, pf=0x10, revision=0x28
[23392.754530] Enabling non-boot CPUs ...
[23392.754564] smpboot: Booting Node 0 Processor 1 APIC 0x1
[23392.765351] CPU1 microcode updated early to revision 0x28, date = 2012-04-24
[23392.768382] microcode: CPU1 sig=0x206a7, pf=0x10, revision=0x28
[23392.768490] bnx2i: CPU 1 online: Create Rx thread
[23392.768524] CPU1 is up
[23392.768542] smpboot: Booting Node 0 Processor 2 APIC 0x2
[23392.779057] CPU2 microcode updated early to revision 0x28, date = 2012-04-24
[23392.781873] microcode: CPU2 sig=0x206a7, pf=0x10, revision=0x28
[23392.781979] bnx2i: CPU 2 online: Create Rx thread
[23392.782010] CPU2 is up
[23392.782028] smpboot: Booting Node 0 Processor 3 APIC 0x3
[23392.795370] microcode: CPU3 sig=0x206a7, pf=0x10, revision=0x28
[23392.795470] bnx2i: CPU 3 online: Create Rx thread
[23392.795500] CPU3 is up
[23392.798591] ACPI: Waking up from system sleep state S3
[23392.903896] ehci-pci 0000:00:1a.0: System wakeup disabled by ACPI
[23392.911789] snd_hda_intel 0000:00:1b.0: power state changed by ACPI to D0
[23392.933919] ehci-pci 0000:00:1d.0: System wakeup disabled by ACPI
[23392.967079] PM: noirq resume of devices complete after 117.819 msecs
[23392.967186] PM: early resume of devices complete after 0.084 msecs
[23392.967206] i915 0000:00:02.0: setting latency timer to 64
[23392.967246] mei_me 0000:00:16.0: irq 47 for MSI/MSI-X
[23392.967250] e1000e 0000:00:19.0: System wakeup disabled by ACPI
[23392.967258] e1000e 0000:00:19.0: setting latency timer to 64
[23392.967285] e1000e 0000:00:19.0: irq 49 for MSI/MSI-X
[23392.967367] ahci 0000:00:1f.2: setting latency timer to 64
[23392.967462] ehci-pci 0000:00:1a.0: setting latency timer to 64
[23392.967612] snd_hda_intel 0000:00:1b.0: irq 51 for MSI/MSI-X
[23392.967799] ehci-pci 0000:00:1d.0: setting latency timer to 64
[23392.983644] [drm] Wrong MCH_SSKPD value: 0x16040307
[23392.983645] [drm] This can cause pipe underruns and display issues.
[23392.983645] [drm] Please upgrade your BIOS to fix this.
[23393.174266] usb 2-1.6: reset full-speed USB device number 4 using ehci-pci
[23393.261054] btusb 2-1.6:1.0: no reset_resume for driver btusb?
[23393.261058] btusb 2-1.6:1.1: no reset_resume for driver btusb?
[23393.286108] ata5: SATA link down (SStatus 0 SControl 300)
[23393.288107] ata6: SATA link down (SStatus 0 SControl 300)
[23393.332349] usb 2-1.4: reset high-speed USB device number 3 using ehci-pci
[23393.386182] ata2: SATA link up 1.5 Gbps (SStatus 113 SControl 300)
[23393.389408] ata2.00: ACPI cmd 00/00:00:00:00:00:a0 (NOP) rejected by device (Stat=0x51 Err=0x04)
[23393.392934] ata2.00: ACPI cmd 00/00:00:00:00:00:a0 (NOP) rejected by device (Stat=0x51 Err=0x04)
[23393.392944] ata2.00: configured for UDMA/100
[23393.443213] ata1: SATA link up 3.0 Gbps (SStatus 123 SControl 300)
[23393.443608] ata1.00: ACPI cmd 00/00:00:00:00:00:a0 (NOP) rejected by device (Stat=0x51 Err=0x04)
[23393.444154] ata1.00: ACPI cmd 00/00:00:00:00:00:a0 (NOP) rejected by device (Stat=0x51 Err=0x04)
[23393.444212] ata1.00: configured for UDMA/133
[23393.446398] sd 0:0:0:0: [sda] Starting disk
[23393.725497] PM: resume of devices complete after 757.810 msecs
[23393.726023] PM: Finishing wakeup.
[23393.726024] Restarting tasks ... done.
[23393.732299] video LNXVIDEO:01: Restoring backlight state
[23393.916856] e1000e 0000:00:19.0: irq 49 for MSI/MSI-X
[23394.017732] e1000e 0000:00:19.0: irq 49 for MSI/MSI-X
[23394.018061] IPv6: ADDRCONF(NETDEV_UP): eth0: link is not ready
[23394.020534] iwlwifi 0000:24:00.0: L1 Disabled; Enabling L0S
[23394.020784] iwlwifi 0000:24:00.0: Radio type=0x1-0x2-0x0
[23394.038732] psmouse serio1: alps: Unknown ALPS touchpad: E7=10 00 64, EC=10 00 64
[23394.083626] [drm] Enabling RC6 states: RC6 on, RC6p off, RC6pp off
[23394.219830] IPv6: ADDRCONF(NETDEV_UP): wlan0: link is not ready
[23400.074888] wlan0: authenticate with 00:0b:0e:b6:00:05
[23400.079680] wlan0: send auth to 00:0b:0e:b6:00:05 (try 1/3)
[23400.083464] wlan0: authenticated
[23400.083789] wlan0: waiting for beacon from 00:0b:0e:b6:00:05
[23400.167631] wlan0: associate with 00:0b:0e:b6:00:05 (try 1/3)
[23400.178353] wlan0: RX AssocResp from 00:0b:0e:b6:00:05 (capab=0x511 status=0 aid=8)
[23400.199512] wlan0: associated
[23400.199672] IPv6: ADDRCONF(NETDEV_CHANGE): wlan0: link becomes ready
[23400.199850] cfg80211: Calling CRDA for country: US
[23400.205117] cfg80211: Regulatory domain changed to country: US
[23400.205125] cfg80211:   (start_freq - end_freq @ bandwidth), (max_antenna_gain, max_eirp)
[23400.205130] cfg80211:   (2402000 KHz - 2472000 KHz @ 40000 KHz), (300 mBi, 2700 mBm)
[23400.205135] cfg80211:   (5170000 KHz - 5250000 KHz @ 40000 KHz), (300 mBi, 1700 mBm)
[23400.205140] cfg80211:   (5250000 KHz - 5330000 KHz @ 40000 KHz), (300 mBi, 2000 mBm)
[23400.205144] cfg80211:   (5490000 KHz - 5600000 KHz @ 40000 KHz), (300 mBi, 2000 mBm)
[23400.205148] cfg80211:   (5650000 KHz - 5710000 KHz @ 40000 KHz), (300 mBi, 2000 mBm)
[23400.205152] cfg80211:   (5735000 KHz - 5835000 KHz @ 40000 KHz), (300 mBi, 3000 mBm)
[23400.205157] cfg80211:   (57240000 KHz - 63720000 KHz @ 2160000 KHz), (N/A, 4000 mBm)
[26808.779104] wlan0: deauthenticating from 00:0b:0e:b6:00:05 by local choice (reason=3)
[26808.803521] cfg80211: Calling CRDA to update world regulatory domain
[26808.812396] cfg80211: World regulatory domain updated:
[26808.812400] cfg80211:   (start_freq - end_freq @ bandwidth), (max_antenna_gain, max_eirp)
[26808.812403] cfg80211:   (2402000 KHz - 2472000 KHz @ 40000 KHz), (300 mBi, 2000 mBm)
[26808.812406] cfg80211:   (2457000 KHz - 2482000 KHz @ 40000 KHz), (300 mBi, 2000 mBm)
[26808.812408] cfg80211:   (2474000 KHz - 2494000 KHz @ 20000 KHz), (300 mBi, 2000 mBm)
[26808.812410] cfg80211:   (5170000 KHz - 5250000 KHz @ 40000 KHz), (300 mBi, 2000 mBm)
[26808.812412] cfg80211:   (5735000 KHz - 5835000 KHz @ 40000 KHz), (300 mBi, 2000 mBm)
[26808.812431] cfg80211: Calling CRDA for country: CA
[26808.815517] cfg80211: Regulatory domain changed to country: CA
[26808.815520] cfg80211:   (start_freq - end_freq @ bandwidth), (max_antenna_gain, max_eirp)
[26808.815522] cfg80211:   (2402000 KHz - 2472000 KHz @ 40000 KHz), (300 mBi, 2700 mBm)
[26808.815523] cfg80211:   (5170000 KHz - 5250000 KHz @ 40000 KHz), (300 mBi, 1700 mBm)
[26808.815524] cfg80211:   (5250000 KHz - 5330000 KHz @ 40000 KHz), (300 mBi, 2000 mBm)
[26808.815526] cfg80211:   (5490000 KHz - 5710000 KHz @ 40000 KHz), (300 mBi, 2000 mBm)
[26808.815527] cfg80211:   (5735000 KHz - 5835000 KHz @ 40000 KHz), (300 mBi, 3000 mBm)
[26812.299951] PM: Syncing filesystems ... done.
[26812.303769] PM: Preparing system for mem sleep
[26812.304552] Freezing user space processes ... (elapsed 0.01 seconds) done.
[26812.315416] Freezing remaining freezable tasks ... (elapsed 0.01 seconds) done.
[26812.326445] PM: Entering mem sleep
[26812.326522] Suspending console(s) (use no_console_suspend to debug)
[26812.326816] sd 0:0:0:0: [sda] Synchronizing SCSI cache
[26812.326903] sd 0:0:0:0: [sda] Stopping disk
[26812.383835] tpm_inf_pnp 00:03: saving TPM state
[26812.387710] mei_me 0000:00:16.0: suspend
[26812.616577] snd_hda_intel 0000:00:1b.0: power state changed by ACPI to D3hot
[26812.670694] PM: suspend of devices complete after 343.840 msecs
[26812.670835] PM: late suspend of devices complete after 0.140 msecs
[26812.681698] ehci-pci 0000:00:1d.0: System wakeup enabled by ACPI
[26812.692731] ehci-pci 0000:00:1a.0: System wakeup enabled by ACPI
[26812.703576] e1000e 0000:00:19.0: System wakeup enabled by ACPI
[26812.725587] PM: noirq suspend of devices complete after 54.712 msecs
[26812.726259] ACPI: Preparing to enter system sleep state S3
[26812.731648] PM: Saving platform NVS memory
[26812.732270] Disabling non-boot CPUs ...
[26812.733872] smpboot: CPU 1 is now offline
[26812.734122] CPU 1 offline: Remove Rx thread
[26812.735601] smpboot: CPU 2 is now offline
[26812.735804] CPU 2 offline: Remove Rx thread
[26812.735980] Broke affinity for irq 16
[26812.735985] Broke affinity for irq 43
[26812.735988] Broke affinity for irq 45
[26812.737010] smpboot: CPU 3 is now offline
[26812.737212] CPU 3 offline: Remove Rx thread
[26812.738228] ACPI: Low-level resume complete
[26812.738269] PM: Restoring platform NVS memory
[26812.738777] microcode: CPU0 sig=0x206a7, pf=0x10, revision=0x28
[26812.738783] Enabling non-boot CPUs ...
[26812.738817] smpboot: Booting Node 0 Processor 1 APIC 0x1
[26812.749645] CPU1 microcode updated early to revision 0x28, date = 2012-04-24
[26812.752668] microcode: CPU1 sig=0x206a7, pf=0x10, revision=0x28
[26812.752769] bnx2i: CPU 1 online: Create Rx thread
[26812.752803] CPU1 is up
[26812.752823] smpboot: Booting Node 0 Processor 2 APIC 0x2
[26812.763338] CPU2 microcode updated early to revision 0x28, date = 2012-04-24
[26812.766164] microcode: CPU2 sig=0x206a7, pf=0x10, revision=0x28
[26812.766268] bnx2i: CPU 2 online: Create Rx thread
[26812.766300] CPU2 is up
[26812.766322] smpboot: Booting Node 0 Processor 3 APIC 0x3
[26812.779708] microcode: CPU3 sig=0x206a7, pf=0x10, revision=0x28
[26812.779823] bnx2i: CPU 3 online: Create Rx thread
[26812.779852] CPU3 is up
[26812.782907] ACPI: Waking up from system sleep state S3
[26812.896148] ehci-pci 0000:00:1a.0: System wakeup disabled by ACPI
[26812.908166] snd_hda_intel 0000:00:1b.0: power state changed by ACPI to D0
[26812.930158] ehci-pci 0000:00:1d.0: System wakeup disabled by ACPI
[26812.963325] PM: noirq resume of devices complete after 121.817 msecs
[26812.963430] PM: early resume of devices complete after 0.083 msecs
[26812.963462] i915 0000:00:02.0: setting latency timer to 64
[26812.963486] mei_me 0000:00:16.0: irq 47 for MSI/MSI-X
[26812.963497] e1000e 0000:00:19.0: System wakeup disabled by ACPI
[26812.963506] e1000e 0000:00:19.0: setting latency timer to 64
[26812.963526] e1000e 0000:00:19.0: irq 49 for MSI/MSI-X
[26812.963641] ahci 0000:00:1f.2: setting latency timer to 64
[26812.963663] ehci-pci 0000:00:1a.0: setting latency timer to 64
[26812.963826] snd_hda_intel 0000:00:1b.0: irq 51 for MSI/MSI-X
[26812.963914] ehci-pci 0000:00:1d.0: setting latency timer to 64
[26812.972624] [drm] Wrong MCH_SSKPD value: 0x16040307
[26812.972625] [drm] This can cause pipe underruns and display issues.
[26812.972625] [drm] Please upgrade your BIOS to fix this.
[26813.172449] usb 2-1.6: reset full-speed USB device number 4 using ehci-pci
[26813.259234] btusb 2-1.6:1.0: no reset_resume for driver btusb?
[26813.259238] btusb 2-1.6:1.1: no reset_resume for driver btusb?
[26813.281374] ata6: SATA link down (SStatus 0 SControl 300)
[26813.285363] ata5: SATA link down (SStatus 0 SControl 300)
[26813.330659] usb 2-1.4: reset high-speed USB device number 3 using ehci-pci
[26813.385424] ata2: SATA link up 1.5 Gbps (SStatus 113 SControl 300)
[26813.388590] ata2.00: ACPI cmd 00/00:00:00:00:00:a0 (NOP) rejected by device (Stat=0x51 Err=0x04)
[26813.392175] ata2.00: ACPI cmd 00/00:00:00:00:00:a0 (NOP) rejected by device (Stat=0x51 Err=0x04)
[26813.392185] ata2.00: configured for UDMA/100
[26813.434467] ata1: SATA link up 3.0 Gbps (SStatus 123 SControl 300)
[26813.434853] ata1.00: ACPI cmd 00/00:00:00:00:00:a0 (NOP) rejected by device (Stat=0x51 Err=0x04)
[26813.435300] ata1.00: ACPI cmd 00/00:00:00:00:00:a0 (NOP) rejected by device (Stat=0x51 Err=0x04)
[26813.435349] ata1.00: configured for UDMA/133
[26813.435438] sd 0:0:0:0: [sda] Starting disk
[26813.726750] PM: resume of devices complete after 762.817 msecs
[26813.727331] PM: Finishing wakeup.
[26813.727332] Restarting tasks ... done.
[26813.744188] video LNXVIDEO:01: Restoring backlight state
[26813.936151] e1000e 0000:00:19.0: irq 49 for MSI/MSI-X
[26814.023857] psmouse serio1: alps: Unknown ALPS touchpad: E7=10 00 64, EC=10 00 64
[26814.036946] e1000e 0000:00:19.0: irq 49 for MSI/MSI-X
[26814.037316] IPv6: ADDRCONF(NETDEV_UP): eth0: link is not ready
[26814.044625] iwlwifi 0000:24:00.0: L1 Disabled; Enabling L0S
[26814.044774] iwlwifi 0000:24:00.0: Radio type=0x1-0x2-0x0
[26814.243137] IPv6: ADDRCONF(NETDEV_UP): wlan0: link is not ready
[26814.325051] [drm] Enabling RC6 states: RC6 on, RC6p off, RC6pp off
[26820.280157] wlan0: authenticate with 10:0d:7f:7c:db:f2
[26820.284757] wlan0: send auth to 10:0d:7f:7c:db:f2 (try 1/3)
[26820.288411] wlan0: authenticated
[26820.288945] wlan0: associate with 10:0d:7f:7c:db:f2 (try 1/3)
[26820.308791] wlan0: RX AssocResp from 10:0d:7f:7c:db:f2 (capab=0x411 status=0 aid=3)
[26820.333226] wlan0: associated
[26820.333301] IPv6: ADDRCONF(NETDEV_CHANGE): wlan0: link becomes ready
[29293.187786] wlan0: deauthenticating from 10:0d:7f:7c:db:f2 by local choice (reason=3)
[29293.246341] cfg80211: Calling CRDA to update world regulatory domain
[29293.253692] cfg80211: World regulatory domain updated:
[29293.253695] cfg80211:   (start_freq - end_freq @ bandwidth), (max_antenna_gain, max_eirp)
[29293.253697] cfg80211:   (2402000 KHz - 2472000 KHz @ 40000 KHz), (300 mBi, 2000 mBm)
[29293.253698] cfg80211:   (2457000 KHz - 2482000 KHz @ 40000 KHz), (300 mBi, 2000 mBm)
[29293.253700] cfg80211:   (2474000 KHz - 2494000 KHz @ 20000 KHz), (300 mBi, 2000 mBm)
[29293.253701] cfg80211:   (5170000 KHz - 5250000 KHz @ 40000 KHz), (300 mBi, 2000 mBm)
[29293.253702] cfg80211:   (5735000 KHz - 5835000 KHz @ 40000 KHz), (300 mBi, 2000 mBm)
[29293.253715] cfg80211: Calling CRDA for country: CA
[29293.255524] cfg80211: Regulatory domain changed to country: CA
[29293.255526] cfg80211:   (start_freq - end_freq @ bandwidth), (max_antenna_gain, max_eirp)
[29293.255528] cfg80211:   (2402000 KHz - 2472000 KHz @ 40000 KHz), (300 mBi, 2700 mBm)
[29293.255529] cfg80211:   (5170000 KHz - 5250000 KHz @ 40000 KHz), (300 mBi, 1700 mBm)
[29293.255530] cfg80211:   (5250000 KHz - 5330000 KHz @ 40000 KHz), (300 mBi, 2000 mBm)
[29293.255532] cfg80211:   (5490000 KHz - 5710000 KHz @ 40000 KHz), (300 mBi, 2000 mBm)
[29293.255533] cfg80211:   (5735000 KHz - 5835000 KHz @ 40000 KHz), (300 mBi, 3000 mBm)
[29296.674788] PM: Syncing filesystems ... done.
[29296.680140] PM: Preparing system for mem sleep
[29296.680931] Freezing user space processes ... (elapsed 0.01 seconds) done.
[29296.691837] Freezing remaining freezable tasks ... (elapsed 0.01 seconds) done.
[29296.702852] PM: Entering mem sleep
[29296.702934] Suspending console(s) (use no_console_suspend to debug)
[29296.703236] sd 0:0:0:0: [sda] Synchronizing SCSI cache
[29296.703332] sd 0:0:0:0: [sda] Stopping disk
[29296.760432] tpm_inf_pnp 00:03: saving TPM state
[29296.764789] mei_me 0000:00:16.0: suspend
[29296.992985] snd_hda_intel 0000:00:1b.0: power state changed by ACPI to D3hot
[29297.046039] PM: suspend of devices complete after 342.772 msecs
[29297.046182] PM: late suspend of devices complete after 0.140 msecs
[29297.057095] ehci-pci 0000:00:1d.0: System wakeup enabled by ACPI
[29297.068134] ehci-pci 0000:00:1a.0: System wakeup enabled by ACPI
[29297.078976] e1000e 0000:00:19.0: System wakeup enabled by ACPI
[29297.100987] PM: noirq suspend of devices complete after 54.765 msecs
[29297.101659] ACPI: Preparing to enter system sleep state S3
[29297.107050] PM: Saving platform NVS memory
[29297.107672] Disabling non-boot CPUs ...
[29297.109465] smpboot: CPU 1 is now offline
[29297.109659] CPU 1 offline: Remove Rx thread
[29297.110955] smpboot: CPU 2 is now offline
[29297.111124] CPU 2 offline: Remove Rx thread
[29297.111376] Broke affinity for irq 16
[29297.111382] Broke affinity for irq 43
[29297.111385] Broke affinity for irq 45
[29297.112408] smpboot: CPU 3 is now offline
[29297.112592] CPU 3 offline: Remove Rx thread
[29297.113611] ACPI: Low-level resume complete
[29297.113652] PM: Restoring platform NVS memory
[29297.114158] microcode: CPU0 sig=0x206a7, pf=0x10, revision=0x28
[29297.114164] Enabling non-boot CPUs ...
[29297.114198] smpboot: Booting Node 0 Processor 1 APIC 0x1
