[    0.000000] Initializing cgroup subsys cpuset
[    0.000000] Initializing cgroup subsys cpu
[    0.000000] Initializing cgroup subsys cpuacct
[    0.000000] Linux version 3.14.4-200.fc20.x86_64 (mockbuild@bkernel02) (gcc version 4.8.2 20131212 (Red Hat 4.8.2-7) (GCC) ) #1 SMP Tue May 13 13:51:08 UTC 2014
[    0.000000] Command line: BOOT_IMAGE=/vmlinuz-3.14.4-200.fc20.x86_64 root=UUID=8422c4c0-2f49-4c95-8372-3afcf41a2e23 ro rootflags=subvol=root vconsole.font=latarcyrheb-sun16 rhgb quiet LANG=fr_FR.UTF-8
[    0.000000] e820: BIOS-provided physical RAM map:
[    0.000000] BIOS-e820: [mem 0x0000000000000000-0x000000000009efff] usable
[    0.000000] BIOS-e820: [mem 0x000000000009f000-0x000000000009ffff] reserved
[    0.000000] BIOS-e820: [mem 0x0000000000100000-0x000000001fffffff] usable
[    0.000000] BIOS-e820: [mem 0x0000000020000000-0x00000000201fffff] reserved
[    0.000000] BIOS-e820: [mem 0x0000000020200000-0x0000000040003fff] usable
[    0.000000] BIOS-e820: [mem 0x0000000040004000-0x0000000040004fff] reserved
[    0.000000] BIOS-e820: [mem 0x0000000040005000-0x00000000cc28ffff] usable
[    0.000000] BIOS-e820: [mem 0x00000000cc290000-0x00000000cc86cfff] reserved
[    0.000000] BIOS-e820: [mem 0x00000000cc86d000-0x00000000cc87cfff] ACPI data
[    0.000000] BIOS-e820: [mem 0x00000000cc87d000-0x00000000cc9a5fff] ACPI NVS
[    0.000000] BIOS-e820: [mem 0x00000000cc9a6000-0x00000000cd7dffff] reserved
[    0.000000] BIOS-e820: [mem 0x00000000cd7e0000-0x00000000cd7e0fff] usable
[    0.000000] BIOS-e820: [mem 0x00000000cd7e1000-0x00000000cd823fff] ACPI NVS
[    0.000000] BIOS-e820: [mem 0x00000000cd824000-0x00000000cdc5dfff] usable
[    0.000000] BIOS-e820: [mem 0x00000000cdc5e000-0x00000000cdff3fff] reserved
[    0.000000] BIOS-e820: [mem 0x00000000cdff4000-0x00000000cdffffff] usable
[    0.000000] BIOS-e820: [mem 0x00000000cf000000-0x00000000df1fffff] reserved
[    0.000000] BIOS-e820: [mem 0x00000000f8000000-0x00000000fbffffff] reserved
[    0.000000] BIOS-e820: [mem 0x00000000fec00000-0x00000000fec00fff] reserved
[    0.000000] BIOS-e820: [mem 0x00000000fed00000-0x00000000fed03fff] reserved
[    0.000000] BIOS-e820: [mem 0x00000000fed1c000-0x00000000fed1ffff] reserved
[    0.000000] BIOS-e820: [mem 0x00000000fee00000-0x00000000fee00fff] reserved
[    0.000000] BIOS-e820: [mem 0x00000000ff000000-0x00000000ffffffff] reserved
[    0.000000] BIOS-e820: [mem 0x0000000100000000-0x000000021fdfffff] usable
[    0.000000] NX (Execute Disable) protection: active
[    0.000000] e820: update [mem 0x8ae28018-0x8ae38057] usable ==> usable
[    0.000000] e820: update [mem 0x8ae1b018-0x8ae27857] usable ==> usable
[    0.000000] extended physical RAM map:
[    0.000000] reserve setup_data: [mem 0x0000000000000000-0x000000000009efff] usable
[    0.000000] reserve setup_data: [mem 0x000000000009f000-0x000000000009ffff] reserved
[    0.000000] reserve setup_data: [mem 0x0000000000100000-0x000000001fffffff] usable
[    0.000000] reserve setup_data: [mem 0x0000000020000000-0x00000000201fffff] reserved
[    0.000000] reserve setup_data: [mem 0x0000000020200000-0x0000000040003fff] usable
[    0.000000] reserve setup_data: [mem 0x0000000040004000-0x0000000040004fff] reserved
[    0.000000] reserve setup_data: [mem 0x0000000040005000-0x000000008ae1b017] usable
[    0.000000] reserve setup_data: [mem 0x000000008ae1b018-0x000000008ae27857] usable
[    0.000000] reserve setup_data: [mem 0x000000008ae27858-0x000000008ae28017] usable
[    0.000000] reserve setup_data: [mem 0x000000008ae28018-0x000000008ae38057] usable
[    0.000000] reserve setup_data: [mem 0x000000008ae38058-0x00000000cc28ffff] usable
[    0.000000] reserve setup_data: [mem 0x00000000cc290000-0x00000000cc86cfff] reserved
[    0.000000] reserve setup_data: [mem 0x00000000cc86d000-0x00000000cc87cfff] ACPI data
[    0.000000] reserve setup_data: [mem 0x00000000cc87d000-0x00000000cc9a5fff] ACPI NVS
[    0.000000] reserve setup_data: [mem 0x00000000cc9a6000-0x00000000cd7dffff] reserved
[    0.000000] reserve setup_data: [mem 0x00000000cd7e0000-0x00000000cd7e0fff] usable
[    0.000000] reserve setup_data: [mem 0x00000000cd7e1000-0x00000000cd823fff] ACPI NVS
[    0.000000] reserve setup_data: [mem 0x00000000cd824000-0x00000000cdc5dfff] usable
[    0.000000] reserve setup_data: [mem 0x00000000cdc5e000-0x00000000cdff3fff] reserved
[    0.000000] reserve setup_data: [mem 0x00000000cdff4000-0x00000000cdffffff] usable
[    0.000000] reserve setup_data: [mem 0x00000000cf000000-0x00000000df1fffff] reserved
[    0.000000] reserve setup_data: [mem 0x00000000f8000000-0x00000000fbffffff] reserved
[    0.000000] reserve setup_data: [mem 0x00000000fec00000-0x00000000fec00fff] reserved
[    0.000000] reserve setup_data: [mem 0x00000000fed00000-0x00000000fed03fff] reserved
[    0.000000] reserve setup_data: [mem 0x00000000fed1c000-0x00000000fed1ffff] reserved
[    0.000000] reserve setup_data: [mem 0x00000000fee00000-0x00000000fee00fff] reserved
[    0.000000] reserve setup_data: [mem 0x00000000ff000000-0x00000000ffffffff] reserved
[    0.000000] reserve setup_data: [mem 0x0000000100000000-0x000000021fdfffff] usable
[    0.000000] efi: EFI v2.31 by American Megatrends
[    0.000000] efi:  ACPI=0xcc870000  ACPI 2.0=0xcc870000  SMBIOS=0xf04c0  MPS=0xfd490 
[    0.000000] efi: mem00: type=3, attr=0xf, range=[0x0000000000000000-0x0000000000008000) (0MB)
[    0.000000] efi: mem01: type=2, attr=0xf, range=[0x0000000000008000-0x0000000000009000) (0MB)
[    0.000000] efi: mem02: type=7, attr=0xf, range=[0x0000000000009000-0x000000000005e000) (0MB)
[    0.000000] efi: mem03: type=4, attr=0xf, range=[0x000000000005e000-0x0000000000060000) (0MB)
[    0.000000] efi: mem04: type=3, attr=0xf, range=[0x0000000000060000-0x000000000009f000) (0MB)
[    0.000000] efi: mem05: type=6, attr=0x800000000000000f, range=[0x000000000009f000-0x00000000000a0000) (0MB)
[    0.000000] efi: mem06: type=7, attr=0xf, range=[0x0000000000100000-0x0000000001000000) (15MB)
[    0.000000] efi: mem07: type=2, attr=0xf, range=[0x0000000001000000-0x0000000001100000) (1MB)
[    0.000000] efi: mem08: type=7, attr=0xf, range=[0x0000000001100000-0x0000000002000000) (15MB)
[    0.000000] efi: mem09: type=2, attr=0xf, range=[0x0000000002000000-0x000000000343e000) (20MB)
[    0.000000] efi: mem10: type=7, attr=0xf, range=[0x000000000343e000-0x0000000020000000) (459MB)
[    0.000000] efi: mem11: type=0, attr=0xf, range=[0x0000000020000000-0x0000000020200000) (2MB)
[    0.000000] efi: mem12: type=7, attr=0xf, range=[0x0000000020200000-0x000000003da5b000) (472MB)
[    0.000000] efi: mem13: type=2, attr=0xf, range=[0x000000003da5b000-0x0000000040000000) (37MB)
[    0.000000] efi: mem14: type=7, attr=0xf, range=[0x0000000040000000-0x0000000040004000) (0MB)
[    0.000000] efi: mem15: type=0, attr=0xf, range=[0x0000000040004000-0x0000000040005000) (0MB)
[    0.000000] efi: mem16: type=7, attr=0xf, range=[0x0000000040005000-0x000000008ae1b000) (1198MB)
[    0.000000] efi: mem17: type=2, attr=0xf, range=[0x000000008ae1b000-0x00000000ba649000) (760MB)
[    0.000000] efi: mem18: type=7, attr=0xf, range=[0x00000000ba649000-0x00000000ba64d000) (0MB)
[    0.000000] efi: mem19: type=2, attr=0xf, range=[0x00000000ba64d000-0x00000000ba816000) (1MB)
[    0.000000] efi: mem20: type=1, attr=0xf, range=[0x00000000ba816000-0x00000000ba951000) (1MB)
[    0.000000] efi: mem21: type=2, attr=0xf, range=[0x00000000ba951000-0x00000000ba979000) (0MB)
[    0.000000] efi: mem22: type=1, attr=0xf, range=[0x00000000ba979000-0x00000000baab4000) (1MB)
[    0.000000] efi: mem23: type=7, attr=0xf, range=[0x00000000baab4000-0x00000000bd3d6000) (41MB)
[    0.000000] efi: mem24: type=4, attr=0xf, range=[0x00000000bd3d6000-0x00000000bdd52000) (9MB)
[    0.000000] efi: mem25: type=7, attr=0xf, range=[0x00000000bdd52000-0x00000000be2c5000) (5MB)
[    0.000000] efi: mem26: type=4, attr=0xf, range=[0x00000000be2c5000-0x00000000be78c000) (4MB)
[    0.000000] efi: mem27: type=7, attr=0xf, range=[0x00000000be78c000-0x00000000bef52000) (7MB)
[    0.000000] efi: mem28: type=4, attr=0xf, range=[0x00000000bef52000-0x00000000befda000) (0MB)
[    0.000000] efi: mem29: type=7, attr=0xf, range=[0x00000000befda000-0x00000000bf008000) (0MB)
[    0.000000] efi: mem30: type=4, attr=0xf, range=[0x00000000bf008000-0x00000000bf2b2000) (2MB)
[    0.000000] efi: mem31: type=7, attr=0xf, range=[0x00000000bf2b2000-0x00000000bf2d6000) (0MB)
[    0.000000] efi: mem32: type=4, attr=0xf, range=[0x00000000bf2d6000-0x00000000bf2f8000) (0MB)
[    0.000000] efi: mem33: type=7, attr=0xf, range=[0x00000000bf2f8000-0x00000000bf310000) (0MB)
[    0.000000] efi: mem34: type=4, attr=0xf, range=[0x00000000bf310000-0x00000000bf351000) (0MB)
[    0.000000] efi: mem35: type=7, attr=0xf, range=[0x00000000bf351000-0x00000000bf356000) (0MB)
[    0.000000] efi: mem36: type=4, attr=0xf, range=[0x00000000bf356000-0x00000000bf378000) (0MB)
[    0.000000] efi: mem37: type=7, attr=0xf, range=[0x00000000bf378000-0x00000000bf37c000) (0MB)
[    0.000000] efi: mem38: type=4, attr=0xf, range=[0x00000000bf37c000-0x00000000bf39b000) (0MB)
[    0.000000] efi: mem39: type=7, attr=0xf, range=[0x00000000bf39b000-0x00000000bf3a7000) (0MB)
[    0.000000] efi: mem40: type=4, attr=0xf, range=[0x00000000bf3a7000-0x00000000bf3ff000) (0MB)
[    0.000000] efi: mem41: type=7, attr=0xf, range=[0x00000000bf3ff000-0x00000000bf419000) (0MB)
[    0.000000] efi: mem42: type=4, attr=0xf, range=[0x00000000bf419000-0x00000000bf43e000) (0MB)
[    0.000000] efi: mem43: type=7, attr=0xf, range=[0x00000000bf43e000-0x00000000bf44c000) (0MB)
[    0.000000] efi: mem44: type=4, attr=0xf, range=[0x00000000bf44c000-0x00000000bf478000) (0MB)
[    0.000000] efi: mem45: type=7, attr=0xf, range=[0x00000000bf478000-0x00000000bf48b000) (0MB)
[    0.000000] efi: mem46: type=4, attr=0xf, range=[0x00000000bf48b000-0x00000000bf4a8000) (0MB)
[    0.000000] efi: mem47: type=7, attr=0xf, range=[0x00000000bf4a8000-0x00000000bf4ba000) (0MB)
[    0.000000] efi: mem48: type=4, attr=0xf, range=[0x00000000bf4ba000-0x00000000bf4d9000) (0MB)
[    0.000000] efi: mem49: type=7, attr=0xf, range=[0x00000000bf4d9000-0x00000000bf4ee000) (0MB)
[    0.000000] efi: mem50: type=4, attr=0xf, range=[0x00000000bf4ee000-0x00000000bf568000) (0MB)
[    0.000000] efi: mem51: type=7, attr=0xf, range=[0x00000000bf568000-0x00000000bf57a000) (0MB)
[    0.000000] efi: mem52: type=4, attr=0xf, range=[0x00000000bf57a000-0x00000000bf5d3000) (0MB)
[    0.000000] efi: mem53: type=7, attr=0xf, range=[0x00000000bf5d3000-0x00000000bf5db000) (0MB)
[    0.000000] efi: mem54: type=4, attr=0xf, range=[0x00000000bf5db000-0x00000000bf5f7000) (0MB)
[    0.000000] efi: mem55: type=7, attr=0xf, range=[0x00000000bf5f7000-0x00000000bf5ff000) (0MB)
[    0.000000] efi: mem56: type=4, attr=0xf, range=[0x00000000bf5ff000-0x00000000bf621000) (0MB)
[    0.000000] efi: mem57: type=7, attr=0xf, range=[0x00000000bf621000-0x00000000bf62d000) (0MB)
[    0.000000] efi: mem58: type=4, attr=0xf, range=[0x00000000bf62d000-0x00000000bf682000) (0MB)
[    0.000000] efi: mem59: type=7, attr=0xf, range=[0x00000000bf682000-0x00000000bf687000) (0MB)
[    0.000000] efi: mem60: type=4, attr=0xf, range=[0x00000000bf687000-0x00000000bf6c5000) (0MB)
[    0.000000] efi: mem61: type=7, attr=0xf, range=[0x00000000bf6c5000-0x00000000bf6d3000) (0MB)
[    0.000000] efi: mem62: type=4, attr=0xf, range=[0x00000000bf6d3000-0x00000000bf6fa000) (0MB)
[    0.000000] efi: mem63: type=7, attr=0xf, range=[0x00000000bf6fa000-0x00000000bf702000) (0MB)
[    0.000000] efi: mem64: type=4, attr=0xf, range=[0x00000000bf702000-0x00000000bf72d000) (0MB)
[    0.000000] efi: mem65: type=7, attr=0xf, range=[0x00000000bf72d000-0x00000000bf73f000) (0MB)
[    0.000000] efi: mem66: type=4, attr=0xf, range=[0x00000000bf73f000-0x00000000bf760000) (0MB)
[    0.000000] efi: mem67: type=7, attr=0xf, range=[0x00000000bf760000-0x00000000bf768000) (0MB)
[    0.000000] efi: mem68: type=4, attr=0xf, range=[0x00000000bf768000-0x00000000bf90a000) (1MB)
[    0.000000] efi: mem69: type=7, attr=0xf, range=[0x00000000bf90a000-0x00000000bf90e000) (0MB)
[    0.000000] efi: mem70: type=4, attr=0xf, range=[0x00000000bf90e000-0x00000000bfdc4000) (4MB)
[    0.000000] efi: mem71: type=7, attr=0xf, range=[0x00000000bfdc4000-0x00000000bfdf1000) (0MB)
[    0.000000] efi: mem72: type=4, attr=0xf, range=[0x00000000bfdf1000-0x00000000bffb0000) (1MB)
[    0.000000] efi: mem73: type=7, attr=0xf, range=[0x00000000bffb0000-0x00000000bffb5000) (0MB)
[    0.000000] efi: mem74: type=4, attr=0xf, range=[0x00000000bffb5000-0x00000000c017a000) (1MB)
[    0.000000] efi: mem75: type=7, attr=0xf, range=[0x00000000c017a000-0x00000000c0194000) (0MB)
[    0.000000] efi: mem76: type=4, attr=0xf, range=[0x00000000c0194000-0x00000000c0230000) (0MB)
[    0.000000] efi: mem77: type=7, attr=0xf, range=[0x00000000c0230000-0x00000000c0238000) (0MB)
[    0.000000] efi: mem78: type=4, attr=0xf, range=[0x00000000c0238000-0x00000000c0265000) (0MB)
[    0.000000] efi: mem79: type=7, attr=0xf, range=[0x00000000c0265000-0x00000000c0274000) (0MB)
[    0.000000] efi: mem80: type=4, attr=0xf, range=[0x00000000c0274000-0x00000000c035f000) (0MB)
[    0.000000] efi: mem81: type=7, attr=0xf, range=[0x00000000c035f000-0x00000000c0386000) (0MB)
[    0.000000] efi: mem82: type=4, attr=0xf, range=[0x00000000c0386000-0x00000000c0392000) (0MB)
[    0.000000] efi: mem83: type=7, attr=0xf, range=[0x00000000c0392000-0x00000000c03b1000) (0MB)
[    0.000000] efi: mem84: type=4, attr=0xf, range=[0x00000000c03b1000-0x00000000c03cc000) (0MB)
[    0.000000] efi: mem85: type=7, attr=0xf, range=[0x00000000c03cc000-0x00000000c03f2000) (0MB)
[    0.000000] efi: mem86: type=4, attr=0xf, range=[0x00000000c03f2000-0x00000000c0447000) (0MB)
[    0.000000] efi: mem87: type=7, attr=0xf, range=[0x00000000c0447000-0x00000000c044c000) (0MB)
[    0.000000] efi: mem88: type=4, attr=0xf, range=[0x00000000c044c000-0x00000000c0547000) (0MB)
[    0.000000] efi: mem89: type=7, attr=0xf, range=[0x00000000c0547000-0x00000000c0548000) (0MB)
[    0.000000] efi: mem90: type=4, attr=0xf, range=[0x00000000c0548000-0x00000000c093b000) (3MB)
[    0.000000] efi: mem91: type=7, attr=0xf, range=[0x00000000c093b000-0x00000000c093e000) (0MB)
[    0.000000] efi: mem92: type=4, attr=0xf, range=[0x00000000c093e000-0x00000000c09b2000) (0MB)
[    0.000000] efi: mem93: type=7, attr=0xf, range=[0x00000000c09b2000-0x00000000c09b5000) (0MB)
[    0.000000] efi: mem94: type=4, attr=0xf, range=[0x00000000c09b5000-0x00000000c09c9000) (0MB)
[    0.000000] efi: mem95: type=7, attr=0xf, range=[0x00000000c09c9000-0x00000000c09cb000) (0MB)
[    0.000000] efi: mem96: type=4, attr=0xf, range=[0x00000000c09cb000-0x00000000c09f0000) (0MB)
[    0.000000] efi: mem97: type=7, attr=0xf, range=[0x00000000c09f0000-0x00000000c09f2000) (0MB)
[    0.000000] efi: mem98: type=4, attr=0xf, range=[0x00000000c09f2000-0x00000000c0a35000) (0MB)
[    0.000000] efi: mem99: type=7, attr=0xf, range=[0x00000000c0a35000-0x00000000c0a36000) (0MB)
[    0.000000] efi: mem100: type=4, attr=0xf, range=[0x00000000c0a36000-0x00000000c0a39000) (0MB)
[    0.000000] efi: mem101: type=7, attr=0xf, range=[0x00000000c0a39000-0x00000000c0a3b000) (0MB)
[    0.000000] efi: mem102: type=4, attr=0xf, range=[0x00000000c0a3b000-0x00000000c0ad8000) (0MB)
[    0.000000] efi: mem103: type=7, attr=0xf, range=[0x00000000c0ad8000-0x00000000c0ad9000) (0MB)
[    0.000000] efi: mem104: type=4, attr=0xf, range=[0x00000000c0ad9000-0x00000000cb67b000) (171MB)
[    0.000000] efi: mem105: type=7, attr=0xf, range=[0x00000000cb67b000-0x00000000cbbee000) (5MB)
[    0.000000] efi: mem106: type=3, attr=0xf, range=[0x00000000cbbee000-0x00000000cc290000) (6MB)
[    0.000000] efi: mem107: type=0, attr=0xf, range=[0x00000000cc290000-0x00000000cc5b9000) (3MB)
[    0.000000] efi: mem108: type=0, attr=0xf, range=[0x00000000cc5b9000-0x00000000cc802000) (2MB)
[    0.000000] efi: mem109: type=0, attr=0xf, range=[0x00000000cc802000-0x00000000cc806000) (0MB)
[    0.000000] efi: mem110: type=0, attr=0xf, range=[0x00000000cc806000-0x00000000cc86d000) (0MB)
[    0.000000] efi: mem111: type=9, attr=0xf, range=[0x00000000cc86d000-0x00000000cc870000) (0MB)
[    0.000000] efi: mem112: type=9, attr=0xf, range=[0x00000000cc870000-0x00000000cc87d000) (0MB)
[    0.000000] efi: mem113: type=10, attr=0xf, range=[0x00000000cc87d000-0x00000000cc8fc000) (0MB)
[    0.000000] efi: mem114: type=10, attr=0xf, range=[0x00000000cc8fc000-0x00000000cc9a6000) (0MB)
[    0.000000] efi: mem115: type=6, attr=0x800000000000000f, range=[0x00000000cc9a6000-0x00000000cd07d000) (6MB)
[    0.000000] efi: mem116: type=6, attr=0x800000000000000f, range=[0x00000000cd07d000-0x00000000cd67e000) (6MB)
[    0.000000] efi: mem117: type=6, attr=0x800000000000000f, range=[0x00000000cd67e000-0x00000000cd682000) (0MB)
[    0.000000] efi: mem118: type=6, attr=0x800000000000000f, range=[0x00000000cd682000-0x00000000cd74e000) (0MB)
[    0.000000] efi: mem119: type=5, attr=0x800000000000000f, range=[0x00000000cd74e000-0x00000000cd76b000) (0MB)
[    0.000000] efi: mem120: type=5, attr=0x800000000000000f, range=[0x00000000cd76b000-0x00000000cd7e0000) (0MB)
[    0.000000] efi: mem121: type=4, attr=0xf, range=[0x00000000cd7e0000-0x00000000cd7e1000) (0MB)
[    0.000000] efi: mem122: type=10, attr=0xf, range=[0x00000000cd7e1000-0x00000000cd824000) (0MB)
[    0.000000] efi: mem123: type=4, attr=0xf, range=[0x00000000cd824000-0x00000000cd975000) (1MB)
[    0.000000] efi: mem124: type=3, attr=0xf, range=[0x00000000cd975000-0x00000000cdc17000) (2MB)
[    0.000000] efi: mem125: type=4, attr=0xf, range=[0x00000000cdc17000-0x00000000cdc1d000) (0MB)
[    0.000000] efi: mem126: type=3, attr=0xf, range=[0x00000000cdc1d000-0x00000000cdc21000) (0MB)
[    0.000000] efi: mem127: type=4, attr=0xf, range=[0x00000000cdc21000-0x00000000cdc3a000) (0MB)
[    0.000000] efi: mem128: type=3, attr=0xf, range=[0x00000000cdc3a000-0x00000000cdc54000) (0MB)
[    0.000000] efi: mem129: type=4, attr=0xf, range=[0x00000000cdc54000-0x00000000cdc55000) (0MB)
[    0.000000] efi: mem130: type=3, attr=0xf, range=[0x00000000cdc55000-0x00000000cdc57000) (0MB)
[    0.000000] efi: mem131: type=4, attr=0xf, range=[0x00000000cdc57000-0x00000000cdc5e000) (0MB)
[    0.000000] efi: mem132: type=6, attr=0x800000000000000f, range=[0x00000000cdc5e000-0x00000000cdff4000) (3MB)
[    0.000000] efi: mem133: type=4, attr=0xf, range=[0x00000000cdff4000-0x00000000ce000000) (0MB)
[    0.000000] efi: mem134: type=7, attr=0xf, range=[0x0000000100000000-0x000000021fe00000) (4606MB)
[    0.000000] efi: mem135: type=0, attr=0x8000000000000000, range=[0x00000000cf000000-0x00000000df200000) (258MB)
[    0.000000] efi: mem136: type=11, attr=0x8000000000000001, range=[0x00000000f8000000-0x00000000fc000000) (64MB)
[    0.000000] efi: mem137: type=11, attr=0x8000000000000001, range=[0x00000000fec00000-0x00000000fec01000) (0MB)
[    0.000000] efi: mem138: type=11, attr=0x8000000000000001, range=[0x00000000fed00000-0x00000000fed04000) (0MB)
[    0.000000] efi: mem139: type=11, attr=0x8000000000000001, range=[0x00000000fed1c000-0x00000000fed20000) (0MB)
[    0.000000] efi: mem140: type=11, attr=0x8000000000000001, range=[0x00000000fee00000-0x00000000fee01000) (0MB)
[    0.000000] efi: mem141: type=11, attr=0x8000000000000001, range=[0x00000000ff000000-0x0000000100000000) (16MB)
[    0.000000] SMBIOS 2.7 present.
[    0.000000] DMI: System manufacturer System Product Name/P8Z77-M PRO, BIOS 2105 09/06/2013
[    0.000000] e820: update [mem 0x00000000-0x00000fff] usable ==> reserved
[    0.000000] e820: remove [mem 0x000a0000-0x000fffff] usable
[    0.000000] e820: last_pfn = 0x21fe00 max_arch_pfn = 0x400000000
[    0.000000] MTRR default type: uncachable
[    0.000000] MTRR fixed ranges enabled:
[    0.000000]   00000-9FFFF write-back
[    0.000000]   A0000-BFFFF uncachable
[    0.000000]   C0000-CFFFF write-protect
[    0.000000]   D0000-DFFFF uncachable
[    0.000000]   E0000-FFFFF write-protect
[    0.000000] MTRR variable ranges enabled:
[    0.000000]   0 base 000000000 mask E00000000 write-back
[    0.000000]   1 base 200000000 mask FE0000000 write-back
[    0.000000]   2 base 0E0000000 mask FE0000000 uncachable
[    0.000000]   3 base 0D0000000 mask FF0000000 uncachable
[    0.000000]   4 base 0CF000000 mask FFF000000 uncachable
[    0.000000]   5 base 21FE00000 mask FFFE00000 uncachable
[    0.000000]   6 disabled
[    0.000000]   7 disabled
[    0.000000]   8 disabled
[    0.000000]   9 disabled
[    0.000000] x86 PAT enabled: cpu 0, old 0x7040600070406, new 0x7010600070106
[    0.000000] e820: update [mem 0xcf000000-0xffffffff] usable ==> reserved
[    0.000000] e820: last_pfn = 0xce000 max_arch_pfn = 0x400000000
[    0.000000] found SMP MP-table at [mem 0x000fd7c0-0x000fd7cf] mapped at [ffff8800000fd7c0]
[    0.000000] Base memory trampoline at [ffff880000097000] 97000 size 24576
[    0.000000] init_memory_mapping: [mem 0x00000000-0x000fffff]
[    0.000000]  [mem 0x00000000-0x000fffff] page 4k
[    0.000000] BRK [0x0301c000, 0x0301cfff] PGTABLE
[    0.000000] BRK [0x0301d000, 0x0301dfff] PGTABLE
[    0.000000] BRK [0x0301e000, 0x0301efff] PGTABLE
[    0.000000] init_memory_mapping: [mem 0x21fc00000-0x21fdfffff]
[    0.000000]  [mem 0x21fc00000-0x21fdfffff] page 2M
[    0.000000] BRK [0x0301f000, 0x0301ffff] PGTABLE
[    0.000000] init_memory_mapping: [mem 0x21c000000-0x21fbfffff]
[    0.000000]  [mem 0x21c000000-0x21fbfffff] page 2M
[    0.000000] init_memory_mapping: [mem 0x200000000-0x21bffffff]
[    0.000000]  [mem 0x200000000-0x21bffffff] page 2M
[    0.000000] init_memory_mapping: [mem 0x00100000-0x1fffffff]
[    0.000000]  [mem 0x00100000-0x001fffff] page 4k
[    0.000000]  [mem 0x00200000-0x1fffffff] page 2M
[    0.000000] init_memory_mapping: [mem 0x20200000-0x40003fff]
[    0.000000]  [mem 0x20200000-0x3fffffff] page 2M
[    0.000000]  [mem 0x40000000-0x40003fff] page 4k
[    0.000000] BRK [0x03020000, 0x03020fff] PGTABLE
[    0.000000] BRK [0x03021000, 0x03021fff] PGTABLE
[    0.000000] init_memory_mapping: [mem 0x40005000-0xcc28ffff]
[    0.000000]  [mem 0x40005000-0x401fffff] page 4k
[    0.000000]  [mem 0x40200000-0xcc1fffff] page 2M
[    0.000000]  [mem 0xcc200000-0xcc28ffff] page 4k
[    0.000000] init_memory_mapping: [mem 0xcd7e0000-0xcd7e0fff]
[    0.000000]  [mem 0xcd7e0000-0xcd7e0fff] page 4k
[    0.000000] init_memory_mapping: [mem 0xcd824000-0xcdc5dfff]
[    0.000000]  [mem 0xcd824000-0xcd9fffff] page 4k
[    0.000000]  [mem 0xcda00000-0xcdbfffff] page 2M
[    0.000000]  [mem 0xcdc00000-0xcdc5dfff] page 4k
[    0.000000] init_memory_mapping: [mem 0xcdff4000-0xcdffffff]
[    0.000000]  [mem 0xcdff4000-0xcdffffff] page 4k
[    0.000000] init_memory_mapping: [mem 0x100000000-0x1ffffffff]
[    0.000000]  [mem 0x100000000-0x1ffffffff] page 2M
[    0.000000] RAMDISK: [mem 0x3da5b000-0x3ebbcfff]
[    0.000000] ACPI: RSDP 00000000cc870000 000024 (v02 ALASKA)
[    0.000000] ACPI: XSDT 00000000cc870078 00006C (v01 ALASKA    A M I 01072009 AMI  00010013)
[    0.000000] ACPI: FACP 00000000cc87b438 00010C (v05 ALASKA    A M I 01072009 AMI  00010013)
[    0.000000] ACPI: DSDT 00000000cc870180 00B2B1 (v02 ALASKA    A M I 00000022 INTL 20051117)
[    0.000000] ACPI: FACS 00000000cc9a4080 000040
[    0.000000] ACPI: APIC 00000000cc87b548 000092 (v03 ALASKA    A M I 01072009 AMI  00010013)
[    0.000000] ACPI: FPDT 00000000cc87b5e0 000044 (v01 ALASKA    A M I 01072009 AMI  00010013)
[    0.000000] ACPI: MCFG 00000000cc87b628 00003C (v01 ALASKA    A M I 01072009 MSFT 00000097)
[    0.000000] ACPI: HPET 00000000cc87b668 000038 (v01 ALASKA    A M I 01072009 AMI. 00000005)
[    0.000000] ACPI: SSDT 00000000cc87b6a0 00036D (v01 SataRe SataTabl 00001000 INTL 20091112)
[    0.000000] ACPI: DMAR 00000000cc87ceb0 0000B8 (v01 INTEL      SNB  00000001 INTL 00000001)
[    0.000000] ACPI: SSDT 00000000cc87ba68 0009AA (v01  PmRef  Cpu0Ist 00003000 INTL 20051117)
[    0.000000] ACPI: SSDT 00000000cc87c418 000A92 (v01  PmRef    CpuPm 00003000 INTL 20051117)
[    0.000000] ACPI: Local APIC address 0xfee00000
[    0.000000] No NUMA configuration found
[    0.000000] Faking a node at [mem 0x0000000000000000-0x000000021fdfffff]
[    0.000000] Initmem setup node 0 [mem 0x00000000-0x21fdfffff]
[    0.000000]   NODE_DATA [mem 0x21fde1000-0x21fdf4fff]
[    0.000000]  [ffffea0000000000-ffffea00087fffff] PMD -> [ffff880217800000-ffff88021f3fffff] on node 0
[    0.000000] Zone ranges:
[    0.000000]   DMA      [mem 0x00001000-0x00ffffff]
[    0.000000]   DMA32    [mem 0x01000000-0xffffffff]
[    0.000000]   Normal   [mem 0x100000000-0x21fdfffff]
[    0.000000] Movable zone start for each node
[    0.000000] Early memory node ranges
[    0.000000]   node   0: [mem 0x00001000-0x0009efff]
[    0.000000]   node   0: [mem 0x00100000-0x1fffffff]
[    0.000000]   node   0: [mem 0x20200000-0x40003fff]
[    0.000000]   node   0: [mem 0x40005000-0xcc28ffff]
[    0.000000]   node   0: [mem 0xcd7e0000-0xcd7e0fff]
[    0.000000]   node   0: [mem 0xcd824000-0xcdc5dfff]
[    0.000000]   node   0: [mem 0xcdff4000-0xcdffffff]
[    0.000000]   node   0: [mem 0x100000000-0x21fdfffff]
[    0.000000] On node 0 totalpages: 2015860
[    0.000000]   DMA zone: 64 pages used for memmap
[    0.000000]   DMA zone: 25 pages reserved
[    0.000000]   DMA zone: 3998 pages, LIFO batch:0
[    0.000000]   DMA32 zone: 13012 pages used for memmap
[    0.000000]   DMA32 zone: 832726 pages, LIFO batch:31
[    0.000000]   Normal zone: 18424 pages used for memmap
[    0.000000]   Normal zone: 1179136 pages, LIFO batch:31
[    0.000000] tboot: non-0 tboot_addr but it is not of type E820_RESERVED
[    0.000000] ACPI: PM-Timer IO Port: 0x408
[    0.000000] ACPI: Local APIC address 0xfee00000
[    0.000000] ACPI: LAPIC (acpi_id[0x01] lapic_id[0x00] enabled)
[    0.000000] ACPI: LAPIC (acpi_id[0x02] lapic_id[0x02] enabled)
[    0.000000] ACPI: LAPIC (acpi_id[0x03] lapic_id[0x04] enabled)
[    0.000000] ACPI: LAPIC (acpi_id[0x04] lapic_id[0x06] enabled)
[    0.000000] ACPI: LAPIC (acpi_id[0x05] lapic_id[0x01] enabled)
[    0.000000] ACPI: LAPIC (acpi_id[0x06] lapic_id[0x03] enabled)
[    0.000000] ACPI: LAPIC (acpi_id[0x07] lapic_id[0x05] enabled)
[    0.000000] ACPI: LAPIC (acpi_id[0x08] lapic_id[0x07] enabled)
[    0.000000] ACPI: LAPIC_NMI (acpi_id[0xff] high edge lint[0x1])
[    0.000000] ACPI: IOAPIC (id[0x02] address[0xfec00000] gsi_base[0])
[    0.000000] IOAPIC[0]: apic_id 2, version 32, address 0xfec00000, GSI 0-23
[    0.000000] ACPI: INT_SRC_OVR (bus 0 bus_irq 0 global_irq 2 dfl dfl)
[    0.000000] ACPI: INT_SRC_OVR (bus 0 bus_irq 9 global_irq 9 high level)
[    0.000000] ACPI: IRQ0 used by override.
[    0.000000] ACPI: IRQ2 used by override.
[    0.000000] ACPI: IRQ9 used by override.
[    0.000000] Using ACPI (MADT) for SMP configuration information
[    0.000000] ACPI: HPET id: 0x8086a701 base: 0xfed00000
[    0.000000] smpboot: Allowing 8 CPUs, 0 hotplug CPUs
[    0.000000] nr_irqs_gsi: 40
[    0.000000] PM: Registered nosave memory: [mem 0x0009f000-0x0009ffff]
[    0.000000] PM: Registered nosave memory: [mem 0x000a0000-0x000fffff]
[    0.000000] PM: Registered nosave memory: [mem 0x20000000-0x201fffff]
[    0.000000] PM: Registered nosave memory: [mem 0x40004000-0x40004fff]
[    0.000000] PM: Registered nosave memory: [mem 0x8ae1b000-0x8ae1bfff]
[    0.000000] PM: Registered nosave memory: [mem 0x8ae27000-0x8ae27fff]
[    0.000000] PM: Registered nosave memory: [mem 0x8ae28000-0x8ae28fff]
[    0.000000] PM: Registered nosave memory: [mem 0x8ae38000-0x8ae38fff]
[    0.000000] PM: Registered nosave memory: [mem 0xcc290000-0xcc86cfff]
[    0.000000] PM: Registered nosave memory: [mem 0xcc86d000-0xcc87cfff]
[    0.000000] PM: Registered nosave memory: [mem 0xcc87d000-0xcc9a5fff]
[    0.000000] PM: Registered nosave memory: [mem 0xcc9a6000-0xcd7dffff]
[    0.000000] PM: Registered nosave memory: [mem 0xcd7e1000-0xcd823fff]
[    0.000000] PM: Registered nosave memory: [mem 0xcdc5e000-0xcdff3fff]
[    0.000000] PM: Registered nosave memory: [mem 0xce000000-0xceffffff]
[    0.000000] PM: Registered nosave memory: [mem 0xcf000000-0xdf1fffff]
[    0.000000] PM: Registered nosave memory: [mem 0xdf200000-0xf7ffffff]
[    0.000000] PM: Registered nosave memory: [mem 0xf8000000-0xfbffffff]
[    0.000000] PM: Registered nosave memory: [mem 0xfc000000-0xfebfffff]
[    0.000000] PM: Registered nosave memory: [mem 0xfec00000-0xfec00fff]
[    0.000000] PM: Registered nosave memory: [mem 0xfec01000-0xfecfffff]
[    0.000000] PM: Registered nosave memory: [mem 0xfed00000-0xfed03fff]
[    0.000000] PM: Registered nosave memory: [mem 0xfed04000-0xfed1bfff]
[    0.000000] PM: Registered nosave memory: [mem 0xfed1c000-0xfed1ffff]
[    0.000000] PM: Registered nosave memory: [mem 0xfed20000-0xfedfffff]
[    0.000000] PM: Registered nosave memory: [mem 0xfee00000-0xfee00fff]
[    0.000000] PM: Registered nosave memory: [mem 0xfee01000-0xfeffffff]
[    0.000000] PM: Registered nosave memory: [mem 0xff000000-0xffffffff]
[    0.000000] e820: [mem 0xdf200000-0xf7ffffff] available for PCI devices
[    0.000000] Booting paravirtualized kernel on bare hardware
[    0.000000] setup_percpu: NR_CPUS:1024 nr_cpumask_bits:8 nr_cpu_ids:8 nr_node_ids:1
[    0.000000] PERCPU: Embedded 29 pages/cpu @ffff88021fa00000 s86848 r8192 d23744 u262144
[    0.000000] pcpu-alloc: s86848 r8192 d23744 u262144 alloc=1*2097152
[    0.000000] pcpu-alloc: [0] 0 1 2 3 4 5 6 7 
[    0.000000] Built 1 zonelists in Zone order, mobility grouping on.  Total pages: 1984335
[    0.000000] Policy zone: Normal
[    0.000000] Kernel command line: BOOT_IMAGE=/vmlinuz-3.14.4-200.fc20.x86_64 root=UUID=8422c4c0-2f49-4c95-8372-3afcf41a2e23 ro rootflags=subvol=root vconsole.font=latarcyrheb-sun16 rhgb quiet LANG=fr_FR.UTF-8
[    0.000000] PID hash table entries: 4096 (order: 3, 32768 bytes)
[    0.000000] xsave: enabled xstate_bv 0x7, cntxt size 0x340
[    0.000000] Memory: 7607060K/8063440K available (7182K kernel code, 1079K rwdata, 3044K rodata, 1448K init, 1644K bss, 456380K reserved)
[    0.000000] SLUB: HWalign=64, Order=0-3, MinObjects=0, CPUs=8, Nodes=1
[    0.000000] Hierarchical RCU implementation.
[    0.000000] 	RCU restricting CPUs from NR_CPUS=1024 to nr_cpu_ids=8.
[    0.000000] RCU: Adjusting geometry for rcu_fanout_leaf=16, nr_cpu_ids=8
[    0.000000] NR_IRQS:65792 nr_irqs:744 16
[    0.000000] Console: colour dummy device 80x25
[    0.000000] console [tty0] enabled
[    0.000000] allocated 32505856 bytes of page_cgroup
[    0.000000] please try 'cgroup_disable=memory' option if you don't want memory cgroups
[    0.000000] hpet clockevent registered
[    0.000000] tsc: Fast TSC calibration using PIT
[    0.000000] tsc: Detected 3109.270 MHz processor
[    0.000027] Calibrating delay loop (skipped), value calculated using timer frequency.. 6218.54 BogoMIPS (lpj=3109270)
[    0.000029] pid_max: default: 32768 minimum: 301
[    0.000035] ACPI: Core revision 20131218
[    0.004061] ACPI: All ACPI Tables successfully acquired
[    0.014150] Security Framework initialized
[    0.014156] SELinux:  Initializing.
[    0.014161] SELinux:  Starting in permissive mode
[    0.014642] Dentry cache hash table entries: 1048576 (order: 11, 8388608 bytes)
[    0.016253] Inode-cache hash table entries: 524288 (order: 10, 4194304 bytes)
[    0.016955] Mount-cache hash table entries: 16384 (order: 5, 131072 bytes)
[    0.016966] Mountpoint-cache hash table entries: 16384 (order: 5, 131072 bytes)
[    0.017115] Initializing cgroup subsys memory
[    0.017119] Initializing cgroup subsys devices
[    0.017120] Initializing cgroup subsys freezer
[    0.017121] Initializing cgroup subsys net_cls
[    0.017122] Initializing cgroup subsys blkio
[    0.017123] Initializing cgroup subsys perf_event
[    0.017125] Initializing cgroup subsys hugetlb
[    0.017144] CPU: Physical Processor ID: 0
[    0.017145] CPU: Processor Core ID: 0
[    0.017148] ENERGY_PERF_BIAS: Set to 'normal', was 'performance'
ENERGY_PERF_BIAS: View and update with x86_energy_perf_policy(8)
[    0.017433] mce: CPU supports 9 MCE banks
[    0.017443] CPU0: Thermal monitoring enabled (TM1)
[    0.017452] Last level iTLB entries: 4KB 512, 2MB 8, 4MB 8
Last level dTLB entries: 4KB 512, 2MB 32, 4MB 32, 1GB 0
tlb_flushall_shift: 2
[    0.017529] Freeing SMP alternatives memory: 24K (ffffffff81e79000 - ffffffff81e7f000)
[    0.025317] ftrace: allocating 26320 entries in 103 pages
[    0.034929] dmar: Host address width 36
[    0.034931] dmar: DRHD base: 0x000000fed90000 flags: 0x0
[    0.034937] dmar: IOMMU 0: reg_base_addr fed90000 ver 1:0 cap c0000020e60262 ecap f0101a
[    0.034938] dmar: DRHD base: 0x000000fed91000 flags: 0x1
[    0.034942] dmar: IOMMU 1: reg_base_addr fed91000 ver 1:0 cap c9008020660262 ecap f0105a
[    0.034943] dmar: RMRR base: 0x000000cc7ef000 end: 0x000000cc800fff
[    0.034944] dmar: RMRR base: 0x000000cf000000 end: 0x000000df1fffff
[    0.035012] IOAPIC id 2 under DRHD base  0xfed91000 IOMMU 1
[    0.035013] HPET id 0 under DRHD base 0xfed91000
[    0.035014] Queued invalidation will be enabled to support x2apic and Intr-remapping.
[    0.035128] Enabled IRQ remapping in x2apic mode
[    0.035129] Enabling x2apic
[    0.035130] Enabled x2apic
[    0.035134] Switched APIC routing to cluster x2apic.
[    0.035542] ..TIMER: vector=0x30 apic1=0 pin1=2 apic2=-1 pin2=-1
[    0.045533] smpboot: CPU0: Intel(R) Core(TM) i7-3770S CPU @ 3.10GHz (fam: 06, model: 3a, stepping: 09)
[    0.045539] TSC deadline timer enabled
[    0.045545] Performance Events: PEBS fmt1+, 16-deep LBR, IvyBridge events, full-width counters, Intel PMU driver.
[    0.045551] ... version:                3
[    0.045551] ... bit width:              48
[    0.045552] ... generic registers:      4
[    0.045553] ... value mask:             0000ffffffffffff
[    0.045553] ... max period:             0000ffffffffffff
[    0.045554] ... fixed-purpose events:   3
[    0.045554] ... event mask:             000000070000000f
[    0.046517] x86: Booting SMP configuration:
[    0.046518] .... node  #0, CPUs:      #1
[    0.059988] NMI watchdog: enabled on all CPUs, permanently consumes one hw-PMU counter.
[    0.060050]  #2 #3 #4 #5 #6 #7
[    0.140858] x86: Booted up 1 node, 8 CPUs
[    0.140861] smpboot: Total of 8 processors activated (49748.32 BogoMIPS)
[    0.147658] devtmpfs: initialized
[    0.149836] PM: Registering ACPI NVS region [mem 0xcc87d000-0xcc9a5fff] (1216512 bytes)
[    0.149850] PM: Registering ACPI NVS region [mem 0xcd7e1000-0xcd823fff] (274432 bytes)
[    0.150549] atomic64 test passed for x86-64 platform with CX8 and with SSE
[    0.150550] pinctrl core: initialized pinctrl subsystem
[    0.150582] RTC time:  9:33:26, date: 05/23/14
[    0.150607] NET: Registered protocol family 16
[    0.150677] cpuidle: using governor menu
[    0.150733] ACPI FADT declares the system doesn't support PCIe ASPM, so disable it
[    0.150735] ACPI: bus type PCI registered
[    0.150736] acpiphp: ACPI Hot Plug PCI Controller Driver version: 0.5
[    0.150781] PCI: MMCONFIG for domain 0000 [bus 00-3f] at [mem 0xf8000000-0xfbffffff] (base 0xf8000000)
[    0.150782] PCI: MMCONFIG at [mem 0xf8000000-0xfbffffff] reserved in E820
[    0.157692] PCI: Using configuration type 1 for base access
[    0.157917] mtrr: your CPUs had inconsistent fixed MTRR settings
[    0.157917] mtrr: probably your BIOS does not setup all CPUs.
[    0.157918] mtrr: corrected configuration.
[    0.158691] bio: create slab <bio-0> at 0
[    0.158775] ACPI: Added _OSI(Module Device)
[    0.158776] ACPI: Added _OSI(Processor Device)
[    0.158777] ACPI: Added _OSI(3.0 _SCP Extensions)
[    0.158778] ACPI: Added _OSI(Processor Aggregator Device)
[    0.160688] ACPI: Executed 1 blocks of module-level executable AML code
[    0.166745] ACPI: SSDT 00000000cc81a018 00083B (v01  PmRef  Cpu0Cst 00003001 INTL 20051117)
[    0.166990] ACPI: Dynamic OEM Table Load:
[    0.166992] ACPI: SSDT           (null) 00083B (v01  PmRef  Cpu0Cst 00003001 INTL 20051117)
[    0.170632] ACPI: SSDT 00000000cc81ba98 000303 (v01  PmRef    ApIst 00003000 INTL 20051117)
[    0.170894] ACPI: Dynamic OEM Table Load:
[    0.170895] ACPI: SSDT           (null) 000303 (v01  PmRef    ApIst 00003000 INTL 20051117)
[    0.173543] ACPI: SSDT 00000000cc81cc18 000119 (v01  PmRef    ApCst 00003000 INTL 20051117)
[    0.173783] ACPI: Dynamic OEM Table Load:
[    0.173784] ACPI: SSDT           (null) 000119 (v01  PmRef    ApCst 00003000 INTL 20051117)
[    0.179325] ACPI: Interpreter enabled
[    0.179330] ACPI Exception: AE_NOT_FOUND, While evaluating Sleep State [\_S1_] (20131218/hwxface-580)
[    0.179333] ACPI Exception: AE_NOT_FOUND, While evaluating Sleep State [\_S2_] (20131218/hwxface-580)
[    0.179343] ACPI: (supports S0 S3 S4 S5)
[    0.179344] ACPI: Using IOAPIC for interrupt routing
[    0.179362] PCI: Using host bridge windows from ACPI; if necessary, use "pci=nocrs" and report a bug
[    0.179477] ACPI: No dock devices found.
[    0.184340] ACPI: Power Resource [FN00] (off)
[    0.184398] ACPI: Power Resource [FN01] (off)
[    0.184455] ACPI: Power Resource [FN02] (off)
[    0.184517] ACPI: Power Resource [FN03] (off)
[    0.184574] ACPI: Power Resource [FN04] (off)
[    0.185001] ACPI: PCI Root Bridge [PCI0] (domain 0000 [bus 00-3e])
[    0.185005] acpi PNP0A08:00: _OSC: OS supports [ExtendedConfig ASPM ClockPM Segments MSI]
[    0.185154] acpi PNP0A08:00: _OSC: platform does not support [PCIeHotplug PME]
[    0.185243] acpi PNP0A08:00: _OSC: OS now controls [AER PCIeCapability]
[    0.185689] PCI host bridge to bus 0000:00
[    0.185691] pci_bus 0000:00: root bus resource [bus 00-3e]
[    0.185693] pci_bus 0000:00: root bus resource [io  0x0000-0x0cf7]
[    0.185694] pci_bus 0000:00: root bus resource [io  0x0d00-0xffff]
[    0.185695] pci_bus 0000:00: root bus resource [mem 0x000a0000-0x000bffff]
[    0.185696] pci_bus 0000:00: root bus resource [mem 0x000d0000-0x000d3fff]
[    0.185698] pci_bus 0000:00: root bus resource [mem 0x000d4000-0x000d7fff]
[    0.185699] pci_bus 0000:00: root bus resource [mem 0x000d8000-0x000dbfff]
[    0.185700] pci_bus 0000:00: root bus resource [mem 0x000dc000-0x000dffff]
[    0.185701] pci_bus 0000:00: root bus resource [mem 0xdf200000-0xfeafffff]
[    0.185707] pci 0000:00:00.0: [8086:0150] type 00 class 0x060000
[    0.185774] pci 0000:00:01.0: [8086:0151] type 01 class 0x060400
[    0.185800] pci 0000:00:01.0: PME# supported from D0 D3hot D3cold
[    0.185831] pci 0000:00:01.0: System wakeup disabled by ACPI
[    0.185860] pci 0000:00:02.0: [8086:0162] type 00 class 0x030000
[    0.185868] pci 0000:00:02.0: reg 0x10: [mem 0xf7800000-0xf7bfffff 64bit]
[    0.185873] pci 0000:00:02.0: reg 0x18: [mem 0xe0000000-0xefffffff 64bit pref]
[    0.185876] pci 0000:00:02.0: reg 0x20: [io  0xf000-0xf03f]
[    0.185955] pci 0000:00:14.0: [8086:1e31] type 00 class 0x0c0330
[    0.185974] pci 0000:00:14.0: reg 0x10: [mem 0xf7e00000-0xf7e0ffff 64bit]
[    0.186039] pci 0000:00:14.0: PME# supported from D3hot D3cold
[    0.186071] pci 0000:00:14.0: System wakeup disabled by ACPI
[    0.186102] pci 0000:00:16.0: [8086:1e3a] type 00 class 0x078000
[    0.186123] pci 0000:00:16.0: reg 0x10: [mem 0xf7e1a000-0xf7e1a00f 64bit]
[    0.186193] pci 0000:00:16.0: PME# supported from D0 D3hot D3cold
[    0.186261] pci 0000:00:1a.0: [8086:1e2d] type 00 class 0x0c0320
[    0.186280] pci 0000:00:1a.0: reg 0x10: [mem 0xf7e18000-0xf7e183ff]
[    0.186362] pci 0000:00:1a.0: PME# supported from D0 D3hot D3cold
[    0.186406] pci 0000:00:1a.0: System wakeup disabled by ACPI
[    0.186436] pci 0000:00:1b.0: [8086:1e20] type 00 class 0x040300
[    0.186447] pci 0000:00:1b.0: reg 0x10: [mem 0xf7e10000-0xf7e13fff 64bit]
[    0.186509] pci 0000:00:1b.0: PME# supported from D0 D3hot D3cold
[    0.186544] pci 0000:00:1b.0: System wakeup disabled by ACPI
[    0.186571] pci 0000:00:1c.0: [8086:1e10] type 01 class 0x060400
[    0.186645] pci 0000:00:1c.0: PME# supported from D0 D3hot D3cold
[    0.186683] pci 0000:00:1c.0: System wakeup disabled by ACPI
[    0.186712] pci 0000:00:1c.5: [8086:1e1a] type 01 class 0x060400
[    0.186786] pci 0000:00:1c.5: PME# supported from D0 D3hot D3cold
[    0.186823] pci 0000:00:1c.5: System wakeup disabled by ACPI
[    0.186849] pci 0000:00:1c.6: [8086:1e1c] type 01 class 0x060400
[    0.186922] pci 0000:00:1c.6: PME# supported from D0 D3hot D3cold
[    0.186958] pci 0000:00:1c.6: System wakeup disabled by ACPI
[    0.186985] pci 0000:00:1c.7: [8086:1e1e] type 01 class 0x060400
[    0.187058] pci 0000:00:1c.7: PME# supported from D0 D3hot D3cold
[    0.187094] pci 0000:00:1c.7: System wakeup disabled by ACPI
[    0.187124] pci 0000:00:1d.0: [8086:1e26] type 00 class 0x0c0320
[    0.187143] pci 0000:00:1d.0: reg 0x10: [mem 0xf7e17000-0xf7e173ff]
[    0.187225] pci 0000:00:1d.0: PME# supported from D0 D3hot D3cold
[    0.187268] pci 0000:00:1d.0: System wakeup disabled by ACPI
[    0.187299] pci 0000:00:1f.0: [8086:1e44] type 00 class 0x060100
[    0.187449] pci 0000:00:1f.2: [8086:1e02] type 00 class 0x010601
[    0.187465] pci 0000:00:1f.2: reg 0x10: [io  0xf0b0-0xf0b7]
[    0.187472] pci 0000:00:1f.2: reg 0x14: [io  0xf0a0-0xf0a3]
[    0.187481] pci 0000:00:1f.2: reg 0x18: [io  0xf090-0xf097]
[    0.187487] pci 0000:00:1f.2: reg 0x1c: [io  0xf080-0xf083]
[    0.187493] pci 0000:00:1f.2: reg 0x20: [io  0xf060-0xf07f]
[    0.187500] pci 0000:00:1f.2: reg 0x24: [mem 0xf7e16000-0xf7e167ff]
[    0.187539] pci 0000:00:1f.2: PME# supported from D3hot
[    0.187594] pci 0000:00:1f.3: [8086:1e22] type 00 class 0x0c0500
[    0.187607] pci 0000:00:1f.3: reg 0x10: [mem 0xf7e15000-0xf7e150ff 64bit]
[    0.187625] pci 0000:00:1f.3: reg 0x20: [io  0xf040-0xf05f]
[    0.187713] pci 0000:00:01.0: PCI bridge to [bus 01]
[    0.187767] pci 0000:00:1c.0: PCI bridge to [bus 02]
[    0.187848] pci 0000:03:00.0: [10ec:8168] type 00 class 0x020000
[    0.187866] pci 0000:03:00.0: reg 0x10: [io  0xe000-0xe0ff]
[    0.187899] pci 0000:03:00.0: reg 0x18: [mem 0xf0004000-0xf0004fff 64bit pref]
[    0.187919] pci 0000:03:00.0: reg 0x20: [mem 0xf0000000-0xf0003fff 64bit pref]
[    0.188025] pci 0000:03:00.0: supports D1 D2
[    0.188027] pci 0000:03:00.0: PME# supported from D0 D1 D2 D3hot D3cold
[    0.188064] pci 0000:03:00.0: System wakeup disabled by ACPI
[    0.189500] pci 0000:00:1c.5: PCI bridge to [bus 03]
[    0.189505] pci 0000:00:1c.5:   bridge window [io  0xe000-0xefff]
[    0.189514] pci 0000:00:1c.5:   bridge window [mem 0xf0000000-0xf00fffff 64bit pref]
[    0.189605] pci 0000:04:00.0: [1b21:1040] type 00 class 0x0c0330
[    0.189632] pci 0000:04:00.0: reg 0x10: [mem 0xf7d00000-0xf7d07fff 64bit]
[    0.189784] pci 0000:04:00.0: PME# supported from D3hot D3cold
[    0.189818] pci 0000:04:00.0: System wakeup disabled by ACPI
[    0.191499] pci 0000:00:1c.6: PCI bridge to [bus 04]
[    0.191506] pci 0000:00:1c.6:   bridge window [mem 0xf7d00000-0xf7dfffff]
[    0.191596] pci 0000:05:00.0: [1b21:0612] type 00 class 0x010601
[    0.191614] pci 0000:05:00.0: reg 0x10: [io  0xd050-0xd057]
[    0.191627] pci 0000:05:00.0: reg 0x14: [io  0xd040-0xd043]
[    0.191639] pci 0000:05:00.0: reg 0x18: [io  0xd030-0xd037]
[    0.191652] pci 0000:05:00.0: reg 0x1c: [io  0xd020-0xd023]
[    0.191664] pci 0000:05:00.0: reg 0x20: [io  0xd000-0xd01f]
[    0.191677] pci 0000:05:00.0: reg 0x24: [mem 0xf7c00000-0xf7c001ff]
[    0.191781] pci 0000:05:00.0: System wakeup disabled by ACPI
[    0.193500] pci 0000:00:1c.7: PCI bridge to [bus 05]
[    0.193505] pci 0000:00:1c.7:   bridge window [io  0xd000-0xdfff]
[    0.193509] pci 0000:00:1c.7:   bridge window [mem 0xf7c00000-0xf7cfffff]
[    0.193553] acpi PNP0A08:00: Disabling ASPM (FADT indicates it is unsupported)
[    0.193742] ACPI: PCI Interrupt Link [LNKA] (IRQs 3 4 5 6 10 *11 12 14 15)
[    0.193777] ACPI: PCI Interrupt Link [LNKB] (IRQs 3 4 5 6 *10 11 12 14 15)
[    0.193810] ACPI: PCI Interrupt Link [LNKC] (IRQs 3 4 *5 6 10 11 12 14 15)
[    0.193843] ACPI: PCI Interrupt Link [LNKD] (IRQs 3 4 *5 6 10 11 12 14 15)
[    0.193875] ACPI: PCI Interrupt Link [LNKE] (IRQs 3 4 5 6 10 11 12 14 15) *0, disabled.
[    0.193909] ACPI: PCI Interrupt Link [LNKF] (IRQs 3 4 5 6 *10 11 12 14 15)
[    0.193942] ACPI: PCI Interrupt Link [LNKG] (IRQs 3 4 5 6 10 *11 12 14 15)
[    0.193974] ACPI: PCI Interrupt Link [LNKH] (IRQs *3 4 5 6 10 11 12 14 15)
[    0.194045] ACPI: Enabled 4 GPEs in block 00 to 3F
[    0.194058] ACPI : EC: GPE = 0x18, I/O: command/status = 0x66, data = 0x62
[    0.194118] vgaarb: device added: PCI:0000:00:02.0,decodes=io+mem,owns=io+mem,locks=none
[    0.194120] vgaarb: loaded
[    0.194121] vgaarb: bridge control possible 0000:00:02.0
[    0.194164] SCSI subsystem initialized
[    0.194191] libata version 3.00 loaded.
[    0.194207] ACPI: bus type USB registered
[    0.194222] usbcore: registered new interface driver usbfs
[    0.194228] usbcore: registered new interface driver hub
[    0.194241] usbcore: registered new device driver usb
[    0.194318] PCI: Using ACPI for IRQ routing
[    0.195678] PCI: pci_cache_line_size set to 64 bytes
[    0.195721] e820: reserve RAM buffer [mem 0x0009f000-0x0009ffff]
[    0.195722] e820: reserve RAM buffer [mem 0x40004000-0x43ffffff]
[    0.195723] e820: reserve RAM buffer [mem 0x8ae1b018-0x8bffffff]
[    0.195724] e820: reserve RAM buffer [mem 0x8ae28018-0x8bffffff]
[    0.195725] e820: reserve RAM buffer [mem 0xcc290000-0xcfffffff]
[    0.195727] e820: reserve RAM buffer [mem 0xcd7e1000-0xcfffffff]
[    0.195728] e820: reserve RAM buffer [mem 0xcdc5e000-0xcfffffff]
[    0.195729] e820: reserve RAM buffer [mem 0xce000000-0xcfffffff]
[    0.195730] e820: reserve RAM buffer [mem 0x21fe00000-0x21fffffff]
[    0.195793] NetLabel: Initializing
[    0.195794] NetLabel:  domain hash size = 128
[    0.195795] NetLabel:  protocols = UNLABELED CIPSOv4
[    0.195803] NetLabel:  unlabeled traffic allowed by default
[    0.195836] hpet0: at MMIO 0xfed00000, IRQs 2, 8, 0, 0, 0, 0, 0, 0
[    0.195840] hpet0: 8 comparators, 64-bit 14.318180 MHz counter
[    0.197857] Switched to clocksource hpet
[    0.201794] pnp: PnP ACPI init
[    0.201803] ACPI: bus type PNP registered
[    0.201865] system 00:00: [mem 0xfed40000-0xfed44fff] has been reserved
[    0.201867] system 00:00: Plug and Play ACPI device, IDs PNP0c01 (active)
[    0.201875] pnp 00:01: [dma 4]
[    0.201888] pnp 00:01: Plug and Play ACPI device, IDs PNP0200 (active)
[    0.201902] pnp 00:02: Plug and Play ACPI device, IDs INT0800 (active)
[    0.201965] pnp 00:03: Plug and Play ACPI device, IDs PNP0103 (active)
[    0.201994] system 00:04: [io  0x0680-0x069f] has been reserved
[    0.201995] system 00:04: [io  0x1000-0x100f] has been reserved
[    0.201997] system 00:04: [io  0xffff] has been reserved
[    0.201998] system 00:04: [io  0xffff] has been reserved
[    0.201999] system 00:04: [io  0x0400-0x0453] could not be reserved
[    0.202001] system 00:04: [io  0x0458-0x047f] has been reserved
[    0.202002] system 00:04: [io  0x0500-0x057f] has been reserved
[    0.202003] system 00:04: [io  0x164e-0x164f] has been reserved
[    0.202005] system 00:04: Plug and Play ACPI device, IDs PNP0c02 (active)
[    0.202028] pnp 00:05: Plug and Play ACPI device, IDs PNP0b00 (active)
[    0.202059] system 00:06: [io  0x0454-0x0457] has been reserved
[    0.202061] system 00:06: Plug and Play ACPI device, IDs INT3f0d PNP0c02 (active)
[    0.202132] system 00:07: [io  0x0a00-0x0a1f] has been reserved
[    0.202135] system 00:07: [io  0x0290-0x029f] has been reserved
[    0.202136] system 00:07: Plug and Play ACPI device, IDs PNP0c02 (active)
[    0.202172] system 00:08: [io  0x04d0-0x04d1] has been reserved
[    0.202174] system 00:08: Plug and Play ACPI device, IDs PNP0c02 (active)
[    0.202193] pnp 00:09: Plug and Play ACPI device, IDs PNP0c04 (active)
[    0.202330] pnp 00:0a: [dma 0 disabled]
[    0.202364] pnp 00:0a: Plug and Play ACPI device, IDs PNP0501 (active)
[    0.202396] pnp 00:0b: Plug and Play ACPI device, IDs PNP0303 PNP030b (active)
[    0.202553] system 00:0c: [mem 0xfed1c000-0xfed1ffff] has been reserved
[    0.202554] system 00:0c: [mem 0xfed10000-0xfed17fff] has been reserved
[    0.202556] system 00:0c: [mem 0xfed18000-0xfed18fff] has been reserved
[    0.202557] system 00:0c: [mem 0xfed19000-0xfed19fff] has been reserved
[    0.202558] system 00:0c: [mem 0xf8000000-0xfbffffff] has been reserved
[    0.202560] system 00:0c: [mem 0xfed20000-0xfed3ffff] has been reserved
[    0.202561] system 00:0c: [mem 0xfed90000-0xfed93fff] could not be reserved
[    0.202562] system 00:0c: [mem 0xfed45000-0xfed8ffff] has been reserved
[    0.202564] system 00:0c: [mem 0xff000000-0xffffffff] has been reserved
[    0.202565] system 00:0c: [mem 0xfee00000-0xfeefffff] could not be reserved
[    0.202567] system 00:0c: [mem 0xdf200000-0xdf200fff] has been reserved
[    0.202568] system 00:0c: Plug and Play ACPI device, IDs PNP0c02 (active)
[    0.202678] system 00:0d: [mem 0x20000000-0x201fffff] has been reserved
[    0.202679] system 00:0d: [mem 0x40004000-0x40004fff] has been reserved
[    0.202681] system 00:0d: Plug and Play ACPI device, IDs PNP0c01 (active)
[    0.202696] pnp: PnP ACPI: found 14 devices
[    0.202697] ACPI: bus type PNP unregistered
[    0.208679] pci 0000:00:01.0: PCI bridge to [bus 01]
[    0.208684] pci 0000:00:1c.0: PCI bridge to [bus 02]
[    0.208694] pci 0000:00:1c.5: PCI bridge to [bus 03]
[    0.208697] pci 0000:00:1c.5:   bridge window [io  0xe000-0xefff]
[    0.208703] pci 0000:00:1c.5:   bridge window [mem 0xf0000000-0xf00fffff 64bit pref]
[    0.208708] pci 0000:00:1c.6: PCI bridge to [bus 04]
[    0.208712] pci 0000:00:1c.6:   bridge window [mem 0xf7d00000-0xf7dfffff]
[    0.208719] pci 0000:00:1c.7: PCI bridge to [bus 05]
[    0.208721] pci 0000:00:1c.7:   bridge window [io  0xd000-0xdfff]
[    0.208725] pci 0000:00:1c.7:   bridge window [mem 0xf7c00000-0xf7cfffff]
[    0.208733] pci_bus 0000:00: resource 4 [io  0x0000-0x0cf7]
[    0.208734] pci_bus 0000:00: resource 5 [io  0x0d00-0xffff]
[    0.208735] pci_bus 0000:00: resource 6 [mem 0x000a0000-0x000bffff]
[    0.208737] pci_bus 0000:00: resource 7 [mem 0x000d0000-0x000d3fff]
[    0.208738] pci_bus 0000:00: resource 8 [mem 0x000d4000-0x000d7fff]
[    0.208739] pci_bus 0000:00: resource 9 [mem 0x000d8000-0x000dbfff]
[    0.208741] pci_bus 0000:00: resource 10 [mem 0x000dc000-0x000dffff]
[    0.208742] pci_bus 0000:00: resource 11 [mem 0xdf200000-0xfeafffff]
[    0.208743] pci_bus 0000:03: resource 0 [io  0xe000-0xefff]
[    0.208745] pci_bus 0000:03: resource 2 [mem 0xf0000000-0xf00fffff 64bit pref]
[    0.208746] pci_bus 0000:04: resource 1 [mem 0xf7d00000-0xf7dfffff]
[    0.208748] pci_bus 0000:05: resource 0 [io  0xd000-0xdfff]
[    0.208749] pci_bus 0000:05: resource 1 [mem 0xf7c00000-0xf7cfffff]
[    0.208772] NET: Registered protocol family 2
[    0.208900] TCP established hash table entries: 65536 (order: 7, 524288 bytes)
[    0.209020] TCP bind hash table entries: 65536 (order: 8, 1048576 bytes)
[    0.209120] TCP: Hash tables configured (established 65536 bind 65536)
[    0.209131] TCP: reno registered
[    0.209140] UDP hash table entries: 4096 (order: 5, 131072 bytes)
[    0.209162] UDP-Lite hash table entries: 4096 (order: 5, 131072 bytes)
[    0.209211] NET: Registered protocol family 1
[    0.209220] pci 0000:00:02.0: Boot video device
[    0.240006] PCI: CLS 64 bytes, default 64
[    0.240036] Unpacking initramfs...
[    0.446022] Freeing initrd memory: 17800K (ffff88003da5b000 - ffff88003ebbd000)
[    0.446048] PCI-DMA: Using software bounce buffering for IO (SWIOTLB)
[    0.446050] software IO TLB [mem 0xb664d000-0xba64d000] (64MB) mapped at [ffff8800b664d000-ffff8800ba64cfff]
[    0.446296] RAPL PMU detected, hw unit 2^-16 Joules, API unit is 2^-32 Joules, 3 fixed counters 163840 ms ovfl timer
[    0.446703] AVX version of gcm_enc/dec engaged.
[    0.448060] alg: No test for __gcm-aes-aesni (__driver-gcm-aes-aesni)
[    0.448343] futex hash table entries: 2048 (order: 5, 131072 bytes)
[    0.448359] Initialise system trusted keyring
[    0.448390] audit: initializing netlink subsys (disabled)
[    0.448401] audit: type=2000 audit(1400837606.419:1): initialized
[    0.466219] HugeTLB registered 2 MB page size, pre-allocated 0 pages
[    0.467131] zbud: loaded
[    0.467231] VFS: Disk quotas dquot_6.5.2
[    0.467261] Dquot-cache hash table entries: 512 (order 0, 4096 bytes)
[    0.467511] msgmni has been set to 15336
[    0.467551] Key type big_key registered
[    0.467552] SELinux:  Registering netfilter hooks
[    0.468313] alg: No test for stdrng (krng)
[    0.468318] NET: Registered protocol family 38
[    0.468319] Key type asymmetric registered
[    0.468321] Asymmetric key parser 'x509' registered
[    0.468344] Block layer SCSI generic (bsg) driver version 0.4 loaded (major 252)
[    0.468374] io scheduler noop registered
[    0.468375] io scheduler deadline registered
[    0.468397] io scheduler cfq registered (default)
[    0.468534] pcieport 0000:00:01.0: irq 42 for MSI/MSI-X
[    0.468878] pci_hotplug: PCI Hot Plug PCI Core version: 0.5
[    0.468888] pciehp: PCI Express Hot Plug Controller Driver version: 0.4
[    0.468913] efifb: probing for efifb
[    0.469265] efifb: framebuffer at 0xe0000000, mapped to 0xffffc90004f00000, using 3072k, total 3072k
[    0.469265] efifb: mode is 1024x768x32, linelength=4096, pages=1
[    0.469266] efifb: scrolling: redraw
[    0.469267] efifb: Truecolor: size=8:8:8:8, shift=24:16:8:0
[    0.469317] Console: switching to colour frame buffer device 128x48
[    0.470709] fb0: EFI VGA frame buffer device
[    0.470714] intel_idle: MWAIT substates: 0x1120
[    0.470715] intel_idle: v0.4 model 0x3A
[    0.470716] intel_idle: lapic_timer_reliable_states 0xffffffff
[    0.470922] input: Power Button as /devices/LNXSYSTM:00/device:00/PNP0C0C:00/input/input0
[    0.470925] ACPI: Power Button [PWRB]
[    0.470952] input: Power Button as /devices/LNXSYSTM:00/LNXPWRBN:00/input/input1
[    0.470954] ACPI: Power Button [PWRF]
[    0.470999] ACPI: Fan [FAN0] (off)
[    0.471018] ACPI: Fan [FAN1] (off)
[    0.471037] ACPI: Fan [FAN2] (off)
[    0.471054] ACPI: Fan [FAN3] (off)
[    0.471073] ACPI: Fan [FAN4] (off)
[    0.476821] thermal LNXTHERM:00: registered as thermal_zone0
[    0.476823] ACPI: Thermal Zone [TZ00] (28 C)
[    0.476981] thermal LNXTHERM:01: registered as thermal_zone1
[    0.476982] ACPI: Thermal Zone [TZ01] (30 C)
[    0.477000] GHES: HEST is not enabled!
[    0.477036] Serial: 8250/16550 driver, 4 ports, IRQ sharing enabled
[    0.497590] 00:0a: ttyS0 at I/O 0x3f8 (irq = 4, base_baud = 115200) is a 16550A
[    0.497916] Non-volatile memory driver v1.3
[    0.497917] Linux agpgart interface v0.103
[    0.498003] ahci 0000:00:1f.2: version 3.0
[    0.498079] ahci 0000:00:1f.2: irq 43 for MSI/MSI-X
[    0.508555] ahci 0000:00:1f.2: AHCI 0001.0300 32 slots 6 ports 6 Gbps 0x13 impl SATA mode
[    0.508558] ahci 0000:00:1f.2: flags: 64bit ncq led clo pio slum part ems apst 
[    0.512959] scsi0 : ahci
[    0.513101] scsi1 : ahci
[    0.513234] scsi2 : ahci
[    0.513412] scsi3 : ahci
[    0.513577] scsi4 : ahci
[    0.513690] scsi5 : ahci
[    0.513718] ata1: SATA max UDMA/133 abar m2048@0xf7e16000 port 0xf7e16100 irq 43
[    0.513720] ata2: SATA max UDMA/133 abar m2048@0xf7e16000 port 0xf7e16180 irq 43
[    0.513721] ata3: DUMMY
[    0.513721] ata4: DUMMY
[    0.513723] ata5: SATA max UDMA/133 abar m2048@0xf7e16000 port 0xf7e16300 irq 43
[    0.513723] ata6: DUMMY
[    0.513823] ahci 0000:05:00.0: irq 44 for MSI/MSI-X
[    0.513842] ahci 0000:05:00.0: SSS flag set, parallel bus scan disabled
[    0.513890] ahci 0000:05:00.0: AHCI 0001.0200 32 slots 2 ports 6 Gbps 0x3 impl SATA mode
[    0.513892] ahci 0000:05:00.0: flags: 64bit ncq sntf stag led clo pmp pio slum part ccc sxs 
[    0.514102] scsi6 : ahci
[    0.514176] scsi7 : ahci
[    0.514207] ata7: SATA max UDMA/133 abar m512@0xf7c00000 port 0xf7c00100 irq 44
[    0.514209] ata8: SATA max UDMA/133 abar m512@0xf7c00000 port 0xf7c00180 irq 44
[    0.514250] libphy: Fixed MDIO Bus: probed
[    0.514305] ehci_hcd: USB 2.0 'Enhanced' Host Controller (EHCI) Driver
[    0.514307] ehci-pci: EHCI PCI platform driver
[    0.514378] ehci-pci 0000:00:1a.0: EHCI Host Controller
[    0.514408] ehci-pci 0000:00:1a.0: new USB bus registered, assigned bus number 1
[    0.514419] ehci-pci 0000:00:1a.0: debug port 2
[    0.518319] ehci-pci 0000:00:1a.0: cache line size of 64 is not supported
[    0.518331] ehci-pci 0000:00:1a.0: irq 23, io mem 0xf7e18000
[    0.523518] ehci-pci 0000:00:1a.0: USB 2.0 started, EHCI 1.00
[    0.523543] usb usb1: New USB device found, idVendor=1d6b, idProduct=0002
[    0.523545] usb usb1: New USB device strings: Mfr=3, Product=2, SerialNumber=1
[    0.523546] usb usb1: Product: EHCI Host Controller
[    0.523547] usb usb1: Manufacturer: Linux 3.14.4-200.fc20.x86_64 ehci_hcd
[    0.523548] usb usb1: SerialNumber: 0000:00:1a.0
[    0.523630] hub 1-0:1.0: USB hub found
[    0.523634] hub 1-0:1.0: 2 ports detected
[    0.523775] ehci-pci 0000:00:1d.0: EHCI Host Controller
[    0.523804] ehci-pci 0000:00:1d.0: new USB bus registered, assigned bus number 2
[    0.523814] ehci-pci 0000:00:1d.0: debug port 2
[    0.527709] ehci-pci 0000:00:1d.0: cache line size of 64 is not supported
[    0.527712] ehci-pci 0000:00:1d.0: irq 23, io mem 0xf7e17000
[    0.533509] ehci-pci 0000:00:1d.0: USB 2.0 started, EHCI 1.00
[    0.533530] usb usb2: New USB device found, idVendor=1d6b, idProduct=0002
[    0.533532] usb usb2: New USB device strings: Mfr=3, Product=2, SerialNumber=1
[    0.533533] usb usb2: Product: EHCI Host Controller
[    0.533534] usb usb2: Manufacturer: Linux 3.14.4-200.fc20.x86_64 ehci_hcd
[    0.533535] usb usb2: SerialNumber: 0000:00:1d.0
[    0.533604] hub 2-0:1.0: USB hub found
[    0.533608] hub 2-0:1.0: 2 ports detected
[    0.533684] ohci_hcd: USB 1.1 'Open' Host Controller (OHCI) Driver
[    0.533686] ohci-pci: OHCI PCI platform driver
[    0.533692] uhci_hcd: USB Universal Host Controller Interface driver
[    0.533772] xhci_hcd 0000:00:14.0: xHCI Host Controller
[    0.533800] xhci_hcd 0000:00:14.0: new USB bus registered, assigned bus number 3
[    0.533876] xhci_hcd 0000:00:14.0: cache line size of 64 is not supported
[    0.533892] xhci_hcd 0000:00:14.0: irq 45 for MSI/MSI-X
[    0.533937] usb usb3: New USB device found, idVendor=1d6b, idProduct=0002
[    0.533939] usb usb3: New USB device strings: Mfr=3, Product=2, SerialNumber=1
[    0.533940] usb usb3: Product: xHCI Host Controller
[    0.533941] usb usb3: Manufacturer: Linux 3.14.4-200.fc20.x86_64 xhci_hcd
[    0.533942] usb usb3: SerialNumber: 0000:00:14.0
[    0.534008] hub 3-0:1.0: USB hub found
[    0.534015] hub 3-0:1.0: 4 ports detected
[    0.534232] xhci_hcd 0000:00:14.0: xHCI Host Controller
[    0.534258] xhci_hcd 0000:00:14.0: new USB bus registered, assigned bus number 4
[    0.534282] usb usb4: New USB device found, idVendor=1d6b, idProduct=0003
[    0.534283] usb usb4: New USB device strings: Mfr=3, Product=2, SerialNumber=1
[    0.534284] usb usb4: Product: xHCI Host Controller
[    0.534285] usb usb4: Manufacturer: Linux 3.14.4-200.fc20.x86_64 xhci_hcd
[    0.534286] usb usb4: SerialNumber: 0000:00:14.0
[    0.534349] hub 4-0:1.0: USB hub found
[    0.534356] hub 4-0:1.0: 4 ports detected
[    0.534610] xhci_hcd 0000:04:00.0: xHCI Host Controller
[    0.534640] xhci_hcd 0000:04:00.0: new USB bus registered, assigned bus number 5
[    0.540371] xhci_hcd 0000:04:00.0: irq 46 for MSI/MSI-X
[    0.540376] xhci_hcd 0000:04:00.0: irq 47 for MSI/MSI-X
[    0.540380] xhci_hcd 0000:04:00.0: irq 48 for MSI/MSI-X
[    0.540384] xhci_hcd 0000:04:00.0: irq 49 for MSI/MSI-X
[    0.540389] xhci_hcd 0000:04:00.0: irq 50 for MSI/MSI-X
[    0.540393] xhci_hcd 0000:04:00.0: irq 51 for MSI/MSI-X
[    0.540397] xhci_hcd 0000:04:00.0: irq 52 for MSI/MSI-X
[    0.540401] xhci_hcd 0000:04:00.0: irq 53 for MSI/MSI-X
[    0.540538] usb usb5: New USB device found, idVendor=1d6b, idProduct=0002
[    0.540540] usb usb5: New USB device strings: Mfr=3, Product=2, SerialNumber=1
[    0.540541] usb usb5: Product: xHCI Host Controller
[    0.540542] usb usb5: Manufacturer: Linux 3.14.4-200.fc20.x86_64 xhci_hcd
[    0.540543] usb usb5: SerialNumber: 0000:04:00.0
[    0.540606] hub 5-0:1.0: USB hub found
[    0.540612] hub 5-0:1.0: 2 ports detected
[    0.540667] xhci_hcd 0000:04:00.0: xHCI Host Controller
[    0.540694] xhci_hcd 0000:04:00.0: new USB bus registered, assigned bus number 6
[    0.540729] usb usb6: New USB device found, idVendor=1d6b, idProduct=0003
[    0.540730] usb usb6: New USB device strings: Mfr=3, Product=2, SerialNumber=1
[    0.540732] usb usb6: Product: xHCI Host Controller
[    0.540733] usb usb6: Manufacturer: Linux 3.14.4-200.fc20.x86_64 xhci_hcd
[    0.540734] usb usb6: SerialNumber: 0000:04:00.0
[    0.540793] hub 6-0:1.0: USB hub found
[    0.540800] hub 6-0:1.0: 2 ports detected
[    0.540875] usbcore: registered new interface driver usbserial
[    0.540880] usbcore: registered new interface driver usbserial_generic
[    0.540884] usbserial: USB Serial support registered for generic
[    0.540907] i8042: PNP: PS/2 Controller [PNP0303:PS2K] at 0x60,0x64 irq 1
[    0.540908] i8042: PNP: PS/2 appears to have AUX port disabled, if this is incorrect please boot with i8042.nopnp
[    0.541608] serio: i8042 KBD port at 0x60,0x64 irq 1
[    0.541654] mousedev: PS/2 mouse device common for all mice
[    0.541768] rtc_cmos 00:05: RTC can wake from S4
[    0.541881] rtc_cmos 00:05: rtc core: registered rtc_cmos as rtc0
[    0.541907] rtc_cmos 00:05: alarms up to one month, y3k, 242 bytes nvram, hpet irqs
[    0.541951] device-mapper: uevent: version 1.0.3
[    0.541998] device-mapper: ioctl: 4.27.0-ioctl (2013-10-30) initialised: dm-devel@redhat.com
[    0.542033] Intel P-state driver initializing.
[    0.542040] Intel pstate controlling: cpu 0
[    0.542051] Intel pstate controlling: cpu 1
[    0.542059] Intel pstate controlling: cpu 2
[    0.542070] Intel pstate controlling: cpu 3
[    0.542077] Intel pstate controlling: cpu 4
[    0.542088] Intel pstate controlling: cpu 5
[    0.542097] Intel pstate controlling: cpu 6
[    0.542105] Intel pstate controlling: cpu 7
[    0.542421] EFI Variables Facility v0.08 2004-May-17
[    0.551700] hidraw: raw HID events driver (C) Jiri Kosina
[    0.551761] usbcore: registered new interface driver usbhid
[    0.551761] usbhid: USB HID core driver
[    0.551781] drop_monitor: Initializing network drop monitor service
[    0.551823] ip_tables: (C) 2000-2006 Netfilter Core Team
[    0.551908] TCP: cubic registered
[    0.551909] Initializing XFRM netlink socket
[    0.551982] NET: Registered protocol family 10
[    0.552174] mip6: Mobile IPv6
[    0.552176] NET: Registered protocol family 17
[    0.552529] Loading compiled-in X.509 certificates
[    0.553160] Loaded X.509 cert 'Fedora kernel signing key: 738e76e610adb0ed591744b5f49616fed55a3615'
[    0.553166] registered taskstats version 1
[    0.553555]   Magic number: 14:703:576
[    0.553674] rtc_cmos 00:05: setting system clock to 2014-05-23 09:33:26 UTC (1400837606)
[    0.553728] PM: Hibernation image not present or could not be loaded.
[    0.562866] input: AT Translated Set 2 keyboard as /devices/platform/i8042/serio0/input/input2
[    0.818252] ata7: SATA link down (SStatus 0 SControl 300)
[    0.818256] ata1: SATA link up 6.0 Gbps (SStatus 133 SControl 300)
[    0.818283] ata5: SATA link up 1.5 Gbps (SStatus 113 SControl 300)
[    0.818305] ata2: SATA link up 6.0 Gbps (SStatus 133 SControl 300)
[    0.818896] ACPI Error: [DSSP] Namespace lookup failure, AE_NOT_FOUND (20131218/psargs-359)
[    0.818904] ACPI Error: Method parse/execution failed [\_SB_.PCI0.SAT0.SPT1._GTF] (Node ffff88021744d780), AE_NOT_FOUND (20131218/psparse-536)
[    0.818960] ata2.00: ATA-9: OCZ-VERTEX4, 1.5, max UDMA/133
[    0.818964] ata2.00: 250069680 sectors, multi 16: LBA48 NCQ (depth 31/32), AA
[    0.819566] ACPI Error: [DSSP] Namespace lookup failure, AE_NOT_FOUND (20131218/psargs-359)
[    0.819574] ACPI Error: Method parse/execution failed [\_SB_.PCI0.SAT0.SPT1._GTF] (Node ffff88021744d780), AE_NOT_FOUND (20131218/psparse-536)
[    0.819633] ata2.00: configured for UDMA/133
[    0.819827] ACPI Error: [DSSP] Namespace lookup failure, AE_NOT_FOUND (20131218/psargs-359)
[    0.819835] ACPI Error: Method parse/execution failed [\_SB_.PCI0.SAT0.SPT0._GTF] (Node ffff88021744d708), AE_NOT_FOUND (20131218/psparse-536)
[    0.820064] ata1.00: ATA-8: WDC WD1002FAEX-00Z3A0, 05.01D05, max UDMA/133
[    0.820069] ata1.00: 1953525168 sectors, multi 16: LBA48 NCQ (depth 31/32), AA
[    0.821819] ACPI Error: [DSSP] Namespace lookup failure, AE_NOT_FOUND (20131218/psargs-359)
[    0.821827] ACPI Error: Method parse/execution failed [\_SB_.PCI0.SAT0.SPT0._GTF] (Node ffff88021744d708), AE_NOT_FOUND (20131218/psparse-536)
[    0.821989] ACPI Error: [DSSP] Namespace lookup failure, AE_NOT_FOUND (20131218/psargs-359)
[    0.821997] ACPI Error: Method parse/execution failed [\_SB_.PCI0.SAT0.SPT4._GTF] (Node ffff88021744d8e8), AE_NOT_FOUND (20131218/psparse-536)
[    0.822009] ata5.00: ATAPI: PIONEER BD-RW   BDR-207D, 1.20, max UDMA/100
[    0.822416] ata1.00: configured for UDMA/133
[    0.822642] scsi 0:0:0:0: Direct-Access     ATA      WDC WD1002FAEX-0 05.0 PQ: 0 ANSI: 5
[    0.822756] sd 0:0:0:0: Attached scsi generic sg0 type 0
[    0.822788] sd 0:0:0:0: [sda] 1953525168 512-byte logical blocks: (1.00 TB/931 GiB)
[    0.822952] scsi 1:0:0:0: Direct-Access     ATA      OCZ-VERTEX4      1.5  PQ: 0 ANSI: 5
[    0.823075] sd 1:0:0:0: Attached scsi generic sg1 type 0
[    0.823080] sd 0:0:0:0: [sda] Write Protect is off
[    0.823083] sd 0:0:0:0: [sda] Mode Sense: 00 3a 00 00
[    0.823128] sd 1:0:0:0: [sdb] 250069680 512-byte logical blocks: (128 GB/119 GiB)
[    0.823135] sd 0:0:0:0: [sda] Write cache: enabled, read cache: enabled, doesn't support DPO or FUA
[    0.823392] sd 1:0:0:0: [sdb] Write Protect is off
[    0.823395] sd 1:0:0:0: [sdb] Mode Sense: 00 3a 00 00
[    0.823454] sd 1:0:0:0: [sdb] Write cache: enabled, read cache: enabled, doesn't support DPO or FUA
[    0.824748]  sdb: sdb1 sdb2 sdb3
[    0.825271] usb 1-1: new high-speed USB device number 2 using ehci-pci
[    0.825520] sd 1:0:0:0: [sdb] Attached SCSI disk
[    0.826063] ACPI Error: [DSSP] Namespace lookup failure, AE_NOT_FOUND (20131218/psargs-359)
[    0.826069] ACPI Error: Method parse/execution failed [\_SB_.PCI0.SAT0.SPT4._GTF] (Node ffff88021744d8e8), AE_NOT_FOUND (20131218/psparse-536)
[    0.826081] ata5.00: configured for UDMA/100
[    0.836548] scsi 4:0:0:0: CD-ROM            PIONEER  BD-RW   BDR-207D 1.20 PQ: 0 ANSI: 5
[    0.849653] sr0: scsi3-mmc drive: 62x/62x writer cd/rw xa/form2 cdda tray
[    0.849658] cdrom: Uniform CD-ROM driver Revision: 3.20
[    0.849876] sr 4:0:0:0: Attached scsi CD-ROM sr0
[    0.850035] sr 4:0:0:0: Attached scsi generic sg2 type 5
[    0.871708]  sda: sda1 sda2
[    0.872527] sd 0:0:0:0: [sda] Attached SCSI disk
[    0.939457] usb 1-1: New USB device found, idVendor=8087, idProduct=0024
[    0.939462] usb 1-1: New USB device strings: Mfr=0, Product=0, SerialNumber=0
[    0.939724] hub 1-1:1.0: USB hub found
[    0.939829] hub 1-1:1.0: 6 ports detected
[    1.043011] usb 2-1: new high-speed USB device number 2 using ehci-pci
[    1.154880] ata8: SATA link down (SStatus 0 SControl 300)
[    1.156160] Freeing unused kernel memory: 1448K (ffffffff81d0f000 - ffffffff81e79000)
[    1.156163] Write protecting the kernel read-only data: 12288k
[    1.157191] usb 2-1: New USB device found, idVendor=8087, idProduct=0024
[    1.157197] usb 2-1: New USB device strings: Mfr=0, Product=0, SerialNumber=0
[    1.157494] hub 2-1:1.0: USB hub found
[    1.157563] hub 2-1:1.0: 8 ports detected
[    1.160461] Freeing unused kernel memory: 1000K (ffff880002706000 - ffff880002800000)
[    1.163902] Freeing unused kernel memory: 1052K (ffff880002af9000 - ffff880002c00000)
[    1.186627] systemd[1]: systemd 208 running in system mode. (+PAM +LIBWRAP +AUDIT +SELINUX +IMA +SYSVINIT +LIBCRYPTSETUP +GCRYPT +ACL +XZ)
[    1.186885] systemd[1]: Running in initial RAM disk.
[    1.186950] systemd[1]: Set hostname to <localhost.localdomain>.
[    1.187561] random: systemd urandom read with 32 bits of entropy available
[    1.225082] systemd[1]: Expecting device dev-disk-by\x2duuid-8422c4c0\x2d2f49\x2d4c95\x2d8372\x2d3afcf41a2e23.device...
[    1.225101] systemd[1]: Starting -.slice.
[    1.225268] systemd[1]: Created slice -.slice.
[    1.225285] systemd[1]: Starting System Slice.
[    1.225363] systemd[1]: Created slice System Slice.
[    1.225376] systemd[1]: Starting Slices.
[    1.225388] systemd[1]: Reached target Slices.
[    1.225399] systemd[1]: Starting Timers.
[    1.225410] systemd[1]: Reached target Timers.
[    1.225421] systemd[1]: Starting Journal Socket.
[    1.225485] systemd[1]: Listening on Journal Socket.
[    1.225614] systemd[1]: Starting dracut cmdline hook...
[    1.226102] systemd[1]: Started Load Kernel Modules.
[    1.226126] systemd[1]: Starting Setup Virtual Console...
[    1.226456] systemd[1]: Starting Journal Service...
[    1.226877] systemd[1]: Started Journal Service.
[    1.369194] systemd-udevd[266]: starting version 208
[    1.408631] r8169 Gigabit Ethernet driver 2.3LK-NAPI loaded
[    1.408642] r8169 0000:03:00.0: can't disable ASPM; OS doesn't have ASPM control
[    1.408916] r8169 0000:03:00.0: irq 54 for MSI/MSI-X
[    1.409184] r8169 0000:03:00.0 eth0: RTL8168f/8111f at 0xffffc90000c6a000, c8:60:00:98:f3:e9, XID 08000800 IRQ 54
[    1.409188] r8169 0000:03:00.0 eth0: jumbo features [frames: 9200 bytes, tx checksumming: ko]
[    1.415028] [drm] Initialized drm 1.1.0 20060810
[    1.432644] usb 2-1.5: new full-speed USB device number 3 using ehci-pci
[    1.436336] [drm] Memory usable by graphics device = 2048M
[    1.436340] checking generic (e0000000 300000) vs hw (e0000000 10000000)
[    1.436341] fb: conflicting fb hw usage inteldrmfb vs EFI VGA - removing generic driver
[    1.436354] Console: switching to colour dummy device 80x25
[    1.445559] tsc: Refined TSC clocksource calibration: 3109.130 MHz
[    1.448551] raid6: sse2x1    5800 MB/s
[    1.465526] raid6: sse2x2    8371 MB/s
[    1.481548] i915 0000:00:02.0: irq 55 for MSI/MSI-X
[    1.481555] [drm] Supports vblank timestamp caching Rev 2 (21.10.2013).
[    1.481555] [drm] Driver supports precise vblank timestamp query.
[    1.481620] vgaarb: device changed decodes: PCI:0000:00:02.0,olddecodes=io+mem,decodes=io+mem:owns=io+mem
[    1.482504] raid6: sse2x4   10457 MB/s
[    1.482506] raid6: using algorithm sse2x4 (10457 MB/s)
[    1.482507] raid6: using ssse3x2 recovery algorithm
[    1.483798] xor: automatically using best checksumming function:
[    1.493484]    avx       : 14668.000 MB/sec
[    1.509042] bio: create slab <bio-1> at 1
[    1.509213] Btrfs loaded
[    1.509497] BTRFS: device label heket devid 1 transid 6166 /dev/sdb2
[    1.513578] systemd-udevd[278]: renamed network interface eth0 to p5p1
[    1.521292] usb 2-1.5: New USB device found, idVendor=046d, idProduct=c526
[    1.521297] usb 2-1.5: New USB device strings: Mfr=1, Product=2, SerialNumber=0
[    1.521300] usb 2-1.5: Product: USB Receiver
[    1.521302] usb 2-1.5: Manufacturer: Logitech
[    1.523705] input: Logitech USB Receiver as /devices/pci0000:00/0000:00:1d.0/usb2/2-1/2-1.5/2-1.5:1.0/0003:046D:C526.0001/input/input3
[    1.523868] hid-generic 0003:046D:C526.0001: input,hidraw0: USB HID v1.11 Mouse [Logitech USB Receiver] on usb-0000:00:1d.0-1.5/input0
[    1.525898] input: Logitech USB Receiver as /devices/pci0000:00/0000:00:1d.0/usb2/2-1/2-1.5/2-1.5:1.1/0003:046D:C526.0002/input/input4
[    1.526099] hid-generic 0003:046D:C526.0002: input,hiddev0,hidraw1: USB HID v1.11 Device [Logitech USB Receiver] on usb-0000:00:1d.0-1.5/input1
[    1.598430] fbcon: inteldrmfb (fb0) is primary device
[    1.599470] usb 2-1.6: new full-speed USB device number 4 using ehci-pci
[    1.626961] BTRFS: device label storage devid 1 transid 3424 /dev/sda2
[    1.687653] usb 2-1.6: New USB device found, idVendor=046d, idProduct=c52b
[    1.687655] usb 2-1.6: New USB device strings: Mfr=1, Product=2, SerialNumber=0
[    1.687657] usb 2-1.6: Product: USB Receiver
[    1.687658] usb 2-1.6: Manufacturer: Logitech
[    1.765340] usb 2-1.7: new high-speed USB device number 5 using ehci-pci
[    1.851748] usb 2-1.7: New USB device found, idVendor=05e3, idProduct=0702
[    1.851750] usb 2-1.7: New USB device strings: Mfr=0, Product=1, SerialNumber=0
[    1.851751] usb 2-1.7: Product: USB TO IDE
[    1.858469] usb-storage 2-1.7:1.0: USB Mass Storage device detected
[    1.858583] usb-storage 2-1.7:1.0: Quirks match for vid 05e3 pid 0702: 520
[    1.858604] logitech-djreceiver 0003:046D:C52B.0005: hiddev0,hidraw2: USB HID v1.11 Device [Logitech USB Receiver] on usb-0000:00:1d.0-1.6/input2
[    1.858611] scsi8 : usb-storage 2-1.7:1.0
[    1.858693] usbcore: registered new interface driver usb-storage
[    1.910487] input: Logitech Unifying Device. Wireless PID:4004 as /devices/pci0000:00/0000:00:1d.0/usb2/2-1/2-1.6/2-1.6:1.2/0003:046D:C52B.0005/0003:046D:C52B.0006/input/input5
[    1.910710] logitech-djdevice 0003:046D:C52B.0006: input,hidraw3: USB HID v1.11 Keyboard [Logitech Unifying Device. Wireless PID:4004] on usb-0000:00:1d.0-1.6:1
[    1.947052] Console: switching to colour frame buffer device 180x56
[    1.951562] i915 0000:00:02.0: fb0: inteldrmfb frame buffer device
[    1.951563] i915 0000:00:02.0: registered panic notifier
[    1.956338] ACPI: Video Device [GFX0] (multi-head: yes  rom: no  post: no)
[    1.956656] acpi device:43: registered as cooling_device13
[    1.956757] input: Video Bus as /devices/LNXSYSTM:00/device:00/PNP0A08:00/LNXVIDEO:00/input/input6
[    1.956878] [drm] Initialized i915 1.6.0 20080730 for 0000:00:02.0 on minor 0
[    2.444694] Switched to clocksource tsc
[    2.732570] [drm] Enabling RC6 states: RC6 on, RC6p on, RC6pp off
[    3.153330] random: nonblocking pool is initialized
[    3.153619] scsi 8:0:0:0: Direct-Access     IC25N020 ATMR04-0         0811 PQ: 0 ANSI: 0
[    3.154071] sd 8:0:0:0: Attached scsi generic sg3 type 0
[    3.154817] sd 8:0:0:0: [sdc] 39070080 512-byte logical blocks: (20.0 GB/18.6 GiB)
[    3.156081] sd 8:0:0:0: [sdc] Test WP failed, assume Write Enabled
[    3.157315] sd 8:0:0:0: [sdc] Cache data unavailable
[    3.157320] sd 8:0:0:0: [sdc] Assuming drive cache: write through
[    3.159706] sd 8:0:0:0: [sdc] Test WP failed, assume Write Enabled
[    3.160938] sd 8:0:0:0: [sdc] Cache data unavailable
[    3.160943] sd 8:0:0:0: [sdc] Assuming drive cache: write through
[    3.579274]  sdc: sdc1 sdc2 sdc3 sdc4
[    3.582374] sd 8:0:0:0: [sdc] Test WP failed, assume Write Enabled
[    3.584106] sd 8:0:0:0: [sdc] Cache data unavailable
[    3.584111] sd 8:0:0:0: [sdc] Assuming drive cache: write through
[    3.584114] sd 8:0:0:0: [sdc] Attached SCSI disk
[    4.353312] BTRFS: device label fedora devid 1 transid 3579 /dev/sdc4
[    4.371607] PM: Starting manual resume from disk
[    4.371613] PM: Hibernation image partition 8:35 present
[    4.371615] PM: Looking for hibernation image.
[    4.383662] PM: Image not found (code -22)
[    4.383666] PM: Hibernation image not present or could not be loaded.
[    4.580940] BTRFS: device label fedora devid 1 transid 3579 /dev/sdc4
[    4.582307] BTRFS info (device sdc4): disk space caching is enabled
[    5.129977] systemd-journald[154]: Received SIGTERM
[    5.131318] systemd-cgroups-agent[444]: Failed to get D-Bus connection: Failed to connect to socket /run/systemd/private: No such file or directory
[    6.896596] audit: type=1404 audit(1400837612.849:2): enforcing=1 old_enforcing=0 auid=4294967295 ses=4294967295
[    7.226240] SELinux: 2048 avtab hash slots, 106626 rules.
[    7.247615] SELinux: 2048 avtab hash slots, 106626 rules.
[    7.272469] SELinux:  8 users, 86 roles, 4802 types, 281 bools, 1 sens, 1024 cats
[    7.272472] SELinux:  83 classes, 106626 rules
[    7.276842] SELinux:  Completing initialization.
[    7.276844] SELinux:  Setting up existing superblocks.
[    7.276849] SELinux: initialized (dev rootfs, type rootfs), uses genfs_contexts
[    7.276857] SELinux: initialized (dev bdev, type bdev), uses genfs_contexts
[    7.276861] SELinux: initialized (dev proc, type proc), uses genfs_contexts
[    7.276891] SELinux: initialized (dev tmpfs, type tmpfs), uses transition SIDs
[    7.276927] SELinux: initialized (dev devtmpfs, type devtmpfs), uses transition SIDs
[    7.277888] SELinux: initialized (dev debugfs, type debugfs), uses genfs_contexts
[    7.278647] SELinux: initialized (dev sockfs, type sockfs), uses task SIDs
[    7.278650] SELinux: initialized (dev pipefs, type pipefs), uses task SIDs
[    7.278653] SELinux: initialized (dev anon_inodefs, type anon_inodefs), uses genfs_contexts
[    7.278655] SELinux: initialized (dev aio, type aio), not configured for labeling
[    7.278658] SELinux: initialized (dev devpts, type devpts), uses transition SIDs
[    7.278670] SELinux: initialized (dev hugetlbfs, type hugetlbfs), uses transition SIDs
[    7.278676] SELinux: initialized (dev mqueue, type mqueue), uses transition SIDs
[    7.278681] SELinux: initialized (dev selinuxfs, type selinuxfs), uses genfs_contexts
[    7.278691] SELinux: initialized (dev sysfs, type sysfs), uses genfs_contexts
[    7.279016] SELinux: initialized (dev securityfs, type securityfs), uses genfs_contexts
[    7.279019] SELinux: initialized (dev tmpfs, type tmpfs), uses transition SIDs
[    7.279024] SELinux: initialized (dev tmpfs, type tmpfs), uses transition SIDs
[    7.279112] SELinux: initialized (dev tmpfs, type tmpfs), uses transition SIDs
[    7.279145] SELinux: initialized (dev cgroup, type cgroup), uses genfs_contexts
[    7.279151] SELinux: initialized (dev pstore, type pstore), uses genfs_contexts
[    7.279154] SELinux: initialized (dev efivarfs, type efivarfs), uses genfs_contexts
[    7.279167] SELinux: initialized (dev cgroup, type cgroup), uses genfs_contexts
[    7.279171] SELinux: initialized (dev cgroup, type cgroup), uses genfs_contexts
[    7.279175] SELinux: initialized (dev cgroup, type cgroup), uses genfs_contexts
[    7.279180] SELinux: initialized (dev cgroup, type cgroup), uses genfs_contexts
[    7.279183] SELinux: initialized (dev cgroup, type cgroup), uses genfs_contexts
[    7.279186] SELinux: initialized (dev cgroup, type cgroup), uses genfs_contexts
[    7.279189] SELinux: initialized (dev cgroup, type cgroup), uses genfs_contexts
[    7.279194] SELinux: initialized (dev cgroup, type cgroup), uses genfs_contexts
[    7.279197] SELinux: initialized (dev cgroup, type cgroup), uses genfs_contexts
[    7.279201] SELinux: initialized (dev configfs, type configfs), uses genfs_contexts
[    7.279210] SELinux: initialized (dev sdc4, type btrfs), uses xattr
[    7.295936] audit: type=1403 audit(1400837613.248:3): policy loaded auid=4294967295 ses=4294967295
[    7.312620] systemd[1]: Successfully loaded SELinux policy in 477.015ms.
[    7.485323] systemd[1]: Relabelled /dev and /run in 28.428ms.
[   10.139063] SELinux: initialized (dev autofs, type autofs), uses genfs_contexts
[   11.396619] systemd-udevd[494]: starting version 208
[   12.478446] SELinux: initialized (dev hugetlbfs, type hugetlbfs), uses transition SIDs
[   12.478474] SELinux: initialized (dev tmpfs, type tmpfs), uses transition SIDs
[   12.478856] BTRFS info (device sdc4): disk space caching is enabled
[   12.483549] audit: type=1400 audit(1400837618.441:4): avc:  denied  { search } for  pid=500 comm="modprobe" name="kernel" dev="sdc4" ino=71486 scontext=system_u:system_r:insmod_t:s0 tcontext=system_u:object_r:modules_object_t:s0 tclass=dir
[   13.332218] RPC: Registered named UNIX socket transport module.
[   13.332222] RPC: Registered udp transport module.
[   13.332224] RPC: Registered tcp transport module.
[   13.332225] RPC: Registered tcp NFSv4.1 backchannel transport module.
[   13.773786] Installing knfsd (copyright (C) 1996 okir@monad.swb.de).
[   13.774769] SELinux: initialized (dev nfsd, type nfsd), uses genfs_contexts
[   14.765280] shpchp: Standard Hot Plug PCI Controller Driver version: 0.4
[   14.791296] audit: type=1400 audit(1400837620.752:5): avc:  denied  { search } for  pid=531 comm="systemd-udevd" name="cpu" dev="sdc4" ino=71511 scontext=system_u:system_r:udev_t:s0-s0:c0.c1023 tcontext=system_u:object_r:modules_object_t:s0 tclass=dir
[   14.791320] audit: type=1400 audit(1400837620.752:6): avc:  denied  { search } for  pid=529 comm="systemd-udevd" name="cpu" dev="sdc4" ino=71511 scontext=system_u:system_r:udev_t:s0-s0:c0.c1023 tcontext=system_u:object_r:modules_object_t:s0 tclass=dir
[   14.791429] audit: type=1400 audit(1400837620.752:7): avc:  denied  { 0x800000 } for  pid=529 comm="systemd-udevd" name="crypto" dev="sdc4" ino=71489 scontext=system_u:system_r:udev_t:s0-s0:c0.c1023 tcontext=system_u:object_r:unlabeled_t:s0 tclass=file
[   15.025040] microcode: CPU0 sig=0x306a9, pf=0x2, revision=0x17
[   15.112317] alg: No test for crc32 (crc32-pclmul)
[   15.153823] wmi: Mapper loaded
[   15.155884] BTRFS: device label heket devid 1 transid 6166 /dev/sdb2
[   15.162107] BTRFS: device label storage devid 1 transid 3424 /dev/sda2
[   15.258411] mei_me 0000:00:16.0: irq 56 for MSI/MSI-X
[   15.564812] ACPI Warning: SystemIO range 0x000000000000f040-0x000000000000f05f conflicts with OpRegion 0x000000000000f040-0x000000000000f04f (\_SB_.PCI0.SBUS.SMBI) (20131218/utaddress-258)
[   15.564824] ACPI: If an ACPI driver is available for this device, you should use it instead of the native driver
[   16.008930] kvm: disabled by bios
[   16.581364] BTRFS: device label fedora devid 1 transid 3579 /dev/sdc4
[   17.208802] microcode: CPU0 sig=0x306a9, pf=0x2, revision=0x17
[   17.209749] microcode: CPU0 updated to revision 0x19, date = 2013-06-13
[   17.209773] microcode: CPU1 sig=0x306a9, pf=0x2, revision=0x17
[   17.209844] microcode: CPU1 sig=0x306a9, pf=0x2, revision=0x17
[   17.210389] microcode: CPU1 updated to revision 0x19, date = 2013-06-13
[   17.210659] microcode: CPU2 sig=0x306a9, pf=0x2, revision=0x17
[   17.210714] microcode: CPU2 sig=0x306a9, pf=0x2, revision=0x17
[   17.211254] microcode: CPU2 updated to revision 0x19, date = 2013-06-13
[   17.211274] microcode: CPU3 sig=0x306a9, pf=0x2, revision=0x17
[   17.211335] microcode: CPU3 sig=0x306a9, pf=0x2, revision=0x17
[   17.211879] microcode: CPU3 updated to revision 0x19, date = 2013-06-13
[   17.211896] microcode: CPU4 sig=0x306a9, pf=0x2, revision=0x17
[   17.211946] microcode: CPU4 sig=0x306a9, pf=0x2, revision=0x17
[   17.212489] microcode: CPU4 updated to revision 0x19, date = 2013-06-13
[   17.212503] microcode: CPU5 sig=0x306a9, pf=0x2, revision=0x17
[   17.212551] microcode: CPU5 sig=0x306a9, pf=0x2, revision=0x17
[   17.213080] microcode: CPU5 updated to revision 0x19, date = 2013-06-13
[   17.213094] microcode: CPU6 sig=0x306a9, pf=0x2, revision=0x17
[   17.213162] microcode: CPU6 sig=0x306a9, pf=0x2, revision=0x17
[   17.213242] ACPI Warning: SystemIO range 0x0000000000000428-0x000000000000042f conflicts with OpRegion 0x0000000000000400-0x000000000000047f (\PMIO) (20131218/utaddress-258)
[   17.213250] ACPI: If an ACPI driver is available for this device, you should use it instead of the native driver
[   17.213254] ACPI Warning: SystemIO range 0x0000000000000530-0x000000000000053f conflicts with OpRegion 0x0000000000000500-0x0000000000000563 (\GPIO) (20131218/utaddress-258)
[   17.213258] ACPI Warning: SystemIO range 0x0000000000000530-0x000000000000053f conflicts with OpRegion 0x0000000000000500-0x000000000000057f (\_SB_.PCI0.LPCB.GPBX) (20131218/utaddress-258)
[   17.213262] ACPI: If an ACPI driver is available for this device, you should use it instead of the native driver
[   17.213264] ACPI Warning: SystemIO range 0x0000000000000500-0x000000000000052f conflicts with OpRegion 0x0000000000000500-0x0000000000000563 (\GPIO) (20131218/utaddress-258)
[   17.213269] ACPI Warning: SystemIO range 0x0000000000000500-0x000000000000052f conflicts with OpRegion 0x0000000000000500-0x000000000000057f (\_SB_.PCI0.LPCB.GPBX) (20131218/utaddress-258)
[   17.213272] ACPI: If an ACPI driver is available for this device, you should use it instead of the native driver
[   17.213274] lpc_ich: Resource conflict(s) found affecting gpio_ich
[   17.213702] microcode: CPU6 updated to revision 0x19, date = 2013-06-13
[   17.213721] microcode: CPU7 sig=0x306a9, pf=0x2, revision=0x17
[   17.213777] microcode: CPU7 sig=0x306a9, pf=0x2, revision=0x17
[   17.214321] microcode: CPU7 updated to revision 0x19, date = 2013-06-13
[   17.214383] microcode: Microcode Update Driver: v2.00 <tigran@aivazian.fsnet.co.uk>, Peter Oruba
[   17.217975] iTCO_vendor_support: vendor-support=0
[   17.218201] kvm: disabled by bios
[   17.220438] iTCO_wdt: Intel TCO WatchDog Timer Driver v1.10
[   17.220479] iTCO_wdt: Found a Panther Point TCO device (Version=2, TCOBASE=0x0460)
[   17.220752] iTCO_wdt: initialized. heartbeat=30 sec (nowayout=0)
[   17.221337] asus_wmi: ASUS WMI generic driver loaded
[   17.318821] asus_wmi: Initialization: 0x0
[   17.318851] asus_wmi: BIOS WMI version: 0.9
[   17.318900] asus_wmi: SFUN value: 0x0
[   17.319300] input: Eee PC WMI hotkeys as /devices/platform/eeepc-wmi/input/input7
[   17.320371] asus_wmi: Backlight controlled by ACPI video driver
[   17.387161] BTRFS: device label fedora devid 1 transid 3579 /dev/sdc4
[   17.430789] snd_hda_intel 0000:00:1b.0: enabling device (0000 -> 0002)
[   17.430988] snd_hda_intel 0000:00:1b.0: irq 57 for MSI/MSI-X
[   17.450052] ALSA sound/pci/hda/patch_realtek.c:434 SKU: Nid=0x1d sku_cfg=0x4005e601
[   17.450056] ALSA sound/pci/hda/patch_realtek.c:436 SKU: port_connectivity=0x1
[   17.450058] ALSA sound/pci/hda/patch_realtek.c:437 SKU: enable_pcbeep=0x0
[   17.450060] ALSA sound/pci/hda/patch_realtek.c:438 SKU: check_sum=0x00000005
[   17.450062] ALSA sound/pci/hda/patch_realtek.c:439 SKU: customization=0x000000e6
[   17.450064] ALSA sound/pci/hda/patch_realtek.c:440 SKU: external_amp=0x0
[   17.450065] ALSA sound/pci/hda/patch_realtek.c:441 SKU: platform_type=0x0
[   17.450067] ALSA sound/pci/hda/patch_realtek.c:442 SKU: swap=0x0
[   17.450068] ALSA sound/pci/hda/patch_realtek.c:443 SKU: override=0x1
[   17.450507] ALSA sound/pci/hda/hda_auto_parser.c:393 autoconfig: line_outs=4 (0x14/0x15/0x16/0x17/0x0) type:line
[   17.450510] ALSA sound/pci/hda/hda_auto_parser.c:397    speaker_outs=0 (0x0/0x0/0x0/0x0/0x0)
[   17.450512] ALSA sound/pci/hda/hda_auto_parser.c:401    hp_outs=1 (0x1b/0x0/0x0/0x0/0x0)
[   17.450514] ALSA sound/pci/hda/hda_auto_parser.c:402    mono: mono_out=0x0
[   17.450516] ALSA sound/pci/hda/hda_auto_parser.c:405    dig-out=0x11/0x1e
[   17.450519] ALSA sound/pci/hda/hda_auto_parser.c:406    inputs:
[   17.450521] ALSA sound/pci/hda/hda_auto_parser.c:410      Front Mic=0x19
[   17.450524] ALSA sound/pci/hda/hda_auto_parser.c:410      Rear Mic=0x18
[   17.450526] ALSA sound/pci/hda/hda_auto_parser.c:410      Line=0x1a
[   17.450528] ALSA sound/pci/hda/patch_realtek.c:504 realtek: No valid SSID, checking pincfg 0x4005e601 for NID 0x1d
[   17.450530] ALSA sound/pci/hda/patch_realtek.c:520 realtek: Enabling init ASM_ID=0xe601 CODEC_ID=10ec0892
[   17.476939] input: HDA Intel PCH HDMI/DP,pcm=3 as /devices/pci0000:00/0000:00:1b.0/sound/card0/input16
[   17.477084] input: HDA Intel PCH Front Headphone as /devices/pci0000:00/0000:00:1b.0/sound/card0/input15
[   17.477218] input: HDA Intel PCH Line Out Side as /devices/pci0000:00/0000:00:1b.0/sound/card0/input14
[   17.477354] input: HDA Intel PCH Line Out CLFE as /devices/pci0000:00/0000:00:1b.0/sound/card0/input13
[   17.477499] input: HDA Intel PCH Line Out Surround as /devices/pci0000:00/0000:00:1b.0/sound/card0/input12
[   17.477619] input: HDA Intel PCH Line Out Front as /devices/pci0000:00/0000:00:1b.0/sound/card0/input11
[   17.477754] input: HDA Intel PCH Line as /devices/pci0000:00/0000:00:1b.0/sound/card0/input10
[   17.477903] input: HDA Intel PCH Rear Mic as /devices/pci0000:00/0000:00:1b.0/sound/card0/input9
[   17.478043] input: HDA Intel PCH Front Mic as /devices/pci0000:00/0000:00:1b.0/sound/card0/input8
[   18.185994] Adding 1952764k swap on /dev/sdc3.  Priority:-1 extents:1 across:1952764k FS
[   19.033244] EXT4-fs (sdc2): mounted filesystem with ordered data mode. Opts: (null)
[   19.215871] SELinux: initialized (dev sdc2, type ext4), uses xattr
[   19.465849] FAT-fs (sdc1): Volume was not properly unmounted. Some data may be corrupt. Please run fsck.
[   19.465864] SELinux: initialized (dev sdc1, type vfat), uses genfs_contexts
[   19.473950] systemd-journald[479]: Received request to flush runtime journal from PID 1
[   19.938390] audit: type=1305 audit(1400837625.904:8): audit_pid=672 old=0 auid=4294967295 ses=4294967295 subj=system_u:system_r:auditd_t:s0 res=1
[   49.140971] systemd-logind[724]: Watching system buttons on /dev/input/event1 (Power Button)
[   58.760413] nf_conntrack version 0.5.0 (16384 buckets, 65536 max)
[   58.782324] ip6_tables: (C) 2000-2006 Netfilter Core Team
[   58.837248] Ebtables v2.0 registered
[   58.857841] Bridge firewalling registered
[   59.130385] systemd-logind[724]: Watching system buttons on /dev/input/event6 (Video Bus)
[   69.119841] systemd-logind[724]: Watching system buttons on /dev/input/event0 (Power Button)
[   73.495345] cfg80211: Calling CRDA to update world regulatory domain
[   73.500666] cfg80211: World regulatory domain updated:
[   73.500669] cfg80211:  DFS Master region: unset
[   73.500671] cfg80211:   (start_freq - end_freq @ bandwidth), (max_antenna_gain, max_eirp)
[   73.500673] cfg80211:   (2402000 KHz - 2472000 KHz @ 40000 KHz), (N/A, 2000 mBm)
[   73.500675] cfg80211:   (2457000 KHz - 2482000 KHz @ 40000 KHz), (N/A, 2000 mBm)
[   73.500677] cfg80211:   (2474000 KHz - 2494000 KHz @ 20000 KHz), (N/A, 2000 mBm)
[   73.500678] cfg80211:   (5170000 KHz - 5250000 KHz @ 80000 KHz), (N/A, 2000 mBm)
[   73.500680] cfg80211:   (5735000 KHz - 5835000 KHz @ 80000 KHz), (N/A, 2000 mBm)
[   73.500681] cfg80211:   (57240000 KHz - 63720000 KHz @ 2160000 KHz), (N/A, 0 mBm)
[   74.842670] r8169 0000:03:00.0 p5p1: link down
[   74.842685] r8169 0000:03:00.0 p5p1: link down
[   74.842713] IPv6: ADDRCONF(NETDEV_UP): p5p1: link is not ready
[   75.044392] Bluetooth: Core ver 2.18
[   75.044577] NET: Registered protocol family 31
[   75.044581] Bluetooth: HCI device and connection manager initialized
[   75.044590] Bluetooth: HCI socket layer initialized
[   75.044593] Bluetooth: L2CAP socket layer initialized
[   75.044603] Bluetooth: SCO socket layer initialized
[   75.055512] Bluetooth: BNEP (Ethernet Emulation) ver 1.3
[   75.055517] Bluetooth: BNEP filters: protocol multicast
[   75.055529] Bluetooth: BNEP socket layer initialized
[   77.611192] r8169 0000:03:00.0 p5p1: link up
[   77.611200] IPv6: ADDRCONF(NETDEV_CHANGE): p5p1: link becomes ready
[  405.349174] FS-Cache: Loaded
[  405.380384] FS-Cache: Netfs 'nfs' registered for caching
[  405.391731] Key type dns_resolver registered
[  405.445939] NFS: Registering the id_resolver key type
[  405.445951] Key type id_resolver registered
[  405.445953] Key type id_legacy registered
[  405.558465] SELinux: initialized (dev 0:41, type nfs4), uses genfs_contexts
[  405.570924] SELinux: initialized (dev 0:42, type nfs4), uses genfs_contexts
[  424.786130] usb 6-2: new SuperSpeed USB device number 2 using xhci_hcd
[  424.796971] usb 6-2: Parent hub missing LPM exit latency info.  Power management will be impacted.
[  424.797792] usb 6-2: New USB device found, idVendor=152d, idProduct=2551
[  424.797797] usb 6-2: New USB device strings: Mfr=1, Product=11, SerialNumber=3
[  424.797799] usb 6-2: Product: USB Mass Storage
[  424.797802] usb 6-2: Manufacturer: JMicron
[  424.797804] usb 6-2: SerialNumber: 0000000001BC
[  424.799655] usb-storage 6-2:1.0: USB Mass Storage device detected
[  424.800036] scsi9 : usb-storage 6-2:1.0
[  425.803176] scsi 9:0:0:0: Direct-Access     HDD                       0000 PQ: 0 ANSI: 2 CCS
[  425.803852] sd 9:0:0:0: Attached scsi generic sg4 type 0
[  425.803922] sd 9:0:0:0: [sdd] 1953525168 512-byte logical blocks: (1.00 TB/931 GiB)
[  425.804565] sd 9:0:0:0: [sdd] Write Protect is off
[  425.804570] sd 9:0:0:0: [sdd] Mode Sense: 28 00 00 00
[  425.805194] sd 9:0:0:0: [sdd] No Caching mode page found
[  425.805198] sd 9:0:0:0: [sdd] Assuming drive cache: write through
[  425.808355] sd 9:0:0:0: [sdd] No Caching mode page found
[  425.808362] sd 9:0:0:0: [sdd] Assuming drive cache: write through
[  425.890841]  sdd: sdd1
[  425.893062] sd 9:0:0:0: [sdd] No Caching mode page found
[  425.893068] sd 9:0:0:0: [sdd] Assuming drive cache: write through
[  425.893072] sd 9:0:0:0: [sdd] Attached SCSI disk
[  426.173398] BTRFS: device label external devid 1 transid 385 /dev/sdd1
[  431.213915] BTRFS: device label external devid 1 transid 385 /dev/sdd1
[  431.214538] BTRFS info (device sdd1): disk space caching is enabled
[  431.560339] SELinux: initialized (dev sdd1, type btrfs), uses xattr
[  483.332432] BTRFS error (device sdd1): block group 558375108608 has wrong amount of free space
[  483.332435] BTRFS error (device sdd1): failed to load free space cache for block group 558375108608
[  514.348892] usb 6-2: USB disconnect, device number 2
[  514.349931] scsi 9:0:0:0: rejecting I/O to offline device
[  514.349935] scsi 9:0:0:0: [sdd] killing request
[  514.349944] scsi 9:0:0:0: [sdd] Unhandled error code
[  514.349946] scsi 9:0:0:0: [sdd]  
[  514.349947] Result: hostbyte=DID_NO_CONNECT driverbyte=DRIVER_OK
[  514.349949] scsi 9:0:0:0: [sdd] CDB: 
[  514.349950] Write(10): 2a 00 41 7a 89 50 00 00 f0 00
[  514.349956] end_request: I/O error, dev sdd, sector 1098549584
[  514.349958] BTRFS: bdev /dev/sdd1 errs: wr 1, rd 0, flush 0, corrupt 0, gen 0
[  514.349980] scsi 9:0:0:0: rejecting I/O to offline device
[  514.349982] scsi 9:0:0:0: [sdd] killing request
[  514.349994] BTRFS: bdev /dev/sdd1 errs: wr 2, rd 0, flush 0, corrupt 0, gen 0
[  514.350007] BTRFS: bdev /dev/sdd1 errs: wr 3, rd 0, flush 0, corrupt 0, gen 0
[  514.350019] BTRFS: bdev /dev/sdd1 errs: wr 4, rd 0, flush 0, corrupt 0, gen 0
[  514.350030] BTRFS: bdev /dev/sdd1 errs: wr 5, rd 0, flush 0, corrupt 0, gen 0
[  514.350042] BTRFS: bdev /dev/sdd1 errs: wr 6, rd 0, flush 0, corrupt 0, gen 0
[  514.350052] BTRFS: bdev /dev/sdd1 errs: wr 7, rd 0, flush 0, corrupt 0, gen 0
[  514.350063] BTRFS: bdev /dev/sdd1 errs: wr 8, rd 0, flush 0, corrupt 0, gen 0
[  514.350074] BTRFS: bdev /dev/sdd1 errs: wr 9, rd 0, flush 0, corrupt 0, gen 0
[  514.350085] BTRFS: bdev /dev/sdd1 errs: wr 10, rd 0, flush 0, corrupt 0, gen 0
[  514.351155] scsi 9:0:0:0: [sdd] Unhandled error code
[  514.351158] scsi 9:0:0:0: [sdd]  
[  514.351160] Result: hostbyte=DID_NO_CONNECT driverbyte=DRIVER_OK
[  514.351161] scsi 9:0:0:0: [sdd] CDB: 
[  514.351163] Write(10): 2a 00 41 7a 8a 40 00 00 f0 00
[  514.351168] end_request: I/O error, dev sdd, sector 1098549824
[  514.815922] usb 6-2: new SuperSpeed USB device number 3 using xhci_hcd
[  514.826753] usb 6-2: Parent hub missing LPM exit latency info.  Power management will be impacted.
[  514.827509] usb 6-2: New USB device found, idVendor=152d, idProduct=2551
[  514.827511] usb 6-2: New USB device strings: Mfr=1, Product=11, SerialNumber=3
[  514.827513] usb 6-2: Product: USB Mass Storage
[  514.827515] usb 6-2: Manufacturer: JMicron
[  514.827516] usb 6-2: SerialNumber: 0000000001BC
[  514.829170] usb-storage 6-2:1.0: USB Mass Storage device detected
[  514.829301] scsi10 : usb-storage 6-2:1.0
[  515.831976] scsi 10:0:0:0: Direct-Access     HDD                       0000 PQ: 0 ANSI: 2 CCS
[  515.832544] sd 10:0:0:0: Attached scsi generic sg4 type 0
[  515.832626] sd 10:0:0:0: [sde] 1953525168 512-byte logical blocks: (1.00 TB/931 GiB)
[  515.833311] sd 10:0:0:0: [sde] Write Protect is off
[  515.833317] sd 10:0:0:0: [sde] Mode Sense: 28 00 00 00
[  515.833935] sd 10:0:0:0: [sde] No Caching mode page found
[  515.833939] sd 10:0:0:0: [sde] Assuming drive cache: write through
[  515.835723] sd 10:0:0:0: [sde] No Caching mode page found
[  515.835728] sd 10:0:0:0: [sde] Assuming drive cache: write through
[  515.917366]  sde: sde1
[  515.919282] sd 10:0:0:0: [sde] No Caching mode page found
[  515.919287] sd 10:0:0:0: [sde] Assuming drive cache: write through
[  515.919291] sd 10:0:0:0: [sde] Attached SCSI disk
[  516.765090] BTRFS: device label external devid 1 transid 387 /dev/sde1
[  518.586757] ------------[ cut here ]------------
[  518.586780] WARNING: CPU: 3 PID: 2050 at fs/btrfs/inode.c:866 cow_file_range+0x438/0x450 [btrfs]()
[  518.586781] Modules linked in: rpcsec_gss_krb5 nfsv4 dns_resolver nfs fscache bnep bluetooth 6lowpan_iphc ip6t_rpfilter ip6t_REJECT cfg80211 xt_conntrack ebtable_nat ebtable_broute bridge stp llc ebtable_filter ebtables ip6table_nat nf_conntrack_ipv6 nf_defrag_ipv6 nf_nat_ipv6 ip6table_mangle ip6table_security ip6table_raw ip6table_filter ip6_tables iptable_nat nf_conntrack_ipv4 nf_defrag_ipv4 nf_nat_ipv4 nf_nat nf_conntrack iptable_mangle iptable_security iptable_raw vfat fat snd_hda_codec_hdmi snd_hda_codec_realtek snd_hda_codec_generic snd_hda_intel snd_hda_codec snd_hwdep snd_seq snd_seq_device snd_pcm mxm_wmi x86_pkg_temp_thermal eeepc_wmi coretemp asus_wmi iTCO_wdt sparse_keymap iTCO_vendor_support lpc_ich rfkill serio_raw joydev snd_timer mfd_core i2c_i801 kvm mei_me mei snd wmi crct10dif_pclmul
[  518.586798]  crc32_pclmul ghash_clmulni_intel microcode tpm_tis tpm_infineon tpm shpchp soundcore nfsd auth_rpcgss nfs_acl lockd sunrpc usb_storage hid_logitech_dj btrfs xor i915 raid6_pq i2c_algo_bit drm_kms_helper drm crc32c_intel r8169 mii i2c_core video
[  518.586807] CPU: 3 PID: 2050 Comm: kio_file Not tainted 3.14.4-200.fc20.x86_64 #1
[  518.586808] Hardware name: System manufacturer System Product Name/P8Z77-M PRO, BIOS 2105 09/06/2013
[  518.586810]  0000000000000000 000000000ec51acf ffff8800a9171548 ffffffff816ef1d2
[  518.586812]  0000000000000000 ffff8800a9171580 ffffffff8108a1bd ffff8800a91718b0
[  518.586813]  ffff8800a917189c 0000000000000000 ffff8800cb465360 ffff8801fb6d5908
[  518.586815] Call Trace:
[  518.586819]  [<ffffffff816ef1d2>] dump_stack+0x45/0x56
[  518.586823]  [<ffffffff8108a1bd>] warn_slowpath_common+0x7d/0xa0
[  518.586825]  [<ffffffff8108a2ea>] warn_slowpath_null+0x1a/0x20
[  518.586833]  [<ffffffffa01df3f8>] cow_file_range+0x438/0x450 [btrfs]
[  518.586841]  [<ffffffffa01f953f>] ? free_extent_buffer+0x4f/0xb0 [btrfs]
[  518.586849]  [<ffffffffa01df7c2>] run_delalloc_nocow+0x3b2/0xa90 [btrfs]
[  518.586855]  [<ffffffffa01e01a8>] run_delalloc_range+0x308/0x360 [btrfs]
[  518.586863]  [<ffffffffa01f5f19>] ? find_lock_delalloc_range.constprop.44+0x1c9/0x1f0 [btrfs]
[  518.586871]  [<ffffffffa01f7134>] __extent_writepage+0x314/0x790 [btrfs]
[  518.586873]  [<ffffffff81174dc3>] ? find_get_pages_tag+0x103/0x1d0
[  518.586881]  [<ffffffffa01f783a>] extent_write_cache_pages.isra.30.constprop.50+0x28a/0x400 [btrfs]
[  518.586888]  [<ffffffffa01f8c0c>] extent_writepages+0x5c/0x90 [btrfs]
[  518.586895]  [<ffffffffa01dce20>] ? btrfs_submit_direct+0x6c0/0x6c0 [btrfs]
[  518.586902]  [<ffffffffa01da808>] btrfs_writepages+0x28/0x30 [btrfs]
[  518.586903]  [<ffffffff811811ae>] do_writepages+0x1e/0x40
[  518.586905]  [<ffffffff811759cd>] __filemap_fdatawrite_range+0x5d/0x80
[  518.586907]  [<ffffffff81175ab3>] filemap_fdatawrite_range+0x13/0x20
[  518.586914]  [<ffffffffa01f2339>] btrfs_wait_ordered_range+0x49/0x140 [btrfs]
[  518.586922]  [<ffffffffa021a952>] __btrfs_write_out_cache+0x6a2/0x8c0 [btrfs]
[  518.586930]  [<ffffffffa021aeba>] btrfs_write_out_cache+0xaa/0xe0 [btrfs]
