[    0.000000] CPU0 microcode updated early to revision 0x1b, date = 2014-05-29
[    0.000000] Initializing cgroup subsys cpuset
[    0.000000] Initializing cgroup subsys cpu
[    0.000000] Initializing cgroup subsys cpuacct
[    0.000000] Linux version 3.17.1-302.fc21.x86_64 (mockbuild@bkernel02.phx2.fedoraproject.org) (gcc version 4.9.1 20140930 (Red Hat 4.9.1-11) (GCC) ) #1 SMP Fri Oct 17 20:05:46 UTC 2014
[    0.000000] Command line: BOOT_IMAGE=/vmlinuz-3.17.1-302.fc21.x86_64 root=/dev/mapper/fedora-root ro rd.lvm.lv=fedora/swap vconsole.font=latarcyrheb-sun16 rd.lvm.lv=fedora/root rhgb quiet LANG=ru_RU.UTF-8
[    0.000000] e820: BIOS-provided physical RAM map:
[    0.000000] BIOS-e820: [mem 0x0000000000000000-0x000000000009cfff] usable
[    0.000000] BIOS-e820: [mem 0x000000000009d000-0x00000000000bffff] reserved
[    0.000000] BIOS-e820: [mem 0x0000000000100000-0x000000001fffffff] usable
[    0.000000] BIOS-e820: [mem 0x0000000020000000-0x00000000201fffff] reserved
[    0.000000] BIOS-e820: [mem 0x0000000020200000-0x0000000040003fff] usable
[    0.000000] BIOS-e820: [mem 0x0000000040004000-0x0000000040004fff] reserved
[    0.000000] BIOS-e820: [mem 0x0000000040005000-0x00000000be0f5fff] usable
[    0.000000] BIOS-e820: [mem 0x00000000be0f6000-0x00000000be2f7fff] reserved
[    0.000000] BIOS-e820: [mem 0x00000000be2f8000-0x00000000ce3eefff] usable
[    0.000000] BIOS-e820: [mem 0x00000000ce3ef000-0x00000000daeeefff] reserved
[    0.000000] BIOS-e820: [mem 0x00000000daeef000-0x00000000daf9efff] ACPI NVS
[    0.000000] BIOS-e820: [mem 0x00000000daf9f000-0x00000000daffefff] ACPI data
[    0.000000] BIOS-e820: [mem 0x00000000dafff000-0x00000000daffffff] usable
[    0.000000] BIOS-e820: [mem 0x00000000db000000-0x00000000df9fffff] reserved
[    0.000000] BIOS-e820: [mem 0x00000000f80f8000-0x00000000f80f8fff] reserved
[    0.000000] BIOS-e820: [mem 0x00000000fed1c000-0x00000000fed1ffff] reserved
[    0.000000] BIOS-e820: [mem 0x0000000100000000-0x000000021f5fffff] usable
[    0.000000] NX (Execute Disable) protection: active
[    0.000000] e820: update [mem 0xbeb62018-0xbeb72057] usable ==> usable
[    0.000000] extended physical RAM map:
[    0.000000] reserve setup_data: [mem 0x0000000000000000-0x000000000009cfff] usable
[    0.000000] reserve setup_data: [mem 0x000000000009d000-0x00000000000bffff] reserved
[    0.000000] reserve setup_data: [mem 0x0000000000100000-0x000000001fffffff] usable
[    0.000000] reserve setup_data: [mem 0x0000000020000000-0x00000000201fffff] reserved
[    0.000000] reserve setup_data: [mem 0x0000000020200000-0x0000000040003fff] usable
[    0.000000] reserve setup_data: [mem 0x0000000040004000-0x0000000040004fff] reserved
[    0.000000] reserve setup_data: [mem 0x0000000040005000-0x00000000be0f5fff] usable
[    0.000000] reserve setup_data: [mem 0x00000000be0f6000-0x00000000be2f7fff] reserved
[    0.000000] reserve setup_data: [mem 0x00000000be2f8000-0x00000000beb62017] usable
[    0.000000] reserve setup_data: [mem 0x00000000beb62018-0x00000000beb72057] usable
[    0.000000] reserve setup_data: [mem 0x00000000beb72058-0x00000000ce3eefff] usable
[    0.000000] reserve setup_data: [mem 0x00000000ce3ef000-0x00000000daeeefff] reserved
[    0.000000] reserve setup_data: [mem 0x00000000daeef000-0x00000000daf9efff] ACPI NVS
[    0.000000] reserve setup_data: [mem 0x00000000daf9f000-0x00000000daffefff] ACPI data
[    0.000000] reserve setup_data: [mem 0x00000000dafff000-0x00000000daffffff] usable
[    0.000000] reserve setup_data: [mem 0x00000000db000000-0x00000000df9fffff] reserved
[    0.000000] reserve setup_data: [mem 0x00000000f80f8000-0x00000000f80f8fff] reserved
[    0.000000] reserve setup_data: [mem 0x00000000fed1c000-0x00000000fed1ffff] reserved
[    0.000000] reserve setup_data: [mem 0x0000000100000000-0x000000021f5fffff] usable
[    0.000000] efi: EFI v2.31 by Phoenix Technologies Ltd.
[    0.000000] efi:  ACPI=0xdaffe000  ACPI 2.0=0xdaffe014  SMBIOS=0xdac46000 
[    0.000000] efi: mem00: type=7, attr=0xf, range=[0x0000000000000000-0x0000000000001000) (0MB)
[    0.000000] efi: mem01: type=2, attr=0xf, range=[0x0000000000001000-0x0000000000002000) (0MB)
[    0.000000] efi: mem02: type=7, attr=0xf, range=[0x0000000000002000-0x0000000000087000) (0MB)
[    0.000000] efi: mem03: type=4, attr=0xf, range=[0x0000000000087000-0x0000000000088000) (0MB)
[    0.000000] efi: mem04: type=7, attr=0xf, range=[0x0000000000088000-0x000000000009d000) (0MB)
[    0.000000] efi: mem05: type=0, attr=0xf, range=[0x000000000009d000-0x00000000000a0000) (0MB)
[    0.000000] efi: mem06: type=7, attr=0xf, range=[0x0000000000100000-0x0000000001000000) (15MB)
[    0.000000] efi: mem07: type=2, attr=0xf, range=[0x0000000001000000-0x0000000002452000) (20MB)
[    0.000000] efi: mem08: type=7, attr=0xf, range=[0x0000000002452000-0x0000000020000000) (475MB)
[    0.000000] efi: mem09: type=0, attr=0xf, range=[0x0000000020000000-0x0000000020200000) (2MB)
[    0.000000] efi: mem10: type=7, attr=0xf, range=[0x0000000020200000-0x000000003eda2000) (491MB)
[    0.000000] efi: mem11: type=2, attr=0xf, range=[0x000000003eda2000-0x0000000040000000) (18MB)
[    0.000000] efi: mem12: type=7, attr=0xf, range=[0x0000000040000000-0x0000000040004000) (0MB)
[    0.000000] efi: mem13: type=0, attr=0xf, range=[0x0000000040004000-0x0000000040005000) (0MB)
[    0.000000] efi: mem14: type=7, attr=0xf, range=[0x0000000040005000-0x00000000890ff000) (1168MB)
[    0.000000] efi: mem15: type=2, attr=0xf, range=[0x00000000890ff000-0x00000000bbac7000) (809MB)
[    0.000000] efi: mem16: type=4, attr=0xf, range=[0x00000000bbac7000-0x00000000bbae7000) (0MB)
[    0.000000] efi: mem17: type=7, attr=0xf, range=[0x00000000bbae7000-0x00000000bdefe000) (36MB)
[    0.000000] efi: mem18: type=2, attr=0xf, range=[0x00000000bdefe000-0x00000000be0df000) (1MB)
[    0.000000] efi: mem19: type=4, attr=0xf, range=[0x00000000be0df000-0x00000000be0f6000) (0MB)
[    0.000000] efi: mem20: type=0, attr=0xf, range=[0x00000000be0f6000-0x00000000be2f8000) (2MB)
[    0.000000] efi: mem21: type=4, attr=0xf, range=[0x00000000be2f8000-0x00000000beab7000) (7MB)
[    0.000000] efi: mem22: type=7, attr=0xf, range=[0x00000000beab7000-0x00000000beb61000) (0MB)
[    0.000000] efi: mem23: type=2, attr=0xf, range=[0x00000000beb61000-0x00000000beb76000) (0MB)
[    0.000000] efi: mem24: type=7, attr=0xf, range=[0x00000000beb76000-0x00000000beca5000) (1MB)
[    0.000000] efi: mem25: type=1, attr=0xf, range=[0x00000000beca5000-0x00000000bede0000) (1MB)
[    0.000000] efi: mem26: type=7, attr=0xf, range=[0x00000000bede0000-0x00000000c0aca000) (28MB)
[    0.000000] efi: mem27: type=4, attr=0xf, range=[0x00000000c0aca000-0x00000000c1c6d000) (17MB)
[    0.000000] efi: mem28: type=7, attr=0xf, range=[0x00000000c1c6d000-0x00000000c1c83000) (0MB)
[    0.000000] efi: mem29: type=4, attr=0xf, range=[0x00000000c1c83000-0x00000000c1c9f000) (0MB)
[    0.000000] efi: mem30: type=7, attr=0xf, range=[0x00000000c1c9f000-0x00000000c1ca5000) (0MB)
[    0.000000] efi: mem31: type=4, attr=0xf, range=[0x00000000c1ca5000-0x00000000c1d78000) (0MB)
[    0.000000] efi: mem32: type=7, attr=0xf, range=[0x00000000c1d78000-0x00000000c1d79000) (0MB)
[    0.000000] efi: mem33: type=4, attr=0xf, range=[0x00000000c1d79000-0x00000000c2062000) (2MB)
[    0.000000] efi: mem34: type=7, attr=0xf, range=[0x00000000c2062000-0x00000000c2074000) (0MB)
[    0.000000] efi: mem35: type=4, attr=0xf, range=[0x00000000c2074000-0x00000000c33ef000) (19MB)
[    0.000000] efi: mem36: type=7, attr=0xf, range=[0x00000000c33ef000-0x00000000ce034000) (172MB)
[    0.000000] efi: mem37: type=3, attr=0xf, range=[0x00000000ce034000-0x00000000ce3ef000) (3MB)
[    0.000000] efi: mem38: type=5, attr=0x800000000000000f, range=[0x00000000ce3ef000-0x00000000ce510000) (1MB)
[    0.000000] efi: mem39: type=5, attr=0x800000000000000f, range=[0x00000000ce510000-0x00000000ce5ef000) (0MB)
[    0.000000] efi: mem40: type=6, attr=0x800000000000000f, range=[0x00000000ce5ef000-0x00000000cec94000) (6MB)
[    0.000000] efi: mem41: type=6, attr=0x800000000000000f, range=[0x00000000cec94000-0x00000000d06ef000) (26MB)
[    0.000000] efi: mem42: type=0, attr=0xf, range=[0x00000000d06ef000-0x00000000dac45000) (165MB)
[    0.000000] efi: mem43: type=0, attr=0xf, range=[0x00000000dac45000-0x00000000daeef000) (2MB)
[    0.000000] efi: mem44: type=10, attr=0xf, range=[0x00000000daeef000-0x00000000daf1f000) (0MB)
[    0.000000] efi: mem45: type=10, attr=0xf, range=[0x00000000daf1f000-0x00000000daf9f000) (0MB)
[    0.000000] efi: mem46: type=9, attr=0xf, range=[0x00000000daf9f000-0x00000000dafe4000) (0MB)
[    0.000000] efi: mem47: type=9, attr=0xf, range=[0x00000000dafe4000-0x00000000dafff000) (0MB)
[    0.000000] efi: mem48: type=4, attr=0xf, range=[0x00000000dafff000-0x00000000db000000) (0MB)
[    0.000000] efi: mem49: type=7, attr=0xf, range=[0x0000000100000000-0x000000021f600000) (4598MB)
[    0.000000] efi: mem50: type=0, attr=0x0, range=[0x00000000000a0000-0x00000000000c0000) (0MB)
[    0.000000] efi: mem51: type=0, attr=0x0, range=[0x00000000db000000-0x00000000dfa00000) (74MB)
[    0.000000] efi: mem52: type=11, attr=0x8000000000000001, range=[0x00000000f80f8000-0x00000000f80f9000) (0MB)
[    0.000000] efi: mem53: type=11, attr=0x8000000000000001, range=[0x00000000fed1c000-0x00000000fed20000) (0MB)
[    0.000000] SMBIOS 2.7 present.
[    0.000000] DMI: SAMSUNG ELECTRONICS CO., LTD. 530U3C/530U4C/532U3C/NP530U3C-A0HRU, BIOS P12ABH 10/25/2013
[    0.000000] e820: update [mem 0x00000000-0x00000fff] usable ==> reserved
[    0.000000] e820: remove [mem 0x000a0000-0x000fffff] usable
[    0.000000] e820: last_pfn = 0x21f600 max_arch_pfn = 0x400000000
[    0.000000] MTRR default type: uncachable
[    0.000000] MTRR fixed ranges enabled:
[    0.000000]   00000-9FFFF write-back
[    0.000000]   A0000-DFFFF uncachable
[    0.000000]   E0000-FFFFF write-back
[    0.000000] MTRR variable ranges enabled:
[    0.000000]   0 base 0FFC00000 mask FFFC00000 write-protect
[    0.000000]   1 base 000000000 mask F80000000 write-back
[    0.000000]   2 base 080000000 mask FC0000000 write-back
[    0.000000]   3 base 0C0000000 mask FE0000000 write-back
[    0.000000]   4 base 0DC000000 mask FFC000000 uncachable
[    0.000000]   5 base 0DB000000 mask FFF000000 uncachable
[    0.000000]   6 base 100000000 mask F00000000 write-back
[    0.000000]   7 base 200000000 mask FE0000000 write-back
[    0.000000]   8 base 21F800000 mask FFF800000 uncachable
[    0.000000]   9 base 21F600000 mask FFFE00000 uncachable
[    0.000000] x86 PAT enabled: cpu 0, old 0x7040600070406, new 0x7010600070106
[    0.000000] e820: last_pfn = 0xdb000 max_arch_pfn = 0x400000000
[    0.000000] Base memory trampoline at [ffff880000097000] 97000 size 24576
[    0.000000] init_memory_mapping: [mem 0x00000000-0x000fffff]
[    0.000000]  [mem 0x00000000-0x000fffff] page 4k
[    0.000000] BRK [0x0202e000, 0x0202efff] PGTABLE
[    0.000000] BRK [0x0202f000, 0x0202ffff] PGTABLE
[    0.000000] BRK [0x02030000, 0x02030fff] PGTABLE
[    0.000000] init_memory_mapping: [mem 0x21f400000-0x21f5fffff]
[    0.000000]  [mem 0x21f400000-0x21f5fffff] page 2M
[    0.000000] BRK [0x02031000, 0x02031fff] PGTABLE
[    0.000000] init_memory_mapping: [mem 0x21c000000-0x21f3fffff]
[    0.000000]  [mem 0x21c000000-0x21f3fffff] page 2M
[    0.000000] init_memory_mapping: [mem 0x200000000-0x21bffffff]
[    0.000000]  [mem 0x200000000-0x21bffffff] page 2M
[    0.000000] init_memory_mapping: [mem 0x00100000-0x1fffffff]
[    0.000000]  [mem 0x00100000-0x001fffff] page 4k
[    0.000000]  [mem 0x00200000-0x1fffffff] page 2M
[    0.000000] init_memory_mapping: [mem 0x20200000-0x40003fff]
[    0.000000]  [mem 0x20200000-0x3fffffff] page 2M
[    0.000000]  [mem 0x40000000-0x40003fff] page 4k
[    0.000000] BRK [0x02032000, 0x02032fff] PGTABLE
[    0.000000] BRK [0x02033000, 0x02033fff] PGTABLE
[    0.000000] init_memory_mapping: [mem 0x40005000-0xbe0f5fff]
[    0.000000]  [mem 0x40005000-0x401fffff] page 4k
[    0.000000]  [mem 0x40200000-0xbdffffff] page 2M
[    0.000000]  [mem 0xbe000000-0xbe0f5fff] page 4k
[    0.000000] init_memory_mapping: [mem 0xbe2f8000-0xce3eefff]
[    0.000000]  [mem 0xbe2f8000-0xbe3fffff] page 4k
[    0.000000]  [mem 0xbe400000-0xce1fffff] page 2M
[    0.000000]  [mem 0xce200000-0xce3eefff] page 4k
[    0.000000] init_memory_mapping: [mem 0xdafff000-0xdaffffff]
[    0.000000]  [mem 0xdafff000-0xdaffffff] page 4k
[    0.000000] init_memory_mapping: [mem 0x100000000-0x1ffffffff]
[    0.000000]  [mem 0x100000000-0x1ffffffff] page 2M
[    0.000000] RAMDISK: [mem 0x3eda2000-0x3fffafff]
[    0.000000] ACPI: Early table checksum verification disabled
[    0.000000] ACPI: RSDP 0x00000000DAFFE014 000024 (v02 SECCSD)
[    0.000000] ACPI: XSDT 0x00000000DAFFE170 00009C (v01 SECCSD LH43STAR 00000002 PTL  00000002)
[    0.000000] ACPI: FACP 0x00000000DAFEE000 00010C (v05 SECCSD LH43STAR 00000002 PTL  00000002)
[    0.000000] ACPI: DSDT 0x00000000DAFF1000 009675 (v02 SECCSD IVB-CPT  00000000 INTL 20061109)
[    0.000000] ACPI: FACS 0x00000000DAF7B000 000040
[    0.000000] ACPI: SLIC 0x00000000DAFFD000 000176 (v01 SECCSD LH43STAR 00000002 PTL  00000001)
[    0.000000] ACPI: SSDT 0x00000000DAFFB000 001068 (v01 SECCSD PtidDevc 00001000 INTL 20061109)
[    0.000000] ACPI: ASF! 0x00000000DAFF0000 0000A5 (v32 SECCSD LH43STAR 00000002 PTL  00000002)
[    0.000000] ACPI: HPET 0x00000000DAFED000 000038 (v01 SECCSD LH43STAR 00000002 PTL  00000002)
[    0.000000] ACPI: APIC 0x00000000DAFEC000 000098 (v03 SECCSD LH43STAR 00000002 PTL  00000002)
[    0.000000] ACPI: MCFG 0x00000000DAFEB000 00003C (v01 SECCSD LH43STAR 00000002 PTL  00000002)
[    0.000000] ACPI: FPDT 0x00000000DAFEA000 000064 (v01 SECCSD LH43STAR 00000002 PTL  00000002)
[    0.000000] ACPI: SSDT 0x00000000DAFE9000 0008DF (v01 PmRef  Cpu0Ist  00003000 INTL 20061109)
[    0.000000] ACPI: SSDT 0x00000000DAFE8000 000AD0 (v01 PmRef  CpuPm    00003000 INTL 20061109)
[    0.000000] ACPI: UEFI 0x00000000DAFE7000 000042 (v01 PTL    COMBUF   00000001 PTL  00000001)
[    0.000000] ACPI: MSDM 0x00000000DAF79000 000055 (v03 SECCSD LH43STAR 00000002 PTL  00000002)
[    0.000000] ACPI: UEFI 0x00000000DAFE6000 00003E (v01 SECCSD LH43STAR 00000002 PTL  00000002)
[    0.000000] ACPI: UEFI 0x00000000DAFE5000 00027E (v01 SECCSD LH43STAR 00000002 PTL  00000002)
[    0.000000] ACPI: BGRT 0x00000000DAFE4000 000038 (v00 SECCSD LH43STAR 00000002 PTL  00000002)
[    0.000000] ACPI: Local APIC address 0xfee00000
[    0.000000] No NUMA configuration found
[    0.000000] Faking a node at [mem 0x0000000000000000-0x000000021f5fffff]
[    0.000000] Initmem setup node 0 [mem 0x00000000-0x21f5fffff]
[    0.000000]   NODE_DATA [mem 0x21f5e2000-0x21f5f5fff]
[    0.000000]  [ffffea0000000000-ffffea00087fffff] PMD -> [ffff880216e00000-ffff88021ebfffff] on node 0
[    0.000000] Zone ranges:
[    0.000000]   DMA      [mem 0x00001000-0x00ffffff]
[    0.000000]   DMA32    [mem 0x01000000-0xffffffff]
[    0.000000]   Normal   [mem 0x100000000-0x21f5fffff]
[    0.000000] Movable zone start for each node
[    0.000000] Early memory node ranges
[    0.000000]   node   0: [mem 0x00001000-0x0009cfff]
[    0.000000]   node   0: [mem 0x00100000-0x1fffffff]
[    0.000000]   node   0: [mem 0x20200000-0x40003fff]
[    0.000000]   node   0: [mem 0x40005000-0xbe0f5fff]
[    0.000000]   node   0: [mem 0xbe2f8000-0xce3eefff]
[    0.000000]   node   0: [mem 0xdafff000-0xdaffffff]
[    0.000000]   node   0: [mem 0x100000000-0x21f5fffff]
[    0.000000] On node 0 totalpages: 2020745
[    0.000000]   DMA zone: 64 pages used for memmap
[    0.000000]   DMA zone: 22 pages reserved
[    0.000000]   DMA zone: 3996 pages, LIFO batch:0
[    0.000000]   DMA32 zone: 13120 pages used for memmap
[    0.000000]   DMA32 zone: 839661 pages, LIFO batch:31
[    0.000000]   Normal zone: 18392 pages used for memmap
[    0.000000]   Normal zone: 1177088 pages, LIFO batch:31
[    0.000000] tboot: non-0 tboot_addr but it is not of type E820_RESERVED
[    0.000000] Reserving Intel graphics stolen memory at 0xdba00000-0xdf9fffff
[    0.000000] ACPI: PM-Timer IO Port: 0x408
[    0.000000] ACPI: Local APIC address 0xfee00000
[    0.000000] ACPI: LAPIC (acpi_id[0x01] lapic_id[0x00] enabled)
[    0.000000] ACPI: LAPIC (acpi_id[0x02] lapic_id[0x01] enabled)
[    0.000000] ACPI: LAPIC (acpi_id[0x03] lapic_id[0x02] enabled)
[    0.000000] ACPI: LAPIC (acpi_id[0x04] lapic_id[0x03] enabled)
[    0.000000] ACPI: LAPIC (acpi_id[0x05] lapic_id[0x00] disabled)
[    0.000000] ACPI: LAPIC (acpi_id[0x06] lapic_id[0x00] disabled)
[    0.000000] ACPI: LAPIC (acpi_id[0x07] lapic_id[0x00] disabled)
[    0.000000] ACPI: LAPIC (acpi_id[0x08] lapic_id[0x00] disabled)
[    0.000000] ACPI: LAPIC_NMI (acpi_id[0x00] high edge lint[0x1])
[    0.000000] ACPI: LAPIC_NMI (acpi_id[0x01] high edge lint[0x1])
[    0.000000] ACPI: IOAPIC (id[0x02] address[0xfec00000] gsi_base[0])
[    0.000000] IOAPIC[0]: apic_id 2, version 32, address 0xfec00000, GSI 0-23
[    0.000000] ACPI: INT_SRC_OVR (bus 0 bus_irq 0 global_irq 2 dfl dfl)
[    0.000000] ACPI: INT_SRC_OVR (bus 0 bus_irq 9 global_irq 9 high level)
[    0.000000] ACPI: IRQ0 used by override.
[    0.000000] ACPI: IRQ9 used by override.
[    0.000000] Using ACPI (MADT) for SMP configuration information
[    0.000000] ACPI: HPET id: 0x8086a301 base: 0xfed00000
[    0.000000] smpboot: Allowing 8 CPUs, 4 hotplug CPUs
[    0.000000] PM: Registered nosave memory: [mem 0x0009d000-0x000bffff]
[    0.000000] PM: Registered nosave memory: [mem 0x000c0000-0x000fffff]
[    0.000000] PM: Registered nosave memory: [mem 0x20000000-0x201fffff]
[    0.000000] PM: Registered nosave memory: [mem 0x40004000-0x40004fff]
[    0.000000] PM: Registered nosave memory: [mem 0xbe0f6000-0xbe2f7fff]
[    0.000000] PM: Registered nosave memory: [mem 0xbeb62000-0xbeb62fff]
[    0.000000] PM: Registered nosave memory: [mem 0xbeb72000-0xbeb72fff]
[    0.000000] PM: Registered nosave memory: [mem 0xce3ef000-0xdaeeefff]
[    0.000000] PM: Registered nosave memory: [mem 0xdaeef000-0xdaf9efff]
[    0.000000] PM: Registered nosave memory: [mem 0xdaf9f000-0xdaffefff]
[    0.000000] PM: Registered nosave memory: [mem 0xdb000000-0xdf9fffff]
[    0.000000] PM: Registered nosave memory: [mem 0xdfa00000-0xf80f7fff]
[    0.000000] PM: Registered nosave memory: [mem 0xf80f8000-0xf80f8fff]
[    0.000000] PM: Registered nosave memory: [mem 0xf80f9000-0xfed1bfff]
[    0.000000] PM: Registered nosave memory: [mem 0xfed1c000-0xfed1ffff]
[    0.000000] PM: Registered nosave memory: [mem 0xfed20000-0xffffffff]
[    0.000000] e820: [mem 0xdfa00000-0xf80f7fff] available for PCI devices
[    0.000000] Booting paravirtualized kernel on bare hardware
[    0.000000] setup_percpu: NR_CPUS:1024 nr_cpumask_bits:8 nr_cpu_ids:8 nr_node_ids:1
[    0.000000] PERCPU: Embedded 29 pages/cpu @ffff88021f200000 s88384 r8192 d22208 u262144
[    0.000000] pcpu-alloc: s88384 r8192 d22208 u262144 alloc=1*2097152
[    0.000000] pcpu-alloc: [0] 0 1 2 3 4 5 6 7 
[    0.000000] Built 1 zonelists in Zone order, mobility grouping on.  Total pages: 1989147
[    0.000000] Policy zone: Normal
[    0.000000] Kernel command line: BOOT_IMAGE=/vmlinuz-3.17.1-302.fc21.x86_64 root=/dev/mapper/fedora-root ro rd.lvm.lv=fedora/swap vconsole.font=latarcyrheb-sun16 rd.lvm.lv=fedora/root rhgb quiet LANG=ru_RU.UTF-8
[    0.000000] PID hash table entries: 4096 (order: 3, 32768 bytes)
[    0.000000] xsave: enabled xstate_bv 0x7, cntxt size 0x340 using standard form
[    0.000000] Memory: 7797144K/8082980K available (7463K kernel code, 1231K rwdata, 3252K rodata, 1468K init, 1540K bss, 285836K reserved)
[    0.000000] SLUB: HWalign=64, Order=0-3, MinObjects=0, CPUs=8, Nodes=1
[    0.000000] Hierarchical RCU implementation.
[    0.000000] 	RCU dyntick-idle grace-period acceleration is enabled.
[    0.000000] 	RCU restricting CPUs from NR_CPUS=1024 to nr_cpu_ids=8.
[    0.000000] 	Offload RCU callbacks from all CPUs
[    0.000000] 	Offload RCU callbacks from CPUs: 0-7.
[    0.000000] RCU: Adjusting geometry for rcu_fanout_leaf=16, nr_cpu_ids=8
[    0.000000] NR_IRQS:65792 nr_irqs:488 0
[    0.000000] Console: colour dummy device 80x25
[    0.000000] console [tty0] enabled
[    0.000000] allocated 33030144 bytes of page_cgroup
[    0.000000] please try 'cgroup_disable=memory' option if you don't want memory cgroups
[    0.000000] hpet clockevent registered
[    0.000000] tsc: Fast TSC calibration using PIT
[    0.000000] tsc: Detected 1696.019 MHz processor
[    0.000051] Calibrating delay loop (skipped), value calculated using timer frequency.. 3392.03 BogoMIPS (lpj=1696019)
[    0.000054] pid_max: default: 32768 minimum: 301
[    0.000065] ACPI: Core revision 20140724
[    0.009820] ACPI: All ACPI Tables successfully acquired
[    0.036961] Security Framework initialized
[    0.036972] SELinux:  Initializing.
[    0.036981] SELinux:  Starting in permissive mode
[    0.037902] Dentry cache hash table entries: 1048576 (order: 11, 8388608 bytes)
[    0.041073] Inode-cache hash table entries: 524288 (order: 10, 4194304 bytes)
[    0.042453] Mount-cache hash table entries: 16384 (order: 5, 131072 bytes)
[    0.042471] Mountpoint-cache hash table entries: 16384 (order: 5, 131072 bytes)
[    0.042747] Initializing cgroup subsys memory
[    0.042754] Initializing cgroup subsys devices
[    0.042757] Initializing cgroup subsys freezer
[    0.042760] Initializing cgroup subsys net_cls
[    0.042763] Initializing cgroup subsys blkio
[    0.042765] Initializing cgroup subsys perf_event
[    0.042768] Initializing cgroup subsys net_prio
[    0.042771] Initializing cgroup subsys hugetlb
[    0.042804] CPU: Physical Processor ID: 0
[    0.042805] CPU: Processor Core ID: 0
[    0.042811] ENERGY_PERF_BIAS: Set to 'normal', was 'performance'
ENERGY_PERF_BIAS: View and update with x86_energy_perf_policy(8)
[    0.043385] mce: CPU supports 7 MCE banks
[    0.043401] CPU0: Thermal monitoring enabled (TM1)
[    0.043412] Last level iTLB entries: 4KB 512, 2MB 8, 4MB 8
Last level dTLB entries: 4KB 512, 2MB 32, 4MB 32, 1GB 0
[    0.043577] Freeing SMP alternatives memory: 28K (ffffffff81ea4000 - ffffffff81eab000)
[    0.047951] ftrace: allocating 27196 entries in 107 pages
[    0.066678] ..TIMER: vector=0x30 apic1=0 pin1=2 apic2=-1 pin2=-1
[    0.076686] smpboot: CPU0: Intel(R) Core(TM) i5-3317U CPU @ 1.70GHz (fam: 06, model: 3a, stepping: 09)
[    0.076696] TSC deadline timer enabled
[    0.076731] Performance Events: PEBS fmt1+, 16-deep LBR, IvyBridge events, full-width counters, Intel PMU driver.
[    0.076760] ... version:                3
[    0.076761] ... bit width:              48
[    0.076762] ... generic registers:      4
[    0.076763] ... value mask:             0000ffffffffffff
[    0.076765] ... max period:             0000ffffffffffff
[    0.076766] ... fixed-purpose events:   3
[    0.076767] ... event mask:             000000070000000f
[    0.078929] x86: Booting SMP configuration:
[    0.078932] .... node  #0, CPUs:      #1
[    0.092835] NMI watchdog: enabled on all CPUs, permanently consumes one hw-PMU counter.
[    0.092958]  #2
[    0.103957] CPU2 microcode updated early to revision 0x1b, date = 2014-05-29
[    0.106905]  #3
[    0.120758] x86: Booted up 1 node, 4 CPUs
[    0.120762] smpboot: Total of 4 processors activated (13568.15 BogoMIPS)
[    0.125496] devtmpfs: initialized
[    0.129456] PM: Registering ACPI NVS region [mem 0xdaeef000-0xdaf9efff] (720896 bytes)
[    0.130714] atomic64_test: passed for x86-64 platform with CX8 and with SSE
[    0.130719] pinctrl core: initialized pinctrl subsystem
[    0.130769] RTC time: 13:07:39, date: 10/19/14
[    0.130889] NET: Registered protocol family 16
[    0.131104] cpuidle: using governor menu
[    0.131248] ACPI: bus type PCI registered
[    0.131251] acpiphp: ACPI Hot Plug PCI Controller Driver version: 0.5
[    0.131354] PCI: MMCONFIG for domain 0000 [bus 00-3f] at [mem 0xf8000000-0xfbffffff] (base 0xf8000000)
[    0.131357] PCI: not using MMCONFIG
[    0.131359] PCI: Using configuration type 1 for base access
[    0.134725] ACPI: Added _OSI(Module Device)
[    0.134728] ACPI: Added _OSI(Processor Device)
[    0.134730] ACPI: Added _OSI(3.0 _SCP Extensions)
[    0.134732] ACPI: Added _OSI(Processor Aggregator Device)
[    0.141318] ACPI: Executed 1 blocks of module-level executable AML code
[    0.147587] ACPI: Dynamic OEM Table Load:
[    0.147601] ACPI: SSDT 0xFFFF880213499800 000784 (v01 PmRef  Cpu0Cst  00003001 INTL 20061109)
[    0.149593] ACPI: Dynamic OEM Table Load:
[    0.149603] ACPI: SSDT 0xFFFF8802134D2000 000303 (v01 PmRef  ApIst    00003000 INTL 20061109)
[    0.151425] ACPI: Dynamic OEM Table Load:
[    0.151434] ACPI: SSDT 0xFFFF8802134ECC00 000119 (v01 PmRef  ApCst    00003000 INTL 20061109)
[    0.155082] ACPI: Interpreter enabled
[    0.155094] ACPI Exception: AE_NOT_FOUND, While evaluating Sleep State [\_S1_] (20140724/hwxface-580)
[    0.155101] ACPI Exception: AE_NOT_FOUND, While evaluating Sleep State [\_S2_] (20140724/hwxface-580)
[    0.155120] ACPI: (supports S0 S3 S4 S5)
[    0.155122] ACPI: Using IOAPIC for interrupt routing
[    0.155148] PCI: MMCONFIG for domain 0000 [bus 00-3f] at [mem 0xf8000000-0xfbffffff] (base 0xf8000000)
[    0.155695] PCI: MMCONFIG at [mem 0xf8000000-0xfbffffff] reserved in ACPI motherboard resources
[    0.155839] PCI: Using host bridge windows from ACPI; if necessary, use "pci=nocrs" and report a bug
[    0.165365] ACPI: Power Resource [FN00] (off)
[    0.165477] ACPI: Power Resource [FN01] (off)
[    0.165582] ACPI: Power Resource [FN02] (off)
[    0.165686] ACPI: Power Resource [FN03] (off)
[    0.165793] ACPI: Power Resource [FN04] (off)
[    0.166470] ACPI: PCI Root Bridge [PCI0] (domain 0000 [bus 00-3e])
[    0.166477] acpi PNP0A08:00: _OSC: OS supports [ExtendedConfig ASPM ClockPM Segments MSI]
[    0.166642] \_SB_.PCI0:_OSC invalid UUID
[    0.166644] _OSC request data:1 1f 0 
[    0.166649] acpi PNP0A08:00: _OSC failed (AE_ERROR); disabling ASPM
[    0.167319] PCI host bridge to bus 0000:00
[    0.167323] pci_bus 0000:00: root bus resource [bus 00-3e]
[    0.167325] pci_bus 0000:00: root bus resource [io  0x0000-0x0cf7]
[    0.167328] pci_bus 0000:00: root bus resource [io  0x0d00-0xffff]
[    0.167332] pci_bus 0000:00: root bus resource [mem 0x000a0000-0x000bffff]
[    0.167334] pci_bus 0000:00: root bus resource [mem 0x000c0000-0x000c3fff]
[    0.167341] pci_bus 0000:00: root bus resource [mem 0x000c4000-0x000c7fff]
[    0.167343] pci_bus 0000:00: root bus resource [mem 0x000c8000-0x000cbfff]
[    0.167345] pci_bus 0000:00: root bus resource [mem 0x000cc000-0x000cffff]
[    0.167347] pci_bus 0000:00: root bus resource [mem 0x000d0000-0x000d3fff]
[    0.167349] pci_bus 0000:00: root bus resource [mem 0x000d4000-0x000d7fff]
[    0.167351] pci_bus 0000:00: root bus resource [mem 0x000d8000-0x000dbfff]
[    0.167353] pci_bus 0000:00: root bus resource [mem 0x000dc000-0x000dffff]
[    0.167356] pci_bus 0000:00: root bus resource [mem 0xdfa00000-0xfeafffff]
[    0.167368] pci 0000:00:00.0: [8086:0154] type 00 class 0x060000
[    0.167493] pci 0000:00:02.0: [8086:0166] type 00 class 0x030000
[    0.167509] pci 0000:00:02.0: reg 0x10: [mem 0xf0000000-0xf03fffff 64bit]
[    0.167518] pci 0000:00:02.0: reg 0x18: [mem 0xe0000000-0xefffffff 64bit pref]
[    0.167525] pci 0000:00:02.0: reg 0x20: [io  0x3000-0x303f]
[    0.167683] pci 0000:00:14.0: [8086:1e31] type 00 class 0x0c0330
[    0.167714] pci 0000:00:14.0: reg 0x10: [mem 0xf0600000-0xf060ffff 64bit]
[    0.167805] pci 0000:00:14.0: PME# supported from D3hot D3cold
[    0.167863] pci 0000:00:14.0: System wakeup disabled by ACPI
[    0.167922] pci 0000:00:16.0: [8086:1e3a] type 00 class 0x078000
[    0.167955] pci 0000:00:16.0: reg 0x10: [mem 0xf0615000-0xf061500f 64bit]
[    0.168053] pci 0000:00:16.0: PME# supported from D0 D3hot D3cold
[    0.168179] pci 0000:00:1a.0: [8086:1e2d] type 00 class 0x0c0320
[    0.168206] pci 0000:00:1a.0: reg 0x10: [mem 0xf061a000-0xf061a3ff]
[    0.168316] pci 0000:00:1a.0: PME# supported from D0 D3hot D3cold
[    0.168397] pci 0000:00:1a.0: System wakeup disabled by ACPI
[    0.168456] pci 0000:00:1b.0: [8086:1e20] type 00 class 0x040300
[    0.168481] pci 0000:00:1b.0: reg 0x10: [mem 0xf0610000-0xf0613fff 64bit]
[    0.168576] pci 0000:00:1b.0: PME# supported from D0 D3hot D3cold
[    0.168637] pci 0000:00:1b.0: System wakeup disabled by ACPI
[    0.168689] pci 0000:00:1c.0: [8086:1e10] type 01 class 0x060400
[    0.168794] pci 0000:00:1c.0: PME# supported from D0 D3hot D3cold
[    0.168855] pci 0000:00:1c.0: System wakeup disabled by ACPI
[    0.168911] pci 0000:00:1c.3: [8086:1e16] type 01 class 0x060400
[    0.169015] pci 0000:00:1c.3: PME# supported from D0 D3hot D3cold
[    0.169074] pci 0000:00:1c.3: System wakeup disabled by ACPI
[    0.169137] pci 0000:00:1d.0: [8086:1e26] type 00 class 0x0c0320
[    0.169166] pci 0000:00:1d.0: reg 0x10: [mem 0xf0619000-0xf06193ff]
[    0.169282] pci 0000:00:1d.0: PME# supported from D0 D3hot D3cold
[    0.169359] pci 0000:00:1d.0: System wakeup disabled by ACPI
[    0.169419] pci 0000:00:1f.0: [8086:1e59] type 00 class 0x060100
[    0.169638] pci 0000:00:1f.2: [8086:1e03] type 00 class 0x010601
[    0.169663] pci 0000:00:1f.2: reg 0x10: [io  0x3088-0x308f]
[    0.169675] pci 0000:00:1f.2: reg 0x14: [io  0x3094-0x3097]
[    0.169686] pci 0000:00:1f.2: reg 0x18: [io  0x3080-0x3087]
[    0.169696] pci 0000:00:1f.2: reg 0x1c: [io  0x3090-0x3093]
[    0.169708] pci 0000:00:1f.2: reg 0x20: [io  0x3060-0x307f]
[    0.169720] pci 0000:00:1f.2: reg 0x24: [mem 0xf0618000-0xf06187ff]
[    0.169779] pci 0000:00:1f.2: PME# supported from D3hot
[    0.169878] pci 0000:00:1f.3: [8086:1e22] type 00 class 0x0c0500
[    0.169900] pci 0000:00:1f.3: reg 0x10: [mem 0xf0614000-0xf06140ff 64bit]
[    0.169928] pci 0000:00:1f.3: reg 0x20: [io  0xefa0-0xefbf]
[    0.170164] pci 0000:01:00.0: [8086:088e] type 00 class 0x028000
[    0.170223] pci 0000:01:00.0: reg 0x10: [mem 0xf0500000-0xf0501fff 64bit]
[    0.170493] pci 0000:01:00.0: PME# supported from D0 D3hot D3cold
[    0.170552] pci 0000:01:00.0: System wakeup disabled by ACPI
[    0.173415] pci 0000:00:1c.0: PCI bridge to [bus 01]
[    0.173423] pci 0000:00:1c.0:   bridge window [mem 0xf0500000-0xf05fffff]
[    0.173603] pci 0000:02:00.0: [10ec:8168] type 00 class 0x020000
[    0.173691] pci 0000:02:00.0: reg 0x10: [io  0x2000-0x20ff]
[    0.173818] pci 0000:02:00.0: reg 0x18: [mem 0xf0404000-0xf0404fff 64bit pref]
[    0.173897] pci 0000:02:00.0: reg 0x20: [mem 0xf0400000-0xf0403fff 64bit pref]
[    0.174323] pci 0000:02:00.0: supports D1 D2
[    0.174325] pci 0000:02:00.0: PME# supported from D0 D1 D2 D3hot D3cold
[    0.174459] pci 0000:02:00.0: System wakeup disabled by ACPI
[    0.177457] pci 0000:00:1c.3: PCI bridge to [bus 02]
[    0.177463] pci 0000:00:1c.3:   bridge window [io  0x2000-0x2fff]
[    0.177473] pci 0000:00:1c.3:   bridge window [mem 0xf0400000-0xf04fffff 64bit pref]
[    0.178316] ACPI: PCI Interrupt Link [LNKA] (IRQs 1 3 4 5 6 10 11 12 14 15) *0, disabled.
[    0.178390] ACPI: PCI Interrupt Link [LNKB] (IRQs 1 3 4 5 6 10 11 12 14 15) *0, disabled.
[    0.178459] ACPI: PCI Interrupt Link [LNKC] (IRQs 1 3 4 5 6 10 11 12 14 15) *0, disabled.
[    0.178523] ACPI: PCI Interrupt Link [LNKD] (IRQs 1 3 4 5 6 10 11 12 14 15) *0, disabled.
[    0.178586] ACPI: PCI Interrupt Link [LNKE] (IRQs 1 3 4 5 6 10 11 12 14 15) *0, disabled.
[    0.178649] ACPI: PCI Interrupt Link [LNKF] (IRQs 1 3 4 5 6 10 11 12 14 15) *0, disabled.
[    0.178713] ACPI: PCI Interrupt Link [LNKG] (IRQs 1 3 4 5 6 10 11 12 14 15) *0, disabled.
[    0.178778] ACPI: PCI Interrupt Link [LNKH] (IRQs 1 3 4 5 6 10 11 12 14 15) *0, disabled.
[    0.179307] ACPI: Enabled 4 GPEs in block 00 to 3F
[    0.179361] ACPI : EC: GPE = 0x17, I/O: command/status = 0x66, data = 0x62
[    0.179366] ACPI : EC: 0 stale EC events cleared
[    0.179526] vgaarb: setting as boot device: PCI:0000:00:02.0
[    0.179529] vgaarb: device added: PCI:0000:00:02.0,decodes=io+mem,owns=io+mem,locks=none
[    0.179532] vgaarb: loaded
[    0.179534] vgaarb: bridge control possible 0000:00:02.0
[    0.179637] SCSI subsystem initialized
[    0.179702] libata version 3.00 loaded.
[    0.179747] ACPI: bus type USB registered
[    0.179771] usbcore: registered new interface driver usbfs
[    0.179782] usbcore: registered new interface driver hub
[    0.179809] usbcore: registered new device driver usb
[    0.179954] PCI: Using ACPI for IRQ routing
[    0.181870] PCI: pci_cache_line_size set to 64 bytes
[    0.181938] e820: reserve RAM buffer [mem 0x0009d000-0x0009ffff]
[    0.181940] e820: reserve RAM buffer [mem 0x40004000-0x43ffffff]
[    0.181942] e820: reserve RAM buffer [mem 0xbe0f6000-0xbfffffff]
[    0.181944] e820: reserve RAM buffer [mem 0xbeb62018-0xbfffffff]
[    0.181945] e820: reserve RAM buffer [mem 0xce3ef000-0xcfffffff]
[    0.181947] e820: reserve RAM buffer [mem 0xdb000000-0xdbffffff]
[    0.181949] e820: reserve RAM buffer [mem 0x21f600000-0x21fffffff]
[    0.182105] NetLabel: Initializing
[    0.182107] NetLabel:  domain hash size = 128
[    0.182108] NetLabel:  protocols = UNLABELED CIPSOv4
[    0.182124] NetLabel:  unlabeled traffic allowed by default
[    0.182209] hpet0: at MMIO 0xfed00000, IRQs 2, 8, 0, 0, 0, 0, 0, 0
[    0.182216] hpet0: 8 comparators, 64-bit 14.318180 MHz counter
[    0.184261] Switched to clocksource hpet
[    0.192650] pnp: PnP ACPI init
[    0.193059] system 00:00: [io  0x0680-0x069f] has been reserved
[    0.193064] system 00:00: [io  0x1000-0x100f] has been reserved
[    0.193066] system 00:00: [io  0x5000-0x5003] has been reserved
[    0.193069] system 00:00: [io  0xffff] has been reserved
[    0.193072] system 00:00: [io  0x0400-0x0453] could not be reserved
[    0.193074] system 00:00: [io  0x0458-0x047f] has been reserved
[    0.193077] system 00:00: [io  0x0500-0x057f] has been reserved
[    0.193079] system 00:00: [io  0x0a00-0x0a0f] has been reserved
[    0.193082] system 00:00: [io  0x164e-0x164f] has been reserved
[    0.193084] system 00:00: [io  0x5000-0x500f] could not be reserved
[    0.193089] system 00:00: Plug and Play ACPI device, IDs PNP0c02 (active)
[    0.193137] pnp 00:01: Plug and Play ACPI device, IDs PNP0b00 (active)
[    0.193203] system 00:02: [io  0x0454-0x0457] has been reserved
[    0.193207] system 00:02: Plug and Play ACPI device, IDs INT3f0d PNP0c02 (active)
[    0.193252] pnp 00:03: Plug and Play ACPI device, IDs PNP0303 (active)
[    0.193323] pnp 00:04: Plug and Play ACPI device, IDs ETD0b00 PNP0f13 (active)
[    0.193507] system 00:05: [mem 0xfed1c000-0xfed1ffff] has been reserved
[    0.193511] system 00:05: [mem 0xfed10000-0xfed17fff] has been reserved
[    0.193513] system 00:05: [mem 0xfed18000-0xfed18fff] has been reserved
[    0.193516] system 00:05: [mem 0xfed19000-0xfed19fff] has been reserved
[    0.193519] system 00:05: [mem 0xf8000000-0xfbffffff] could not be reserved
[    0.193521] system 00:05: [mem 0xfed20000-0xfed3ffff] has been reserved
[    0.193524] system 00:05: [mem 0xfed90000-0xfed93fff] has been reserved
[    0.193526] system 00:05: [mem 0xfed45000-0xfed8ffff] has been reserved
[    0.193529] system 00:05: [mem 0xff000000-0xffffffff] has been reserved
[    0.193531] system 00:05: [mem 0xfee00000-0xfeefffff] has been reserved
[    0.193534] system 00:05: [mem 0xfffff000-0xffffffff] has been reserved
[    0.193537] system 00:05: Plug and Play ACPI device, IDs PNP0c02 (active)
[    0.194002] pnp: PnP ACPI: found 6 devices
[    0.201241] pci 0000:00:1c.0: PCI bridge to [bus 01]
[    0.201251] pci 0000:00:1c.0:   bridge window [mem 0xf0500000-0xf05fffff]
[    0.201262] pci 0000:00:1c.3: PCI bridge to [bus 02]
[    0.201274] pci 0000:00:1c.3:   bridge window [io  0x2000-0x2fff]
[    0.201284] pci 0000:00:1c.3:   bridge window [mem 0xf0400000-0xf04fffff 64bit pref]
[    0.201293] pci_bus 0000:00: resource 4 [io  0x0000-0x0cf7]
[    0.201296] pci_bus 0000:00: resource 5 [io  0x0d00-0xffff]
[    0.201298] pci_bus 0000:00: resource 6 [mem 0x000a0000-0x000bffff]
[    0.201300] pci_bus 0000:00: resource 7 [mem 0x000c0000-0x000c3fff]
[    0.201303] pci_bus 0000:00: resource 8 [mem 0x000c4000-0x000c7fff]
[    0.201305] pci_bus 0000:00: resource 9 [mem 0x000c8000-0x000cbfff]
[    0.201307] pci_bus 0000:00: resource 10 [mem 0x000cc000-0x000cffff]
[    0.201309] pci_bus 0000:00: resource 11 [mem 0x000d0000-0x000d3fff]
[    0.201312] pci_bus 0000:00: resource 12 [mem 0x000d4000-0x000d7fff]
[    0.201314] pci_bus 0000:00: resource 13 [mem 0x000d8000-0x000dbfff]
[    0.201316] pci_bus 0000:00: resource 14 [mem 0x000dc000-0x000dffff]
[    0.201318] pci_bus 0000:00: resource 15 [mem 0xdfa00000-0xfeafffff]
[    0.201321] pci_bus 0000:01: resource 1 [mem 0xf0500000-0xf05fffff]
[    0.201323] pci_bus 0000:02: resource 0 [io  0x2000-0x2fff]
[    0.201326] pci_bus 0000:02: resource 2 [mem 0xf0400000-0xf04fffff 64bit pref]
[    0.201369] NET: Registered protocol family 2
[    0.201653] TCP established hash table entries: 65536 (order: 7, 524288 bytes)
[    0.201884] TCP bind hash table entries: 65536 (order: 8, 1048576 bytes)
[    0.202034] TCP: Hash tables configured (established 65536 bind 65536)
[    0.202057] TCP: reno registered
[    0.202075] UDP hash table entries: 4096 (order: 5, 131072 bytes)
[    0.202117] UDP-Lite hash table entries: 4096 (order: 5, 131072 bytes)
[    0.202207] NET: Registered protocol family 1
[    0.202227] pci 0000:00:02.0: Video device with shadowed ROM
[    0.202868] PCI: CLS 64 bytes, default 64
[    0.202940] Unpacking initramfs...
[    0.608603] Freeing initrd memory: 18788K (ffff88003eda2000 - ffff88003fffb000)
[    0.608626] PCI-DMA: Using software bounce buffering for IO (SWIOTLB)
[    0.608629] software IO TLB [mem 0xca034000-0xce034000] (64MB) mapped at [ffff8800ca034000-ffff8800ce033fff]
[    0.608989] RAPL PMU detected, hw unit 2^-16 Joules, API unit is 2^-32 Joules, 3 fixed counters 163840 ms ovfl timer
[    0.609045] microcode: CPU0 sig=0x306a9, pf=0x10, revision=0x1b
[    0.609054] microcode: CPU1 sig=0x306a9, pf=0x10, revision=0x1b
[    0.609064] microcode: CPU2 sig=0x306a9, pf=0x10, revision=0x1b
[    0.609073] microcode: CPU3 sig=0x306a9, pf=0x10, revision=0x1b
[    0.609144] microcode: Microcode Update Driver: v2.00 <tigran@aivazian.fsnet.co.uk>, Peter Oruba
[    0.610010] futex hash table entries: 2048 (order: 5, 131072 bytes)
[    0.610037] Initialise system trusted keyring
[    0.610067] audit: initializing netlink subsys (disabled)
[    0.610084] audit: type=2000 audit(1413724059.589:1): initialized
[    0.610627] HugeTLB registered 2 MB page size, pre-allocated 0 pages
[    0.612608] zpool: loaded
[    0.612836] VFS: Disk quotas dquot_6.5.2
[    0.612887] Dquot-cache hash table entries: 512 (order 0, 4096 bytes)
[    0.613354] msgmni has been set to 15370
[    0.613426] Key type big_key registered
[    0.613429] SELinux:  Registering netfilter hooks
[    0.614606] alg: No test for stdrng (krng)
[    0.614620] NET: Registered protocol family 38
[    0.614628] Key type asymmetric registered
[    0.614632] Asymmetric key parser 'x509' registered
[    0.614682] Block layer SCSI generic (bsg) driver version 0.4 loaded (major 252)
[    0.614732] io scheduler noop registered
[    0.614737] io scheduler deadline registered
[    0.614780] io scheduler cfq registered (default)
[    0.615257] pci_hotplug: PCI Hot Plug PCI Core version: 0.5
[    0.615278] pciehp: PCI Express Hot Plug Controller Driver version: 0.4
[    0.615344] efifb: probing for efifb
[    0.615365] efifb: framebuffer at 0xe0000000, mapped to 0xffffc90004f00000, using 4128k, total 4128k
[    0.615367] efifb: mode is 1366x768x32, linelength=5504, pages=1
[    0.615368] efifb: scrolling: redraw
[    0.615371] efifb: Truecolor: size=8:8:8:8, shift=24:16:8:0
[    0.615490] Console: switching to colour frame buffer device 170x48
[    0.618589] fb0: EFI VGA frame buffer device
[    0.618603] intel_idle: MWAIT substates: 0x21120
[    0.618604] intel_idle: v0.4 model 0x3A
[    0.618606] intel_idle: lapic_timer_reliable_states 0xffffffff
[    0.619271] ACPI: AC Adapter [ADP1] (on-line)
[    0.619405] input: Lid Switch as /devices/LNXSYSTM:00/LNXSYBUS:00/PNP0C0D:00/input/input0
[    0.619498] ACPI: Lid Switch [LID0]
[    0.619566] input: Power Button as /devices/LNXSYSTM:00/LNXSYBUS:00/PNP0C0C:00/input/input1
[    0.619571] ACPI: Power Button [PWRB]
[    0.619621] input: Power Button as /devices/LNXSYSTM:00/LNXPWRBN:00/input/input2
[    0.619624] ACPI: Power Button [PWRF]
[    0.619707] ACPI: Fan [FAN0] (off)
[    0.619748] ACPI: Fan [FAN1] (off)
[    0.619785] ACPI: Fan [FAN2] (off)
[    0.619820] ACPI: Fan [FAN3] (off)
[    0.619858] ACPI: Fan [FAN4] (off)
[    0.631952] thermal LNXTHERM:00: registered as thermal_zone0
[    0.631956] ACPI: Thermal Zone [TZ00] (58 C)
[    0.632240] thermal LNXTHERM:01: registered as thermal_zone1
[    0.632243] ACPI: Thermal Zone [TZ01] (30 C)
[    0.632282] GHES: HEST is not enabled!
[    0.632396] Serial: 8250/16550 driver, 4 ports, IRQ sharing enabled
[    0.635539] Non-volatile memory driver v1.3
[    0.635564] Linux agpgart interface v0.103
[    0.635837] ahci 0000:00:1f.2: version 3.0
[    0.635987] ahci 0000:00:1f.2: irq 24 for MSI/MSI-X
[    0.636042] ahci 0000:00:1f.2: AHCI 0001.0300 32 slots 6 ports 6 Gbps 0x1 impl SATA mode
[    0.636046] ahci 0000:00:1f.2: flags: 64bit ncq pm led clo pio slum part ems apst 
[    0.637228] scsi host0: ahci
[    0.637570] scsi host1: ahci
[    0.637858] scsi host2: ahci
[    0.638142] scsi host3: ahci
[    0.638389] scsi host4: ahci
[    0.638568] scsi host5: ahci
[    0.638689] ata1: SATA max UDMA/133 abar m2048@0xf0618000 port 0xf0618100 irq 24
[    0.638691] ata2: DUMMY
[    0.638692] ata3: DUMMY
[    0.638694] ata4: DUMMY
[    0.638695] ata5: DUMMY
[    0.638696] ata6: DUMMY
[    0.638846] libphy: Fixed MDIO Bus: probed
[    0.639043] ehci_hcd: USB 2.0 'Enhanced' Host Controller (EHCI) Driver
[    0.639055] ehci-pci: EHCI PCI platform driver
[    0.639203] ehci-pci 0000:00:1a.0: EHCI Host Controller
[    0.639278] ehci-pci 0000:00:1a.0: new USB bus registered, assigned bus number 1
[    0.639289] ACPI: Battery Slot [BAT1] (battery present)
[    0.639295] ehci-pci 0000:00:1a.0: debug port 2
[    0.643206] ehci-pci 0000:00:1a.0: cache line size of 64 is not supported
[    0.643224] ehci-pci 0000:00:1a.0: irq 16, io mem 0xf061a000
[    0.648493] ehci-pci 0000:00:1a.0: USB 2.0 started, EHCI 1.00
[    0.648542] usb usb1: New USB device found, idVendor=1d6b, idProduct=0002
[    0.648544] usb usb1: New USB device strings: Mfr=3, Product=2, SerialNumber=1
[    0.648547] usb usb1: Product: EHCI Host Controller
[    0.648549] usb usb1: Manufacturer: Linux 3.17.1-302.fc21.x86_64 ehci_hcd
[    0.648551] usb usb1: SerialNumber: 0000:00:1a.0
[    0.648718] hub 1-0:1.0: USB hub found
[    0.648726] hub 1-0:1.0: 3 ports detected
[    0.648979] ehci-pci 0000:00:1d.0: EHCI Host Controller
[    0.649072] ehci-pci 0000:00:1d.0: new USB bus registered, assigned bus number 2
[    0.649088] ehci-pci 0000:00:1d.0: debug port 2
[    0.653005] ehci-pci 0000:00:1d.0: cache line size of 64 is not supported
[    0.653023] ehci-pci 0000:00:1d.0: irq 23, io mem 0xf0619000
[    0.658497] ehci-pci 0000:00:1d.0: USB 2.0 started, EHCI 1.00
[    0.658544] usb usb2: New USB device found, idVendor=1d6b, idProduct=0002
[    0.658547] usb usb2: New USB device strings: Mfr=3, Product=2, SerialNumber=1
[    0.658549] usb usb2: Product: EHCI Host Controller
[    0.658551] usb usb2: Manufacturer: Linux 3.17.1-302.fc21.x86_64 ehci_hcd
[    0.658553] usb usb2: SerialNumber: 0000:00:1d.0
[    0.658739] hub 2-0:1.0: USB hub found
[    0.658746] hub 2-0:1.0: 3 ports detected
[    0.658879] ohci_hcd: USB 1.1 'Open' Host Controller (OHCI) Driver
[    0.658887] ohci-pci: OHCI PCI platform driver
[    0.658905] uhci_hcd: USB Universal Host Controller Interface driver
[    0.659053] xhci_hcd 0000:00:14.0: xHCI Host Controller
[    0.659146] xhci_hcd 0000:00:14.0: new USB bus registered, assigned bus number 3
[    0.659254] xhci_hcd 0000:00:14.0: cache line size of 64 is not supported
[    0.659279] xhci_hcd 0000:00:14.0: irq 25 for MSI/MSI-X
[    0.659356] usb usb3: New USB device found, idVendor=1d6b, idProduct=0002
[    0.659358] usb usb3: New USB device strings: Mfr=3, Product=2, SerialNumber=1
[    0.659361] usb usb3: Product: xHCI Host Controller
[    0.659363] usb usb3: Manufacturer: Linux 3.17.1-302.fc21.x86_64 xhci_hcd
[    0.659365] usb usb3: SerialNumber: 0000:00:14.0
[    0.659545] hub 3-0:1.0: USB hub found
[    0.659557] hub 3-0:1.0: 4 ports detected
[    0.659986] xhci_hcd 0000:00:14.0: xHCI Host Controller
[    0.660081] xhci_hcd 0000:00:14.0: new USB bus registered, assigned bus number 4
[    0.660124] usb usb4: New USB device found, idVendor=1d6b, idProduct=0003
[    0.660127] usb usb4: New USB device strings: Mfr=3, Product=2, SerialNumber=1
[    0.660129] usb usb4: Product: xHCI Host Controller
[    0.660131] usb usb4: Manufacturer: Linux 3.17.1-302.fc21.x86_64 xhci_hcd
[    0.660133] usb usb4: SerialNumber: 0000:00:14.0
[    0.660308] hub 4-0:1.0: USB hub found
[    0.660319] hub 4-0:1.0: 4 ports detected
[    0.660787] usbcore: registered new interface driver usbserial
[    0.660796] usbcore: registered new interface driver usbserial_generic
[    0.660805] usbserial: USB Serial support registered for generic
[    0.660849] i8042: PNP: PS/2 Controller [PNP0303:PS2K,PNP0f13:EPAD] at 0x60,0x64 irq 1,12
[    0.666758] serio: i8042 KBD port at 0x60,0x64 irq 1
[    0.666764] serio: i8042 AUX port at 0x60,0x64 irq 12
[    0.666930] mousedev: PS/2 mouse device common for all mice
[    0.667539] rtc_cmos 00:01: rtc core: registered rtc_cmos as rtc0
[    0.667575] rtc_cmos 00:01: alarms up to one month, y3k, 242 bytes nvram, hpet irqs
[    0.667669] device-mapper: uevent: version 1.0.3
[    0.667775] device-mapper: ioctl: 4.27.0-ioctl (2013-10-30) initialised: dm-devel@redhat.com
[    0.667861] Intel P-state driver initializing.
[    0.669176] EFI Variables Facility v0.08 2004-May-17
[    0.675161] input: AT Translated Set 2 keyboard as /devices/platform/i8042/serio0/input/input3
[    0.684458] hidraw: raw HID events driver (C) Jiri Kosina
[    0.684642] usbcore: registered new interface driver usbhid
[    0.684645] usbhid: USB HID core driver
[    0.684721] drop_monitor: Initializing network drop monitor service
[    0.684896] ip_tables: (C) 2000-2006 Netfilter Core Team
[    0.684974] TCP: cubic registered
[    0.684988] Initializing XFRM netlink socket
[    0.685239] NET: Registered protocol family 10
[    0.685735] mip6: Mobile IPv6
[    0.685743] NET: Registered protocol family 17
[    0.686487] Loading compiled-in X.509 certificates
[    0.688085] Loaded X.509 cert 'Fedora kernel signing key: 0cb4c9dc5577438dc489b2d6dadddfdc03f60c5c'
[    0.688099] registered taskstats version 1
[    0.688420]   Magic number: 2:894:129
[    0.688464] acpi device:04: hash matches
[    0.688466] acpi PNP0C02:01: hash matches
[    0.688537] rtc_cmos 00:01: setting system clock to 2014-10-19 13:07:40 UTC (1413724060)
[    0.688603] PM: Hibernation image not present or could not be loaded.
[    0.943695] ata1: SATA link up 3.0 Gbps (SStatus 123 SControl 300)
[    0.944756] ata1.00: ATA-8: Hitachi HTS545050A7E380, GG2OA7A0, max UDMA/133
[    0.944764] ata1.00: 976773168 sectors, multi 16: LBA48 NCQ (depth 31/32), AA
[    0.945956] ata1.00: configured for UDMA/133
[    0.946326] scsi 0:0:0:0: Direct-Access     ATA      Hitachi HTS54505 A7A0 PQ: 0 ANSI: 5
[    0.947103] sd 0:0:0:0: [sda] 976773168 512-byte logical blocks: (500 GB/465 GiB)
[    0.947104] sd 0:0:0:0: Attached scsi generic sg0 type 0
[    0.947109] sd 0:0:0:0: [sda] 4096-byte physical blocks
[    0.947203] sd 0:0:0:0: [sda] Write Protect is off
[    0.947206] sd 0:0:0:0: [sda] Mode Sense: 00 3a 00 00
[    0.947320] sd 0:0:0:0: [sda] Write cache: enabled, read cache: enabled, doesn't support DPO or FUA
[    0.950691] usb 1-1: new high-speed USB device number 2 using ehci-pci
[    1.022857]  sda: sda1 sda2 sda3 sda4 sda5 sda6 sda7 sda8 sda9 sda10
[    1.024423] sd 0:0:0:0: [sda] Attached SCSI disk
[    1.026630] Freeing unused kernel memory: 1468K (ffffffff81d35000 - ffffffff81ea4000)
[    1.026637] Write protecting the kernel read-only data: 12288k
[    1.030809] Freeing unused kernel memory: 716K (ffff88000174d000 - ffff880001800000)
[    1.035671] Freeing unused kernel memory: 844K (ffff880001b2d000 - ffff880001c00000)
[    1.066226] usb 1-1: New USB device found, idVendor=8087, idProduct=0024
[    1.066234] usb 1-1: New USB device strings: Mfr=0, Product=0, SerialNumber=0
[    1.066268] random: systemd urandom read with 24 bits of entropy available
[    1.066542] hub 1-1:1.0: USB hub found
[    1.066607] hub 1-1:1.0: 6 ports detected
[    1.169749] usb 2-1: new high-speed USB device number 2 using ehci-pci
[    1.284196] usb 2-1: New USB device found, idVendor=8087, idProduct=0024
[    1.284201] usb 2-1: New USB device strings: Mfr=0, Product=0, SerialNumber=0
[    1.284489] hub 2-1:1.0: USB hub found
[    1.284560] hub 2-1:1.0: 6 ports detected
[    1.300225] r8169 Gigabit Ethernet driver 2.3LK-NAPI loaded
[    1.300236] r8169 0000:02:00.0: can't disable ASPM; OS doesn't have ASPM control
[    1.300518] r8169 0000:02:00.0: irq 26 for MSI/MSI-X
[    1.300768] r8169 0000:02:00.0 eth0: RTL8168evl/8111evl at 0xffffc90000c68000, 50:b7:c3:09:bf:6e, XID 0c900800 IRQ 26
[    1.300772] r8169 0000:02:00.0 eth0: jumbo features [frames: 9200 bytes, tx checksumming: ko]
[    1.306915] [drm] Initialized drm 1.1.0 20060810
[    1.328194] r8169 0000:02:00.0 p3p1: renamed from eth0
[    1.368861] [drm] Memory usable by graphics device = 2048M
[    1.368865] [drm] Replacing VGA console driver
[    1.368868] checking generic (e0000000 408000) vs hw (e0000000 10000000)
[    1.368869] fb: switching to inteldrmfb from EFI VGA
[    1.368888] Console: switching to colour dummy device 80x25
[    1.374949] i915 0000:00:02.0: irq 27 for MSI/MSI-X
[    1.374958] [drm] Supports vblank timestamp caching Rev 2 (21.10.2013).
[    1.374959] [drm] Driver supports precise vblank timestamp query.
[    1.375044] vgaarb: device changed decodes: PCI:0000:00:02.0,olddecodes=io+mem,decodes=io+mem:owns=io+mem
[    1.392398] fbcon: inteldrmfb (fb0) is primary device
[    1.438971] usb 3-1: new low-speed USB device number 2 using xhci_hcd
[    1.563659] psmouse serio1: elantech: assuming hardware version 3 (with firmware version 0x450f00)
[    1.578262] psmouse serio1: elantech: Synaptics capabilities query result 0x08, 0x17, 0x0c.
[    1.609847] usb 3-1: New USB device found, idVendor=0458, idProduct=00e3
[    1.609851] usb 3-1: New USB device strings: Mfr=1, Product=2, SerialNumber=0
[    1.609854] usb 3-1: Product: 2.4G Wireless Mouse
[    1.609857] usb 3-1: Manufacturer: Genius
[    1.610225] usb 3-1: ep 0x81 - rounding interval to 64 microframes, ep desc says 80 microframes
[    1.610989] tsc: Refined TSC clocksource calibration: 1696.146 MHz
[    1.617396] input: Genius 2.4G Wireless Mouse as /devices/pci0000:00/0000:00:14.0/usb3/3-1/3-1:1.0/0003:0458:00E3.0001/input/input6
[    1.617962] hid-generic 0003:0458:00E3.0001: input,hidraw0: USB HID v1.00 Mouse [Genius 2.4G Wireless Mouse] on usb-0000:00:14.0-1/input0
[    1.655778] input: ETPS/2 Elantech Touchpad as /devices/platform/i8042/serio1/input/input5
[    1.691263] usb 1-1.4: new high-speed USB device number 3 using ehci-pci
[    1.909387] random: nonblocking pool is initialized
[    1.939302] usb 1-1.4: New USB device found, idVendor=2232, idProduct=1018
[    1.939306] usb 1-1.4: New USB device strings: Mfr=1, Product=2, SerialNumber=0
[    1.939309] usb 1-1.4: Product: WebCam SC-13HDL11431N
[    1.939311] usb 1-1.4: Manufacturer: 123
[    2.102819] Console: switching to colour frame buffer device 170x48
[    2.108479] i915 0000:00:02.0: fb0: inteldrmfb frame buffer device
[    2.108484] i915 0000:00:02.0: registered panic notifier
[    2.125764] ACPI: Video Device [GFX0] (multi-head: yes  rom: no  post: no)
[    2.125944] input: Video Bus as /devices/LNXSYSTM:00/LNXSYBUS:00/PNP0A08:00/LNXVIDEO:00/input/input7
[    2.126154] [drm] Initialized i915 1.6.0 20140725 for 0000:00:02.0 on minor 0
[    2.185404] usb 2-1.5: new full-speed USB device number 3 using ehci-pci
[    2.264661] usb 2-1.5: New USB device found, idVendor=8087, idProduct=07da
[    2.264669] usb 2-1.5: New USB device strings: Mfr=0, Product=0, SerialNumber=0
[    2.611545] Switched to clocksource tsc
[    4.720075] PM: Starting manual resume from disk
[    4.720081] PM: Hibernation image partition 253:0 present
[    4.720083] PM: Looking for hibernation image.
[    4.742952] PM: Image not found (code -22)
[    4.742956] PM: Hibernation image not present or could not be loaded.
[    4.852936] EXT4-fs (dm-1): mounted filesystem with ordered data mode. Opts: (null)
[    5.296451] systemd-journald[123]: Received SIGTERM from PID 1 (systemd).
[    6.085218] SELinux:  Disabled at runtime.
[    6.085255] SELinux:  Unregistering netfilter hooks
[    6.117034] audit: type=1404 audit(1413724065.925:2): selinux=0 auid=4294967295 ses=4294967295
[    6.204414] systemd[1]: RTC configured in localtime, applying delta of 420 minutes to system time.
[   10.493683] EXT4-fs (dm-1): re-mounted. Opts: (null)
[   15.680616] wmi: Mapper loaded
[   16.024022] shpchp: Standard Hot Plug PCI Controller Driver version: 0.4
[   16.069071] ACPI Warning: SystemIO range 0x000000000000efa0-0x000000000000efbf conflicts with OpRegion 0x000000000000efa0-0x000000000000efaf (\_SB_.PCI0.SBUS.SMBI) (20140724/utaddress-258)
[   16.069078] ACPI: If an ACPI driver is available for this device, you should use it instead of the native driver
[   16.225416] ACPI Warning: SystemIO range 0x0000000000000428-0x000000000000042f conflicts with OpRegion 0x0000000000000400-0x000000000000047f (\PMIO) (20140724/utaddress-258)
[   16.225424] ACPI: If an ACPI driver is available for this device, you should use it instead of the native driver
[   16.225428] ACPI Warning: SystemIO range 0x0000000000000540-0x000000000000054f conflicts with OpRegion 0x0000000000000500-0x0000000000000563 (\GPIO) (20140724/utaddress-258)
[   16.225431] ACPI: If an ACPI driver is available for this device, you should use it instead of the native driver
[   16.225432] ACPI Warning: SystemIO range 0x0000000000000530-0x000000000000053f conflicts with OpRegion 0x0000000000000500-0x0000000000000563 (\GPIO) (20140724/utaddress-258)
[   16.225434] ACPI: If an ACPI driver is available for this device, you should use it instead of the native driver
[   16.225435] ACPI Warning: SystemIO range 0x0000000000000500-0x000000000000052f conflicts with OpRegion 0x0000000000000500-0x0000000000000563 (\GPIO) (20140724/utaddress-258)
[   16.225438] ACPI: If an ACPI driver is available for this device, you should use it instead of the native driver
[   16.225439] lpc_ich: Resource conflict(s) found affecting gpio_ich
[   16.320064] alg: No test for crc32 (crc32-pclmul)
[   16.473105] mei_me 0000:00:16.0: irq 28 for MSI/MSI-X
[   17.010010] media: Linux media interface: v0.10
[   17.391831] iTCO_vendor_support: vendor-support=0
[   17.637958] iTCO_wdt: Intel TCO WatchDog Timer Driver v1.11
[   17.638026] iTCO_wdt: Found a Panther Point TCO device (Version=2, TCOBASE=0x0460)
[   17.638179] iTCO_wdt: initialized. heartbeat=30 sec (nowayout=0)
[   17.685045] Linux video capture interface: v2.00
[   18.069893] uvcvideo: Found UVC 1.00 device WebCam SC-13HDL11431N (2232:1018)
[   18.089383] input: WebCam SC-13HDL11431N as /devices/pci0000:00/0000:00:1a.0/usb1/1-1/1-1.4/1-1.4:1.0/input/input8
[   18.089551] usbcore: registered new interface driver uvcvideo
[   18.089554] USB Video Class driver (1.1.1)
[   18.270682] Bluetooth: Core ver 2.19
[   18.270700] NET: Registered protocol family 31
[   18.270702] Bluetooth: HCI device and connection manager initialized
[   18.270710] Bluetooth: HCI socket layer initialized
[   18.270712] Bluetooth: L2CAP socket layer initialized
[   18.270724] Bluetooth: SCO socket layer initialized
[   18.375412] usbcore: registered new interface driver btusb
[   18.444524] cfg80211: Calling CRDA to update world regulatory domain
[   18.660053] Intel(R) Wireless WiFi driver for Linux, in-tree:d
[   18.660056] Copyright(c) 2003- 2014 Intel Corporation
[   18.660174] iwlwifi 0000:01:00.0: can't disable ASPM; OS doesn't have ASPM control
[   18.660244] iwlwifi 0000:01:00.0: irq 29 for MSI/MSI-X
[   19.013622] iwlwifi 0000:01:00.0: loaded firmware version 18.168.6.1 op_mode iwldvm
[   19.098880] iwlwifi 0000:01:00.0: CONFIG_IWLWIFI_DEBUG enabled
[   19.098885] iwlwifi 0000:01:00.0: CONFIG_IWLWIFI_DEBUGFS enabled
[   19.098887] iwlwifi 0000:01:00.0: CONFIG_IWLWIFI_DEVICE_TRACING disabled
[   19.098890] iwlwifi 0000:01:00.0: Detected Intel(R) Centrino(R) Advanced-N 6235 AGN, REV=0xB0
[   19.099153] iwlwifi 0000:01:00.0: L1 Disabled; Enabling L0S
[   19.140522] ieee80211 phy0: Selected rate control algorithm 'iwl-agn-rs'
[   19.283516] cfg80211: World regulatory domain updated:
[   19.283526] cfg80211:  DFS Master region: unset
[   19.283529] cfg80211:   (start_freq - end_freq @ bandwidth), (max_antenna_gain, max_eirp), (dfs_cac_time)
[   19.283536] cfg80211:   (2402000 KHz - 2472000 KHz @ 40000 KHz), (N/A, 2000 mBm), (N/A)
[   19.283540] cfg80211:   (2457000 KHz - 2482000 KHz @ 40000 KHz), (N/A, 2000 mBm), (N/A)
[   19.283543] cfg80211:   (2474000 KHz - 2494000 KHz @ 20000 KHz), (N/A, 2000 mBm), (N/A)
[   19.283547] cfg80211:   (5170000 KHz - 5250000 KHz @ 160000 KHz), (N/A, 2000 mBm), (N/A)
[   19.283551] cfg80211:   (5250000 KHz - 5330000 KHz @ 160000 KHz), (N/A, 2000 mBm), (0 s)
[   19.283555] cfg80211:   (5490000 KHz - 5730000 KHz @ 160000 KHz), (N/A, 2000 mBm), (0 s)
[   19.283558] cfg80211:   (5735000 KHz - 5835000 KHz @ 80000 KHz), (N/A, 2000 mBm), (N/A)
[   19.283562] cfg80211:   (57240000 KHz - 63720000 KHz @ 2160000 KHz), (N/A, 0 mBm), (N/A)
[   19.405935] snd_hda_intel 0000:00:1b.0: irq 30 for MSI/MSI-X
[   19.651591] iwlwifi 0000:01:00.0 wlp1s0: renamed from wlan0
[   20.382253] sound hdaudioC0D0: autoconfig: line_outs=1 (0x14/0x0/0x0/0x0/0x0) type:speaker
[   20.382259] sound hdaudioC0D0:    speaker_outs=0 (0x0/0x0/0x0/0x0/0x0)
[   20.382262] sound hdaudioC0D0:    hp_outs=1 (0x15/0x0/0x0/0x0/0x0)
[   20.382264] sound hdaudioC0D0:    mono: mono_out=0x0
[   20.382266] sound hdaudioC0D0:    inputs:
[   20.382270] sound hdaudioC0D0:      Internal Mic=0x19
[   20.382273] sound hdaudioC0D0:      Mic=0x18
[   20.505664] input: HDA Intel PCH Mic as /devices/pci0000:00/0000:00:1b.0/sound/card0/input9
[   20.505726] input: HDA Intel PCH Headphone as /devices/pci0000:00/0000:00:1b.0/sound/card0/input10
[   20.505777] input: HDA Intel PCH HDMI/DP,pcm=3 as /devices/pci0000:00/0000:00:1b.0/sound/card0/input11
[   21.440533] cfg80211: Calling CRDA for country: RU
[   21.452476] cfg80211: Regulatory domain changed to country: RU
[   21.452486] cfg80211:  DFS Master region: ETSI
[   21.452489] cfg80211:   (start_freq - end_freq @ bandwidth), (max_antenna_gain, max_eirp), (dfs_cac_time)
[   21.452496] cfg80211:   (2402000 KHz - 2482000 KHz @ 40000 KHz), (N/A, 2000 mBm), (N/A)
[   21.452501] cfg80211:   (5170000 KHz - 5250000 KHz @ 80000 KHz), (N/A, 2000 mBm), (N/A)
[   21.452505] cfg80211:   (5250000 KHz - 5330000 KHz @ 80000 KHz), (N/A, 2000 mBm), (0 s)
[   21.452509] cfg80211:   (5650000 KHz - 5730000 KHz @ 80000 KHz), (N/A, 3000 mBm), (0 s)
[   21.452513] cfg80211:   (5735000 KHz - 5835000 KHz @ 80000 KHz), (N/A, 3000 mBm), (N/A)
[   23.336242] Adding 8011772k swap on /dev/mapper/fedora-swap.  Priority:-1 extents:1 across:8011772k FS
[   24.402714] EXT4-fs (sda7): mounted filesystem with ordered data mode. Opts: (null)
[   25.711762] FAT-fs (sda2): Volume was not properly unmounted. Some data may be corrupt. Please run fsck.
[   26.378455] EXT4-fs (dm-2): mounted filesystem with ordered data mode. Opts: (null)
[   28.379204] systemd-journald[505]: Received request to flush runtime journal from PID 1
[   28.859605] audit: type=1305 audit(1413698888.657:3): audit_pid=704 old=0 auid=4294967295 ses=4294967295 res=1
[   34.116649] nf_conntrack version 0.5.0 (16384 buckets, 65536 max)
[   34.810729] ip6_tables: (C) 2000-2006 Netfilter Core Team
[   36.462100] Ebtables v2.0 registered
[   37.050715] Bridge firewalling registered
[   47.502356] Bluetooth: BNEP (Ethernet Emulation) ver 1.3
[   47.502359] Bluetooth: BNEP filters: protocol multicast
[   47.502368] Bluetooth: BNEP socket layer initialized
[   49.437228] r8169 0000:02:00.0 p3p1: link down
[   49.437269] IPv6: ADDRCONF(NETDEV_UP): p3p1: link is not ready
[   49.451407] iwlwifi 0000:01:00.0: L1 Disabled; Enabling L0S
[   49.457833] iwlwifi 0000:01:00.0: Radio type=0x2-0x1-0x0
[   49.727026] iwlwifi 0000:01:00.0: L1 Disabled; Enabling L0S
[   49.733465] iwlwifi 0000:01:00.0: Radio type=0x2-0x1-0x0
[   49.808007] IPv6: ADDRCONF(NETDEV_UP): wlp1s0: link is not ready
[   51.893182] tun: Universal TUN/TAP device driver, 1.6
[   51.893188] tun: (C) 1999-2004 Max Krasnyansky <maxk@qualcomm.com>
[   51.928695] device virbr0-nic entered promiscuous mode
[   51.937707] virbr0: port 1(virbr0-nic) entered forwarding state
[   51.937742] virbr0: port 1(virbr0-nic) entered forwarding state
[   52.573765] virbr0: port 1(virbr0-nic) entered disabled state
[   71.435737] ata1.00: configured for UDMA/133
[   71.435743] ata1: EH complete
[   99.755469] fuse init (API version 7.23)
[  104.223238] wlp1s0: authenticate with e0:1d:3b:34:13:08
[  104.226023] wlp1s0: send auth to e0:1d:3b:34:13:08 (try 1/3)
[  104.227733] wlp1s0: authenticated
[  104.227984] wlp1s0: waiting for beacon from e0:1d:3b:34:13:08
[  104.533720] wlp1s0: associate with e0:1d:3b:34:13:08 (try 1/3)
[  104.536542] wlp1s0: RX AssocResp from e0:1d:3b:34:13:08 (capab=0x431 status=0 aid=6)
[  104.539028] wlp1s0: associated
[  104.539069] IPv6: ADDRCONF(NETDEV_CHANGE): wlp1s0: link becomes ready
[  104.539144] cfg80211: Calling CRDA for country: US
[  104.542556] cfg80211: Regulatory domain changed to country: US
[  104.542560] cfg80211:  DFS Master region: FCC
[  104.542561] cfg80211:   (start_freq - end_freq @ bandwidth), (max_antenna_gain, max_eirp), (dfs_cac_time)
[  104.542563] cfg80211:   (2402000 KHz - 2472000 KHz @ 40000 KHz), (N/A, 3000 mBm), (N/A)
[  104.542565] cfg80211:   (5170000 KHz - 5250000 KHz @ 80000 KHz), (N/A, 1700 mBm), (N/A)
[  104.542567] cfg80211:   (5250000 KHz - 5330000 KHz @ 80000 KHz), (N/A, 2300 mBm), (0 s)
[  104.542568] cfg80211:   (5735000 KHz - 5835000 KHz @ 80000 KHz), (N/A, 3000 mBm), (N/A)
[  104.542569] cfg80211:   (57240000 KHz - 63720000 KHz @ 2160000 KHz), (N/A, 4000 mBm), (N/A)
[ 2233.195567] wlp1s0: deauthenticating from e0:1d:3b:34:13:08 by local choice (Reason: 3=DEAUTH_LEAVING)
[ 2233.202881] IPv6: ADDRCONF(NETDEV_CHANGE): wlp1s0: link becomes ready
[ 2233.203646] cfg80211: Calling CRDA to update world regulatory domain
[ 2233.206963] cfg80211: World regulatory domain updated:
[ 2233.206970] cfg80211:  DFS Master region: unset
[ 2233.206972] cfg80211:   (start_freq - end_freq @ bandwidth), (max_antenna_gain, max_eirp), (dfs_cac_time)
[ 2233.206977] cfg80211:   (2402000 KHz - 2472000 KHz @ 40000 KHz), (N/A, 2000 mBm), (N/A)
[ 2233.206981] cfg80211:   (2457000 KHz - 2482000 KHz @ 40000 KHz), (N/A, 2000 mBm), (N/A)
[ 2233.206984] cfg80211:   (2474000 KHz - 2494000 KHz @ 20000 KHz), (N/A, 2000 mBm), (N/A)
[ 2233.206988] cfg80211:   (5170000 KHz - 5250000 KHz @ 160000 KHz), (N/A, 2000 mBm), (N/A)
[ 2233.206992] cfg80211:   (5250000 KHz - 5330000 KHz @ 160000 KHz), (N/A, 2000 mBm), (0 s)
[ 2233.206996] cfg80211:   (5490000 KHz - 5730000 KHz @ 160000 KHz), (N/A, 2000 mBm), (0 s)
[ 2233.206999] cfg80211:   (5735000 KHz - 5835000 KHz @ 80000 KHz), (N/A, 2000 mBm), (N/A)
[ 2233.207002] cfg80211:   (57240000 KHz - 63720000 KHz @ 2160000 KHz), (N/A, 0 mBm), (N/A)
[ 2233.207206] cfg80211: Calling CRDA for country: RU
[ 2233.207632] IPv6: ADDRCONF(NETDEV_UP): wlp1s0: link is not ready
[ 2233.215987] cfg80211: Regulatory domain changed to country: RU
[ 2233.215991] cfg80211:  DFS Master region: ETSI
[ 2233.215993] cfg80211:   (start_freq - end_freq @ bandwidth), (max_antenna_gain, max_eirp), (dfs_cac_time)
[ 2233.215996] cfg80211:   (2402000 KHz - 2482000 KHz @ 40000 KHz), (N/A, 2000 mBm), (N/A)
[ 2233.215999] cfg80211:   (5170000 KHz - 5250000 KHz @ 80000 KHz), (N/A, 2000 mBm), (N/A)
[ 2233.216001] cfg80211:   (5250000 KHz - 5330000 KHz @ 80000 KHz), (N/A, 2000 mBm), (0 s)
[ 2233.216003] cfg80211:   (5650000 KHz - 5730000 KHz @ 80000 KHz), (N/A, 3000 mBm), (0 s)
[ 2233.216005] cfg80211:   (5735000 KHz - 5835000 KHz @ 80000 KHz), (N/A, 3000 mBm), (N/A)
[ 2233.447570] PM: Syncing filesystems ... done.
[ 2234.299972] PM: Preparing system for mem sleep
[ 2234.300486] Freezing user space processes ... (elapsed 0.002 seconds) done.
[ 2234.302555] Freezing remaining freezable tasks ... (elapsed 0.000 seconds) done.
[ 2234.303371] PM: Entering mem sleep
[ 2234.303389] Suspending console(s) (use no_console_suspend to debug)
[ 2234.303722] sd 0:0:0:0: [sda] Synchronizing SCSI cache
[ 2234.454908] sd 0:0:0:0: [sda] Stopping disk
[ 2235.046852] PM: suspend of devices complete after 742.964 msecs
[ 2235.057803] PM: late suspend of devices complete after 10.938 msecs
[ 2235.058625] r8169 0000:02:00.0: System wakeup enabled by ACPI
[ 2235.058731] ehci-pci 0000:00:1d.0: System wakeup enabled by ACPI
[ 2235.058884] ehci-pci 0000:00:1a.0: System wakeup enabled by ACPI
[ 2235.058964] xhci_hcd 0000:00:14.0: System wakeup enabled by ACPI
[ 2235.069692] PM: noirq suspend of devices complete after 11.879 msecs
[ 2235.070004] ACPI: Preparing to enter system sleep state S3
[ 2235.070846] PM: Saving platform NVS memory
[ 2235.070851] Disabling non-boot CPUs ...
[ 2235.070894] intel_pstate CPU 1 exiting
[ 2235.071171] Broke affinity for irq 27
[ 2235.072195] kvm: disabling virtualization on CPU1
[ 2235.072522] smpboot: CPU 1 is now offline
[ 2235.072960] intel_pstate CPU 2 exiting
[ 2235.073206] Broke affinity for irq 24
[ 2235.074231] kvm: disabling virtualization on CPU2
[ 2235.074246] smpboot: CPU 2 is now offline
[ 2235.074705] intel_pstate CPU 3 exiting
[ 2235.074915] Broke affinity for irq 29
[ 2235.075929] kvm: disabling virtualization on CPU3
[ 2235.075936] smpboot: CPU 3 is now offline
[ 2235.077768] ACPI: Low-level resume complete
[ 2235.077821] PM: Restoring platform NVS memory
[ 2235.078238] Enabling non-boot CPUs ...
[ 2235.078292] x86: Booting SMP configuration:
[ 2235.078293] smpboot: Booting Node 0 Processor 1 APIC 0x1
[ 2235.090067] CPU1 microcode updated early to revision 0x1b, date = 2014-05-29
[ 2235.091233] kvm: enabling virtualization on CPU1
[ 2235.093847] CPU1 is up
[ 2235.093907] smpboot: Booting Node 0 Processor 2 APIC 0x2
[ 2235.105073] CPU2 microcode updated early to revision 0x1b, date = 2014-05-29
[ 2235.105899] kvm: enabling virtualization on CPU2
[ 2235.108607] CPU2 is up
[ 2235.108668] smpboot: Booting Node 0 Processor 3 APIC 0x3
[ 2235.120678] kvm: enabling virtualization on CPU3
[ 2235.123402] CPU3 is up
[ 2235.133435] ACPI : EC: 4 stale EC events cleared
[ 2235.133446] ACPI: Waking up from system sleep state S3
[ 2235.552863] xhci_hcd 0000:00:14.0: System wakeup disabled by ACPI
[ 2235.553044] ehci-pci 0000:00:1d.0: System wakeup disabled by ACPI
[ 2235.553243] ehci-pci 0000:00:1a.0: System wakeup disabled by ACPI
[ 2235.553351] PM: noirq resume of devices complete after 11.449 msecs
[ 2235.553699] PM: early resume of devices complete after 0.316 msecs
[ 2235.553852] mei_me 0000:00:16.0: irq 28 for MSI/MSI-X
[ 2235.553926] r8169 0000:02:00.0: System wakeup disabled by ACPI
[ 2235.554080] snd_hda_intel 0000:00:1b.0: irq 30 for MSI/MSI-X
[ 2235.558904] sd 0:0:0:0: [sda] Starting disk
[ 2235.563195] rtc_cmos 00:01: System wakeup disabled by ACPI
[ 2235.668139] r8169 0000:02:00.0 p3p1: link down
[ 2235.760954] usb 1-1.4: reset high-speed USB device number 3 using ehci-pci
[ 2235.764014] usb 2-1.5: reset full-speed USB device number 3 using ehci-pci
[ 2235.861842] ata1: SATA link up 3.0 Gbps (SStatus 123 SControl 300)
[ 2235.864502] ata1.00: configured for UDMA/133
[ 2235.963194] usb 3-1: reset low-speed USB device number 2 using xhci_hcd
[ 2235.963310] xhci_hcd 0000:00:14.0: Setup ERROR: setup context command for slot 1.
[ 2235.963316] usb 3-1: hub failed to enable device, error -22
[ 2236.215121] usb 3-1: reset low-speed USB device number 2 using xhci_hcd
[ 2236.215237] xhci_hcd 0000:00:14.0: Setup ERROR: setup context command for slot 1.
[ 2236.215243] usb 3-1: hub failed to enable device, error -22
[ 2236.467247] usb 3-1: reset low-speed USB device number 2 using xhci_hcd
[ 2236.481139] xhci_hcd 0000:00:14.0: xHCI xhci_drop_endpoint called with disabled ep ffff88021104ea20
[ 2236.481155] usb 3-1: ep 0x81 - rounding interval to 64 microframes, ep desc says 80 microframes
[ 2236.488014] input input6: event field not found
[ 2236.488136] PM: resume of devices complete after 933.979 msecs
[ 2236.489274] PM: Finishing wakeup.
[ 2236.489277] Restarting tasks ... done.
[ 2236.551556] IPv6: ADDRCONF(NETDEV_UP): p3p1: link is not ready
[ 2236.674321] r8169 0000:02:00.0 p3p1: link down
[ 2236.674365] IPv6: ADDRCONF(NETDEV_UP): p3p1: link is not ready
[ 2236.691798] iwlwifi 0000:01:00.0: L1 Disabled; Enabling L0S
[ 2236.698229] iwlwifi 0000:01:00.0: Radio type=0x2-0x1-0x0
[ 2236.783546] IPv6: ADDRCONF(NETDEV_UP): wlp1s0: link is not ready
[ 2241.417365] wlp1s0: authenticate with e0:1d:3b:34:13:08
[ 2241.418393] wlp1s0: send auth to e0:1d:3b:34:13:08 (try 1/3)
[ 2241.420074] wlp1s0: authenticated
[ 2241.420604] wlp1s0: associate with e0:1d:3b:34:13:08 (try 1/3)
[ 2241.424252] wlp1s0: RX AssocResp from e0:1d:3b:34:13:08 (capab=0x431 status=0 aid=6)
[ 2241.428157] wlp1s0: associated
[ 2241.428189] IPv6: ADDRCONF(NETDEV_CHANGE): wlp1s0: link becomes ready
[ 2241.428246] cfg80211: Calling CRDA for country: US
[ 2241.430328] cfg80211: Regulatory domain changed to country: US
[ 2241.430331] cfg80211:  DFS Master region: FCC
[ 2241.430333] cfg80211:   (start_freq - end_freq @ bandwidth), (max_antenna_gain, max_eirp), (dfs_cac_time)
[ 2241.430335] cfg80211:   (2402000 KHz - 2472000 KHz @ 40000 KHz), (N/A, 3000 mBm), (N/A)
[ 2241.430337] cfg80211:   (5170000 KHz - 5250000 KHz @ 80000 KHz), (N/A, 1700 mBm), (N/A)
[ 2241.430338] cfg80211:   (5250000 KHz - 5330000 KHz @ 80000 KHz), (N/A, 2300 mBm), (0 s)
[ 2241.430339] cfg80211:   (5735000 KHz - 5835000 KHz @ 80000 KHz), (N/A, 3000 mBm), (N/A)
[ 2241.430341] cfg80211:   (57240000 KHz - 63720000 KHz @ 2160000 KHz), (N/A, 4000 mBm), (N/A)
[ 4188.982596] wlp1s0: deauthenticating from e0:1d:3b:34:13:08 by local choice (Reason: 3=DEAUTH_LEAVING)
[ 4189.002022] cfg80211: Calling CRDA to update world regulatory domain
[ 4189.009288] cfg80211: World regulatory domain updated:
[ 4189.009294] cfg80211:  DFS Master region: unset
[ 4189.009296] cfg80211:   (start_freq - end_freq @ bandwidth), (max_antenna_gain, max_eirp), (dfs_cac_time)
[ 4189.009300] cfg80211:   (2402000 KHz - 2472000 KHz @ 40000 KHz), (N/A, 2000 mBm), (N/A)
[ 4189.009304] cfg80211:   (2457000 KHz - 2482000 KHz @ 40000 KHz), (N/A, 2000 mBm), (N/A)
[ 4189.009307] cfg80211:   (2474000 KHz - 2494000 KHz @ 20000 KHz), (N/A, 2000 mBm), (N/A)
[ 4189.009310] cfg80211:   (5170000 KHz - 5250000 KHz @ 160000 KHz), (N/A, 2000 mBm), (N/A)
[ 4189.009314] cfg80211:   (5250000 KHz - 5330000 KHz @ 160000 KHz), (N/A, 2000 mBm), (0 s)
[ 4189.009317] cfg80211:   (5490000 KHz - 5730000 KHz @ 160000 KHz), (N/A, 2000 mBm), (0 s)
[ 4189.009320] cfg80211:   (5735000 KHz - 5835000 KHz @ 80000 KHz), (N/A, 2000 mBm), (N/A)
[ 4189.009323] cfg80211:   (57240000 KHz - 63720000 KHz @ 2160000 KHz), (N/A, 0 mBm), (N/A)
[ 4189.009385] cfg80211: Calling CRDA for country: RU
[ 4189.009842] IPv6: ADDRCONF(NETDEV_UP): wlp1s0: link is not ready
[ 4189.019955] cfg80211: Regulatory domain changed to country: RU
[ 4189.019960] cfg80211:  DFS Master region: ETSI
[ 4189.019963] cfg80211:   (start_freq - end_freq @ bandwidth), (max_antenna_gain, max_eirp), (dfs_cac_time)
[ 4189.019968] cfg80211:   (2402000 KHz - 2482000 KHz @ 40000 KHz), (N/A, 2000 mBm), (N/A)
[ 4189.019971] cfg80211:   (5170000 KHz - 5250000 KHz @ 80000 KHz), (N/A, 2000 mBm), (N/A)
[ 4189.019975] cfg80211:   (5250000 KHz - 5330000 KHz @ 80000 KHz), (N/A, 2000 mBm), (0 s)
[ 4189.019978] cfg80211:   (5650000 KHz - 5730000 KHz @ 80000 KHz), (N/A, 3000 mBm), (0 s)
[ 4189.019981] cfg80211:   (5735000 KHz - 5835000 KHz @ 80000 KHz), (N/A, 3000 mBm), (N/A)
[ 4189.173709] PM: Syncing filesystems ... done.
[ 4190.247457] PM: Preparing system for mem sleep
[ 4190.247810] Freezing user space processes ... (elapsed 0.002 seconds) done.
[ 4190.250043] Freezing remaining freezable tasks ... (elapsed 0.001 seconds) done.
[ 4190.251382] PM: Entering mem sleep
[ 4190.251413] Suspending console(s) (use no_console_suspend to debug)
[ 4190.251951] sd 0:0:0:0: [sda] Synchronizing SCSI cache
[ 4190.473403] sd 0:0:0:0: [sda] Stopping disk
[ 4191.065212] PM: suspend of devices complete after 813.118 msecs
[ 4191.076240] PM: late suspend of devices complete after 10.980 msecs
[ 4191.077090] r8169 0000:02:00.0: System wakeup enabled by ACPI
[ 4191.077149] ehci-pci 0000:00:1d.0: System wakeup enabled by ACPI
[ 4191.077219] ehci-pci 0000:00:1a.0: System wakeup enabled by ACPI
[ 4191.077253] xhci_hcd 0000:00:14.0: System wakeup enabled by ACPI
[ 4191.088271] PM: noirq suspend of devices complete after 12.021 msecs
[ 4191.088624] ACPI: Preparing to enter system sleep state S3
[ 4191.089757] PM: Saving platform NVS memory
[ 4191.089762] Disabling non-boot CPUs ...
[ 4191.089821] intel_pstate CPU 1 exiting
[ 4191.091208] kvm: disabling virtualization on CPU1
[ 4191.091218] smpboot: CPU 1 is now offline
[ 4191.091983] intel_pstate CPU 2 exiting
[ 4191.093349] kvm: disabling virtualization on CPU2
[ 4191.093686] smpboot: CPU 2 is now offline
[ 4191.094148] intel_pstate CPU 3 exiting
[ 4191.095518] kvm: disabling virtualization on CPU3
[ 4191.095537] smpboot: CPU 3 is now offline
[ 4191.097318] ACPI: Low-level resume complete
[ 4191.097370] PM: Restoring platform NVS memory
[ 4191.097809] Enabling non-boot CPUs ...
[ 4191.097863] x86: Booting SMP configuration:
[ 4191.097864] smpboot: Booting Node 0 Processor 1 APIC 0x1
[ 4191.109565] CPU1 microcode updated early to revision 0x1b, date = 2014-05-29
[ 4191.110732] kvm: enabling virtualization on CPU1
[ 4191.113337] CPU1 is up
[ 4191.113394] smpboot: Booting Node 0 Processor 2 APIC 0x2
[ 4191.124564] CPU2 microcode updated early to revision 0x1b, date = 2014-05-29
[ 4191.125390] kvm: enabling virtualization on CPU2
[ 4191.128048] CPU2 is up
[ 4191.128108] smpboot: Booting Node 0 Processor 3 APIC 0x3
[ 4191.140115] kvm: enabling virtualization on CPU3
[ 4191.142860] CPU3 is up
[ 4191.150783] ACPI : EC: 2 stale EC events cleared
[ 4191.150794] ACPI: Waking up from system sleep state S3
[ 4191.169046] ehci-pci 0000:00:1a.0: System wakeup disabled by ACPI
[ 4191.169077] ehci-pci 0000:00:1d.0: System wakeup disabled by ACPI
[ 4191.169082] xhci_hcd 0000:00:14.0: System wakeup disabled by ACPI
[ 4191.169711] PM: noirq resume of devices complete after 11.952 msecs
[ 4191.169951] PM: early resume of devices complete after 0.214 msecs
[ 4191.170081] mei_me 0000:00:16.0: irq 28 for MSI/MSI-X
[ 4191.170383] snd_hda_intel 0000:00:1b.0: irq 30 for MSI/MSI-X
[ 4191.170511] r8169 0000:02:00.0: System wakeup disabled by ACPI
[ 4191.170856] rtc_cmos 00:01: System wakeup disabled by ACPI
[ 4191.172152] sd 0:0:0:0: [sda] Starting disk
[ 4191.275225] r8169 0000:02:00.0 p3p1: link down
[ 4191.376054] usb 1-1.4: reset high-speed USB device number 3 using ehci-pci
[ 4191.379085] usb 2-1.5: reset full-speed USB device number 3 using ehci-pci
[ 4191.476998] ata1: SATA link up 3.0 Gbps (SStatus 123 SControl 300)
[ 4191.479184] ata1.00: configured for UDMA/133
[ 4191.578295] usb 3-1: reset low-speed USB device number 2 using xhci_hcd
[ 4191.578346] xhci_hcd 0000:00:14.0: Setup ERROR: setup context command for slot 1.
[ 4191.578349] usb 3-1: hub failed to enable device, error -22
[ 4191.830229] usb 3-1: reset low-speed USB device number 2 using xhci_hcd
[ 4191.830273] xhci_hcd 0000:00:14.0: Setup ERROR: setup context command for slot 1.
[ 4191.830277] usb 3-1: hub failed to enable device, error -22
[ 4192.082327] usb 3-1: reset low-speed USB device number 2 using xhci_hcd
[ 4192.096113] xhci_hcd 0000:00:14.0: xHCI xhci_drop_endpoint called with disabled ep ffff88021104ea20
[ 4192.096135] usb 3-1: ep 0x81 - rounding interval to 64 microframes, ep desc says 80 microframes
[ 4192.102657] input input6: event field not found
[ 4192.102737] PM: resume of devices complete after 932.331 msecs
[ 4192.103637] PM: Finishing wakeup.
[ 4192.103640] Restarting tasks ... done.
[ 4192.177523] IPv6: ADDRCONF(NETDEV_UP): p3p1: link is not ready
[ 4192.295505] r8169 0000:02:00.0 p3p1: link down
[ 4192.295598] IPv6: ADDRCONF(NETDEV_UP): p3p1: link is not ready
[ 4192.306217] iwlwifi 0000:01:00.0: L1 Disabled; Enabling L0S
[ 4192.312618] iwlwifi 0000:01:00.0: Radio type=0x2-0x1-0x0
[ 4192.386824] IPv6: ADDRCONF(NETDEV_UP): wlp1s0: link is not ready
[ 4197.098451] wlp1s0: authenticate with e0:1d:3b:34:13:08
[ 4197.099528] wlp1s0: send auth to e0:1d:3b:34:13:08 (try 1/3)
[ 4197.202706] wlp1s0: send auth to e0:1d:3b:34:13:08 (try 2/3)
[ 4197.204439] wlp1s0: authenticated
[ 4197.204723] wlp1s0: associate with e0:1d:3b:34:13:08 (try 1/3)
[ 4197.207533] wlp1s0: RX AssocResp from e0:1d:3b:34:13:08 (capab=0x431 status=0 aid=6)
[ 4197.211313] wlp1s0: associated
[ 4197.211344] IPv6: ADDRCONF(NETDEV_CHANGE): wlp1s0: link becomes ready
[ 4197.211410] cfg80211: Calling CRDA for country: US
[ 4197.214246] cfg80211: Regulatory domain changed to country: US
[ 4197.214250] cfg80211:  DFS Master region: FCC
[ 4197.214252] cfg80211:   (start_freq - end_freq @ bandwidth), (max_antenna_gain, max_eirp), (dfs_cac_time)
[ 4197.214255] cfg80211:   (2402000 KHz - 2472000 KHz @ 40000 KHz), (N/A, 3000 mBm), (N/A)
[ 4197.214257] cfg80211:   (5170000 KHz - 5250000 KHz @ 80000 KHz), (N/A, 1700 mBm), (N/A)
[ 4197.214259] cfg80211:   (5250000 KHz - 5330000 KHz @ 80000 KHz), (N/A, 2300 mBm), (0 s)
[ 4197.214261] cfg80211:   (5735000 KHz - 5835000 KHz @ 80000 KHz), (N/A, 3000 mBm), (N/A)
[ 4197.214263] cfg80211:   (57240000 KHz - 63720000 KHz @ 2160000 KHz), (N/A, 4000 mBm), (N/A)
[ 7844.809669] perf interrupt took too long (2505 > 2500), lowering kernel.perf_event_max_sample_rate to 50000
[ 8906.760507] wlp1s0: deauthenticating from e0:1d:3b:34:13:08 by local choice (Reason: 3=DEAUTH_LEAVING)
[ 8906.766575] IPv6: ADDRCONF(NETDEV_CHANGE): wlp1s0: link becomes ready
[ 8906.767542] cfg80211: Calling CRDA to update world regulatory domain
[ 8906.770282] IPv6: ADDRCONF(NETDEV_UP): wlp1s0: link is not ready
[ 8906.770457] cfg80211: World regulatory domain updated:
[ 8906.770461] cfg80211:  DFS Master region: unset
[ 8906.770463] cfg80211:   (start_freq - end_freq @ bandwidth), (max_antenna_gain, max_eirp), (dfs_cac_time)
[ 8906.770467] cfg80211:   (2402000 KHz - 2472000 KHz @ 40000 KHz), (N/A, 2000 mBm), (N/A)
[ 8906.770471] cfg80211:   (2457000 KHz - 2482000 KHz @ 40000 KHz), (N/A, 2000 mBm), (N/A)
[ 8906.770482] cfg80211:   (2474000 KHz - 2494000 KHz @ 20000 KHz), (N/A, 2000 mBm), (N/A)
[ 8906.770488] cfg80211:   (5170000 KHz - 5250000 KHz @ 160000 KHz), (N/A, 2000 mBm), (N/A)
[ 8906.770491] cfg80211:   (5250000 KHz - 5330000 KHz @ 160000 KHz), (N/A, 2000 mBm), (0 s)
[ 8906.770494] cfg80211:   (5490000 KHz - 5730000 KHz @ 160000 KHz), (N/A, 2000 mBm), (0 s)
[ 8906.770498] cfg80211:   (5735000 KHz - 5835000 KHz @ 80000 KHz), (N/A, 2000 mBm), (N/A)
[ 8906.770508] cfg80211:   (57240000 KHz - 63720000 KHz @ 2160000 KHz), (N/A, 0 mBm), (N/A)
[ 8906.773474] cfg80211: Calling CRDA for country: RU
[ 8906.788340] cfg80211: Regulatory domain changed to country: RU
[ 8906.788346] cfg80211:  DFS Master region: ETSI
[ 8906.788348] cfg80211:   (start_freq - end_freq @ bandwidth), (max_antenna_gain, max_eirp), (dfs_cac_time)
[ 8906.788352] cfg80211:   (2402000 KHz - 2482000 KHz @ 40000 KHz), (N/A, 2000 mBm), (N/A)
[ 8906.788356] cfg80211:   (5170000 KHz - 5250000 KHz @ 80000 KHz), (N/A, 2000 mBm), (N/A)
[ 8906.788360] cfg80211:   (5250000 KHz - 5330000 KHz @ 80000 KHz), (N/A, 2000 mBm), (0 s)
[ 8906.788363] cfg80211:   (5650000 KHz - 5730000 KHz @ 80000 KHz), (N/A, 3000 mBm), (0 s)
[ 8906.788366] cfg80211:   (5735000 KHz - 5835000 KHz @ 80000 KHz), (N/A, 3000 mBm), (N/A)
[ 8907.162658] PM: Syncing filesystems ... done.
[ 8908.040928] PM: Preparing system for mem sleep
[ 8908.041480] Freezing user space processes ... (elapsed 0.002 seconds) done.
[ 8908.044178] Freezing remaining freezable tasks ... (elapsed 0.000 seconds) done.
[ 8908.045171] PM: Entering mem sleep
[ 8908.045197] Suspending console(s) (use no_console_suspend to debug)
[ 8908.045663] sd 0:0:0:0: [sda] Synchronizing SCSI cache
[ 8908.240189] sd 0:0:0:0: [sda] Stopping disk
[ 8908.835644] PM: suspend of devices complete after 789.853 msecs
[ 8908.846560] PM: late suspend of devices complete after 10.900 msecs
[ 8908.847576] r8169 0000:02:00.0: System wakeup enabled by ACPI
[ 8908.847973] ehci-pci 0000:00:1d.0: System wakeup enabled by ACPI
[ 8908.848030] ehci-pci 0000:00:1a.0: System wakeup enabled by ACPI
[ 8908.848041] xhci_hcd 0000:00:14.0: System wakeup enabled by ACPI
[ 8908.858738] PM: noirq suspend of devices complete after 12.167 msecs
[ 8908.859220] ACPI: Preparing to enter system sleep state S3
[ 8908.860566] PM: Saving platform NVS memory
[ 8908.860573] Disabling non-boot CPUs ...
[ 8908.860677] intel_pstate CPU 1 exiting
[ 8908.862155] kvm: disabling virtualization on CPU1
[ 8908.862659] smpboot: CPU 1 is now offline
[ 8908.863340] intel_pstate CPU 2 exiting
[ 8908.864764] kvm: disabling virtualization on CPU2
[ 8908.865269] smpboot: CPU 2 is now offline
[ 8908.865914] intel_pstate CPU 3 exiting
[ 8908.867340] kvm: disabling virtualization on CPU3
[ 8908.867350] smpboot: CPU 3 is now offline
[ 8908.869439] ACPI: Low-level resume complete
[ 8908.869491] PM: Restoring platform NVS memory
[ 8908.869892] Enabling non-boot CPUs ...
[ 8908.869946] x86: Booting SMP configuration:
[ 8908.869947] smpboot: Booting Node 0 Processor 1 APIC 0x1
[ 8908.881636] CPU1 microcode updated early to revision 0x1b, date = 2014-05-29
[ 8908.882999] kvm: enabling virtualization on CPU1
[ 8908.885682] CPU1 is up
[ 8908.885749] smpboot: Booting Node 0 Processor 2 APIC 0x2
[ 8908.897017] CPU2 microcode updated early to revision 0x1b, date = 2014-05-29
[ 8908.897843] kvm: enabling virtualization on CPU2
[ 8908.900533] CPU2 is up
[ 8908.900606] smpboot: Booting Node 0 Processor 3 APIC 0x3
[ 8908.912609] kvm: enabling virtualization on CPU3
[ 8908.915334] CPU3 is up
[ 8908.922395] ACPI : EC: 1 stale EC events cleared
[ 8908.922406] ACPI: Waking up from system sleep state S3
[ 8908.939721] ehci-pci 0000:00:1d.0: System wakeup disabled by ACPI
[ 8908.940026] xhci_hcd 0000:00:14.0: System wakeup disabled by ACPI
[ 8908.940224] ehci-pci 0000:00:1a.0: System wakeup disabled by ACPI
[ 8908.940304] PM: noirq resume of devices complete after 11.792 msecs
[ 8908.940668] PM: early resume of devices complete after 0.337 msecs
[ 8908.940765] mei_me 0000:00:16.0: irq 28 for MSI/MSI-X
[ 8908.940934] r8169 0000:02:00.0: System wakeup disabled by ACPI
[ 8908.941161] snd_hda_intel 0000:00:1b.0: irq 30 for MSI/MSI-X
[ 8908.941896] rtc_cmos 00:01: System wakeup disabled by ACPI
[ 8908.952736] sd 0:0:0:0: [sda] Starting disk
[ 8909.047876] r8169 0000:02:00.0 p3p1: link down
[ 8909.147752] usb 1-1.4: reset high-speed USB device number 3 using ehci-pci
[ 8909.152695] usb 2-1.5: reset full-speed USB device number 3 using ehci-pci
[ 8909.246613] ata1: SATA link up 3.0 Gbps (SStatus 123 SControl 300)
[ 8909.248647] ata1.00: configured for UDMA/133
[ 8909.351941] usb 3-1: reset low-speed USB device number 2 using xhci_hcd
[ 8909.351966] xhci_hcd 0000:00:14.0: Setup ERROR: setup context command for slot 1.
[ 8909.351971] usb 3-1: hub failed to enable device, error -22
[ 8909.603978] usb 3-1: reset low-speed USB device number 2 using xhci_hcd
[ 8909.604018] xhci_hcd 0000:00:14.0: Setup ERROR: setup context command for slot 1.
[ 8909.604022] usb 3-1: hub failed to enable device, error -22
[ 8909.856069] usb 3-1: reset low-speed USB device number 2 using xhci_hcd
[ 8909.869854] xhci_hcd 0000:00:14.0: xHCI xhci_drop_endpoint called with disabled ep ffff88021104ea20
[ 8909.869866] usb 3-1: ep 0x81 - rounding interval to 64 microframes, ep desc says 80 microframes
[ 8909.876403] input input6: event field not found
[ 8909.876465] PM: resume of devices complete after 935.341 msecs
[ 8909.877385] PM: Finishing wakeup.
[ 8909.877388] Restarting tasks ... done.
[ 8909.953116] IPv6: ADDRCONF(NETDEV_UP): p3p1: link is not ready
[ 8910.059135] r8169 0000:02:00.0 p3p1: link down
[ 8910.059202] IPv6: ADDRCONF(NETDEV_UP): p3p1: link is not ready
[ 8910.073051] iwlwifi 0000:01:00.0: L1 Disabled; Enabling L0S
[ 8910.079477] iwlwifi 0000:01:00.0: Radio type=0x2-0x1-0x0
[ 8910.152612] IPv6: ADDRCONF(NETDEV_UP): wlp1s0: link is not ready
[ 8914.857325] wlp1s0: authenticate with e0:1d:3b:34:13:08
[ 8914.858506] wlp1s0: send auth to e0:1d:3b:34:13:08 (try 1/3)
[ 8914.961313] wlp1s0: send auth to e0:1d:3b:34:13:08 (try 2/3)
[ 8914.963026] wlp1s0: authenticated
[ 8914.963441] wlp1s0: associate with e0:1d:3b:34:13:08 (try 1/3)
[ 8914.966233] wlp1s0: RX AssocResp from e0:1d:3b:34:13:08 (capab=0x431 status=0 aid=4)
[ 8914.978634] wlp1s0: associated
[ 8914.978676] IPv6: ADDRCONF(NETDEV_CHANGE): wlp1s0: link becomes ready
[ 8914.978746] cfg80211: Calling CRDA for country: US
[ 8914.982229] cfg80211: Regulatory domain changed to country: US
[ 8914.982234] cfg80211:  DFS Master region: FCC
[ 8914.982235] cfg80211:   (start_freq - end_freq @ bandwidth), (max_antenna_gain, max_eirp), (dfs_cac_time)
[ 8914.982238] cfg80211:   (2402000 KHz - 2472000 KHz @ 40000 KHz), (N/A, 3000 mBm), (N/A)
[ 8914.982241] cfg80211:   (5170000 KHz - 5250000 KHz @ 80000 KHz), (N/A, 1700 mBm), (N/A)
[ 8914.982243] cfg80211:   (5250000 KHz - 5330000 KHz @ 80000 KHz), (N/A, 2300 mBm), (0 s)
[ 8914.982245] cfg80211:   (5735000 KHz - 5835000 KHz @ 80000 KHz), (N/A, 3000 mBm), (N/A)
[ 8914.982247] cfg80211:   (57240000 KHz - 63720000 KHz @ 2160000 KHz), (N/A, 4000 mBm), (N/A)
[10670.173130] wlp1s0: deauthenticating from e0:1d:3b:34:13:08 by local choice (Reason: 3=DEAUTH_LEAVING)
[10670.180192] cfg80211: Calling CRDA to update world regulatory domain
[10670.185391] IPv6: ADDRCONF(NETDEV_UP): wlp1s0: link is not ready
[10670.185578] cfg80211: World regulatory domain updated:
[10670.185583] cfg80211:  DFS Master region: unset
[10670.185585] cfg80211:   (start_freq - end_freq @ bandwidth), (max_antenna_gain, max_eirp), (dfs_cac_time)
[10670.185590] cfg80211:   (2402000 KHz - 2472000 KHz @ 40000 KHz), (N/A, 2000 mBm), (N/A)
[10670.185594] cfg80211:   (2457000 KHz - 2482000 KHz @ 40000 KHz), (N/A, 2000 mBm), (N/A)
[10670.185597] cfg80211:   (2474000 KHz - 2494000 KHz @ 20000 KHz), (N/A, 2000 mBm), (N/A)
[10670.185600] cfg80211:   (5170000 KHz - 5250000 KHz @ 160000 KHz), (N/A, 2000 mBm), (N/A)
[10670.185603] cfg80211:   (5250000 KHz - 5330000 KHz @ 160000 KHz), (N/A, 2000 mBm), (0 s)
[10670.185607] cfg80211:   (5490000 KHz - 5730000 KHz @ 160000 KHz), (N/A, 2000 mBm), (0 s)
[10670.185610] cfg80211:   (5735000 KHz - 5835000 KHz @ 80000 KHz), (N/A, 2000 mBm), (N/A)
[10670.185613] cfg80211:   (57240000 KHz - 63720000 KHz @ 2160000 KHz), (N/A, 0 mBm), (N/A)
[10670.185712] cfg80211: Calling CRDA for country: RU
[10670.198875] cfg80211: Regulatory domain changed to country: RU
[10670.198881] cfg80211:  DFS Master region: ETSI
[10670.198883] cfg80211:   (start_freq - end_freq @ bandwidth), (max_antenna_gain, max_eirp), (dfs_cac_time)
[10670.198888] cfg80211:   (2402000 KHz - 2482000 KHz @ 40000 KHz), (N/A, 2000 mBm), (N/A)
[10670.198892] cfg80211:   (5170000 KHz - 5250000 KHz @ 80000 KHz), (N/A, 2000 mBm), (N/A)
[10670.198895] cfg80211:   (5250000 KHz - 5330000 KHz @ 80000 KHz), (N/A, 2000 mBm), (0 s)
[10670.198899] cfg80211:   (5650000 KHz - 5730000 KHz @ 80000 KHz), (N/A, 3000 mBm), (0 s)
[10670.198902] cfg80211:   (5735000 KHz - 5835000 KHz @ 80000 KHz), (N/A, 3000 mBm), (N/A)
[10670.306617] PM: Syncing filesystems ... done.
[10671.436553] PM: Preparing system for mem sleep
[10671.436970] Freezing user space processes ... (elapsed 0.002 seconds) done.
[10671.439459] Freezing remaining freezable tasks ... (elapsed 0.001 seconds) done.
[10671.440699] PM: Entering mem sleep
[10671.440719] Suspending console(s) (use no_console_suspend to debug)
[10671.441045] sd 0:0:0:0: [sda] Synchronizing SCSI cache
[10671.655228] sd 0:0:0:0: [sda] Stopping disk
[10672.249335] PM: suspend of devices complete after 808.060 msecs
[10672.260174] PM: late suspend of devices complete after 10.821 msecs
[10672.261240] r8169 0000:02:00.0: System wakeup enabled by ACPI
[10672.261419] ehci-pci 0000:00:1d.0: System wakeup enabled by ACPI
[10672.261470] ehci-pci 0000:00:1a.0: System wakeup enabled by ACPI
[10672.261580] xhci_hcd 0000:00:14.0: System wakeup enabled by ACPI
[10672.272248] PM: noirq suspend of devices complete after 12.060 msecs
[10672.272836] ACPI: Preparing to enter system sleep state S3
[10672.274145] PM: Saving platform NVS memory
[10672.274153] Disabling non-boot CPUs ...
[10672.274286] intel_pstate CPU 1 exiting
[10672.275856] kvm: disabling virtualization on CPU1
[10672.276361] smpboot: CPU 1 is now offline
[10672.277105] intel_pstate CPU 2 exiting
[10672.278565] kvm: disabling virtualization on CPU2
[10672.278585] smpboot: CPU 2 is now offline
[10672.279156] intel_pstate CPU 3 exiting
[10672.280548] kvm: disabling virtualization on CPU3
[10672.280585] smpboot: CPU 3 is now offline
[10672.282778] ACPI: Low-level resume complete
[10672.282832] PM: Restoring platform NVS memory
[10672.283266] Enabling non-boot CPUs ...
[10672.283321] x86: Booting SMP configuration:
[10672.283322] smpboot: Booting Node 0 Processor 1 APIC 0x1
[10672.295092] CPU1 microcode updated early to revision 0x1b, date = 2014-05-29
[10672.296442] kvm: enabling virtualization on CPU1
[10672.299141] CPU1 is up
[10672.299207] smpboot: Booting Node 0 Processor 2 APIC 0x2
[10672.310486] CPU2 microcode updated early to revision 0x1b, date = 2014-05-29
[10672.311624] kvm: enabling virtualization on CPU2
[10672.314329] CPU2 is up
[10672.314398] smpboot: Booting Node 0 Processor 3 APIC 0x3
[10672.326418] kvm: enabling virtualization on CPU3
[10672.329138] CPU3 is up
[10672.335985] ACPI : EC: 1 stale EC events cleared
[10672.335997] ACPI: Waking up from system sleep state S3
[10672.353255] ehci-pci 0000:00:1a.0: System wakeup disabled by ACPI
[10672.353283] xhci_hcd 0000:00:14.0: System wakeup disabled by ACPI
[10672.353494] ehci-pci 0000:00:1d.0: System wakeup disabled by ACPI
[10672.353846] PM: noirq resume of devices complete after 11.942 msecs
[10672.354241] PM: early resume of devices complete after 0.355 msecs
[10672.354310] mei_me 0000:00:16.0: irq 28 for MSI/MSI-X
[10672.354784] snd_hda_intel 0000:00:1b.0: irq 30 for MSI/MSI-X
[10672.355042] r8169 0000:02:00.0: System wakeup disabled by ACPI
[10672.355104] rtc_cmos 00:01: System wakeup disabled by ACPI
[10672.362467] sd 0:0:0:0: [sda] Starting disk
[10672.480502] r8169 0000:02:00.0 p3p1: link down
[10672.565213] usb 2-1.5: reset full-speed USB device number 3 using ehci-pci
[10672.565359] usb 1-1.4: reset high-speed USB device number 3 using ehci-pci
[10672.663195] ata1: SATA link up 3.0 Gbps (SStatus 123 SControl 300)
[10672.665388] ata1.00: configured for UDMA/133
[10672.764593] usb 3-1: reset low-speed USB device number 2 using xhci_hcd
[10672.764621] xhci_hcd 0000:00:14.0: Setup ERROR: setup context command for slot 1.
[10672.764624] usb 3-1: hub failed to enable device, error -22
[10673.016536] usb 3-1: reset low-speed USB device number 2 using xhci_hcd
[10673.016565] xhci_hcd 0000:00:14.0: Setup ERROR: setup context command for slot 1.
[10673.016570] usb 3-1: hub failed to enable device, error -22
[10673.268656] usb 3-1: reset low-speed USB device number 2 using xhci_hcd
[10673.282391] xhci_hcd 0000:00:14.0: xHCI xhci_drop_endpoint called with disabled ep ffff88021104ea20
[10673.282407] usb 3-1: ep 0x81 - rounding interval to 64 microframes, ep desc says 80 microframes
[10673.288935] input input6: event field not found
[10673.289001] PM: resume of devices complete after 934.302 msecs
[10673.289962] PM: Finishing wakeup.
[10673.289965] Restarting tasks ... done.
[10673.361743] IPv6: ADDRCONF(NETDEV_UP): p3p1: link is not ready
[10673.461651] r8169 0000:02:00.0 p3p1: link down
[10673.461780] IPv6: ADDRCONF(NETDEV_UP): p3p1: link is not ready
[10673.470576] iwlwifi 0000:01:00.0: L1 Disabled; Enabling L0S
[10673.476984] iwlwifi 0000:01:00.0: Radio type=0x2-0x1-0x0
[10673.551445] IPv6: ADDRCONF(NETDEV_UP): wlp1s0: link is not ready
[10678.250416] wlp1s0: authenticate with e0:1d:3b:34:13:08
[10678.251461] wlp1s0: send auth to e0:1d:3b:34:13:08 (try 1/3)
[10678.353893] wlp1s0: send auth to e0:1d:3b:34:13:08 (try 2/3)
[10678.355605] wlp1s0: authenticated
[10678.355912] wlp1s0: associate with e0:1d:3b:34:13:08 (try 1/3)
[10678.358670] wlp1s0: RX AssocResp from e0:1d:3b:34:13:08 (capab=0x431 status=0 aid=6)
[10678.362859] wlp1s0: associated
[10678.362923] IPv6: ADDRCONF(NETDEV_CHANGE): wlp1s0: link becomes ready
[10678.363001] cfg80211: Calling CRDA for country: US
[10678.367269] cfg80211: Regulatory domain changed to country: US
[10678.367274] cfg80211:  DFS Master region: FCC
[10678.367276] cfg80211:   (start_freq - end_freq @ bandwidth), (max_antenna_gain, max_eirp), (dfs_cac_time)
[10678.367279] cfg80211:   (2402000 KHz - 2472000 KHz @ 40000 KHz), (N/A, 3000 mBm), (N/A)
[10678.367281] cfg80211:   (5170000 KHz - 5250000 KHz @ 80000 KHz), (N/A, 1700 mBm), (N/A)
[10678.367283] cfg80211:   (5250000 KHz - 5330000 KHz @ 80000 KHz), (N/A, 2300 mBm), (0 s)
[10678.367285] cfg80211:   (5735000 KHz - 5835000 KHz @ 80000 KHz), (N/A, 3000 mBm), (N/A)
[10678.367287] cfg80211:   (57240000 KHz - 63720000 KHz @ 2160000 KHz), (N/A, 4000 mBm), (N/A)
[11102.842353] wlp1s0: deauthenticating from e0:1d:3b:34:13:08 by local choice (Reason: 3=DEAUTH_LEAVING)
[11102.849859] IPv6: ADDRCONF(NETDEV_CHANGE): wlp1s0: link becomes ready
[11102.850666] cfg80211: Calling CRDA to update world regulatory domain
[11102.855968] IPv6: ADDRCONF(NETDEV_UP): wlp1s0: link is not ready
[11102.860858] cfg80211: World regulatory domain updated:
[11102.860865] cfg80211:  DFS Master region: unset
[11102.860867] cfg80211:   (start_freq - end_freq @ bandwidth), (max_antenna_gain, max_eirp), (dfs_cac_time)
[11102.860872] cfg80211:   (2402000 KHz - 2472000 KHz @ 40000 KHz), (N/A, 2000 mBm), (N/A)
[11102.860876] cfg80211:   (2457000 KHz - 2482000 KHz @ 40000 KHz), (N/A, 2000 mBm), (N/A)
[11102.860880] cfg80211:   (2474000 KHz - 2494000 KHz @ 20000 KHz), (N/A, 2000 mBm), (N/A)
[11102.860883] cfg80211:   (5170000 KHz - 5250000 KHz @ 160000 KHz), (N/A, 2000 mBm), (N/A)
[11102.860887] cfg80211:   (5250000 KHz - 5330000 KHz @ 160000 KHz), (N/A, 2000 mBm), (0 s)
[11102.860891] cfg80211:   (5490000 KHz - 5730000 KHz @ 160000 KHz), (N/A, 2000 mBm), (0 s)
[11102.860894] cfg80211:   (5735000 KHz - 5835000 KHz @ 80000 KHz), (N/A, 2000 mBm), (N/A)
[11102.860898] cfg80211:   (57240000 KHz - 63720000 KHz @ 2160000 KHz), (N/A, 0 mBm), (N/A)
[11102.860966] cfg80211: Calling CRDA for country: RU
[11102.872313] cfg80211: Regulatory domain changed to country: RU
[11102.872318] cfg80211:  DFS Master region: ETSI
[11102.872321] cfg80211:   (start_freq - end_freq @ bandwidth), (max_antenna_gain, max_eirp), (dfs_cac_time)
[11102.872326] cfg80211:   (2402000 KHz - 2482000 KHz @ 40000 KHz), (N/A, 2000 mBm), (N/A)
[11102.872329] cfg80211:   (5170000 KHz - 5250000 KHz @ 80000 KHz), (N/A, 2000 mBm), (N/A)
[11102.872333] cfg80211:   (5250000 KHz - 5330000 KHz @ 80000 KHz), (N/A, 2000 mBm), (0 s)
[11102.872336] cfg80211:   (5650000 KHz - 5730000 KHz @ 80000 KHz), (N/A, 3000 mBm), (0 s)
[11102.872340] cfg80211:   (5735000 KHz - 5835000 KHz @ 80000 KHz), (N/A, 3000 mBm), (N/A)
[11102.966831] PM: Syncing filesystems ... done.
[11103.910084] PM: Preparing system for mem sleep
[11103.910545] Freezing user space processes ... (elapsed 0.002 seconds) done.
[11103.912571] Freezing remaining freezable tasks ... (elapsed 0.001 seconds) done.
[11103.913773] PM: Entering mem sleep
[11103.913790] Suspending console(s) (use no_console_suspend to debug)
[11103.914212] sd 0:0:0:0: [sda] Synchronizing SCSI cache
[11104.101895] sd 0:0:0:0: [sda] Stopping disk
[11104.689726] PM: suspend of devices complete after 775.409 msecs
[11104.700736] PM: late suspend of devices complete after 10.992 msecs
[11104.701791] ehci-pci 0000:00:1d.0: System wakeup enabled by ACPI
[11104.701819] ehci-pci 0000:00:1a.0: System wakeup enabled by ACPI
[11104.701837] r8169 0000:02:00.0: System wakeup enabled by ACPI
[11104.701859] xhci_hcd 0000:00:14.0: System wakeup enabled by ACPI
[11104.712679] PM: noirq suspend of devices complete after 11.929 msecs
[11104.713351] ACPI: Preparing to enter system sleep state S3
[11104.714260] PM: Saving platform NVS memory
[11104.714265] Disabling non-boot CPUs ...
[11104.714354] intel_pstate CPU 1 exiting
[11104.715735] kvm: disabling virtualization on CPU1
[11104.715744] smpboot: CPU 1 is now offline
[11104.716581] intel_pstate CPU 2 exiting
[11104.717928] kvm: disabling virtualization on CPU2
[11104.718309] smpboot: CPU 2 is now offline
[11104.719087] intel_pstate CPU 3 exiting
[11104.720475] kvm: disabling virtualization on CPU3
[11104.720483] smpboot: CPU 3 is now offline
[11104.722339] ACPI: Low-level resume complete
[11104.722391] PM: Restoring platform NVS memory
[11104.722784] Enabling non-boot CPUs ...
[11104.722838] x86: Booting SMP configuration:
[11104.722839] smpboot: Booting Node 0 Processor 1 APIC 0x1
[11104.734540] CPU1 microcode updated early to revision 0x1b, date = 2014-05-29
[11104.735902] kvm: enabling virtualization on CPU1
[11104.738553] CPU1 is up
[11104.738610] smpboot: Booting Node 0 Processor 2 APIC 0x2
[11104.749789] CPU2 microcode updated early to revision 0x1b, date = 2014-05-29
[11104.750924] kvm: enabling virtualization on CPU2
[11104.753614] CPU2 is up
[11104.753675] smpboot: Booting Node 0 Processor 3 APIC 0x3
[11104.765692] kvm: enabling virtualization on CPU3
[11104.768414] CPU3 is up
[11104.774139] ACPI : EC: 0 stale EC events cleared
[11104.774161] ACPI: Waking up from system sleep state S3
[11104.788573] ehci-pci 0000:00:1a.0: System wakeup disabled by ACPI
[11104.788606] xhci_hcd 0000:00:14.0: System wakeup disabled by ACPI
[11104.788789] ehci-pci 0000:00:1d.0: System wakeup disabled by ACPI
[11104.789162] PM: noirq resume of devices complete after 11.623 msecs
[11104.789429] PM: early resume of devices complete after 0.240 msecs
[11104.789529] mei_me 0000:00:16.0: irq 28 for MSI/MSI-X
[11104.790067] snd_hda_intel 0000:00:1b.0: irq 30 for MSI/MSI-X
[11104.790239] r8169 0000:02:00.0: System wakeup disabled by ACPI
[11104.790350] rtc_cmos 00:01: System wakeup disabled by ACPI
[11104.792521] sd 0:0:0:0: [sda] Starting disk
[11104.894819] r8169 0000:02:00.0 p3p1: link down
[11104.997633] usb 1-1.4: reset high-speed USB device number 3 using ehci-pci
[11104.998527] usb 2-1.5: reset full-speed USB device number 3 using ehci-pci
[11105.095536] ata1: SATA link up 3.0 Gbps (SStatus 123 SControl 300)
[11105.097572] ata1.00: configured for UDMA/133
[11105.197923] usb 3-1: reset low-speed USB device number 2 using xhci_hcd
[11105.197952] xhci_hcd 0000:00:14.0: Setup ERROR: setup context command for slot 1.
[11105.197956] usb 3-1: hub failed to enable device, error -22
