[    0.000000] CPU0 microcode updated early to revision 0x29, date = 2013-06-12
[    0.000000] Initializing cgroup subsys cpuset
[    0.000000] Initializing cgroup subsys cpu
[    0.000000] Initializing cgroup subsys cpuacct
[    0.000000] Linux version 4.0.0-0.rc4.git0.1.fc22.x86_64 (mockbuild@bkernel01.phx2.fedoraproject.org) (gcc version 5.0.0 20150226 (Red Hat 5.0.0-0.17) (GCC) ) #1 SMP Mon Mar 16 14:36:23 UTC 2015
[    0.000000] Command line: BOOT_IMAGE=/vmlinuz-4.0.0-0.rc4.git0.1.fc22.x86_64 root=UUID=a8ff84fd-f952-4c1b-9051-0a053d93a004 ro rootflags=subvol=root rhgb quiet LANG=es_ES.UTF-8
[    0.000000] e820: BIOS-provided physical RAM map:
[    0.000000] BIOS-e820: [mem 0x0000000000000000-0x000000000009efff] usable
[    0.000000] BIOS-e820: [mem 0x000000000009f000-0x000000000009ffff] reserved
[    0.000000] BIOS-e820: [mem 0x0000000000100000-0x00000000de94cfff] usable
[    0.000000] BIOS-e820: [mem 0x00000000de94d000-0x00000000df140fff] reserved
[    0.000000] BIOS-e820: [mem 0x00000000df141000-0x00000000df394fff] ACPI NVS
[    0.000000] BIOS-e820: [mem 0x00000000df395000-0x00000000df3a1fff] ACPI data
[    0.000000] BIOS-e820: [mem 0x00000000df3a2000-0x00000000df3c0fff] ACPI NVS
[    0.000000] BIOS-e820: [mem 0x00000000df3c1000-0x00000000df3c5fff] ACPI data
[    0.000000] BIOS-e820: [mem 0x00000000df3c6000-0x00000000df408fff] ACPI NVS
[    0.000000] BIOS-e820: [mem 0x00000000df409000-0x00000000df7fffff] usable
[    0.000000] BIOS-e820: [mem 0x00000000f8000000-0x00000000fbffffff] reserved
[    0.000000] BIOS-e820: [mem 0x00000000fec00000-0x00000000fec00fff] reserved
[    0.000000] BIOS-e820: [mem 0x00000000fed00000-0x00000000fed03fff] reserved
[    0.000000] BIOS-e820: [mem 0x00000000fed1c000-0x00000000fed1ffff] reserved
[    0.000000] BIOS-e820: [mem 0x00000000fee00000-0x00000000fee00fff] reserved
[    0.000000] BIOS-e820: [mem 0x00000000ff000000-0x00000000ffffffff] reserved
[    0.000000] BIOS-e820: [mem 0x0000000100000000-0x000000041effffff] usable
[    0.000000] NX (Execute Disable) protection: active
[    0.000000] e820: update [mem 0x0c51a018-0x0c52a057] usable ==> usable
[    0.000000] e820: update [mem 0x0c52b018-0x0c537857] usable ==> usable
[    0.000000] extended physical RAM map:
[    0.000000] reserve setup_data: [mem 0x0000000000000000-0x000000000009efff] usable
[    0.000000] reserve setup_data: [mem 0x000000000009f000-0x000000000009ffff] reserved
[    0.000000] reserve setup_data: [mem 0x0000000000100000-0x000000000c51a017] usable
[    0.000000] reserve setup_data: [mem 0x000000000c51a018-0x000000000c52a057] usable
[    0.000000] reserve setup_data: [mem 0x000000000c52a058-0x000000000c52b017] usable
[    0.000000] reserve setup_data: [mem 0x000000000c52b018-0x000000000c537857] usable
[    0.000000] reserve setup_data: [mem 0x000000000c537858-0x00000000de94cfff] usable
[    0.000000] reserve setup_data: [mem 0x00000000de94d000-0x00000000df140fff] reserved
[    0.000000] reserve setup_data: [mem 0x00000000df141000-0x00000000df394fff] ACPI NVS
[    0.000000] reserve setup_data: [mem 0x00000000df395000-0x00000000df3a1fff] ACPI data
[    0.000000] reserve setup_data: [mem 0x00000000df3a2000-0x00000000df3c0fff] ACPI NVS
[    0.000000] reserve setup_data: [mem 0x00000000df3c1000-0x00000000df3c5fff] ACPI data
[    0.000000] reserve setup_data: [mem 0x00000000df3c6000-0x00000000df408fff] ACPI NVS
[    0.000000] reserve setup_data: [mem 0x00000000df409000-0x00000000df7fffff] usable
[    0.000000] reserve setup_data: [mem 0x00000000f8000000-0x00000000fbffffff] reserved
[    0.000000] reserve setup_data: [mem 0x00000000fec00000-0x00000000fec00fff] reserved
[    0.000000] reserve setup_data: [mem 0x00000000fed00000-0x00000000fed03fff] reserved
[    0.000000] reserve setup_data: [mem 0x00000000fed1c000-0x00000000fed1ffff] reserved
[    0.000000] reserve setup_data: [mem 0x00000000fee00000-0x00000000fee00fff] reserved
[    0.000000] reserve setup_data: [mem 0x00000000ff000000-0x00000000ffffffff] reserved
[    0.000000] reserve setup_data: [mem 0x0000000100000000-0x000000041effffff] usable
[    0.000000] efi: EFI v2.31 by American Megatrends
[    0.000000] efi:  ACPI=0xdf395000  ACPI 2.0=0xdf395000  SMBIOS=0xdec29f18  MPS=0xfc9b0 
[    0.000000] efi: mem00: [Boot Code          |   |  |  |  |   |WB|WT|WC|UC] range=[0x0000000000000000-0x0000000000008000) (0MB)
[    0.000000] efi: mem01: [Loader Data        |   |  |  |  |   |WB|WT|WC|UC] range=[0x0000000000008000-0x0000000000009000) (0MB)
[    0.000000] efi: mem02: [Conventional Memory|   |  |  |  |   |WB|WT|WC|UC] range=[0x0000000000009000-0x000000000005e000) (0MB)
[    0.000000] efi: mem03: [Boot Data          |   |  |  |  |   |WB|WT|WC|UC] range=[0x000000000005e000-0x0000000000060000) (0MB)
[    0.000000] efi: mem04: [Boot Code          |   |  |  |  |   |WB|WT|WC|UC] range=[0x0000000000060000-0x000000000009f000) (0MB)
[    0.000000] efi: mem05: [Runtime Data       |RUN|  |  |  |   |WB|WT|WC|UC] range=[0x000000000009f000-0x00000000000a0000) (0MB)
[    0.000000] efi: mem06: [Conventional Memory|   |  |  |  |   |WB|WT|WC|UC] range=[0x0000000000100000-0x0000000000ffb000) (14MB)
[    0.000000] efi: mem07: [Loader Data        |   |  |  |  |   |WB|WT|WC|UC] range=[0x0000000000ffb000-0x0000000001100000) (1MB)
[    0.000000] efi: mem08: [Boot Data          |   |  |  |  |   |WB|WT|WC|UC] range=[0x0000000001100000-0x0000000001975000) (8MB)
[    0.000000] efi: mem09: [Boot Code          |   |  |  |  |   |WB|WT|WC|UC] range=[0x0000000001975000-0x000000000197b000) (0MB)
[    0.000000] efi: mem10: [Boot Data          |   |  |  |  |   |WB|WT|WC|UC] range=[0x000000000197b000-0x000000000197f000) (0MB)
[    0.000000] efi: mem11: [Boot Code          |   |  |  |  |   |WB|WT|WC|UC] range=[0x000000000197f000-0x000000000198b000) (0MB)
[    0.000000] efi: mem12: [Boot Data          |   |  |  |  |   |WB|WT|WC|UC] range=[0x000000000198b000-0x0000000001d92000) (4MB)
[    0.000000] efi: mem13: [Boot Code          |   |  |  |  |   |WB|WT|WC|UC] range=[0x0000000001d92000-0x0000000001d93000) (0MB)
[    0.000000] efi: mem14: [Boot Data          |   |  |  |  |   |WB|WT|WC|UC] range=[0x0000000001d93000-0x0000000001d96000) (0MB)
[    0.000000] efi: mem15: [Boot Code          |   |  |  |  |   |WB|WT|WC|UC] range=[0x0000000001d96000-0x0000000001d97000) (0MB)
[    0.000000] efi: mem16: [Boot Data          |   |  |  |  |   |WB|WT|WC|UC] range=[0x0000000001d97000-0x0000000001d9c000) (0MB)
[    0.000000] efi: mem17: [Boot Code          |   |  |  |  |   |WB|WT|WC|UC] range=[0x0000000001d9c000-0x0000000001d9d000) (0MB)
[    0.000000] efi: mem18: [Boot Data          |   |  |  |  |   |WB|WT|WC|UC] range=[0x0000000001d9d000-0x0000000001d9f000) (0MB)
[    0.000000] efi: mem19: [Boot Code          |   |  |  |  |   |WB|WT|WC|UC] range=[0x0000000001d9f000-0x0000000001da0000) (0MB)
[    0.000000] efi: mem20: [Boot Data          |   |  |  |  |   |WB|WT|WC|UC] range=[0x0000000001da0000-0x0000000001da2000) (0MB)
[    0.000000] efi: mem21: [Boot Code          |   |  |  |  |   |WB|WT|WC|UC] range=[0x0000000001da2000-0x0000000001da3000) (0MB)
[    0.000000] efi: mem22: [Boot Data          |   |  |  |  |   |WB|WT|WC|UC] range=[0x0000000001da3000-0x0000000001da7000) (0MB)
[    0.000000] efi: mem23: [Boot Code          |   |  |  |  |   |WB|WT|WC|UC] range=[0x0000000001da7000-0x0000000001da9000) (0MB)
[    0.000000] efi: mem24: [Boot Data          |   |  |  |  |   |WB|WT|WC|UC] range=[0x0000000001da9000-0x0000000001db4000) (0MB)
[    0.000000] efi: mem25: [Boot Code          |   |  |  |  |   |WB|WT|WC|UC] range=[0x0000000001db4000-0x0000000001db5000) (0MB)
[    0.000000] efi: mem26: [Boot Data          |   |  |  |  |   |WB|WT|WC|UC] range=[0x0000000001db5000-0x0000000001db6000) (0MB)
[    0.000000] efi: mem27: [Boot Code          |   |  |  |  |   |WB|WT|WC|UC] range=[0x0000000001db6000-0x0000000001dbb000) (0MB)
[    0.000000] efi: mem28: [Boot Data          |   |  |  |  |   |WB|WT|WC|UC] range=[0x0000000001dbb000-0x0000000001dc2000) (0MB)
[    0.000000] efi: mem29: [Boot Code          |   |  |  |  |   |WB|WT|WC|UC] range=[0x0000000001dc2000-0x0000000001dc3000) (0MB)
[    0.000000] efi: mem30: [Boot Data          |   |  |  |  |   |WB|WT|WC|UC] range=[0x0000000001dc3000-0x0000000001dc7000) (0MB)
[    0.000000] efi: mem31: [Boot Code          |   |  |  |  |   |WB|WT|WC|UC] range=[0x0000000001dc7000-0x0000000001dd3000) (0MB)
[    0.000000] efi: mem32: [Boot Data          |   |  |  |  |   |WB|WT|WC|UC] range=[0x0000000001dd3000-0x0000000001de8000) (0MB)
[    0.000000] efi: mem33: [Boot Code          |   |  |  |  |   |WB|WT|WC|UC] range=[0x0000000001de8000-0x0000000001de9000) (0MB)
[    0.000000] efi: mem34: [Boot Data          |   |  |  |  |   |WB|WT|WC|UC] range=[0x0000000001de9000-0x00000000021f4000) (4MB)
[    0.000000] efi: mem35: [Boot Code          |   |  |  |  |   |WB|WT|WC|UC] range=[0x00000000021f4000-0x00000000021f6000) (0MB)
[    0.000000] efi: mem36: [Boot Data          |   |  |  |  |   |WB|WT|WC|UC] range=[0x00000000021f6000-0x00000000021f8000) (0MB)
[    0.000000] efi: mem37: [Boot Code          |   |  |  |  |   |WB|WT|WC|UC] range=[0x00000000021f8000-0x00000000021f9000) (0MB)
[    0.000000] efi: mem38: [Boot Data          |   |  |  |  |   |WB|WT|WC|UC] range=[0x00000000021f9000-0x00000000021fb000) (0MB)
[    0.000000] efi: mem39: [Boot Code          |   |  |  |  |   |WB|WT|WC|UC] range=[0x00000000021fb000-0x00000000021ff000) (0MB)
[    0.000000] efi: mem40: [Boot Data          |   |  |  |  |   |WB|WT|WC|UC] range=[0x00000000021ff000-0x000000000220c000) (0MB)
[    0.000000] efi: mem41: [Boot Code          |   |  |  |  |   |WB|WT|WC|UC] range=[0x000000000220c000-0x0000000002212000) (0MB)
[    0.000000] efi: mem42: [Boot Data          |   |  |  |  |   |WB|WT|WC|UC] range=[0x0000000002212000-0x0000000002215000) (0MB)
[    0.000000] efi: mem43: [Boot Code          |   |  |  |  |   |WB|WT|WC|UC] range=[0x0000000002215000-0x0000000002217000) (0MB)
[    0.000000] efi: mem44: [Boot Data          |   |  |  |  |   |WB|WT|WC|UC] range=[0x0000000002217000-0x0000000002222000) (0MB)
[    0.000000] efi: mem45: [Boot Code          |   |  |  |  |   |WB|WT|WC|UC] range=[0x0000000002222000-0x0000000002225000) (0MB)
[    0.000000] efi: mem46: [Boot Data          |   |  |  |  |   |WB|WT|WC|UC] range=[0x0000000002225000-0x000000000224e000) (0MB)
[    0.000000] efi: mem47: [Boot Code          |   |  |  |  |   |WB|WT|WC|UC] range=[0x000000000224e000-0x000000000224f000) (0MB)
[    0.000000] efi: mem48: [Boot Data          |   |  |  |  |   |WB|WT|WC|UC] range=[0x000000000224f000-0x0000000002250000) (0MB)
[    0.000000] efi: mem49: [Boot Code          |   |  |  |  |   |WB|WT|WC|UC] range=[0x0000000002250000-0x0000000002251000) (0MB)
[    0.000000] efi: mem50: [Boot Data          |   |  |  |  |   |WB|WT|WC|UC] range=[0x0000000002251000-0x000000000225d000) (0MB)
[    0.000000] efi: mem51: [Boot Code          |   |  |  |  |   |WB|WT|WC|UC] range=[0x000000000225d000-0x0000000002260000) (0MB)
[    0.000000] efi: mem52: [Boot Data          |   |  |  |  |   |WB|WT|WC|UC] range=[0x0000000002260000-0x0000000002261000) (0MB)
[    0.000000] efi: mem53: [Boot Code          |   |  |  |  |   |WB|WT|WC|UC] range=[0x0000000002261000-0x0000000002262000) (0MB)
[    0.000000] efi: mem54: [Boot Data          |   |  |  |  |   |WB|WT|WC|UC] range=[0x0000000002262000-0x0000000002278000) (0MB)
[    0.000000] efi: mem55: [Boot Code          |   |  |  |  |   |WB|WT|WC|UC] range=[0x0000000002278000-0x0000000002283000) (0MB)
[    0.000000] efi: mem56: [Boot Data          |   |  |  |  |   |WB|WT|WC|UC] range=[0x0000000002283000-0x0000000002293000) (0MB)
[    0.000000] efi: mem57: [Boot Code          |   |  |  |  |   |WB|WT|WC|UC] range=[0x0000000002293000-0x0000000002297000) (0MB)
[    0.000000] efi: mem58: [Boot Data          |   |  |  |  |   |WB|WT|WC|UC] range=[0x0000000002297000-0x000000000229d000) (0MB)
[    0.000000] efi: mem59: [Boot Code          |   |  |  |  |   |WB|WT|WC|UC] range=[0x000000000229d000-0x00000000022a6000) (0MB)
[    0.000000] efi: mem60: [Boot Data          |   |  |  |  |   |WB|WT|WC|UC] range=[0x00000000022a6000-0x00000000022b4000) (0MB)
[    0.000000] efi: mem61: [Boot Code          |   |  |  |  |   |WB|WT|WC|UC] range=[0x00000000022b4000-0x00000000022bc000) (0MB)
[    0.000000] efi: mem62: [Boot Data          |   |  |  |  |   |WB|WT|WC|UC] range=[0x00000000022bc000-0x00000000022c1000) (0MB)
[    0.000000] efi: mem63: [Boot Code          |   |  |  |  |   |WB|WT|WC|UC] range=[0x00000000022c1000-0x00000000022c2000) (0MB)
[    0.000000] efi: mem64: [Boot Data          |   |  |  |  |   |WB|WT|WC|UC] range=[0x00000000022c2000-0x00000000022c4000) (0MB)
[    0.000000] efi: mem65: [Boot Code          |   |  |  |  |   |WB|WT|WC|UC] range=[0x00000000022c4000-0x00000000022c5000) (0MB)
[    0.000000] efi: mem66: [Boot Data          |   |  |  |  |   |WB|WT|WC|UC] range=[0x00000000022c5000-0x00000000022ca000) (0MB)
[    0.000000] efi: mem67: [Boot Code          |   |  |  |  |   |WB|WT|WC|UC] range=[0x00000000022ca000-0x00000000022cc000) (0MB)
[    0.000000] efi: mem68: [Boot Data          |   |  |  |  |   |WB|WT|WC|UC] range=[0x00000000022cc000-0x00000000022d1000) (0MB)
[    0.000000] efi: mem69: [Boot Code          |   |  |  |  |   |WB|WT|WC|UC] range=[0x00000000022d1000-0x00000000022d2000) (0MB)
[    0.000000] efi: mem70: [Boot Data          |   |  |  |  |   |WB|WT|WC|UC] range=[0x00000000022d2000-0x00000000022ee000) (0MB)
[    0.000000] efi: mem71: [Boot Code          |   |  |  |  |   |WB|WT|WC|UC] range=[0x00000000022ee000-0x00000000022f8000) (0MB)
[    0.000000] efi: mem72: [Boot Data          |   |  |  |  |   |WB|WT|WC|UC] range=[0x00000000022f8000-0x00000000022fb000) (0MB)
[    0.000000] efi: mem73: [Boot Code          |   |  |  |  |   |WB|WT|WC|UC] range=[0x00000000022fb000-0x00000000022fe000) (0MB)
[    0.000000] efi: mem74: [Boot Data          |   |  |  |  |   |WB|WT|WC|UC] range=[0x00000000022fe000-0x0000000002308000) (0MB)
[    0.000000] efi: mem75: [Boot Code          |   |  |  |  |   |WB|WT|WC|UC] range=[0x0000000002308000-0x000000000230d000) (0MB)
[    0.000000] efi: mem76: [Boot Data          |   |  |  |  |   |WB|WT|WC|UC] range=[0x000000000230d000-0x0000000002311000) (0MB)
[    0.000000] efi: mem77: [Boot Code          |   |  |  |  |   |WB|WT|WC|UC] range=[0x0000000002311000-0x0000000002315000) (0MB)
[    0.000000] efi: mem78: [Boot Data          |   |  |  |  |   |WB|WT|WC|UC] range=[0x0000000002315000-0x000000000231b000) (0MB)
[    0.000000] efi: mem79: [Boot Code          |   |  |  |  |   |WB|WT|WC|UC] range=[0x000000000231b000-0x000000000231e000) (0MB)
[    0.000000] efi: mem80: [Boot Data          |   |  |  |  |   |WB|WT|WC|UC] range=[0x000000000231e000-0x0000000002326000) (0MB)
[    0.000000] efi: mem81: [Boot Code          |   |  |  |  |   |WB|WT|WC|UC] range=[0x0000000002326000-0x000000000232a000) (0MB)
[    0.000000] efi: mem82: [Boot Data          |   |  |  |  |   |WB|WT|WC|UC] range=[0x000000000232a000-0x0000000002331000) (0MB)
[    0.000000] efi: mem83: [Boot Code          |   |  |  |  |   |WB|WT|WC|UC] range=[0x0000000002331000-0x0000000002332000) (0MB)
[    0.000000] efi: mem84: [Boot Data          |   |  |  |  |   |WB|WT|WC|UC] range=[0x0000000002332000-0x0000000002346000) (0MB)
[    0.000000] efi: mem85: [Boot Code          |   |  |  |  |   |WB|WT|WC|UC] range=[0x0000000002346000-0x0000000002356000) (0MB)
[    0.000000] efi: mem86: [Boot Data          |   |  |  |  |   |WB|WT|WC|UC] range=[0x0000000002356000-0x000000000235a000) (0MB)
[    0.000000] efi: mem87: [Boot Code          |   |  |  |  |   |WB|WT|WC|UC] range=[0x000000000235a000-0x0000000002360000) (0MB)
[    0.000000] efi: mem88: [Boot Data          |   |  |  |  |   |WB|WT|WC|UC] range=[0x0000000002360000-0x000000000236b000) (0MB)
[    0.000000] efi: mem89: [Boot Code          |   |  |  |  |   |WB|WT|WC|UC] range=[0x000000000236b000-0x000000000236e000) (0MB)
[    0.000000] efi: mem90: [Boot Data          |   |  |  |  |   |WB|WT|WC|UC] range=[0x000000000236e000-0x0000000002376000) (0MB)
[    0.000000] efi: mem91: [Boot Code          |   |  |  |  |   |WB|WT|WC|UC] range=[0x0000000002376000-0x000000000237a000) (0MB)
[    0.000000] efi: mem92: [Boot Data          |   |  |  |  |   |WB|WT|WC|UC] range=[0x000000000237a000-0x0000000002380000) (0MB)
[    0.000000] efi: mem93: [Boot Code          |   |  |  |  |   |WB|WT|WC|UC] range=[0x0000000002380000-0x0000000002386000) (0MB)
[    0.000000] efi: mem94: [Boot Data          |   |  |  |  |   |WB|WT|WC|UC] range=[0x0000000002386000-0x000000000238c000) (0MB)
[    0.000000] efi: mem95: [Boot Code          |   |  |  |  |   |WB|WT|WC|UC] range=[0x000000000238c000-0x000000000238e000) (0MB)
[    0.000000] efi: mem96: [Boot Data          |   |  |  |  |   |WB|WT|WC|UC] range=[0x000000000238e000-0x0000000002393000) (0MB)
[    0.000000] efi: mem97: [Boot Code          |   |  |  |  |   |WB|WT|WC|UC] range=[0x0000000002393000-0x00000000023a1000) (0MB)
[    0.000000] efi: mem98: [Boot Data          |   |  |  |  |   |WB|WT|WC|UC] range=[0x00000000023a1000-0x00000000023a9000) (0MB)
[    0.000000] efi: mem99: [Boot Code          |   |  |  |  |   |WB|WT|WC|UC] range=[0x00000000023a9000-0x00000000023ba000) (0MB)
[    0.000000] efi: mem100: [Boot Data          |   |  |  |  |   |WB|WT|WC|UC] range=[0x00000000023ba000-0x00000000023bd000) (0MB)
[    0.000000] efi: mem101: [Boot Code          |   |  |  |  |   |WB|WT|WC|UC] range=[0x00000000023bd000-0x00000000023c1000) (0MB)
[    0.000000] efi: mem102: [Boot Data          |   |  |  |  |   |WB|WT|WC|UC] range=[0x00000000023c1000-0x00000000023c2000) (0MB)
[    0.000000] efi: mem103: [Boot Code          |   |  |  |  |   |WB|WT|WC|UC] range=[0x00000000023c2000-0x00000000023c4000) (0MB)
[    0.000000] efi: mem104: [Boot Data          |   |  |  |  |   |WB|WT|WC|UC] range=[0x00000000023c4000-0x00000000023c9000) (0MB)
[    0.000000] efi: mem105: [Boot Code          |   |  |  |  |   |WB|WT|WC|UC] range=[0x00000000023c9000-0x00000000023cb000) (0MB)
[    0.000000] efi: mem106: [Boot Data          |   |  |  |  |   |WB|WT|WC|UC] range=[0x00000000023cb000-0x00000000023cc000) (0MB)
[    0.000000] efi: mem107: [Boot Code          |   |  |  |  |   |WB|WT|WC|UC] range=[0x00000000023cc000-0x00000000023d1000) (0MB)
[    0.000000] efi: mem108: [Boot Data          |   |  |  |  |   |WB|WT|WC|UC] range=[0x00000000023d1000-0x00000000023d9000) (0MB)
[    0.000000] efi: mem109: [Boot Code          |   |  |  |  |   |WB|WT|WC|UC] range=[0x00000000023d9000-0x00000000023de000) (0MB)
[    0.000000] efi: mem110: [Boot Data          |   |  |  |  |   |WB|WT|WC|UC] range=[0x00000000023de000-0x00000000023ed000) (0MB)
[    0.000000] efi: mem111: [Boot Code          |   |  |  |  |   |WB|WT|WC|UC] range=[0x00000000023ed000-0x00000000023f4000) (0MB)
[    0.000000] efi: mem112: [Boot Data          |   |  |  |  |   |WB|WT|WC|UC] range=[0x00000000023f4000-0x00000000023f7000) (0MB)
[    0.000000] efi: mem113: [Boot Code          |   |  |  |  |   |WB|WT|WC|UC] range=[0x00000000023f7000-0x00000000023fb000) (0MB)
[    0.000000] efi: mem114: [Boot Data          |   |  |  |  |   |WB|WT|WC|UC] range=[0x00000000023fb000-0x000000000243f000) (0MB)
[    0.000000] efi: mem115: [Boot Code          |   |  |  |  |   |WB|WT|WC|UC] range=[0x000000000243f000-0x0000000002443000) (0MB)
[    0.000000] efi: mem116: [Boot Data          |   |  |  |  |   |WB|WT|WC|UC] range=[0x0000000002443000-0x0000000002444000) (0MB)
[    0.000000] efi: mem117: [Boot Code          |   |  |  |  |   |WB|WT|WC|UC] range=[0x0000000002444000-0x000000000245c000) (0MB)
[    0.000000] efi: mem118: [Boot Data          |   |  |  |  |   |WB|WT|WC|UC] range=[0x000000000245c000-0x000000000245d000) (0MB)
[    0.000000] efi: mem119: [Boot Code          |   |  |  |  |   |WB|WT|WC|UC] range=[0x000000000245d000-0x000000000249c000) (0MB)
[    0.000000] efi: mem120: [Boot Data          |   |  |  |  |   |WB|WT|WC|UC] range=[0x000000000249c000-0x00000000024c0000) (0MB)
[    0.000000] efi: mem121: [Boot Code          |   |  |  |  |   |WB|WT|WC|UC] range=[0x00000000024c0000-0x00000000024d8000) (0MB)
[    0.000000] efi: mem122: [Boot Data          |   |  |  |  |   |WB|WT|WC|UC] range=[0x00000000024d8000-0x00000000024e7000) (0MB)
[    0.000000] efi: mem123: [Boot Code          |   |  |  |  |   |WB|WT|WC|UC] range=[0x00000000024e7000-0x00000000024f3000) (0MB)
[    0.000000] efi: mem124: [Boot Data          |   |  |  |  |   |WB|WT|WC|UC] range=[0x00000000024f3000-0x0000000002508000) (0MB)
[    0.000000] efi: mem125: [Boot Code          |   |  |  |  |   |WB|WT|WC|UC] range=[0x0000000002508000-0x0000000002509000) (0MB)
[    0.000000] efi: mem126: [Boot Data          |   |  |  |  |   |WB|WT|WC|UC] range=[0x0000000002509000-0x000000000250a000) (0MB)
[    0.000000] efi: mem127: [Boot Code          |   |  |  |  |   |WB|WT|WC|UC] range=[0x000000000250a000-0x000000000250d000) (0MB)
[    0.000000] efi: mem128: [Boot Data          |   |  |  |  |   |WB|WT|WC|UC] range=[0x000000000250d000-0x000000000250e000) (0MB)
[    0.000000] efi: mem129: [Boot Code          |   |  |  |  |   |WB|WT|WC|UC] range=[0x000000000250e000-0x000000000251a000) (0MB)
[    0.000000] efi: mem130: [Boot Data          |   |  |  |  |   |WB|WT|WC|UC] range=[0x000000000251a000-0x000000000251c000) (0MB)
[    0.000000] efi: mem131: [Boot Code          |   |  |  |  |   |WB|WT|WC|UC] range=[0x000000000251c000-0x000000000251d000) (0MB)
[    0.000000] efi: mem132: [Boot Data          |   |  |  |  |   |WB|WT|WC|UC] range=[0x000000000251d000-0x000000000251e000) (0MB)
[    0.000000] efi: mem133: [Boot Code          |   |  |  |  |   |WB|WT|WC|UC] range=[0x000000000251e000-0x0000000002520000) (0MB)
[    0.000000] efi: mem134: [Boot Data          |   |  |  |  |   |WB|WT|WC|UC] range=[0x0000000002520000-0x0000000002526000) (0MB)
[    0.000000] efi: mem135: [Boot Code          |   |  |  |  |   |WB|WT|WC|UC] range=[0x0000000002526000-0x0000000002529000) (0MB)
[    0.000000] efi: mem136: [Boot Data          |   |  |  |  |   |WB|WT|WC|UC] range=[0x0000000002529000-0x000000000255b000) (0MB)
[    0.000000] efi: mem137: [Boot Code          |   |  |  |  |   |WB|WT|WC|UC] range=[0x000000000255b000-0x0000000002561000) (0MB)
[    0.000000] efi: mem138: [Boot Data          |   |  |  |  |   |WB|WT|WC|UC] range=[0x0000000002561000-0x0000000002565000) (0MB)
[    0.000000] efi: mem139: [Boot Code          |   |  |  |  |   |WB|WT|WC|UC] range=[0x0000000002565000-0x0000000002585000) (0MB)
[    0.000000] efi: mem140: [Boot Data          |   |  |  |  |   |WB|WT|WC|UC] range=[0x0000000002585000-0x000000000258c000) (0MB)
[    0.000000] efi: mem141: [Boot Code          |   |  |  |  |   |WB|WT|WC|UC] range=[0x000000000258c000-0x000000000258e000) (0MB)
[    0.000000] efi: mem142: [Boot Data          |   |  |  |  |   |WB|WT|WC|UC] range=[0x000000000258e000-0x000000000258f000) (0MB)
[    0.000000] efi: mem143: [Boot Code          |   |  |  |  |   |WB|WT|WC|UC] range=[0x000000000258f000-0x0000000002595000) (0MB)
[    0.000000] efi: mem144: [Boot Data          |   |  |  |  |   |WB|WT|WC|UC] range=[0x0000000002595000-0x0000000002596000) (0MB)
[    0.000000] efi: mem145: [Boot Code          |   |  |  |  |   |WB|WT|WC|UC] range=[0x0000000002596000-0x0000000002598000) (0MB)
[    0.000000] efi: mem146: [Boot Data          |   |  |  |  |   |WB|WT|WC|UC] range=[0x0000000002598000-0x000000000259a000) (0MB)
[    0.000000] efi: mem147: [Boot Code          |   |  |  |  |   |WB|WT|WC|UC] range=[0x000000000259a000-0x000000000259c000) (0MB)
[    0.000000] efi: mem148: [Boot Data          |   |  |  |  |   |WB|WT|WC|UC] range=[0x000000000259c000-0x00000000025a2000) (0MB)
[    0.000000] efi: mem149: [Boot Code          |   |  |  |  |   |WB|WT|WC|UC] range=[0x00000000025a2000-0x00000000025a5000) (0MB)
[    0.000000] efi: mem150: [Boot Data          |   |  |  |  |   |WB|WT|WC|UC] range=[0x00000000025a5000-0x00000000025ff000) (0MB)
[    0.000000] efi: mem151: [Boot Code          |   |  |  |  |   |WB|WT|WC|UC] range=[0x00000000025ff000-0x0000000002a0a000) (4MB)
[    0.000000] efi: mem152: [Boot Data          |   |  |  |  |   |WB|WT|WC|UC] range=[0x0000000002a0a000-0x000000000c1ac000) (151MB)
[    0.000000] efi: mem153: [Boot Code          |   |  |  |  |   |WB|WT|WC|UC] range=[0x000000000c1ac000-0x000000000c1b2000) (0MB)
[    0.000000] efi: mem154: [Boot Data          |   |  |  |  |   |WB|WT|WC|UC] range=[0x000000000c1b2000-0x000000000c1ba000) (0MB)
[    0.000000] efi: mem155: [Boot Code          |   |  |  |  |   |WB|WT|WC|UC] range=[0x000000000c1ba000-0x000000000c1bc000) (0MB)
[    0.000000] efi: mem156: [Boot Data          |   |  |  |  |   |WB|WT|WC|UC] range=[0x000000000c1bc000-0x000000000c326000) (1MB)
[    0.000000] efi: mem157: [Boot Code          |   |  |  |  |   |WB|WT|WC|UC] range=[0x000000000c326000-0x000000000c33f000) (0MB)
[    0.000000] efi: mem158: [Boot Data          |   |  |  |  |   |WB|WT|WC|UC] range=[0x000000000c33f000-0x000000000c3e2000) (0MB)
[    0.000000] efi: mem159: [Loader Data        |   |  |  |  |   |WB|WT|WC|UC] range=[0x000000000c3e2000-0x000000000c3e4000) (0MB)
[    0.000000] efi: mem160: [Boot Data          |   |  |  |  |   |WB|WT|WC|UC] range=[0x000000000c3e4000-0x000000000c415000) (0MB)
[    0.000000] efi: mem161: [Loader Data        |   |  |  |  |   |WB|WT|WC|UC] range=[0x000000000c415000-0x000000000c53b000) (1MB)
[    0.000000] efi: mem162: [Conventional Memory|   |  |  |  |   |WB|WT|WC|UC] range=[0x000000000c53b000-0x000000000c546000) (0MB)
[    0.000000] efi: mem163: [Loader Code        |   |  |  |  |   |WB|WT|WC|UC] range=[0x000000000c546000-0x000000000c66d000) (1MB)
[    0.000000] efi: mem164: [Boot Data          |   |  |  |  |   |WB|WT|WC|UC] range=[0x000000000c66d000-0x000000000c842000) (1MB)
[    0.000000] efi: mem165: [Loader Data        |   |  |  |  |   |WB|WT|WC|UC] range=[0x000000000c842000-0x000000000c946000) (1MB)
[    0.000000] efi: mem166: [Conventional Memory|   |  |  |  |   |WB|WT|WC|UC] range=[0x000000000c946000-0x000000000d000000) (6MB)
[    0.000000] efi: mem167: [Loader Data        |   |  |  |  |   |WB|WT|WC|UC] range=[0x000000000d000000-0x000000000e2ce000) (18MB)
[    0.000000] efi: mem168: [Conventional Memory|   |  |  |  |   |WB|WT|WC|UC] range=[0x000000000e2ce000-0x000000003d965000) (758MB)
[    0.000000] efi: mem169: [Loader Data        |   |  |  |  |   |WB|WT|WC|UC] range=[0x000000003d965000-0x0000000040000000) (38MB)
[    0.000000] efi: mem170: [Conventional Memory|   |  |  |  |   |WB|WT|WC|UC] range=[0x0000000040000000-0x00000000a9d81000) (1693MB)
[    0.000000] efi: mem171: [Loader Data        |   |  |  |  |   |WB|WT|WC|UC] range=[0x00000000a9d81000-0x00000000de94d000) (843MB)
[    0.000000] efi: mem172: [Runtime Data       |RUN|  |  |  |   |WB|WT|WC|UC] range=[0x00000000de94d000-0x00000000deb8e000) (2MB)
[    0.000000] efi: mem173: [Runtime Code       |RUN|  |  |  |   |WB|WT|WC|UC] range=[0x00000000deb8e000-0x00000000debd3000) (0MB)
[    0.000000] efi: mem174: [Runtime Data       |RUN|  |  |  |   |WB|WT|WC|UC] range=[0x00000000debd3000-0x00000000dec03000) (0MB)
[    0.000000] efi: mem175: [Runtime Code       |RUN|  |  |  |   |WB|WT|WC|UC] range=[0x00000000dec03000-0x00000000dec17000) (0MB)
[    0.000000] efi: mem176: [Runtime Data       |RUN|  |  |  |   |WB|WT|WC|UC] range=[0x00000000dec17000-0x00000000dec25000) (0MB)
[    0.000000] efi: mem177: [Runtime Data       |RUN|  |  |  |   |WB|WT|WC|UC] range=[0x00000000dec25000-0x00000000dec27000) (0MB)
[    0.000000] efi: mem178: [Runtime Data       |RUN|  |  |  |   |WB|WT|WC|UC] range=[0x00000000dec27000-0x00000000dec29000) (0MB)
[    0.000000] efi: mem179: [Runtime Data       |RUN|  |  |  |   |WB|WT|WC|UC] range=[0x00000000dec29000-0x00000000dec41000) (0MB)
[    0.000000] efi: mem180: [Reserved           |   |  |  |  |   |WB|WT|WC|UC] range=[0x00000000dec41000-0x00000000dee8e000) (2MB)
[    0.000000] efi: mem181: [Reserved           |   |  |  |  |   |WB|WT|WC|UC] range=[0x00000000dee8e000-0x00000000df0e7000) (2MB)
[    0.000000] efi: mem182: [Reserved           |   |  |  |  |   |WB|WT|WC|UC] range=[0x00000000df0e7000-0x00000000df0ee000) (0MB)
[    0.000000] efi: mem183: [Reserved           |   |  |  |  |   |WB|WT|WC|UC] range=[0x00000000df0ee000-0x00000000df141000) (0MB)
[    0.000000] efi: mem184: [ACPI Memory NVS    |   |  |  |  |   |WB|WT|WC|UC] range=[0x00000000df141000-0x00000000df303000) (1MB)
[    0.000000] efi: mem185: [ACPI Memory NVS    |   |  |  |  |   |WB|WT|WC|UC] range=[0x00000000df303000-0x00000000df395000) (0MB)
[    0.000000] efi: mem186: [ACPI Reclaim Memory|   |  |  |  |   |WB|WT|WC|UC] range=[0x00000000df395000-0x00000000df3a2000) (0MB)
[    0.000000] efi: mem187: [ACPI Memory NVS    |   |  |  |  |   |WB|WT|WC|UC] range=[0x00000000df3a2000-0x00000000df3b4000) (0MB)
[    0.000000] efi: mem188: [ACPI Memory NVS    |   |  |  |  |   |WB|WT|WC|UC] range=[0x00000000df3b4000-0x00000000df3bc000) (0MB)
[    0.000000] efi: mem189: [ACPI Memory NVS    |   |  |  |  |   |WB|WT|WC|UC] range=[0x00000000df3bc000-0x00000000df3c1000) (0MB)
[    0.000000] efi: mem190: [ACPI Reclaim Memory|   |  |  |  |   |WB|WT|WC|UC] range=[0x00000000df3c1000-0x00000000df3c5000) (0MB)
[    0.000000] efi: mem191: [ACPI Reclaim Memory|   |  |  |  |   |WB|WT|WC|UC] range=[0x00000000df3c5000-0x00000000df3c6000) (0MB)
[    0.000000] efi: mem192: [ACPI Memory NVS    |   |  |  |  |   |WB|WT|WC|UC] range=[0x00000000df3c6000-0x00000000df409000) (0MB)
[    0.000000] efi: mem193: [Boot Data          |   |  |  |  |   |WB|WT|WC|UC] range=[0x00000000df409000-0x00000000df54e000) (1MB)
[    0.000000] efi: mem194: [Boot Code          |   |  |  |  |   |WB|WT|WC|UC] range=[0x00000000df54e000-0x00000000df7da000) (2MB)
[    0.000000] efi: mem195: [Boot Data          |   |  |  |  |   |WB|WT|WC|UC] range=[0x00000000df7da000-0x00000000df7e3000) (0MB)
[    0.000000] efi: mem196: [Boot Code          |   |  |  |  |   |WB|WT|WC|UC] range=[0x00000000df7e3000-0x00000000df7ed000) (0MB)
[    0.000000] efi: mem197: [Boot Data          |   |  |  |  |   |WB|WT|WC|UC] range=[0x00000000df7ed000-0x00000000df800000) (0MB)
[    0.000000] efi: mem198: [Conventional Memory|   |  |  |  |   |WB|WT|WC|UC] range=[0x0000000100000000-0x000000041f000000) (12784MB)
[    0.000000] efi: mem199: [Memory Mapped I/O  |RUN|  |  |  |   |  |  |  |UC] range=[0x00000000f8000000-0x00000000fc000000) (64MB)
[    0.000000] efi: mem200: [Memory Mapped I/O  |RUN|  |  |  |   |  |  |  |UC] range=[0x00000000fec00000-0x00000000fec01000) (0MB)
[    0.000000] efi: mem201: [Memory Mapped I/O  |RUN|  |  |  |   |  |  |  |UC] range=[0x00000000fed00000-0x00000000fed04000) (0MB)
[    0.000000] efi: mem202: [Memory Mapped I/O  |RUN|  |  |  |   |  |  |  |UC] range=[0x00000000fed1c000-0x00000000fed20000) (0MB)
[    0.000000] efi: mem203: [Memory Mapped I/O  |RUN|  |  |  |   |  |  |  |UC] range=[0x00000000fee00000-0x00000000fee01000) (0MB)
[    0.000000] efi: mem204: [Memory Mapped I/O  |RUN|  |  |  |   |  |  |  |UC] range=[0x00000000ff000000-0x0000000100000000) (16MB)
[    0.000000] SMBIOS 2.6 present.
[    0.000000] DMI: System manufacturer System Product Name/P8Z68-V LE, BIOS 4102 09/09/2013
[    0.000000] e820: update [mem 0x00000000-0x00000fff] usable ==> reserved
[    0.000000] e820: remove [mem 0x000a0000-0x000fffff] usable
[    0.000000] e820: last_pfn = 0x41f000 max_arch_pfn = 0x400000000
[    0.000000] MTRR default type: uncachable
[    0.000000] MTRR fixed ranges enabled:
[    0.000000]   00000-9FFFF write-back
[    0.000000]   A0000-BFFFF uncachable
[    0.000000]   C0000-CFFFF write-protect
[    0.000000]   D0000-DFFFF uncachable
[    0.000000]   E0000-E7FFF write-through
[    0.000000]   E8000-FFFFF write-protect
[    0.000000] MTRR variable ranges enabled:
[    0.000000]   0 base 000000000 mask C00000000 write-back
[    0.000000]   1 base 400000000 mask FF0000000 write-back
[    0.000000]   2 base 410000000 mask FF8000000 write-back
[    0.000000]   3 base 418000000 mask FFC000000 write-back
[    0.000000]   4 base 41C000000 mask FFE000000 write-back
[    0.000000]   5 base 41E000000 mask FFF000000 write-back
[    0.000000]   6 base 0E0000000 mask FE0000000 uncachable
[    0.000000]   7 disabled
[    0.000000]   8 disabled
[    0.000000]   9 disabled
[    0.000000] PAT configuration [0-7]: WB  WC  UC- UC  WB  WC  UC- UC  
[    0.000000] e820: update [mem 0xe0000000-0xffffffff] usable ==> reserved
[    0.000000] e820: last_pfn = 0xdf800 max_arch_pfn = 0x400000000
[    0.000000] found SMP MP-table at [mem 0x000fcd80-0x000fcd8f] mapped at [ffff8800000fcd80]
[    0.000000] Base memory trampoline at [ffff880000097000] 97000 size 24576
[    0.000000] init_memory_mapping: [mem 0x00000000-0x000fffff]
[    0.000000]  [mem 0x00000000-0x000fffff] page 4k
[    0.000000] BRK [0x0e01d000, 0x0e01dfff] PGTABLE
[    0.000000] BRK [0x0e01e000, 0x0e01efff] PGTABLE
[    0.000000] BRK [0x0e01f000, 0x0e01ffff] PGTABLE
[    0.000000] init_memory_mapping: [mem 0x41ee00000-0x41effffff]
[    0.000000]  [mem 0x41ee00000-0x41effffff] page 2M
[    0.000000] BRK [0x0e020000, 0x0e020fff] PGTABLE
[    0.000000] init_memory_mapping: [mem 0x400000000-0x41edfffff]
[    0.000000]  [mem 0x400000000-0x41edfffff] page 2M
[    0.000000] init_memory_mapping: [mem 0x3e0000000-0x3ffffffff]
[    0.000000]  [mem 0x3e0000000-0x3ffffffff] page 2M
[    0.000000] BRK [0x0e021000, 0x0e021fff] PGTABLE
[    0.000000] init_memory_mapping: [mem 0x00100000-0xde94cfff]
[    0.000000]  [mem 0x00100000-0x001fffff] page 4k
[    0.000000]  [mem 0x00200000-0xde7fffff] page 2M
[    0.000000]  [mem 0xde800000-0xde94cfff] page 4k
[    0.000000] init_memory_mapping: [mem 0xdf409000-0xdf7fffff]
[    0.000000]  [mem 0xdf409000-0xdf5fffff] page 4k
[    0.000000]  [mem 0xdf600000-0xdf7fffff] page 2M
[    0.000000] BRK [0x0e022000, 0x0e022fff] PGTABLE
[    0.000000] init_memory_mapping: [mem 0x100000000-0x3dfffffff]
[    0.000000]  [mem 0x100000000-0x3dfffffff] page 2M
[    0.000000] RAMDISK: [mem 0x3d965000-0x3ed31fff]
[    0.000000] ACPI: Early table checksum verification disabled
[    0.000000] ACPI: RSDP 0x00000000DF395000 000024 (v02 ALASKA)
[    0.000000] ACPI: XSDT 0x00000000DF395078 000064 (v01 ALASKA A M I    01072009 AMI  00010013)
[    0.000000] ACPI: FACP 0x00000000DF39F920 0000F4 (v04 ALASKA A M I    01072009 AMI  00010013)
[    0.000000] ACPI: DSDT 0x00000000DF395170 00A7B0 (v02 ALASKA A M I    00000015 INTL 20051117)
[    0.000000] ACPI: FACS 0x00000000DF3BFF80 000040
[    0.000000] ACPI: APIC 0x00000000DF39FA18 000092 (v03 ALASKA A M I    01072009 AMI  00010013)
[    0.000000] ACPI: MCFG 0x00000000DF39FAB0 00003C (v01 ALASKA A M I    01072009 MSFT 00000097)
[    0.000000] ACPI: HPET 0x00000000DF39FAF0 000038 (v01 ALASKA A M I    01072009 AMI. 00000005)
[    0.000000] ACPI: SSDT 0x00000000DF39FB28 00036D (v01 SataRe SataTabl 00001000 INTL 20091112)
[    0.000000] ACPI: SSDT 0x00000000DF39FE98 0009AA (v01 PmRef  Cpu0Ist  00003000 INTL 20051117)
[    0.000000] ACPI: SSDT 0x00000000DF3A0848 000A92 (v01 PmRef  CpuPm    00003000 INTL 20051117)
[    0.000000] ACPI: BGRT 0x00000000DF3A1338 000038 (v00 ALASKA A M I    01072009 AMI  00010013)
[    0.000000] ACPI: Local APIC address 0xfee00000
[    0.000000] No NUMA configuration found
[    0.000000] Faking a node at [mem 0x0000000000000000-0x000000041effffff]
[    0.000000] NODE_DATA(0) allocated [mem 0x41efdd000-0x41eff0fff]
[    0.000000]  [ffffea0000000000-ffffea00107fffff] PMD -> [ffff88040e600000-ffff88041e5fffff] on node 0
[    0.000000] Zone ranges:
[    0.000000]   DMA      [mem 0x0000000000001000-0x0000000000ffffff]
[    0.000000]   DMA32    [mem 0x0000000001000000-0x00000000ffffffff]
[    0.000000]   Normal   [mem 0x0000000100000000-0x000000041effffff]
[    0.000000] Movable zone start for each node
[    0.000000] Early memory node ranges
[    0.000000]   node   0: [mem 0x0000000000001000-0x000000000009efff]
[    0.000000]   node   0: [mem 0x0000000000100000-0x00000000de94cfff]
[    0.000000]   node   0: [mem 0x00000000df409000-0x00000000df7fffff]
[    0.000000]   node   0: [mem 0x0000000100000000-0x000000041effffff]
[    0.000000] Initmem setup node 0 [mem 0x0000000000001000-0x000000041effffff]
[    0.000000] On node 0 totalpages: 4185314
[    0.000000]   DMA zone: 64 pages used for memmap
[    0.000000]   DMA zone: 25 pages reserved
[    0.000000]   DMA zone: 3998 pages, LIFO batch:0
[    0.000000]   DMA32 zone: 14198 pages used for memmap
[    0.000000]   DMA32 zone: 908612 pages, LIFO batch:31
[    0.000000]   Normal zone: 51136 pages used for memmap
[    0.000000]   Normal zone: 3272704 pages, LIFO batch:31
[    0.000000] tboot: non-0 tboot_addr but it is not of type E820_RESERVED
[    0.000000] ACPI: PM-Timer IO Port: 0x408
[    0.000000] ACPI: Local APIC address 0xfee00000
[    0.000000] ACPI: LAPIC (acpi_id[0x01] lapic_id[0x00] enabled)
[    0.000000] ACPI: LAPIC (acpi_id[0x02] lapic_id[0x02] enabled)
[    0.000000] ACPI: LAPIC (acpi_id[0x03] lapic_id[0x04] enabled)
[    0.000000] ACPI: LAPIC (acpi_id[0x04] lapic_id[0x06] enabled)
[    0.000000] ACPI: LAPIC (acpi_id[0x05] lapic_id[0x01] enabled)
[    0.000000] ACPI: LAPIC (acpi_id[0x06] lapic_id[0x03] enabled)
[    0.000000] ACPI: LAPIC (acpi_id[0x07] lapic_id[0x05] enabled)
[    0.000000] ACPI: LAPIC (acpi_id[0x08] lapic_id[0x07] enabled)
[    0.000000] ACPI: LAPIC_NMI (acpi_id[0xff] high edge lint[0x1])
[    0.000000] ACPI: IOAPIC (id[0x02] address[0xfec00000] gsi_base[0])
[    0.000000] IOAPIC[0]: apic_id 2, version 32, address 0xfec00000, GSI 0-23
[    0.000000] ACPI: INT_SRC_OVR (bus 0 bus_irq 0 global_irq 2 dfl dfl)
[    0.000000] ACPI: INT_SRC_OVR (bus 0 bus_irq 9 global_irq 9 high level)
[    0.000000] ACPI: IRQ0 used by override.
[    0.000000] ACPI: IRQ9 used by override.
[    0.000000] Using ACPI (MADT) for SMP configuration information
[    0.000000] ACPI: HPET id: 0x8086a701 base: 0xfed00000
[    0.000000] smpboot: Allowing 8 CPUs, 0 hotplug CPUs
[    0.000000] PM: Registered nosave memory: [mem 0x00000000-0x00000fff]
[    0.000000] PM: Registered nosave memory: [mem 0x0009f000-0x0009ffff]
[    0.000000] PM: Registered nosave memory: [mem 0x000a0000-0x000fffff]
[    0.000000] PM: Registered nosave memory: [mem 0x0c51a000-0x0c51afff]
[    0.000000] PM: Registered nosave memory: [mem 0x0c52a000-0x0c52afff]
[    0.000000] PM: Registered nosave memory: [mem 0x0c52b000-0x0c52bfff]
[    0.000000] PM: Registered nosave memory: [mem 0x0c537000-0x0c537fff]
[    0.000000] PM: Registered nosave memory: [mem 0xde94d000-0xdf140fff]
[    0.000000] PM: Registered nosave memory: [mem 0xdf141000-0xdf394fff]
[    0.000000] PM: Registered nosave memory: [mem 0xdf395000-0xdf3a1fff]
[    0.000000] PM: Registered nosave memory: [mem 0xdf3a2000-0xdf3c0fff]
[    0.000000] PM: Registered nosave memory: [mem 0xdf3c1000-0xdf3c5fff]
[    0.000000] PM: Registered nosave memory: [mem 0xdf3c6000-0xdf408fff]
[    0.000000] PM: Registered nosave memory: [mem 0xdf800000-0xf7ffffff]
[    0.000000] PM: Registered nosave memory: [mem 0xf8000000-0xfbffffff]
[    0.000000] PM: Registered nosave memory: [mem 0xfc000000-0xfebfffff]
[    0.000000] PM: Registered nosave memory: [mem 0xfec00000-0xfec00fff]
[    0.000000] PM: Registered nosave memory: [mem 0xfec01000-0xfecfffff]
[    0.000000] PM: Registered nosave memory: [mem 0xfed00000-0xfed03fff]
[    0.000000] PM: Registered nosave memory: [mem 0xfed04000-0xfed1bfff]
[    0.000000] PM: Registered nosave memory: [mem 0xfed1c000-0xfed1ffff]
[    0.000000] PM: Registered nosave memory: [mem 0xfed20000-0xfedfffff]
[    0.000000] PM: Registered nosave memory: [mem 0xfee00000-0xfee00fff]
[    0.000000] PM: Registered nosave memory: [mem 0xfee01000-0xfeffffff]
[    0.000000] PM: Registered nosave memory: [mem 0xff000000-0xffffffff]
[    0.000000] e820: [mem 0xdf800000-0xf7ffffff] available for PCI devices
[    0.000000] Booting paravirtualized kernel on bare hardware
[    0.000000] setup_percpu: NR_CPUS:1024 nr_cpumask_bits:8 nr_cpu_ids:8 nr_node_ids:1
[    0.000000] PERCPU: Embedded 32 pages/cpu @ffff88041ec00000 s91608 r8192 d31272 u262144
[    0.000000] pcpu-alloc: s91608 r8192 d31272 u262144 alloc=1*2097152
[    0.000000] pcpu-alloc: [0] 0 1 2 3 4 5 6 7 
[    0.000000] Built 1 zonelists in Node order, mobility grouping on.  Total pages: 4119891
[    0.000000] Policy zone: Normal
[    0.000000] Kernel command line: BOOT_IMAGE=/vmlinuz-4.0.0-0.rc4.git0.1.fc22.x86_64 root=UUID=a8ff84fd-f952-4c1b-9051-0a053d93a004 ro rootflags=subvol=root rhgb quiet LANG=es_ES.UTF-8
[    0.000000] PID hash table entries: 4096 (order: 3, 32768 bytes)
[    0.000000] xsave: enabled xstate_bv 0x7, cntxt size 0x340 using standard form
[    0.000000] Memory: 16185304K/16741256K available (7730K kernel code, 1149K rwdata, 3336K rodata, 1496K init, 1524K bss, 555952K reserved, 0K cma-reserved)
[    0.000000] SLUB: HWalign=64, Order=0-3, MinObjects=0, CPUs=8, Nodes=1
[    0.000000] Hierarchical RCU implementation.
[    0.000000] 	RCU dyntick-idle grace-period acceleration is enabled.
[    0.000000] 	RCU restricting CPUs from NR_CPUS=1024 to nr_cpu_ids=8.
[    0.000000] RCU: Adjusting geometry for rcu_fanout_leaf=16, nr_cpu_ids=8
[    0.000000] NR_IRQS:65792 nr_irqs:488 16
[    0.000000] 	Offload RCU callbacks from all CPUs
[    0.000000] 	Offload RCU callbacks from CPUs: 0-7.
[    0.000000] Console: colour dummy device 80x25
[    0.000000] console [tty0] enabled
[    0.000000] hpet clockevent registered
[    0.000000] tsc: Fast TSC calibration using PIT
[    0.000000] tsc: Detected 3411.180 MHz processor
[    0.000033] Calibrating delay loop (skipped), value calculated using timer frequency.. 6822.36 BogoMIPS (lpj=3411180)
[    0.000035] pid_max: default: 32768 minimum: 301
[    0.000040] ACPI: Core revision 20150204
[    0.005028] ACPI: All ACPI Tables successfully acquired
[    0.023214] Security Framework initialized
[    0.023219] SELinux:  Initializing.
[    0.023224] SELinux:  Starting in permissive mode
[    0.023225] Yama: becoming mindful.
[    0.024067] Dentry cache hash table entries: 2097152 (order: 12, 16777216 bytes)
[    0.026784] Inode-cache hash table entries: 1048576 (order: 11, 8388608 bytes)
[    0.027969] Mount-cache hash table entries: 32768 (order: 6, 262144 bytes)
[    0.027984] Mountpoint-cache hash table entries: 32768 (order: 6, 262144 bytes)
[    0.028211] Initializing cgroup subsys blkio
[    0.028213] Initializing cgroup subsys memory
[    0.028219] Initializing cgroup subsys devices
[    0.028221] Initializing cgroup subsys freezer
[    0.028222] Initializing cgroup subsys net_cls
[    0.028224] Initializing cgroup subsys perf_event
[    0.028226] Initializing cgroup subsys net_prio
[    0.028227] Initializing cgroup subsys hugetlb
[    0.028246] CPU: Physical Processor ID: 0
[    0.028247] CPU: Processor Core ID: 0
[    0.028250] ENERGY_PERF_BIAS: Set to 'normal', was 'performance'
[    0.028251] ENERGY_PERF_BIAS: View and update with x86_energy_perf_policy(8)
[    0.028253] mce: CPU supports 9 MCE banks
[    0.028263] CPU0: Thermal monitoring enabled (TM1)
[    0.028270] Last level iTLB entries: 4KB 512, 2MB 8, 4MB 8
[    0.028271] Last level dTLB entries: 4KB 512, 2MB 32, 4MB 32, 1GB 0
[    0.028350] Freeing SMP alternatives memory: 28K (ffffffff81e97000 - ffffffff81e9e000)
[    0.029246] Ignoring BGRT: invalid status 0 (expected 1)
[    0.033777] ftrace: allocating 27776 entries in 109 pages
[    0.044446] ..TIMER: vector=0x30 apic1=0 pin1=2 apic2=-1 pin2=-1
[    0.054445] TSC deadline timer enabled
[    0.054447] smpboot: CPU0: Intel(R) Core(TM) i7-2600K CPU @ 3.40GHz (fam: 06, model: 2a, stepping: 07)
[    0.054465] Performance Events: PEBS fmt1+, 16-deep LBR, SandyBridge events, full-width counters, Intel PMU driver.
[    0.054481] ... version:                3
[    0.054481] ... bit width:              48
[    0.054482] ... generic registers:      4
[    0.054483] ... value mask:             0000ffffffffffff
[    0.054484] ... max period:             0000ffffffffffff
[    0.054484] ... fixed-purpose events:   3
[    0.054485] ... event mask:             000000070000000f
[    0.055039] x86: Booting SMP configuration:
[    0.055040] .... node  #0, CPUs:      #1
[    0.066289] CPU1 microcode updated early to revision 0x29, date = 2013-06-12
[    0.068427] NMI watchdog: enabled on all CPUs, permanently consumes one hw-PMU counter.
[    0.068514]  #2
[    0.079760] CPU2 microcode updated early to revision 0x29, date = 2013-06-12
[    0.081920]  #3
[    0.093166] CPU3 microcode updated early to revision 0x29, date = 2013-06-12
[    0.095320]  #4 #5 #6 #7
[    0.148200] x86: Booted up 1 node, 8 CPUs
[    0.148203] smpboot: Total of 8 processors activated (54578.88 BogoMIPS)
[    0.154787] devtmpfs: initialized
[    0.157589] PM: Registering ACPI NVS region [mem 0xdf141000-0xdf394fff] (2441216 bytes)
[    0.157615] PM: Registering ACPI NVS region [mem 0xdf3a2000-0xdf3c0fff] (126976 bytes)
[    0.157617] PM: Registering ACPI NVS region [mem 0xdf3c6000-0xdf408fff] (274432 bytes)
[    0.157743] atomic64_test: passed for x86-64 platform with CX8 and with SSE
[    0.157745] pinctrl core: initialized pinctrl subsystem
[    0.157781] RTC time:  6:30:42, date: 03/27/15
[    0.157862] NET: Registered protocol family 16
[    0.160593] cpuidle: using governor menu
[    0.160699] ACPI FADT declares the system doesn't support PCIe ASPM, so disable it
[    0.160701] ACPI: bus type PCI registered
[    0.160702] acpiphp: ACPI Hot Plug PCI Controller Driver version: 0.5
[    0.160760] PCI: MMCONFIG for domain 0000 [bus 00-3f] at [mem 0xf8000000-0xfbffffff] (base 0xf8000000)
[    0.160762] PCI: MMCONFIG at [mem 0xf8000000-0xfbffffff] reserved in E820
[    0.160822] PCI: Using configuration type 1 for base access
[    0.164884] ACPI: Added _OSI(Module Device)
[    0.164885] ACPI: Added _OSI(Processor Device)
[    0.164886] ACPI: Added _OSI(3.0 _SCP Extensions)
[    0.164887] ACPI: Added _OSI(Processor Aggregator Device)
[    0.166773] ACPI: Executed 1 blocks of module-level executable AML code
[    0.168709] ACPI: Dynamic OEM Table Load:
[    0.168714] ACPI: SSDT 0xFFFF88040BC62000 00083B (v01 PmRef  Cpu0Cst  00003001 INTL 20051117)
[    0.169088] ACPI: Dynamic OEM Table Load:
[    0.169091] ACPI: SSDT 0xFFFF88040BC1BC00 000303 (v01 PmRef  ApIst    00003000 INTL 20051117)
[    0.169411] ACPI: Dynamic OEM Table Load:
[    0.169413] ACPI: SSDT 0xFFFF88040BC42800 000119 (v01 PmRef  ApCst    00003000 INTL 20051117)
[    0.170406] ACPI: Interpreter enabled
[    0.170414] ACPI Exception: AE_NOT_FOUND, While evaluating Sleep State [\_S2_] (20150204/hwxface-580)
[    0.170424] ACPI: (supports S0 S1 S3 S4 S5)
[    0.170425] ACPI: Using IOAPIC for interrupt routing
[    0.170443] PCI: Using host bridge windows from ACPI; if necessary, use "pci=nocrs" and report a bug
[    0.174264] ACPI: Power Resource [FN00] (off)
[    0.174323] ACPI: Power Resource [FN01] (off)
[    0.174378] ACPI: Power Resource [FN02] (off)
[    0.174433] ACPI: Power Resource [FN03] (off)
[    0.174488] ACPI: Power Resource [FN04] (off)
[    0.174917] ACPI: PCI Root Bridge [PCI0] (domain 0000 [bus 00-3e])
[    0.174921] acpi PNP0A08:00: _OSC: OS supports [ExtendedConfig ASPM ClockPM Segments MSI]
[    0.174997] acpi PNP0A08:00: _OSC: platform does not support [PCIeHotplug PME]
[    0.175065] acpi PNP0A08:00: _OSC: OS now controls [AER PCIeCapability]
[    0.175332] PCI host bridge to bus 0000:00
[    0.175334] pci_bus 0000:00: root bus resource [bus 00-3e]
[    0.175335] pci_bus 0000:00: root bus resource [io  0x0000-0x0cf7 window]
[    0.175337] pci_bus 0000:00: root bus resource [io  0x0d00-0xffff window]
[    0.175338] pci_bus 0000:00: root bus resource [mem 0x000a0000-0x000bffff window]
[    0.175340] pci_bus 0000:00: root bus resource [mem 0x000d0000-0x000d3fff window]
[    0.175341] pci_bus 0000:00: root bus resource [mem 0x000d4000-0x000d7fff window]
[    0.175342] pci_bus 0000:00: root bus resource [mem 0x000d8000-0x000dbfff window]
[    0.175343] pci_bus 0000:00: root bus resource [mem 0x000dc000-0x000dffff window]
[    0.175345] pci_bus 0000:00: root bus resource [mem 0xe0000000-0xfeafffff window]
[    0.175350] pci 0000:00:00.0: [8086:0100] type 00 class 0x060000
[    0.175418] pci 0000:00:01.0: [8086:0101] type 01 class 0x060400
[    0.175443] pci 0000:00:01.0: PME# supported from D0 D3hot D3cold
[    0.175472] pci 0000:00:01.0: System wakeup disabled by ACPI
[    0.175524] pci 0000:00:16.0: [8086:1c3a] type 00 class 0x078000
[    0.175546] pci 0000:00:16.0: reg 0x10: [mem 0xf7f0b000-0xf7f0b00f 64bit]
[    0.175619] pci 0000:00:16.0: PME# supported from D0 D3hot D3cold
[    0.175688] pci 0000:00:1a.0: [8086:1c2d] type 00 class 0x0c0320
[    0.175706] pci 0000:00:1a.0: reg 0x10: [mem 0xf7f08000-0xf7f083ff]
[    0.175791] pci 0000:00:1a.0: PME# supported from D0 D3hot D3cold
[    0.175834] pci 0000:00:1a.0: System wakeup disabled by ACPI
[    0.175866] pci 0000:00:1b.0: [8086:1c20] type 00 class 0x040300
[    0.175880] pci 0000:00:1b.0: reg 0x10: [mem 0xf7f00000-0xf7f03fff 64bit]
[    0.175941] pci 0000:00:1b.0: PME# supported from D0 D3hot D3cold
[    0.175974] pci 0000:00:1b.0: System wakeup disabled by ACPI
[    0.176009] pci 0000:00:1c.0: [8086:1c10] type 01 class 0x060400
[    0.176145] pci 0000:00:1c.0: PME# supported from D0 D3hot D3cold
[    0.176189] pci 0000:00:1c.0: System wakeup disabled by ACPI
[    0.176220] pci 0000:00:1c.4: [8086:1c18] type 01 class 0x060400
[    0.176297] pci 0000:00:1c.4: PME# supported from D0 D3hot D3cold
[    0.176332] pci 0000:00:1c.4: System wakeup disabled by ACPI
[    0.176360] pci 0000:00:1c.5: [8086:1c1a] type 01 class 0x060400
[    0.176437] pci 0000:00:1c.5: PME# supported from D0 D3hot D3cold
[    0.176473] pci 0000:00:1c.5: System wakeup disabled by ACPI
[    0.176501] pci 0000:00:1c.6: [8086:1c1c] type 01 class 0x060400
[    0.176577] pci 0000:00:1c.6: PME# supported from D0 D3hot D3cold
[    0.176616] pci 0000:00:1c.6: System wakeup disabled by ACPI
[    0.176645] pci 0000:00:1c.7: [8086:244e] type 01 class 0x060401
[    0.176722] pci 0000:00:1c.7: PME# supported from D0 D3hot D3cold
[    0.176757] pci 0000:00:1c.7: System wakeup disabled by ACPI
[    0.176790] pci 0000:00:1d.0: [8086:1c26] type 00 class 0x0c0320
[    0.176809] pci 0000:00:1d.0: reg 0x10: [mem 0xf7f07000-0xf7f073ff]
[    0.176893] pci 0000:00:1d.0: PME# supported from D0 D3hot D3cold
[    0.176935] pci 0000:00:1d.0: System wakeup disabled by ACPI
[    0.176965] pci 0000:00:1f.0: [8086:1c44] type 00 class 0x060100
[    0.177117] pci 0000:00:1f.2: [8086:1c02] type 00 class 0x010601
[    0.177133] pci 0000:00:1f.2: reg 0x10: [io  0xf070-0xf077]
[    0.177139] pci 0000:00:1f.2: reg 0x14: [io  0xf060-0xf063]
[    0.177146] pci 0000:00:1f.2: reg 0x18: [io  0xf050-0xf057]
[    0.177152] pci 0000:00:1f.2: reg 0x1c: [io  0xf040-0xf043]
[    0.177159] pci 0000:00:1f.2: reg 0x20: [io  0xf020-0xf03f]
[    0.177165] pci 0000:00:1f.2: reg 0x24: [mem 0xf7f06000-0xf7f067ff]
[    0.177206] pci 0000:00:1f.2: PME# supported from D3hot
[    0.177260] pci 0000:00:1f.3: [8086:1c22] type 00 class 0x0c0500
[    0.177273] pci 0000:00:1f.3: reg 0x10: [mem 0xf7f05000-0xf7f050ff 64bit]
[    0.177292] pci 0000:00:1f.3: reg 0x20: [io  0xf000-0xf01f]
[    0.177388] pci 0000:01:00.0: [1002:6738] type 00 class 0x030000
[    0.177402] pci 0000:01:00.0: reg 0x10: [mem 0xe0000000-0xefffffff 64bit pref]
[    0.177411] pci 0000:01:00.0: reg 0x18: [mem 0xf7e20000-0xf7e3ffff 64bit]
[    0.177418] pci 0000:01:00.0: reg 0x20: [io  0xe000-0xe0ff]
[    0.177429] pci 0000:01:00.0: reg 0x30: [mem 0xf7e00000-0xf7e1ffff pref]
[    0.177465] pci 0000:01:00.0: supports D1 D2
[    0.177504] pci 0000:01:00.1: [1002:aa88] type 00 class 0x040300
[    0.177516] pci 0000:01:00.1: reg 0x10: [mem 0xf7e40000-0xf7e43fff 64bit]
[    0.177570] pci 0000:01:00.1: supports D1 D2
[    0.179618] pci 0000:00:01.0: PCI bridge to [bus 01]
[    0.179623] pci 0000:00:01.0:   bridge window [io  0xe000-0xefff]
[    0.179626] pci 0000:00:01.0:   bridge window [mem 0xf7e00000-0xf7efffff]
[    0.179631] pci 0000:00:01.0:   bridge window [mem 0xe0000000-0xefffffff 64bit pref]
[    0.179724] pci 0000:00:1c.0: PCI bridge to [bus 02]
[    0.179817] pci 0000:03:00.0: [1b21:1042] type 00 class 0x0c0330
[    0.179848] pci 0000:03:00.0: reg 0x10: [mem 0xf7d00000-0xf7d07fff 64bit]
[    0.180010] pci 0000:03:00.0: PME# supported from D3hot D3cold
[    0.180045] pci 0000:03:00.0: System wakeup disabled by ACPI
[    0.181624] pci 0000:00:1c.4: PCI bridge to [bus 03]
[    0.181631] pci 0000:00:1c.4:   bridge window [mem 0xf7d00000-0xf7dfffff]
[    0.181738] pci 0000:04:00.0: [1b21:1042] type 00 class 0x0c0330
[    0.181769] pci 0000:04:00.0: reg 0x10: [mem 0xf7c00000-0xf7c07fff 64bit]
[    0.181931] pci 0000:04:00.0: PME# supported from D3hot D3cold
[    0.181965] pci 0000:04:00.0: System wakeup disabled by ACPI
[    0.183626] pci 0000:00:1c.5: PCI bridge to [bus 04]
[    0.183634] pci 0000:00:1c.5:   bridge window [mem 0xf7c00000-0xf7cfffff]
[    0.183734] pci 0000:05:00.0: [10ec:8168] type 00 class 0x020000
[    0.183756] pci 0000:05:00.0: reg 0x10: [io  0xd000-0xd0ff]
[    0.183788] pci 0000:05:00.0: reg 0x18: [mem 0xf0004000-0xf0004fff 64bit pref]
[    0.183808] pci 0000:05:00.0: reg 0x20: [mem 0xf0000000-0xf0003fff 64bit pref]
[    0.183923] pci 0000:05:00.0: supports D1 D2
[    0.183924] pci 0000:05:00.0: PME# supported from D0 D1 D2 D3hot D3cold
[    0.183962] pci 0000:05:00.0: System wakeup disabled by ACPI
[    0.185630] pci 0000:00:1c.6: PCI bridge to [bus 05]
[    0.185635] pci 0000:00:1c.6:   bridge window [io  0xd000-0xdfff]
[    0.185645] pci 0000:00:1c.6:   bridge window [mem 0xf0000000-0xf00fffff 64bit pref]
[    0.185732] pci 0000:06:00.0: [1b21:1080] type 01 class 0x060401
[    0.185865] pci 0000:06:00.0: System wakeup disabled by ACPI
[    0.185888] pci 0000:00:1c.7: PCI bridge to [bus 06-07] (subtractive decode)
[    0.185897] pci 0000:00:1c.7:   bridge window [io  0x0000-0x0cf7 window] (subtractive decode)
[    0.185898] pci 0000:00:1c.7:   bridge window [io  0x0d00-0xffff window] (subtractive decode)
[    0.185900] pci 0000:00:1c.7:   bridge window [mem 0x000a0000-0x000bffff window] (subtractive decode)
[    0.185901] pci 0000:00:1c.7:   bridge window [mem 0x000d0000-0x000d3fff window] (subtractive decode)
[    0.185902] pci 0000:00:1c.7:   bridge window [mem 0x000d4000-0x000d7fff window] (subtractive decode)
[    0.185903] pci 0000:00:1c.7:   bridge window [mem 0x000d8000-0x000dbfff window] (subtractive decode)
[    0.185905] pci 0000:00:1c.7:   bridge window [mem 0x000dc000-0x000dffff window] (subtractive decode)
[    0.185906] pci 0000:00:1c.7:   bridge window [mem 0xe0000000-0xfeafffff window] (subtractive decode)
[    0.186017] pci 0000:06:00.0: PCI bridge to [bus 07] (subtractive decode)
[    0.186038] pci 0000:06:00.0:   bridge window [io  0x0000-0x0cf7 window] (subtractive decode)
[    0.186039] pci 0000:06:00.0:   bridge window [io  0x0d00-0xffff window] (subtractive decode)
[    0.186040] pci 0000:06:00.0:   bridge window [mem 0x000a0000-0x000bffff window] (subtractive decode)
[    0.186041] pci 0000:06:00.0:   bridge window [mem 0x000d0000-0x000d3fff window] (subtractive decode)
[    0.186043] pci 0000:06:00.0:   bridge window [mem 0x000d4000-0x000d7fff window] (subtractive decode)
[    0.186044] pci 0000:06:00.0:   bridge window [mem 0x000d8000-0x000dbfff window] (subtractive decode)
[    0.186045] pci 0000:06:00.0:   bridge window [mem 0x000dc000-0x000dffff window] (subtractive decode)
[    0.186046] pci 0000:06:00.0:   bridge window [mem 0xe0000000-0xfeafffff window] (subtractive decode)
[    0.186098] acpi PNP0A08:00: Disabling ASPM (FADT indicates it is unsupported)
[    0.186435] ACPI: PCI Interrupt Link [LNKA] (IRQs 3 4 5 6 10 *11 12 14 15)
[    0.186470] ACPI: PCI Interrupt Link [LNKB] (IRQs 3 4 5 6 *10 11 12 14 15)
[    0.186503] ACPI: PCI Interrupt Link [LNKC] (IRQs 3 4 5 6 10 *11 12 14 15)
[    0.186536] ACPI: PCI Interrupt Link [LNKD] (IRQs *3 4 5 6 10 11 12 14 15)
[    0.186570] ACPI: PCI Interrupt Link [LNKE] (IRQs 3 4 5 6 10 11 12 14 15) *0, disabled.
[    0.186605] ACPI: PCI Interrupt Link [LNKF] (IRQs 3 4 *5 6 10 11 12 14 15)
[    0.186644] ACPI: PCI Interrupt Link [LNKG] (IRQs 3 4 *5 6 10 11 12 14 15)
[    0.186680] ACPI: PCI Interrupt Link [LNKH] (IRQs 3 4 5 6 *10 11 12 14 15)
[    0.186855] ACPI: Enabled 5 GPEs in block 00 to 3F
[    0.186868] ACPI : EC: GPE = 0x18, I/O: command/status = 0x66, data = 0x62
[    0.186938] vgaarb: setting as boot device: PCI:0000:01:00.0
[    0.186940] vgaarb: device added: PCI:0000:01:00.0,decodes=io+mem,owns=io+mem,locks=none
[    0.186941] vgaarb: loaded
[    0.186942] vgaarb: bridge control possible 0000:01:00.0
[    0.186988] SCSI subsystem initialized
[    0.187015] libata version 3.00 loaded.
[    0.187034] ACPI: bus type USB registered
[    0.187046] usbcore: registered new interface driver usbfs
[    0.187052] usbcore: registered new interface driver hub
[    0.187067] usbcore: registered new device driver usb
[    0.187172] PCI: Using ACPI for IRQ routing
[    0.188532] PCI: pci_cache_line_size set to 64 bytes
[    0.188582] e820: reserve RAM buffer [mem 0x0009f000-0x0009ffff]
[    0.188584] e820: reserve RAM buffer [mem 0x0c51a018-0x0fffffff]
[    0.188585] e820: reserve RAM buffer [mem 0x0c52b018-0x0fffffff]
[    0.188586] e820: reserve RAM buffer [mem 0xde94d000-0xdfffffff]
[    0.188587] e820: reserve RAM buffer [mem 0xdf800000-0xdfffffff]
[    0.188588] e820: reserve RAM buffer [mem 0x41f000000-0x41fffffff]
[    0.188672] NetLabel: Initializing
[    0.188673] NetLabel:  domain hash size = 128
[    0.188674] NetLabel:  protocols = UNLABELED CIPSOv4
[    0.188683] NetLabel:  unlabeled traffic allowed by default
[    0.188719] hpet0: at MMIO 0xfed00000, IRQs 2, 8, 0, 0, 0, 0, 0, 0
[    0.188722] hpet0: 8 comparators, 64-bit 14.318180 MHz counter
[    0.190742] Switched to clocksource hpet
[    0.195331] pnp: PnP ACPI init
[    0.195404] system 00:00: [mem 0xfed40000-0xfed44fff] has been reserved
[    0.195408] system 00:00: Plug and Play ACPI device, IDs PNP0c01 (active)
[    0.195463] system 00:01: [io  0x0680-0x069f] has been reserved
[    0.195464] system 00:01: [io  0x0200-0x020f] has been reserved
[    0.195466] system 00:01: [io  0xffff] has been reserved
[    0.195467] system 00:01: [io  0xffff] has been reserved
[    0.195469] system 00:01: [io  0x0400-0x0453] could not be reserved
[    0.195470] system 00:01: [io  0x0458-0x047f] has been reserved
[    0.195471] system 00:01: [io  0x0500-0x057f] has been reserved
[    0.195473] system 00:01: [io  0x164e-0x164f] has been reserved
[    0.195474] system 00:01: Plug and Play ACPI device, IDs PNP0c02 (active)
[    0.195499] pnp 00:02: Plug and Play ACPI device, IDs PNP0b00 (active)
[    0.195534] system 00:03: [io  0x0454-0x0457] has been reserved
[    0.195536] system 00:03: Plug and Play ACPI device, IDs INT3f0d PNP0c02 (active)
[    0.195593] system 00:04: [io  0x0290-0x029f] has been reserved
[    0.195595] system 00:04: Plug and Play ACPI device, IDs PNP0c02 (active)
[    0.195629] system 00:05: [io  0x04d0-0x04d1] has been reserved
[    0.195631] system 00:05: Plug and Play ACPI device, IDs PNP0c02 (active)
[    0.195660] pnp 00:06: Plug and Play ACPI device, IDs PNP0303 PNP030b (active)
[    0.195813] pnp 00:07: [dma 0 disabled]
[    0.195843] pnp 00:07: Plug and Play ACPI device, IDs PNP0501 (active)
[    0.195982] system 00:08: [mem 0xfed1c000-0xfed1ffff] has been reserved
[    0.195984] system 00:08: [mem 0xfed10000-0xfed17fff] has been reserved
[    0.195985] system 00:08: [mem 0xfed18000-0xfed18fff] has been reserved
[    0.195986] system 00:08: [mem 0xfed19000-0xfed19fff] has been reserved
[    0.195988] system 00:08: [mem 0xf8000000-0xfbffffff] has been reserved
[    0.195989] system 00:08: [mem 0xfed20000-0xfed3ffff] has been reserved
[    0.195990] system 00:08: [mem 0xfed90000-0xfed93fff] has been reserved
[    0.195992] system 00:08: [mem 0xfed45000-0xfed8ffff] has been reserved
[    0.195993] system 00:08: [mem 0xff000000-0xffffffff] has been reserved
[    0.195995] system 00:08: [mem 0xfee00000-0xfeefffff] could not be reserved
[    0.195996] system 00:08: [mem 0xf0100000-0xf0100fff] has been reserved
[    0.195998] system 00:08: Plug and Play ACPI device, IDs PNP0c02 (active)
[    0.196077] pnp: PnP ACPI: found 9 devices
[    0.202128] pci 0000:00:01.0: PCI bridge to [bus 01]
[    0.202131] pci 0000:00:01.0:   bridge window [io  0xe000-0xefff]
[    0.202133] pci 0000:00:01.0:   bridge window [mem 0xf7e00000-0xf7efffff]
[    0.202135] pci 0000:00:01.0:   bridge window [mem 0xe0000000-0xefffffff 64bit pref]
[    0.202137] pci 0000:00:1c.0: PCI bridge to [bus 02]
[    0.202153] pci 0000:00:1c.4: PCI bridge to [bus 03]
[    0.202157] pci 0000:00:1c.4:   bridge window [mem 0xf7d00000-0xf7dfffff]
[    0.202164] pci 0000:00:1c.5: PCI bridge to [bus 04]
[    0.202168] pci 0000:00:1c.5:   bridge window [mem 0xf7c00000-0xf7cfffff]
[    0.202175] pci 0000:00:1c.6: PCI bridge to [bus 05]
[    0.202177] pci 0000:00:1c.6:   bridge window [io  0xd000-0xdfff]
[    0.202183] pci 0000:00:1c.6:   bridge window [mem 0xf0000000-0xf00fffff 64bit pref]
[    0.202188] pci 0000:06:00.0: PCI bridge to [bus 07]
[    0.202206] pci 0000:00:1c.7: PCI bridge to [bus 06-07]
[    0.202217] pci_bus 0000:00: resource 4 [io  0x0000-0x0cf7 window]
[    0.202218] pci_bus 0000:00: resource 5 [io  0x0d00-0xffff window]
[    0.202219] pci_bus 0000:00: resource 6 [mem 0x000a0000-0x000bffff window]
[    0.202221] pci_bus 0000:00: resource 7 [mem 0x000d0000-0x000d3fff window]
[    0.202222] pci_bus 0000:00: resource 8 [mem 0x000d4000-0x000d7fff window]
[    0.202223] pci_bus 0000:00: resource 9 [mem 0x000d8000-0x000dbfff window]
[    0.202224] pci_bus 0000:00: resource 10 [mem 0x000dc000-0x000dffff window]
[    0.202226] pci_bus 0000:00: resource 11 [mem 0xe0000000-0xfeafffff window]
[    0.202227] pci_bus 0000:01: resource 0 [io  0xe000-0xefff]
[    0.202228] pci_bus 0000:01: resource 1 [mem 0xf7e00000-0xf7efffff]
[    0.202230] pci_bus 0000:01: resource 2 [mem 0xe0000000-0xefffffff 64bit pref]
[    0.202231] pci_bus 0000:03: resource 1 [mem 0xf7d00000-0xf7dfffff]
[    0.202232] pci_bus 0000:04: resource 1 [mem 0xf7c00000-0xf7cfffff]
[    0.202234] pci_bus 0000:05: resource 0 [io  0xd000-0xdfff]
[    0.202235] pci_bus 0000:05: resource 2 [mem 0xf0000000-0xf00fffff 64bit pref]
[    0.202236] pci_bus 0000:06: resource 4 [io  0x0000-0x0cf7 window]
[    0.202237] pci_bus 0000:06: resource 5 [io  0x0d00-0xffff window]
[    0.202238] pci_bus 0000:06: resource 6 [mem 0x000a0000-0x000bffff window]
[    0.202240] pci_bus 0000:06: resource 7 [mem 0x000d0000-0x000d3fff window]
[    0.202241] pci_bus 0000:06: resource 8 [mem 0x000d4000-0x000d7fff window]
[    0.202242] pci_bus 0000:06: resource 9 [mem 0x000d8000-0x000dbfff window]
[    0.202243] pci_bus 0000:06: resource 10 [mem 0x000dc000-0x000dffff window]
[    0.202245] pci_bus 0000:06: resource 11 [mem 0xe0000000-0xfeafffff window]
[    0.202246] pci_bus 0000:07: resource 4 [io  0x0000-0x0cf7 window]
[    0.202247] pci_bus 0000:07: resource 5 [io  0x0d00-0xffff window]
[    0.202248] pci_bus 0000:07: resource 6 [mem 0x000a0000-0x000bffff window]
[    0.202250] pci_bus 0000:07: resource 7 [mem 0x000d0000-0x000d3fff window]
[    0.202251] pci_bus 0000:07: resource 8 [mem 0x000d4000-0x000d7fff window]
[    0.202252] pci_bus 0000:07: resource 9 [mem 0x000d8000-0x000dbfff window]
[    0.202253] pci_bus 0000:07: resource 10 [mem 0x000dc000-0x000dffff window]
[    0.202254] pci_bus 0000:07: resource 11 [mem 0xe0000000-0xfeafffff window]
[    0.202280] NET: Registered protocol family 2
[    0.202468] TCP established hash table entries: 131072 (order: 8, 1048576 bytes)
[    0.202662] TCP bind hash table entries: 65536 (order: 8, 1048576 bytes)
[    0.202817] TCP: Hash tables configured (established 131072 bind 65536)
[    0.202834] TCP: reno registered
[    0.202849] UDP hash table entries: 8192 (order: 6, 262144 bytes)
[    0.202899] UDP-Lite hash table entries: 8192 (order: 6, 262144 bytes)
[    0.202968] NET: Registered protocol family 1
[    0.448608] pci 0000:01:00.0: Video device with shadowed ROM
[    0.448734] PCI: CLS mismatch (64 != 32), using 64 bytes
[    0.448857] Unpacking initramfs...
[    0.680375] Freeing initrd memory: 20276K (ffff88003d965000 - ffff88003ed32000)
[    0.680400] PCI-DMA: Using software bounce buffering for IO (SWIOTLB)
[    0.680402] software IO TLB [mem 0xda94d000-0xde94d000] (64MB) mapped at [ffff8800da94d000-ffff8800de94cfff]
[    0.680653] RAPL PMU detected, hw unit 2^-16 Joules, API unit is 2^-32 Joules, 3 fixed counters 163840 ms ovfl timer
[    0.680740] microcode: CPU0 sig=0x206a7, pf=0x2, revision=0x29
[    0.680745] microcode: CPU1 sig=0x206a7, pf=0x2, revision=0x29
[    0.680751] microcode: CPU2 sig=0x206a7, pf=0x2, revision=0x29
[    0.680756] microcode: CPU3 sig=0x206a7, pf=0x2, revision=0x29
[    0.680761] microcode: CPU4 sig=0x206a7, pf=0x2, revision=0x29
[    0.680767] microcode: CPU5 sig=0x206a7, pf=0x2, revision=0x29
[    0.680772] microcode: CPU6 sig=0x206a7, pf=0x2, revision=0x29
[    0.680776] microcode: CPU7 sig=0x206a7, pf=0x2, revision=0x29
[    0.680831] microcode: Microcode Update Driver: v2.00 <tigran@aivazian.fsnet.co.uk>, Peter Oruba
[    0.681272] AVX version of gcm_enc/dec engaged.
[    0.681273] AES CTR mode by8 optimization enabled
[    0.682884] alg: No test for __gcm-aes-aesni (__driver-gcm-aes-aesni)
[    0.683237] futex hash table entries: 2048 (order: 5, 131072 bytes)
[    0.683262] Initialise system trusted keyring
[    0.683279] audit: initializing netlink subsys (disabled)
[    0.683296] audit: type=2000 audit(1427437842.647:1): initialized
[    0.683587] HugeTLB registered 2 MB page size, pre-allocated 0 pages
[    0.684639] zpool: loaded
[    0.684640] zbud: loaded
[    0.684763] VFS: Disk quotas dquot_6.5.2
[    0.684789] VFS: Dquot-cache hash table entries: 512 (order 0, 4096 bytes)
[    0.685069] Key type big_key registered
[    0.685071] SELinux:  Registering netfilter hooks
[    0.685953] alg: No test for stdrng (krng)
[    0.685960] NET: Registered protocol family 38
[    0.685966] Key type asymmetric registered
[    0.685968] Asymmetric key parser 'x509' registered
[    0.685994] Block layer SCSI generic (bsg) driver version 0.4 loaded (major 252)
[    0.686040] io scheduler noop registered
[    0.686042] io scheduler deadline registered
[    0.686064] io scheduler cfq registered (default)
[    0.686539] pci_hotplug: PCI Hot Plug PCI Core version: 0.5
[    0.686551] pciehp: PCI Express Hot Plug Controller Driver version: 0.4
[    0.686572] efifb: probing for efifb
[    0.686582] efifb: framebuffer at 0xe0000000, mapped to 0xffffc90005c00000, using 1876k, total 1875k
[    0.686583] efifb: mode is 800x600x32, linelength=3200, pages=1
[    0.686584] efifb: scrolling: redraw
[    0.686585] efifb: Truecolor: size=8:8:8:8, shift=24:16:8:0
[    0.686642] Console: switching to colour frame buffer device 100x37
[    0.687854] fb0: EFI VGA frame buffer device
[    0.687861] intel_idle: MWAIT substates: 0x1120
[    0.687862] intel_idle: v0.4 model 0x2A
[    0.687863] intel_idle: lapic_timer_reliable_states 0xffffffff
[    0.688100] input: Power Button as /devices/LNXSYSTM:00/LNXSYBUS:00/PNP0C0C:00/input/input0
[    0.688102] ACPI: Power Button [PWRB]
[    0.688128] input: Power Button as /devices/LNXSYSTM:00/LNXPWRBN:00/input/input1
[    0.688129] ACPI: Power Button [PWRF]
[    0.688745] thermal LNXTHERM:00: registered as thermal_zone0
[    0.688747] ACPI: Thermal Zone [TZ00] (28 C)
[    0.688903] thermal LNXTHERM:01: registered as thermal_zone1
[    0.688904] ACPI: Thermal Zone [TZ01] (30 C)
[    0.688925] GHES: HEST is not enabled!
[    0.688971] Serial: 8250/16550 driver, 4 ports, IRQ sharing enabled
[    0.709523] 00:07: ttyS0 at I/O 0x3f8 (irq = 4, base_baud = 115200) is a 16550A
[    0.709883] Non-volatile memory driver v1.3
[    0.709909] Linux agpgart interface v0.103
[    0.710018] ahci 0000:00:1f.2: version 3.0
[    0.720432] ahci 0000:00:1f.2: AHCI 0001.0300 32 slots 6 ports 6 Gbps 0x3d impl SATA mode
[    0.720434] ahci 0000:00:1f.2: flags: 64bit ncq led clo pio slum part ems apst 
[    0.728848] scsi host0: ahci
[    0.729030] scsi host1: ahci
[    0.729203] scsi host2: ahci
[    0.729379] scsi host3: ahci
[    0.729484] scsi host4: ahci
[    0.729556] scsi host5: ahci
[    0.729583] ata1: SATA max UDMA/133 abar m2048@0xf7f06000 port 0xf7f06100 irq 25
[    0.729585] ata2: DUMMY
[    0.729586] ata3: SATA max UDMA/133 abar m2048@0xf7f06000 port 0xf7f06200 irq 25
[    0.729588] ata4: SATA max UDMA/133 abar m2048@0xf7f06000 port 0xf7f06280 irq 25
[    0.729589] ata5: SATA max UDMA/133 abar m2048@0xf7f06000 port 0xf7f06300 irq 25
[    0.729591] ata6: SATA max UDMA/133 abar m2048@0xf7f06000 port 0xf7f06380 irq 25
[    0.729646] libphy: Fixed MDIO Bus: probed
[    0.729741] xhci_hcd 0000:03:00.0: xHCI Host Controller
[    0.729789] xhci_hcd 0000:03:00.0: new USB bus registered, assigned bus number 1
[    0.739444] xhci_hcd 0000:03:00.0: hcc params 0x0200f180 hci version 0x96 quirks 0x00080000
[    0.739605] usb usb1: New USB device found, idVendor=1d6b, idProduct=0002
[    0.739606] usb usb1: New USB device strings: Mfr=3, Product=2, SerialNumber=1
[    0.739608] usb usb1: Product: xHCI Host Controller
[    0.739609] usb usb1: Manufacturer: Linux 4.0.0-0.rc4.git0.1.fc22.x86_64 xhci-hcd
[    0.739610] usb usb1: SerialNumber: 0000:03:00.0
[    0.739688] hub 1-0:1.0: USB hub found
[    0.739696] hub 1-0:1.0: 2 ports detected
[    0.739760] xhci_hcd 0000:03:00.0: xHCI Host Controller
[    0.739792] xhci_hcd 0000:03:00.0: new USB bus registered, assigned bus number 2
[    0.739823] usb usb2: New USB device found, idVendor=1d6b, idProduct=0003
[    0.739824] usb usb2: New USB device strings: Mfr=3, Product=2, SerialNumber=1
[    0.739825] usb usb2: Product: xHCI Host Controller
[    0.739826] usb usb2: Manufacturer: Linux 4.0.0-0.rc4.git0.1.fc22.x86_64 xhci-hcd
[    0.739827] usb usb2: SerialNumber: 0000:03:00.0
[    0.739923] hub 2-0:1.0: USB hub found
[    0.739930] hub 2-0:1.0: 2 ports detected
[    0.740004] xhci_hcd 0000:04:00.0: xHCI Host Controller
[    0.740063] xhci_hcd 0000:04:00.0: new USB bus registered, assigned bus number 3
[    0.749701] xhci_hcd 0000:04:00.0: hcc params 0x0200f180 hci version 0x96 quirks 0x00080000
[    0.749847] usb usb3: New USB device found, idVendor=1d6b, idProduct=0002
[    0.749848] usb usb3: New USB device strings: Mfr=3, Product=2, SerialNumber=1
[    0.749849] usb usb3: Product: xHCI Host Controller
[    0.749850] usb usb3: Manufacturer: Linux 4.0.0-0.rc4.git0.1.fc22.x86_64 xhci-hcd
[    0.749851] usb usb3: SerialNumber: 0000:04:00.0
[    0.749952] hub 3-0:1.0: USB hub found
[    0.749959] hub 3-0:1.0: 2 ports detected
[    0.750016] xhci_hcd 0000:04:00.0: xHCI Host Controller
[    0.750074] xhci_hcd 0000:04:00.0: new USB bus registered, assigned bus number 4
[    0.750103] usb usb4: New USB device found, idVendor=1d6b, idProduct=0003
[    0.750104] usb usb4: New USB device strings: Mfr=3, Product=2, SerialNumber=1
[    0.750106] usb usb4: Product: xHCI Host Controller
[    0.750107] usb usb4: Manufacturer: Linux 4.0.0-0.rc4.git0.1.fc22.x86_64 xhci-hcd
[    0.750108] usb usb4: SerialNumber: 0000:04:00.0
[    0.750202] hub 4-0:1.0: USB hub found
[    0.750209] hub 4-0:1.0: 2 ports detected
[    0.750271] ehci_hcd: USB 2.0 'Enhanced' Host Controller (EHCI) Driver
[    0.750275] ehci-pci: EHCI PCI platform driver
[    0.750295] ehci-pci 0000:00:1a.0: EHCI Host Controller
[    0.750354] ehci-pci 0000:00:1a.0: new USB bus registered, assigned bus number 5
[    0.750364] ehci-pci 0000:00:1a.0: debug port 2
[    0.754273] ehci-pci 0000:00:1a.0: cache line size of 64 is not supported
[    0.754283] ehci-pci 0000:00:1a.0: irq 23, io mem 0xf7f08000
[    0.759384] ehci-pci 0000:00:1a.0: USB 2.0 started, EHCI 1.00
[    0.759413] usb usb5: New USB device found, idVendor=1d6b, idProduct=0002
[    0.759415] usb usb5: New USB device strings: Mfr=3, Product=2, SerialNumber=1
[    0.759416] usb usb5: Product: EHCI Host Controller
[    0.759417] usb usb5: Manufacturer: Linux 4.0.0-0.rc4.git0.1.fc22.x86_64 ehci_hcd
[    0.759418] usb usb5: SerialNumber: 0000:00:1a.0
[    0.759527] hub 5-0:1.0: USB hub found
[    0.759531] hub 5-0:1.0: 2 ports detected
[    0.759628] ehci-pci 0000:00:1d.0: EHCI Host Controller
[    0.759692] ehci-pci 0000:00:1d.0: new USB bus registered, assigned bus number 6
[    0.759702] ehci-pci 0000:00:1d.0: debug port 2
[    0.763604] ehci-pci 0000:00:1d.0: cache line size of 64 is not supported
[    0.763607] ehci-pci 0000:00:1d.0: irq 23, io mem 0xf7f07000
[    0.769377] ehci-pci 0000:00:1d.0: USB 2.0 started, EHCI 1.00
[    0.769404] usb usb6: New USB device found, idVendor=1d6b, idProduct=0002
[    0.769406] usb usb6: New USB device strings: Mfr=3, Product=2, SerialNumber=1
[    0.769407] usb usb6: Product: EHCI Host Controller
[    0.769408] usb usb6: Manufacturer: Linux 4.0.0-0.rc4.git0.1.fc22.x86_64 ehci_hcd
[    0.769409] usb usb6: SerialNumber: 0000:00:1d.0
[    0.769517] hub 6-0:1.0: USB hub found
[    0.769521] hub 6-0:1.0: 2 ports detected
[    0.769601] ohci_hcd: USB 1.1 'Open' Host Controller (OHCI) Driver
[    0.769604] ohci-pci: OHCI PCI platform driver
[    0.769612] uhci_hcd: USB Universal Host Controller Interface driver
[    0.769644] usbcore: registered new interface driver usbserial
[    0.769648] usbcore: registered new interface driver usbserial_generic
[    0.769653] usbserial: USB Serial support registered for generic
[    0.769678] i8042: PNP: PS/2 Controller [PNP0303:PS2K] at 0x60,0x64 irq 1
[    0.769679] i8042: PNP: PS/2 appears to have AUX port disabled, if this is incorrect please boot with i8042.nopnp
[    0.770167] serio: i8042 KBD port at 0x60,0x64 irq 1
[    0.770251] mousedev: PS/2 mouse device common for all mice
[    0.770471] rtc_cmos 00:02: RTC can wake from S4
[    0.770622] rtc_cmos 00:02: rtc core: registered rtc_cmos as rtc0
[    0.770647] rtc_cmos 00:02: alarms up to one month, y3k, 242 bytes nvram, hpet irqs
[    0.770677] device-mapper: uevent: version 1.0.3
[    0.770730] device-mapper: ioctl: 4.30.0-ioctl (2014-12-22) initialised: dm-devel@redhat.com
[    0.770815] Intel P-state driver initializing.
[    0.771669] EFI Variables Facility v0.08 2004-May-17
[    0.833894] hpet1: lost 3 rtc interrupts
[    0.834983] hidraw: raw HID events driver (C) Jiri Kosina
[    0.835166] usbcore: registered new interface driver usbhid
[    0.835168] usbhid: USB HID core driver
[    0.835253] drop_monitor: Initializing network drop monitor service
[    0.835360] ip_tables: (C) 2000-2006 Netfilter Core Team
[    0.835489] TCP: cubic registered
[    0.835497] Initializing XFRM netlink socket
[    0.835655] NET: Registered protocol family 10
[    0.835990] mip6: Mobile IPv6
[    0.835996] NET: Registered protocol family 17
[    0.836829] Loading compiled-in X.509 certificates
[    0.838290] Loaded X.509 cert 'Fedora kernel signing key: 880e89b92d8bd5af182e4eb5d50dc2a73dc00556'
[    0.838316] registered taskstats version 1
[    0.838961]   Magic number: 7:123:520
[    0.838992] acpi LNXPOWER:04: hash matches
[    0.839111] rtc_cmos 00:02: setting system clock to 2015-03-27 06:30:43 UTC (1427437843)
[    0.839226] PM: Hibernation image not present or could not be loaded.
[    0.842701] input: AT Translated Set 2 keyboard as /devices/platform/i8042/serio0/input/input2
[    1.034276] ata4: SATA link up 3.0 Gbps (SStatus 123 SControl 300)
[    1.034301] ata3: SATA link up 3.0 Gbps (SStatus 123 SControl 300)
[    1.034324] ata1: SATA link up 6.0 Gbps (SStatus 133 SControl 300)
[    1.034347] ata5: SATA link up 3.0 Gbps (SStatus 123 SControl 300)
[    1.034368] ata6: SATA link up 1.5 Gbps (SStatus 113 SControl 300)
[    1.034872] ACPI Error: [DSSP] Namespace lookup failure, AE_NOT_FOUND (20150204/psargs-359)
[    1.034880] ACPI Error: Method parse/execution failed [\_SB_.PCI0.SAT0.SPT2._GTF] (Node ffff88040e0bae10), AE_NOT_FOUND (20150204/psparse-536)
[    1.034943] ACPI Error: [DSSP] Namespace lookup failure, AE_NOT_FOUND (20150204/psargs-359)
[    1.034951] ACPI Error: Method parse/execution failed [\_SB_.PCI0.SAT0.SPT4._GTF] (Node ffff88040e0baf00), AE_NOT_FOUND (20150204/psparse-536)
[    1.035012] ACPI Error: [DSSP] Namespace lookup failure, AE_NOT_FOUND (20150204/psargs-359)
[    1.035020] ACPI Error: Method parse/execution failed [\_SB_.PCI0.SAT0.SPT3._GTF] (Node ffff88040e0bae88), AE_NOT_FOUND (20150204/psparse-536)
[    1.035130] ata3.00: ATA-8: ST2000DL003-9VT166, CC32, max UDMA/133
[    1.035140] ata3.00: 3907029168 sectors, multi 16: LBA48 NCQ (depth 31/32)
[    1.035176] ata5.00: ATA-8: ST2000DL003-9VT166, CC32, max UDMA/133
[    1.035180] ata5.00: 3907029168 sectors, multi 16: LBA48 NCQ (depth 31/32)
[    1.035258] ata4.00: ATA-8: ST2000DL003-9VT166, CC32, max UDMA/133
[    1.035262] ata4.00: 3907029168 sectors, multi 16: LBA48 NCQ (depth 31/32)
[    1.035798] ACPI Error: [DSSP] Namespace lookup failure, AE_NOT_FOUND (20150204/psargs-359)
[    1.035806] ACPI Error: Method parse/execution failed [\_SB_.PCI0.SAT0.SPT2._GTF] (Node ffff88040e0bae10), AE_NOT_FOUND (20150204/psparse-536)
[    1.035861] ACPI Error: [DSSP] Namespace lookup failure, AE_NOT_FOUND (20150204/psargs-359)
[    1.035869] ACPI Error: Method parse/execution failed [\_SB_.PCI0.SAT0.SPT4._GTF] (Node ffff88040e0baf00), AE_NOT_FOUND (20150204/psparse-536)
[    1.035945] ACPI Error: [DSSP] Namespace lookup failure, AE_NOT_FOUND (20150204/psargs-359)
[    1.035953] ACPI Error: Method parse/execution failed [\_SB_.PCI0.SAT0.SPT3._GTF] (Node ffff88040e0bae88), AE_NOT_FOUND (20150204/psparse-536)
[    1.035980] ata3.00: configured for UDMA/133
[    1.036094] ata5.00: configured for UDMA/133
[    1.036128] ata4.00: configured for UDMA/133
[    1.042536] ACPI Error: [DSSP] Namespace lookup failure, AE_NOT_FOUND (20150204/psargs-359)
[    1.042544] ACPI Error: Method parse/execution failed [\_SB_.PCI0.SAT0.SPT5._GTF] (Node ffff88040e0baf78), AE_NOT_FOUND (20150204/psparse-536)
[    1.042556] ata6.00: ATAPI: HL-DT-ST BD-RE  BH12LS38, 1.00, max UDMA/133
[    1.045521] ACPI Error: [DSSP] Namespace lookup failure, AE_NOT_FOUND (20150204/psargs-359)
[    1.045529] ACPI Error: Method parse/execution failed [\_SB_.PCI0.SAT0.SPT0._GTF] (Node ffff88040e0bad20), AE_NOT_FOUND (20150204/psparse-536)
[    1.046320] ata1.00: ATA-8: OCZ-VERTEX3, 2.25, max UDMA/133
[    1.046324] ata1.00: 234441648 sectors, multi 16: LBA48 NCQ (depth 31/32), AA
[    1.046490] ACPI Error: [DSSP] Namespace lookup failure, AE_NOT_FOUND (20150204/psargs-359)
[    1.046498] ACPI Error: Method parse/execution failed [\_SB_.PCI0.SAT0.SPT5._GTF] (Node ffff88040e0baf78), AE_NOT_FOUND (20150204/psparse-536)
[    1.046511] ata6.00: configured for UDMA/133
[    1.055517] ACPI Error: [DSSP] Namespace lookup failure, AE_NOT_FOUND (20150204/psargs-359)
[    1.055525] ACPI Error: Method parse/execution failed [\_SB_.PCI0.SAT0.SPT0._GTF] (Node ffff88040e0bad20), AE_NOT_FOUND (20150204/psparse-536)
[    1.056289] ata1.00: configured for UDMA/133
[    1.056562] scsi 0:0:0:0: Direct-Access     ATA      OCZ-VERTEX3      2.25 PQ: 0 ANSI: 5
[    1.057001] sd 0:0:0:0: [sda] 234441648 512-byte logical blocks: (120 GB/111 GiB)
[    1.057024] sd 0:0:0:0: Attached scsi generic sg0 type 0
[    1.057320] scsi 2:0:0:0: Direct-Access     ATA      ST2000DL003-9VT1 CC32 PQ: 0 ANSI: 5
[    1.057421] sd 0:0:0:0: [sda] Write Protect is off
[    1.057427] sd 0:0:0:0: [sda] Mode Sense: 00 3a 00 00
[    1.057556] sd 0:0:0:0: [sda] Write cache: enabled, read cache: enabled, doesn't support DPO or FUA
[    1.057746] sd 2:0:0:0: Attached scsi generic sg1 type 0
[    1.057763] sd 2:0:0:0: [sdb] 3907029168 512-byte logical blocks: (2.00 TB/1.81 TiB)
[    1.057937] scsi 3:0:0:0: Direct-Access     ATA      ST2000DL003-9VT1 CC32 PQ: 0 ANSI: 5
[    1.057989] sd 2:0:0:0: [sdb] Write Protect is off
[    1.057994] sd 2:0:0:0: [sdb] Mode Sense: 00 3a 00 00
[    1.058045] sd 2:0:0:0: [sdb] Write cache: enabled, read cache: enabled, doesn't support DPO or FUA
[    1.058236] sd 3:0:0:0: [sdc] 3907029168 512-byte logical blocks: (2.00 TB/1.81 TiB)
[    1.058268] sd 3:0:0:0: Attached scsi generic sg2 type 0
[    1.058362] sd 3:0:0:0: [sdc] Write Protect is off
[    1.058366] sd 3:0:0:0: [sdc] Mode Sense: 00 3a 00 00
[    1.058421] sd 3:0:0:0: [sdc] Write cache: enabled, read cache: enabled, doesn't support DPO or FUA
[    1.058431] scsi 4:0:0:0: Direct-Access     ATA      ST2000DL003-9VT1 CC32 PQ: 0 ANSI: 5
[    1.058615] sd 4:0:0:0: [sdd] 3907029168 512-byte logical blocks: (2.00 TB/1.81 TiB)
[    1.058653] sd 4:0:0:0: Attached scsi generic sg3 type 0
[    1.058725] sd 4:0:0:0: [sdd] Write Protect is off
[    1.058730] sd 4:0:0:0: [sdd] Mode Sense: 00 3a 00 00
[    1.058786] sd 4:0:0:0: [sdd] Write cache: enabled, read cache: enabled, doesn't support DPO or FUA
[    1.058928]  sda: sda1 sda2 sda3 sda4
[    1.059422] sd 0:0:0:0: [sda] Attached SCSI disk
[    1.061202] usb 5-1: new high-speed USB device number 2 using ehci-pci
[    1.067370] scsi 5:0:0:0: CD-ROM            HL-DT-ST BD-RE  BH12LS38  1.00 PQ: 0 ANSI: 5
[    1.071207] usb 6-1: new high-speed USB device number 2 using ehci-pci
[    1.107338] sr 5:0:0:0: [sr0] scsi3-mmc drive: 40x/40x writer dvd-ram cd/rw xa/form2 cdda tray
[    1.107350] cdrom: Uniform CD-ROM driver Revision: 3.20
[    1.107483] sr 5:0:0:0: Attached scsi CD-ROM sr0
[    1.107575] sr 5:0:0:0: Attached scsi generic sg4 type 5
[    1.111505]  sdb: sdb1 sdb2 sdb3
[    1.111727]  sdc: sdc1 sdc2 sdc3
[    1.112100] sd 2:0:0:0: [sdb] Attached SCSI disk
[    1.112333] sd 3:0:0:0: [sdc] Attached SCSI disk
[    1.118410]  sdd: sdd1 sdd2 sdd3
[    1.119060] sd 4:0:0:0: [sdd] Attached SCSI disk
[    1.119567] Freeing unused kernel memory: 1496K (ffffffff81d21000 - ffffffff81e97000)
[    1.119570] Write protecting the kernel read-only data: 12288k
[    1.120042] Freeing unused kernel memory: 448K (ffff88000d790000 - ffff88000d800000)
[    1.120353] Freeing unused kernel memory: 760K (ffff88000db42000 - ffff88000dc00000)
[    1.176614] usb 5-1: New USB device found, idVendor=8087, idProduct=0024
[    1.176618] usb 5-1: New USB device strings: Mfr=0, Product=0, SerialNumber=0
[    1.176888] hub 5-1:1.0: USB hub found
[    1.176944] hub 5-1:1.0: 6 ports detected
[    1.185498] usb 6-1: New USB device found, idVendor=8087, idProduct=0024
[    1.185502] usb 6-1: New USB device strings: Mfr=0, Product=0, SerialNumber=0
[    1.185887] hub 6-1:1.0: USB hub found
[    1.186094] hub 6-1:1.0: 8 ports detected
[    1.377326] random: systemd urandom read with 47 bits of entropy available
[    1.378008] systemd[1]: systemd 219 running in system mode. (+PAM +AUDIT +SELINUX +IMA -APPARMOR +SMACK +SYSVINIT +UTMP +LIBCRYPTSETUP +GCRYPT +GNUTLS +ACL +XZ -LZ4 +SECCOMP +BLKID +ELFUTILS +KMOD +IDN)
[    1.378192] systemd[1]: Detected architecture 'x86-64'.
[    1.378195] systemd[1]: Running in initial RAM disk.
[    1.378215] systemd[1]: Set hostname to <xenon.lan>.
[    1.422611] systemd[1]: Reached target Swap.
[    1.422628] systemd[1]: Starting Swap.
[    1.422646] systemd[1]: Reached target Timers.
[    1.422656] systemd[1]: Starting Timers.
[    1.422991] systemd[1]: Created slice -.slice.
[    1.423004] systemd[1]: Starting -.slice.
[    1.423099] systemd[1]: Created slice System Slice.
[    1.423114] systemd[1]: Starting System Slice.
[    1.423210] systemd[1]: Created slice system-systemd\x2dfsck.slice.
[    1.423222] systemd[1]: Starting system-systemd\x2dfsck.slice.
[    1.423269] systemd[1]: Listening on Journal Audit Socket.
[    1.423282] systemd[1]: Starting Journal Audit Socket.
[    1.423315] systemd[1]: Listening on udev Kernel Socket.
[    1.423326] systemd[1]: Starting udev Kernel Socket.
[    1.423382] systemd[1]: Listening on Journal Socket.
[    1.423395] systemd[1]: Starting Journal Socket.
[    1.423901] systemd[1]: Starting Setup Virtual Console...
[    1.423930] systemd[1]: Reached target Slices.
[    1.423941] systemd[1]: Starting Slices.
[    1.424017] systemd[1]: Listening on udev Control Socket.
[    1.424027] systemd[1]: Starting udev Control Socket.
[    1.424066] systemd[1]: Listening on Journal Socket (/dev/log).
[    1.424075] systemd[1]: Starting Journal Socket (/dev/log).
[    1.424539] systemd[1]: Starting Journal Service...
[    1.424566] systemd[1]: Reached target Sockets.
[    1.424581] systemd[1]: Starting Sockets.
[    1.424604] systemd[1]: Reached target Local File Systems.
[    1.424612] systemd[1]: Starting Local File Systems.
[    1.425232] systemd[1]: Starting Create list of required static device nodes for the current kernel...
[    1.425294] systemd[1]: Started dracut ask for additional cmdline parameters.
[    1.425867] systemd[1]: Starting dracut cmdline hook...
[    1.426027] systemd[1]: Started Load Kernel Modules.
[    1.426481] systemd[1]: Starting Apply Kernel Variables...
[    1.426967] systemd[1]: Started Create list of required static device nodes for the current kernel.
[    1.428037] systemd[1]: Starting Create Static Device Nodes in /dev...
[    1.429932] systemd[1]: Started Apply Kernel Variables.
[    1.429992] audit: type=1130 audit(1427437844.090:2): pid=1 uid=0 auid=4294967295 ses=4294967295 subj=kernel msg='unit=systemd-sysctl comm="systemd" exe="/usr/lib/systemd/systemd" hostname=? addr=? terminal=? res=success'
[    1.431448] systemd[1]: Started Create Static Device Nodes in /dev.
[    1.431492] audit: type=1130 audit(1427437844.091:3): pid=1 uid=0 auid=4294967295 ses=4294967295 subj=kernel msg='unit=systemd-tmpfiles-setup-dev comm="systemd" exe="/usr/lib/systemd/systemd" hostname=? addr=? terminal=? res=success'
[    1.452010] usb 5-1.1: new high-speed USB device number 3 using ehci-pci
[    1.461998] usb 6-1.1: new low-speed USB device number 3 using ehci-pci
[    1.467238] systemd[1]: Started Journal Service.
[    1.467303] audit: type=1130 audit(1427437844.127:4): pid=1 uid=0 auid=4294967295 ses=4294967295 subj=kernel msg='unit=systemd-journald comm="systemd" exe="/usr/lib/systemd/systemd" hostname=? addr=? terminal=? res=success'
[    1.486824] audit: type=1130 audit(1427437844.146:5): pid=1 uid=0 auid=4294967295 ses=4294967295 subj=kernel msg='unit=systemd-vconsole-setup comm="systemd" exe="/usr/lib/systemd/systemd" hostname=? addr=? terminal=? res=success'
[    1.497726] audit: type=1130 audit(1427437844.157:6): pid=1 uid=0 auid=4294967295 ses=4294967295 subj=kernel msg='unit=dracut-cmdline comm="systemd" exe="/usr/lib/systemd/systemd" hostname=? addr=? terminal=? res=success'
[    1.522683] audit: type=1130 audit(1427437844.182:7): pid=1 uid=0 auid=4294967295 ses=4294967295 subj=kernel msg='unit=dracut-pre-udev comm="systemd" exe="/usr/lib/systemd/systemd" hostname=? addr=? terminal=? res=success'
[    1.526170] audit: type=1130 audit(1427437844.186:8): pid=1 uid=0 auid=4294967295 ses=4294967295 subj=kernel msg='unit=systemd-udevd comm="systemd" exe="/usr/lib/systemd/systemd" hostname=? addr=? terminal=? res=success'
[    1.538834] audit: type=1130 audit(1427437844.198:9): pid=1 uid=0 auid=4294967295 ses=4294967295 subj=kernel msg='unit=dracut-pre-trigger comm="systemd" exe="/usr/lib/systemd/systemd" hostname=? addr=? terminal=? res=success'
[    1.559339] usb 6-1.1: New USB device found, idVendor=12bd, idProduct=a02f
[    1.559343] usb 6-1.1: New USB device strings: Mfr=0, Product=2, SerialNumber=0
[    1.559346] usb 6-1.1: Product: 5-Axis,12-Button with POV 
[    1.569007] r8169 Gigabit Ethernet driver 2.3LK-NAPI loaded
[    1.569018] r8169 0000:05:00.0: can't disable ASPM; OS doesn't have ASPM control
[    1.569633] r8169 0000:05:00.0 eth0: RTL8168evl/8111evl at 0xffffc900018ae000, f4:6d:04:61:ab:b4, XID 0c900800 IRQ 42
[    1.569636] r8169 0000:05:00.0 eth0: jumbo features [frames: 9200 bytes, tx checksumming: ko]
[    1.571484] input: 5-Axis,12-Button with POV  as /devices/pci0000:00/0000:00:1d.0/usb6/6-1/6-1.1/6-1.1:1.0/0003:12BD:A02F.0001/input/input3
[    1.571893] hid-generic 0003:12BD:A02F.0001: input,hidraw0: USB HID v1.10 Joystick [5-Axis,12-Button with POV ] on usb-0000:00:1d.0-1.1/input0
[    1.577995] 8021q: 802.1Q VLAN Support v1.8
[    1.584153] [drm] Initialized drm 1.1.0 20060810
[    1.592891] r8169 0000:05:00.0 enp5s0: renamed from eth0
[    1.617841] raid6: sse2x1    9218 MB/s
[    1.634815] raid6: sse2x2   11035 MB/s
[    1.651806] raid6: sse2x4   12937 MB/s
[    1.651808] raid6: using algorithm sse2x4 (12937 MB/s)
[    1.651809] raid6: using ssse3x2 recovery algorithm
[    1.651880] usb 6-1.2: new low-speed USB device number 4 using ehci-pci
[    1.652343] random: nonblocking pool is initialized
[    1.653391] xor: automatically using best checksumming function:
[    1.657512] [drm] radeon kernel modesetting enabled.
[    1.658148] checking generic (e0000000 1d5000) vs hw (e0000000 10000000)
[    1.658149] fb: switching to radeondrmfb from EFI VGA
[    1.658166] Console: switching to colour dummy device 80x25
[    1.658471] [drm] initializing kernel modesetting (BARTS 0x1002:0x6738 0x1787:0x2010).
[    1.658481] [drm] register mmio base: 0xF7E20000
[    1.658483] [drm] register mmio size: 131072
[    1.658516] ATOM BIOS: BARTS
[    1.658645] radeon 0000:01:00.0: VRAM: 1024M 0x0000000000000000 - 0x000000003FFFFFFF (1024M used)
[    1.658646] radeon 0000:01:00.0: GTT: 1024M 0x0000000040000000 - 0x000000007FFFFFFF
[    1.658647] [drm] Detected VRAM RAM=1024M, BAR=256M
[    1.658648] [drm] RAM width 256bits DDR
[    1.658688] [TTM] Zone  kernel: Available graphics memory: 8198814 kiB
[    1.658688] [TTM] Zone   dma32: Available graphics memory: 2097152 kiB
[    1.658689] [TTM] Initializing pool allocator
[    1.658693] [TTM] Initializing DMA pool allocator
[    1.658706] [drm] radeon: 1024M of VRAM memory ready
[    1.658707] [drm] radeon: 1024M of GTT memory ready.
[    1.658714] [drm] Loading BARTS Microcode
[    1.658777] [drm] Internal thermal controller with fan control
[    1.662801]    avx       : 25744.000 MB/sec
[    1.663689] [drm] radeon: dpm initialized
[    1.663762] [drm] GART: num cpu pages 262144, num gpu pages 262144
[    1.664280] [drm] enabling PCIE gen 2 link speeds, disable with radeon.pcie_gen2=0
[    1.677556] [drm] PCIE GART of 1024M enabled (table at 0x0000000000274000).
[    1.677666] radeon 0000:01:00.0: WB enabled
[    1.677668] radeon 0000:01:00.0: fence driver on ring 0 use gpu addr 0x0000000040000c00 and cpu addr 0xffff88003eb27c00
[    1.677670] radeon 0000:01:00.0: fence driver on ring 3 use gpu addr 0x0000000040000c0c and cpu addr 0xffff88003eb27c0c
[    1.679128] radeon 0000:01:00.0: fence driver on ring 5 use gpu addr 0x0000000000072118 and cpu addr 0xffffc90005cb2118
[    1.679129] [drm] Supports vblank timestamp caching Rev 2 (21.10.2013).
[    1.679130] [drm] Driver supports precise vblank timestamp query.
[    1.679131] radeon 0000:01:00.0: radeon: MSI limited to 32-bit
[    1.679157] radeon 0000:01:00.0: radeon: using MSI.
[    1.679185] [drm] radeon: irq initialized.
[    1.680796] tsc: Refined TSC clocksource calibration: 3411.129 MHz
[    1.695673] [drm] ring test on 0 succeeded in 3 usecs
[    1.695683] [drm] ring test on 3 succeeded in 6 usecs
[    1.704685] Btrfs loaded
[    1.706611] BTRFS: device label fedora_xenon devid 1 transid 1065 /dev/sda4
[    1.727401] BTRFS: device label btrfs_raid1 devid 1 transid 121148 /dev/sdb2
[    1.740931] usb 6-1.2: New USB device found, idVendor=093a, idProduct=2510
[    1.740933] usb 6-1.2: New USB device strings: Mfr=1, Product=2, SerialNumber=0
[    1.740934] usb 6-1.2: Product: USB Optical Mouse
[    1.740935] usb 6-1.2: Manufacturer: PixArt
[    1.743183] input: PixArt USB Optical Mouse as /devices/pci0000:00/0000:00:1d.0/usb6/6-1/6-1.2/6-1.2:1.0/0003:093A:2510.0002/input/input4
[    1.743364] hid-generic 0003:093A:2510.0002: input,hidraw1: USB HID v1.11 Mouse [PixArt USB Optical Mouse] on usb-0000:00:1d.0-1.2/input0
[    1.815756] usb 6-1.5: new high-speed USB device number 5 using ehci-pci
[    1.858935] BTRFS: device label btrfs_raid1 devid 2 transid 121148 /dev/sdc2
[    1.872716] [drm] ring test on 5 succeeded in 2 usecs
[    1.872724] [drm] UVD initialized successfully.
[    1.872936] [drm] ib test on ring 0 succeeded in 0 usecs
[    1.872987] [drm] ib test on ring 3 succeeded in 0 usecs
[    1.890457] usb 5-1.1: New USB device found, idVendor=0bda, idProduct=0161
[    1.890459] usb 5-1.1: New USB device strings: Mfr=1, Product=2, SerialNumber=3
[    1.890461] usb 5-1.1: Product: USB2.0-CRW
[    1.890462] usb 5-1.1: Manufacturer: Generic
[    1.890463] usb 5-1.1: SerialNumber: 20070818000000000
[    1.897451] usb-storage 5-1.1:1.1: USB Mass Storage device detected
[    1.897542] scsi host6: usb-storage 5-1.1:1.1
[    1.897590] usbcore: registered new interface driver usb-storage
[    1.899327] usbcore: registered new interface driver uas
[    2.066231] usb 6-1.5: New USB device found, idVendor=046d, idProduct=08c5
[    2.066235] usb 6-1.5: New USB device strings: Mfr=0, Product=0, SerialNumber=0
[    2.139551] usb 6-1.6: new high-speed USB device number 6 using ehci-pci
[    2.225116] usb 6-1.6: New USB device found, idVendor=1a40, idProduct=0101
[    2.225120] usb 6-1.6: New USB device strings: Mfr=0, Product=1, SerialNumber=0
[    2.225122] usb 6-1.6: Product: USB 2.0 Hub
[    2.225409] hub 6-1.6:1.0: USB hub found
[    2.225846] hub 6-1.6:1.0: 4 ports detected
[    2.238713] BTRFS: device label btrfs_raid1 devid 3 transid 121148 /dev/sdd2
[    2.524320] [drm] ib test on ring 5 succeeded
[    2.525429] [drm] Radeon Display Connectors
[    2.525432] [drm] Connector 0:
[    2.525433] [drm]   DP-1
[    2.525435] [drm]   HPD4
[    2.525437] [drm]   DDC: 0x6430 0x6430 0x6434 0x6434 0x6438 0x6438 0x643c 0x643c
[    2.525438] [drm]   Encoders:
[    2.525440] [drm]     DFP1: INTERNAL_UNIPHY2
[    2.525441] [drm] Connector 1:
[    2.525442] [drm]   DP-2
[    2.525444] [drm]   HPD5
[    2.525446] [drm]   DDC: 0x6440 0x6440 0x6444 0x6444 0x6448 0x6448 0x644c 0x644c
[    2.525447] [drm]   Encoders:
[    2.525448] [drm]     DFP2: INTERNAL_UNIPHY2
[    2.525449] [drm] Connector 2:
[    2.525450] [drm]   HDMI-A-1
[    2.525452] [drm]   HPD3
[    2.525453] [drm]   DDC: 0x6460 0x6460 0x6464 0x6464 0x6468 0x6468 0x646c 0x646c
[    2.525455] [drm]   Encoders:
[    2.525456] [drm]     DFP3: INTERNAL_UNIPHY1
[    2.525457] [drm] Connector 3:
[    2.525458] [drm]   DVI-D-1
[    2.525460] [drm]   HPD1
[    2.525461] [drm]   DDC: 0x6480 0x6480 0x6484 0x6484 0x6488 0x6488 0x648c 0x648c
[    2.525463] [drm]   Encoders:
[    2.525464] [drm]     DFP4: INTERNAL_UNIPHY1
[    2.525465] [drm] Connector 4:
[    2.525466] [drm]   DVI-I-1
[    2.525467] [drm]   HPD6
[    2.525469] [drm]   DDC: 0x6470 0x6470 0x6474 0x6474 0x6478 0x6478 0x647c 0x647c
[    2.525470] [drm]   Encoders:
[    2.525472] [drm]     DFP5: INTERNAL_UNIPHY
[    2.525473] [drm]     CRT1: INTERNAL_KLDSCP_DAC1
[    2.568709] [drm] fb mappable at 0xE0475000
[    2.568712] [drm] vram apper at 0xE0000000
[    2.568713] [drm] size 8294400
[    2.568715] [drm] fb depth is 24
[    2.568716] [drm]    pitch is 7680
[    2.568805] fbcon: radeondrmfb (fb0) is primary device
[    2.573290] Console: switching to colour frame buffer device 240x67
[    2.579177] radeon 0000:01:00.0: fb0: radeondrmfb frame buffer device
[    2.579179] radeon 0000:01:00.0: registered panic notifier
[    2.596321] [drm] Initialized radeon 2.41.0 20080528 for 0000:01:00.0 on minor 0
[    2.651046] BTRFS info (device sda4): disk space caching is enabled
[    2.651049] BTRFS: has skinny extents
[    2.657952] BTRFS: detected SSD devices, enabling SSD mode
[    2.696157] Switched to clocksource tsc
[    2.910664] systemd-journald[175]: Received SIGTERM from PID 1 (systemd).
[    2.914309] scsi 6:0:0:0: Direct-Access     Generic- Compact Flash    1.00 PQ: 0 ANSI: 0 CCS
[    2.929845] scsi 6:0:0:1: Direct-Access     Generic- SM/xD-Picture    1.00 PQ: 0 ANSI: 0 CCS
[    2.945318] scsi 6:0:0:2: Direct-Access     Generic- SD/MMC           1.00 PQ: 0 ANSI: 0 CCS
[    2.960803] scsi 6:0:0:3: Direct-Access     Generic- MS/MS-Pro        1.00 PQ: 0 ANSI: 0 CCS
[    2.961147] sd 6:0:0:0: Attached scsi generic sg5 type 0
[    2.961363] sd 6:0:0:1: Attached scsi generic sg6 type 0
[    2.961590] sd 6:0:0:2: Attached scsi generic sg7 type 0
[    2.961772] sd 6:0:0:3: Attached scsi generic sg8 type 0
[    2.965328] SELinux: 2048 avtab hash slots, 104971 rules.
[    2.969384] sd 6:0:0:0: [sde] Attached SCSI removable disk
[    2.970403] sd 6:0:0:1: [sdf] Attached SCSI removable disk
[    2.971380] sd 6:0:0:2: [sdg] Attached SCSI removable disk
[    2.972551] sd 6:0:0:3: [sdh] Attached SCSI removable disk
[    2.987311] SELinux: 2048 avtab hash slots, 104971 rules.
[    3.012592] SELinux:  8 users, 103 roles, 4995 types, 293 bools, 1 sens, 1024 cats
[    3.012595] SELinux:  83 classes, 104971 rules
[    3.016515] SELinux:  Permission audit_read in class capability2 not defined in policy.
[    3.016519] SELinux:  Class binder not defined in policy.
[    3.016520] SELinux: the above unknown classes and permissions will be allowed
[    3.016524] SELinux:  Completing initialization.
[    3.016525] SELinux:  Setting up existing superblocks.
[    3.026288] systemd[1]: Successfully loaded SELinux policy in 77.207ms.
[    3.066657] systemd[1]: Relabelled /dev and /run in 28.795ms.
[    3.093747] systemd-sysv-generator[494]: Overwriting existing symlink /run/systemd/generator.late/netconsole.service with real service
[    3.093799] systemd-sysv-generator[494]: Overwriting existing symlink /run/systemd/generator.late/livesys-late.service with real service
[    3.093983] systemd-sysv-generator[494]: Overwriting existing symlink /run/systemd/generator.late/livesys.service with real service
[    3.094049] systemd-sysv-generator[494]: Overwriting existing symlink /run/systemd/generator.late/network.service with real service
[    3.177324] BTRFS info (device sda4): turning on discard
[    3.177327] BTRFS info (device sda4): disk space caching is enabled
[    3.208158] RPC: Registered named UNIX socket transport module.
[    3.208161] RPC: Registered udp transport module.
[    3.208162] RPC: Registered tcp transport module.
[    3.208163] RPC: Registered tcp NFSv4.1 backchannel transport module.
[    3.271675] Installing knfsd (copyright (C) 1996 okir@monad.swb.de).
[    3.402975] systemd-journald[517]: Received request to flush runtime journal from PID 1
[    3.475226] shpchp: Standard Hot Plug PCI Controller Driver version: 0.4
[    3.475379] wmi: Mapper loaded
[    3.531559] usbcore: registered new interface driver mceusb
[    3.533018] ACPI Warning: SystemIO range 0x000000000000f000-0x000000000000f01f conflicts with OpRegion 0x000000000000f000-0x000000000000f00f (\_SB_.PCI0.SBUS.SMBI) (20150204/utaddress-258)
[    3.533024] ACPI: If an ACPI driver is available for this device, you should use it instead of the native driver
[    3.534092] ACPI Warning: SystemIO range 0x0000000000000428-0x000000000000042f conflicts with OpRegion 0x0000000000000400-0x000000000000047f (\PMIO) (20150204/utaddress-258)
[    3.534098] ACPI: If an ACPI driver is available for this device, you should use it instead of the native driver
[    3.534102] ACPI Warning: SystemIO range 0x0000000000000540-0x000000000000054f conflicts with OpRegion 0x0000000000000500-0x0000000000000563 (\GPIO) (20150204/utaddress-258)
[    3.534106] ACPI: If an ACPI driver is available for this device, you should use it instead of the native driver
[    3.534107] ACPI Warning: SystemIO range 0x0000000000000530-0x000000000000053f conflicts with OpRegion 0x0000000000000500-0x0000000000000563 (\GPIO) (20150204/utaddress-258)
[    3.534110] ACPI: If an ACPI driver is available for this device, you should use it instead of the native driver
