[    0.000000] CPU0 microcode updated early to revision 0xa0b, date = 2010-09-28
[    0.000000] Initializing cgroup subsys cpuset
[    0.000000] Initializing cgroup subsys cpu
[    0.000000] Initializing cgroup subsys cpuacct
[    0.000000] Linux version 4.0.7-300.fc22.x86_64 (mockbuild@bkernel01.phx2.fedoraproject.org) (gcc version 5.1.1 20150618 (Red Hat 5.1.1-4) (GCC) ) #1 SMP Mon Jun 29 22:15:06 UTC 2015
[    0.000000] Command line: BOOT_IMAGE=/vmlinuz-4.0.7-300.fc22.x86_64 root=/dev/mapper/fedora-root ro rd.lvm.lv=fedora/swap rd.md=0 rd.dm=0 rd.luks=0 vconsole.keymap=us rd.lvm.lv=fedora/root rhgb quiet
[    0.000000] e820: BIOS-provided physical RAM map:
[    0.000000] BIOS-e820: [mem 0x0000000000000000-0x000000000009ebff] usable
[    0.000000] BIOS-e820: [mem 0x000000000009ec00-0x000000000009ffff] reserved
[    0.000000] BIOS-e820: [mem 0x00000000000e1000-0x00000000000fffff] reserved
[    0.000000] BIOS-e820: [mem 0x0000000000100000-0x00000000bff9ffff] usable
[    0.000000] BIOS-e820: [mem 0x00000000bffa0000-0x00000000bffaefff] ACPI data
[    0.000000] BIOS-e820: [mem 0x00000000bffaf000-0x00000000bffdffff] ACPI NVS
[    0.000000] BIOS-e820: [mem 0x00000000bffe0000-0x00000000bfffffff] reserved
[    0.000000] BIOS-e820: [mem 0x00000000fee00000-0x00000000fee00fff] reserved
[    0.000000] BIOS-e820: [mem 0x00000000ffb00000-0x00000000ffffffff] reserved
[    0.000000] BIOS-e820: [mem 0x0000000100000000-0x000000013fffffff] usable
[    0.000000] NX (Execute Disable) protection: active
[    0.000000] SMBIOS 2.5 present.
[    0.000000] DMI: ASUSTeK Computer Inc.         N61Vn               /N61Vn     , BIOS 209     11/04/2009
[    0.000000] e820: update [mem 0x00000000-0x00000fff] usable ==> reserved
[    0.000000] e820: remove [mem 0x000a0000-0x000fffff] usable
[    0.000000] e820: last_pfn = 0x140000 max_arch_pfn = 0x400000000
[    0.000000] MTRR default type: uncachable
[    0.000000] MTRR fixed ranges enabled:
[    0.000000]   00000-9FFFF write-back
[    0.000000]   A0000-BFFFF uncachable
[    0.000000]   C0000-CFFFF write-protect
[    0.000000]   D0000-DFFFF uncachable
[    0.000000]   E0000-EFFFF write-through
[    0.000000]   F0000-FFFFF write-protect
[    0.000000] MTRR variable ranges enabled:
[    0.000000]   0 base 000000000 mask F00000000 write-back
[    0.000000]   1 base 100000000 mask FC0000000 write-back
[    0.000000]   2 base 0C0000000 mask FC0000000 uncachable
[    0.000000]   3 disabled
[    0.000000]   4 disabled
[    0.000000]   5 disabled
[    0.000000]   6 disabled
[    0.000000]   7 disabled
[    0.000000] PAT configuration [0-7]: WB  WC  UC- UC  WB  WC  UC- UC  
[    0.000000] e820: update [mem 0xc0000000-0xffffffff] usable ==> reserved
[    0.000000] e820: last_pfn = 0xbffa0 max_arch_pfn = 0x400000000
[    0.000000] found SMP MP-table at [mem 0x000ff780-0x000ff78f] mapped at [ffff8800000ff780]
[    0.000000] Base memory trampoline at [ffff880000098000] 98000 size 24576
[    0.000000] init_memory_mapping: [mem 0x00000000-0x000fffff]
[    0.000000]  [mem 0x00000000-0x000fffff] page 4k
[    0.000000] BRK [0x0201e000, 0x0201efff] PGTABLE
[    0.000000] BRK [0x0201f000, 0x0201ffff] PGTABLE
[    0.000000] BRK [0x02020000, 0x02020fff] PGTABLE
[    0.000000] init_memory_mapping: [mem 0x13fe00000-0x13fffffff]
[    0.000000]  [mem 0x13fe00000-0x13fffffff] page 2M
[    0.000000] BRK [0x02021000, 0x02021fff] PGTABLE
[    0.000000] init_memory_mapping: [mem 0x120000000-0x13fdfffff]
[    0.000000]  [mem 0x120000000-0x13fdfffff] page 2M
[    0.000000] init_memory_mapping: [mem 0x00100000-0xbff9ffff]
[    0.000000]  [mem 0x00100000-0x001fffff] page 4k
[    0.000000]  [mem 0x00200000-0xbfdfffff] page 2M
[    0.000000]  [mem 0xbfe00000-0xbff9ffff] page 4k
[    0.000000] init_memory_mapping: [mem 0x100000000-0x11fffffff]
[    0.000000]  [mem 0x100000000-0x11fffffff] page 2M
[    0.000000] RAMDISK: [mem 0x35cb9000-0x36e54fff]
[    0.000000] ACPI: Early table checksum verification disabled
[    0.000000] ACPI: RSDP 0x00000000000F9440 000024 (v02 _ASUS_)
[    0.000000] ACPI: XSDT 0x00000000BFFA0100 000084 (v01 _ASUS_ XSDT1449 20091104 MSFT 00000097)
[    0.000000] ACPI: FACP 0x00000000BFFA0290 0000F4 (v03 _ASUS_ FACP1449 20091104 MSFT 00000097)
[    0.000000] ACPI BIOS Warning (bug): 32/64X length mismatch in FADT/Gpe0Block: 128/64 (20150204/tbfadt-618)
[    0.000000] ACPI: DSDT 0x00000000BFFA0690 00BDB8 (v01 N61V0  N61V0209 00000209 INTL 20051117)
[    0.000000] ACPI: FACS 0x00000000BFFAF000 000040
[    0.000000] ACPI: APIC 0x00000000BFFA0390 00006C (v01 _ASUS_ APIC1449 20091104 MSFT 00000097)
[    0.000000] ACPI: MCFG 0x00000000BFFA0440 00003C (v01 _ASUS_ OEMMCFG  20091104 MSFT 00000097)
[    0.000000] ACPI: OEMX 0x00000000BFFA0480 000176 (v01 _ASUS_ OEMX1449 20091104 MSFT 00000097)
[    0.000000] ACPI: ECDT 0x00000000BFFA0630 000054 (v01 _ASUS_ OEMECDT  20091104 MSFT 00000097)
[    0.000000] ACPI: DBGP 0x00000000BFFA0400 000034 (v01 _ASUS_ DBGP1449 20091104 MSFT 00000097)
[    0.000000] ACPI: BOOT 0x00000000BFFA0600 000028 (v01 _ASUS_ BOOT1449 20091104 MSFT 00000097)
[    0.000000] ACPI: OEMB 0x00000000BFFAF040 000071 (v01 _ASUS_ OEMB1449 20091104 MSFT 00000097)
[    0.000000] ACPI: HPET 0x00000000BFFAC450 000038 (v01 _ASUS_ OEMHPET  20091104 MSFT 00000097)
[    0.000000] ACPI: DMAR 0x00000000BFFAF0C0 000108 (v01 _ASUS_ DMAR1449 20091104 MSFT 00000097)
[    0.000000] ACPI: ATKG 0x00000000BFFAF3D0 008024 (v01 _ASUS_ OEMATKG  20090603 MSFT 00000097)
[    0.000000] ACPI: SSDT 0x00000000BFFB81A0 000999 (v01 PmRef  CpuPm4   00003000 INTL 20051117)
[    0.000000] ACPI: Local APIC address 0xfee00000
[    0.000000] No NUMA configuration found
[    0.000000] Faking a node at [mem 0x0000000000000000-0x000000013fffffff]
[    0.000000] NODE_DATA(0) allocated [mem 0x13ffe9000-0x13fffcfff]
[    0.000000]  [ffffea0000000000-ffffea0004ffffff] PMD -> [ffff88013b600000-ffff88013f5fffff] on node 0
[    0.000000] Zone ranges:
[    0.000000]   DMA      [mem 0x0000000000001000-0x0000000000ffffff]
[    0.000000]   DMA32    [mem 0x0000000001000000-0x00000000ffffffff]
[    0.000000]   Normal   [mem 0x0000000100000000-0x000000013fffffff]
[    0.000000] Movable zone start for each node
[    0.000000] Early memory node ranges
[    0.000000]   node   0: [mem 0x0000000000001000-0x000000000009dfff]
[    0.000000]   node   0: [mem 0x0000000000100000-0x00000000bff9ffff]
[    0.000000]   node   0: [mem 0x0000000100000000-0x000000013fffffff]
[    0.000000] Initmem setup node 0 [mem 0x0000000000001000-0x000000013fffffff]
[    0.000000] On node 0 totalpages: 1048381
[    0.000000]   DMA zone: 64 pages used for memmap
[    0.000000]   DMA zone: 21 pages reserved
[    0.000000]   DMA zone: 3997 pages, LIFO batch:0
[    0.000000]   DMA32 zone: 12223 pages used for memmap
[    0.000000]   DMA32 zone: 782240 pages, LIFO batch:31
[    0.000000]   Normal zone: 4096 pages used for memmap
[    0.000000]   Normal zone: 262144 pages, LIFO batch:31
[    0.000000] ACPI: PM-Timer IO Port: 0x808
[    0.000000] ACPI: Local APIC address 0xfee00000
[    0.000000] ACPI: LAPIC (acpi_id[0x01] lapic_id[0x00] enabled)
[    0.000000] ACPI: LAPIC (acpi_id[0x02] lapic_id[0x01] enabled)
[    0.000000] ACPI: LAPIC (acpi_id[0x03] lapic_id[0x02] enabled)
[    0.000000] ACPI: LAPIC (acpi_id[0x04] lapic_id[0x03] enabled)
[    0.000000] ACPI: IOAPIC (id[0x04] address[0xfec00000] gsi_base[0])
[    0.000000] IOAPIC[0]: apic_id 4, version 32, address 0xfec00000, GSI 0-23
[    0.000000] ACPI: INT_SRC_OVR (bus 0 bus_irq 0 global_irq 2 dfl dfl)
[    0.000000] ACPI: INT_SRC_OVR (bus 0 bus_irq 9 global_irq 9 high level)
[    0.000000] ACPI: IRQ0 used by override.
[    0.000000] ACPI: IRQ9 used by override.
[    0.000000] Using ACPI (MADT) for SMP configuration information
[    0.000000] ACPI: HPET id: 0x8086a301 base: 0xfed00000
[    0.000000] smpboot: Allowing 4 CPUs, 0 hotplug CPUs
[    0.000000] PM: Registered nosave memory: [mem 0x00000000-0x00000fff]
[    0.000000] PM: Registered nosave memory: [mem 0x0009e000-0x0009efff]
[    0.000000] PM: Registered nosave memory: [mem 0x0009f000-0x0009ffff]
[    0.000000] PM: Registered nosave memory: [mem 0x000a0000-0x000e0fff]
[    0.000000] PM: Registered nosave memory: [mem 0x000e1000-0x000fffff]
[    0.000000] PM: Registered nosave memory: [mem 0xbffa0000-0xbffaefff]
[    0.000000] PM: Registered nosave memory: [mem 0xbffaf000-0xbffdffff]
[    0.000000] PM: Registered nosave memory: [mem 0xbffe0000-0xbfffffff]
[    0.000000] PM: Registered nosave memory: [mem 0xc0000000-0xfedfffff]
[    0.000000] PM: Registered nosave memory: [mem 0xfee00000-0xfee00fff]
[    0.000000] PM: Registered nosave memory: [mem 0xfee01000-0xffafffff]
[    0.000000] PM: Registered nosave memory: [mem 0xffb00000-0xffffffff]
[    0.000000] e820: [mem 0xc0000000-0xfedfffff] available for PCI devices
[    0.000000] Booting paravirtualized kernel on bare hardware
[    0.000000] setup_percpu: NR_CPUS:1024 nr_cpumask_bits:4 nr_cpu_ids:4 nr_node_ids:1
[    0.000000] PERCPU: Embedded 32 pages/cpu @ffff88013fc00000 s91608 r8192 d31272 u524288
[    0.000000] pcpu-alloc: s91608 r8192 d31272 u524288 alloc=1*2097152
[    0.000000] pcpu-alloc: [0] 0 1 2 3 
[    0.000000] Built 1 zonelists in Node order, mobility grouping on.  Total pages: 1031977
[    0.000000] Policy zone: Normal
[    0.000000] Kernel command line: BOOT_IMAGE=/vmlinuz-4.0.7-300.fc22.x86_64 root=/dev/mapper/fedora-root ro rd.lvm.lv=fedora/swap rd.md=0 rd.dm=0 rd.luks=0 vconsole.keymap=us rd.lvm.lv=fedora/root rhgb quiet
[    0.000000] PID hash table entries: 4096 (order: 3, 32768 bytes)
[    0.000000] xsave: enabled xstate_bv 0x3, cntxt size 0x240 using standard form
[    0.000000] Memory: 4026436K/4193524K available (7740K kernel code, 1150K rwdata, 3344K rodata, 1500K init, 1524K bss, 167088K reserved, 0K cma-reserved)
[    0.000000] SLUB: HWalign=64, Order=0-3, MinObjects=0, CPUs=4, Nodes=1
[    0.000000] Hierarchical RCU implementation.
[    0.000000] 	RCU dyntick-idle grace-period acceleration is enabled.
[    0.000000] 	RCU restricting CPUs from NR_CPUS=1024 to nr_cpu_ids=4.
[    0.000000] RCU: Adjusting geometry for rcu_fanout_leaf=16, nr_cpu_ids=4
[    0.000000] NR_IRQS:65792 nr_irqs:456 16
[    0.000000] 	Offload RCU callbacks from all CPUs
[    0.000000] 	Offload RCU callbacks from CPUs: 0-3.
[    0.000000] Console: colour VGA+ 80x25
[    0.000000] console [tty0] enabled
[    0.000000] hpet clockevent registered
[    0.000000] tsc: Fast TSC calibration using PIT
[    0.000000] tsc: Detected 2000.193 MHz processor
[    0.001013] Calibrating delay loop (skipped), value calculated using timer frequency.. 4000.38 BogoMIPS (lpj=2000193)
[    0.001017] pid_max: default: 32768 minimum: 301
[    0.001027] ACPI: Core revision 20150204
[    0.014434] ACPI: All ACPI Tables successfully acquired
[    0.015042] Security Framework initialized
[    0.015053] SELinux:  Initializing.
[    0.015063] SELinux:  Starting in permissive mode
[    0.015064] Yama: becoming mindful.
[    0.016189] Dentry cache hash table entries: 524288 (order: 10, 4194304 bytes)
[    0.018114] Inode-cache hash table entries: 262144 (order: 9, 2097152 bytes)
[    0.019104] Mount-cache hash table entries: 8192 (order: 4, 65536 bytes)
[    0.019114] Mountpoint-cache hash table entries: 8192 (order: 4, 65536 bytes)
[    0.019479] Initializing cgroup subsys blkio
[    0.019485] Initializing cgroup subsys memory
[    0.019498] Initializing cgroup subsys devices
[    0.019502] Initializing cgroup subsys freezer
[    0.019506] Initializing cgroup subsys net_cls
[    0.019510] Initializing cgroup subsys perf_event
[    0.019514] Initializing cgroup subsys net_prio
[    0.019518] Initializing cgroup subsys hugetlb
[    0.019553] CPU: Physical Processor ID: 0
[    0.019555] CPU: Processor Core ID: 0
[    0.019557] mce: CPU supports 6 MCE banks
[    0.019565] CPU0: Thermal monitoring handled by SMI
[    0.019569] process: using mwait in idle threads
[    0.019575] Last level iTLB entries: 4KB 128, 2MB 4, 4MB 4
[    0.019577] Last level dTLB entries: 4KB 256, 2MB 0, 4MB 32, 1GB 0
[    0.019693] Freeing SMP alternatives memory: 28K (ffffffff81e98000 - ffffffff81e9f000)
[    0.021691] ftrace: allocating 27856 entries in 109 pages
[    0.030114] dmar: Host address width 36
[    0.030119] dmar: DRHD base: 0x000000fed90000 flags: 0x0
[    0.030134] dmar: IOMMU 0: reg_base_addr fed90000 ver 1:0 cap c9008020e30260 ecap 1000
[    0.030136] dmar: DRHD base: 0x000000fed93000 flags: 0x1
[    0.030142] dmar: IOMMU 1: reg_base_addr fed93000 ver 1:0 cap c9008020630260 ecap 1000
[    0.030144] dmar: RMRR base: 0x000000000e1000 end: 0x000000000e3fff
[    0.030146] dmar: RMRR base: 0x000000bfff0000 end: 0x000000bfffffff
[    0.030575] ..TIMER: vector=0x30 apic1=0 pin1=2 apic2=-1 pin2=-1
[    0.041000] smpboot: CPU0: Intel(R) Core(TM)2 Quad  CPU   Q9000  @ 2.00GHz (fam: 06, model: 17, stepping: 0a)
[    0.041000] Performance Events: PEBS fmt0+, 4-deep LBR, Core2 events, Intel PMU driver.
[    0.041000] ... version:                2
[    0.041000] ... bit width:              40
[    0.041000] ... generic registers:      2
[    0.041000] ... value mask:             000000ffffffffff
[    0.041000] ... max period:             000000007fffffff
[    0.041000] ... fixed-purpose events:   3
[    0.041000] ... event mask:             0000000700000003
[    0.041267] x86: Booting SMP configuration:
[    0.041270] .... node  #0, CPUs:      #1
[    0.041127] CPU1 microcode updated early to revision 0xa0b, date = 2010-09-28
[    0.041127] CPU1: Thermal monitoring handled by SMI
[    0.054105] NMI watchdog: enabled on all CPUs, permanently consumes one hw-PMU counter.
[    0.054282]  #2
[    0.054125] CPU2 microcode updated early to revision 0xa0b, date = 2010-09-28
[    0.054125] CPU2: Thermal monitoring handled by SMI
[    0.075083]  #3
[    0.074015] CPU3 microcode updated early to revision 0xa0b, date = 2010-09-28
[    0.074015] CPU3: Thermal monitoring handled by SMI
[    0.097015] x86: Booted up 1 node, 4 CPUs
[    0.097021] smpboot: Total of 4 processors activated (16001.54 BogoMIPS)
[    0.098172] devtmpfs: initialized
[    0.103067] PM: Registering ACPI NVS region [mem 0xbffaf000-0xbffdffff] (200704 bytes)
[    0.103214] atomic64_test: passed for x86-64 platform with CX8 and with SSE
[    0.103214] pinctrl core: initialized pinctrl subsystem
[    0.103214] RTC time: 16:41:04, date: 07/03/15
[    0.103251] NET: Registered protocol family 16
[    0.107006] cpuidle: using governor menu
[    0.107125] ACPI FADT declares the system doesn't support PCIe ASPM, so disable it
[    0.107128] ACPI: bus type PCI registered
[    0.107131] acpiphp: ACPI Hot Plug PCI Controller Driver version: 0.5
[    0.107244] PCI: MMCONFIG for domain 0000 [bus 00-ff] at [mem 0xe0000000-0xefffffff] (base 0xe0000000)
[    0.107248] PCI: not using MMCONFIG
[    0.107250] PCI: Using configuration type 1 for base access
[    0.112070] ACPI: Added _OSI(Module Device)
[    0.112073] ACPI: Added _OSI(Processor Device)
[    0.112075] ACPI: Added _OSI(3.0 _SCP Extensions)
[    0.112077] ACPI: Added _OSI(Processor Aggregator Device)
[    0.115058] ACPI : EC: EC description table is found, configuring boot EC
[    0.117339] ACPI: Executed 1 blocks of module-level executable AML code
[    0.119687] [Firmware Bug]: ACPI: BIOS _OSI(Linux) query ignored
[    0.124349] ACPI: Dynamic OEM Table Load:
[    0.124358] ACPI: SSDT 0xFFFF88013A627000 000206 (v01 PmRef  Cpu0Ist  00003000 INTL 20051117)
[    0.125233] ACPI: Dynamic OEM Table Load:
[    0.125242] ACPI: SSDT 0xFFFF88013A468800 000765 (v01 PmRef  Cpu0Cst  00003001 INTL 20051117)
[    0.126166] ACPI: Dynamic OEM Table Load:
[    0.126173] ACPI: SSDT 0xFFFF88013A4CE900 0000CC (v01 PmRef  Cpu1Ist  00003000 INTL 20051117)
[    0.126766] ACPI: Dynamic OEM Table Load:
[    0.126773] ACPI: SSDT 0xFFFF88013A4D5900 000085 (v01 PmRef  Cpu1Cst  00003000 INTL 20051117)
[    0.127495] ACPI: Dynamic OEM Table Load:
[    0.127503] ACPI: SSDT 0xFFFF88013A4CEA00 0000CC (v01 PmRef  Cpu2Ist  00003000 INTL 20051117)
[    0.128098] ACPI: Dynamic OEM Table Load:
[    0.128105] ACPI: SSDT 0xFFFF88013A4D59C0 000085 (v01 PmRef  Cpu2Cst  00003000 INTL 20051117)
[    0.128823] ACPI: Dynamic OEM Table Load:
[    0.128831] ACPI: SSDT 0xFFFF88013A4CEB00 0000CC (v01 PmRef  Cpu3Ist  00003000 INTL 20051117)
[    0.129426] ACPI: Dynamic OEM Table Load:
[    0.129433] ACPI: SSDT 0xFFFF88013A4D5A80 000085 (v01 PmRef  Cpu3Cst  00003000 INTL 20051117)
[    0.130188] ACPI: Interpreter enabled
[    0.130198] ACPI Exception: AE_NOT_FOUND, While evaluating Sleep State [\_S1_] (20150204/hwxface-580)
[    0.130204] ACPI Exception: AE_NOT_FOUND, While evaluating Sleep State [\_S2_] (20150204/hwxface-580)
[    0.130223] ACPI: (supports S0 S3 S4 S5)
[    0.130226] ACPI: Using IOAPIC for interrupt routing
[    0.130264] PCI: MMCONFIG for domain 0000 [bus 00-ff] at [mem 0xe0000000-0xefffffff] (base 0xe0000000)
[    0.131681] PCI: MMCONFIG at [mem 0xe0000000-0xefffffff] reserved in ACPI motherboard resources
[    0.132230] PCI: Using host bridge windows from ACPI; if necessary, use "pci=nocrs" and report a bug
[    0.141433] ACPI: PCI Root Bridge [PCI0] (domain 0000 [bus 00-ff])
[    0.141441] acpi PNP0A08:00: _OSC: OS supports [ExtendedConfig ASPM ClockPM Segments MSI]
[    0.141832] acpi PNP0A08:00: _OSC: OS now controls [PCIeHotplug PME AER PCIeCapability]
[    0.142131] PCI host bridge to bus 0000:00
[    0.142136] pci_bus 0000:00: root bus resource [bus 00-ff]
[    0.142140] pci_bus 0000:00: root bus resource [io  0x0000-0x0cf7 window]
[    0.142142] pci_bus 0000:00: root bus resource [io  0x0d00-0xffff window]
[    0.142145] pci_bus 0000:00: root bus resource [mem 0x000a0000-0x000bffff window]
[    0.142148] pci_bus 0000:00: root bus resource [mem 0x000d0000-0x000dffff window]
[    0.142151] pci_bus 0000:00: root bus resource [mem 0xc0000000-0xffffffff window]
[    0.142163] pci 0000:00:00.0: [8086:2a40] type 00 class 0x060000
[    0.142190] DMAR: Forcing write-buffer flush capability
[    0.142191] DMAR: Disabling IOMMU for graphics on this chipset
[    0.142295] pci 0000:00:01.0: [8086:2a41] type 01 class 0x060400
[    0.142346] pci 0000:00:01.0: PME# supported from D0 D3hot D3cold
[    0.142395] pci 0000:00:01.0: System wakeup disabled by ACPI
[    0.142496] pci 0000:00:1a.0: [8086:2937] type 00 class 0x0c0300
[    0.142562] pci 0000:00:1a.0: reg 0x20: [io  0xbc00-0xbc1f]
[    0.142691] pci 0000:00:1a.0: System wakeup disabled by ACPI
[    0.142758] pci 0000:00:1a.1: [8086:2938] type 00 class 0x0c0300
[    0.142825] pci 0000:00:1a.1: reg 0x20: [io  0xb880-0xb89f]
[    0.142952] pci 0000:00:1a.1: System wakeup disabled by ACPI
[    0.143021] pci 0000:00:1a.2: [8086:2939] type 00 class 0x0c0300
[    0.143088] pci 0000:00:1a.2: reg 0x20: [io  0xb800-0xb81f]
[    0.143216] pci 0000:00:1a.2: System wakeup disabled by ACPI
[    0.143294] pci 0000:00:1a.7: [8086:293c] type 00 class 0x0c0320
[    0.143324] pci 0000:00:1a.7: reg 0x10: [mem 0xfbfffc00-0xfbffffff]
[    0.143455] pci 0000:00:1a.7: PME# supported from D0 D3hot D3cold
[    0.143558] pci 0000:00:1a.7: System wakeup disabled by ACPI
[    0.143633] pci 0000:00:1b.0: [8086:293e] type 00 class 0x040300
[    0.143661] pci 0000:00:1b.0: reg 0x10: [mem 0xfbff8000-0xfbffbfff 64bit]
[    0.143786] pci 0000:00:1b.0: PME# supported from D0 D3hot D3cold
[    0.143843] pci 0000:00:1b.0: System wakeup disabled by ACPI
[    0.143908] pci 0000:00:1c.0: [8086:2940] type 01 class 0x060400
[    0.144031] pci 0000:00:1c.0: PME# supported from D0 D3hot D3cold
[    0.144095] pci 0000:00:1c.0: System wakeup disabled by ACPI
[    0.144162] pci 0000:00:1c.1: [8086:2942] type 01 class 0x060400
[    0.144290] pci 0000:00:1c.1: PME# supported from D0 D3hot D3cold
[    0.144411] pci 0000:00:1c.2: [8086:2944] type 01 class 0x060400
[    0.144540] pci 0000:00:1c.2: PME# supported from D0 D3hot D3cold
[    0.144600] pci 0000:00:1c.2: System wakeup disabled by ACPI
[    0.144667] pci 0000:00:1c.5: [8086:294a] type 01 class 0x060400
[    0.144795] pci 0000:00:1c.5: PME# supported from D0 D3hot D3cold
[    0.144855] pci 0000:00:1c.5: System wakeup disabled by ACPI
[    0.144922] pci 0000:00:1d.0: [8086:2934] type 00 class 0x0c0300
[    0.144988] pci 0000:00:1d.0: reg 0x20: [io  0xb480-0xb49f]
[    0.145121] pci 0000:00:1d.0: System wakeup disabled by ACPI
[    0.145188] pci 0000:00:1d.1: [8086:2935] type 00 class 0x0c0300
[    0.145254] pci 0000:00:1d.1: reg 0x20: [io  0xb400-0xb41f]
[    0.145382] pci 0000:00:1d.1: System wakeup disabled by ACPI
[    0.145450] pci 0000:00:1d.2: [8086:2936] type 00 class 0x0c0300
[    0.145516] pci 0000:00:1d.2: reg 0x20: [io  0xb080-0xb09f]
[    0.145644] pci 0000:00:1d.2: System wakeup disabled by ACPI
[    0.145722] pci 0000:00:1d.7: [8086:293a] type 00 class 0x0c0320
[    0.145752] pci 0000:00:1d.7: reg 0x10: [mem 0xfbfff800-0xfbfffbff]
[    0.145882] pci 0000:00:1d.7: PME# supported from D0 D3hot D3cold
[    0.145988] pci 0000:00:1d.7: System wakeup disabled by ACPI
[    0.146059] pci 0000:00:1e.0: [8086:2448] type 01 class 0x060401
[    0.146177] pci 0000:00:1e.0: System wakeup disabled by ACPI
[    0.146243] pci 0000:00:1f.0: [8086:2919] type 00 class 0x060100
[    0.146487] pci 0000:00:1f.2: [8086:2929] type 00 class 0x010601
[    0.146519] pci 0000:00:1f.2: reg 0x10: [io  0xb000-0xb007]
[    0.146532] pci 0000:00:1f.2: reg 0x14: [io  0xac00-0xac03]
[    0.146545] pci 0000:00:1f.2: reg 0x18: [io  0xa880-0xa887]
[    0.146558] pci 0000:00:1f.2: reg 0x1c: [io  0xa800-0xa803]
[    0.146571] pci 0000:00:1f.2: reg 0x20: [io  0xa480-0xa49f]
[    0.146584] pci 0000:00:1f.2: reg 0x24: [mem 0xfbfff000-0xfbfff7ff]
[    0.146665] pci 0000:00:1f.2: PME# supported from D3hot
[    0.146851] pci 0000:01:00.0: [10de:0a34] type 00 class 0x030000
[    0.146869] pci 0000:01:00.0: reg 0x10: [mem 0xfc000000-0xfcffffff]
[    0.146885] pci 0000:01:00.0: reg 0x14: [mem 0xd0000000-0xdfffffff 64bit pref]
[    0.146901] pci 0000:01:00.0: reg 0x1c: [mem 0xce000000-0xcfffffff 64bit pref]
[    0.146912] pci 0000:01:00.0: reg 0x24: [io  0xcc00-0xcc7f]
[    0.146923] pci 0000:01:00.0: reg 0x30: [mem 0x00000000-0x0007ffff pref]
[    0.147067] pci 0000:01:00.1: [10de:0be2] type 00 class 0x040300
[    0.147084] pci 0000:01:00.1: reg 0x10: [mem 0xfde7c000-0xfde7ffff]
[    0.149020] pci 0000:00:01.0: PCI bridge to [bus 01]
[    0.149025] pci 0000:00:01.0:   bridge window [io  0xc000-0xcfff]
[    0.149029] pci 0000:00:01.0:   bridge window [mem 0xfc000000-0xfdefffff]
[    0.149034] pci 0000:00:01.0:   bridge window [mem 0xce000000-0xdfffffff 64bit pref]
[    0.149124] pci 0000:00:1c.0: PCI bridge to [bus 02]
[    0.149317] pci 0000:03:00.0: [8086:0083] type 00 class 0x028000
[    0.149372] pci 0000:03:00.0: reg 0x10: [mem 0xfdffe000-0xfdffffff 64bit]
[    0.149620] pci 0000:03:00.0: PME# supported from D0 D3hot D3cold
[    0.152048] pci 0000:00:1c.1: PCI bridge to [bus 03]
[    0.152058] pci 0000:00:1c.1:   bridge window [mem 0xfdf00000-0xfdffffff]
[    0.152219] pci 0000:00:1c.2: PCI bridge to [bus 04-05]
[    0.152225] pci 0000:00:1c.2:   bridge window [io  0xd000-0xdfff]
[    0.152231] pci 0000:00:1c.2:   bridge window [mem 0xfe000000-0xfeafffff]
[    0.152240] pci 0000:00:1c.2:   bridge window [mem 0xf8000000-0xfaffffff 64bit pref]
[    0.152365] pci 0000:06:00.0: [1969:1063] type 00 class 0x020000
[    0.152402] pci 0000:06:00.0: reg 0x10: [mem 0xfebc0000-0xfebfffff 64bit]
[    0.152419] pci 0000:06:00.0: reg 0x18: [io  0xec00-0xec7f]
[    0.152579] pci 0000:06:00.0: PME# supported from D0 D1 D2 D3hot D3cold
[    0.152620] pci 0000:06:00.0: System wakeup disabled by ACPI
[    0.155022] pci 0000:00:1c.5: PCI bridge to [bus 06]
[    0.155028] pci 0000:00:1c.5:   bridge window [io  0xe000-0xefff]
[    0.155034] pci 0000:00:1c.5:   bridge window [mem 0xfeb00000-0xfebfffff]
[    0.155145] pci 0000:00:1e.0: PCI bridge to [bus 07] (subtractive decode)
[    0.155161] pci 0000:00:1e.0:   bridge window [io  0x0000-0x0cf7 window] (subtractive decode)
[    0.155164] pci 0000:00:1e.0:   bridge window [io  0x0d00-0xffff window] (subtractive decode)
[    0.155167] pci 0000:00:1e.0:   bridge window [mem 0x000a0000-0x000bffff window] (subtractive decode)
[    0.155170] pci 0000:00:1e.0:   bridge window [mem 0x000d0000-0x000dffff window] (subtractive decode)
[    0.155174] pci 0000:00:1e.0:   bridge window [mem 0xc0000000-0xffffffff window] (subtractive decode)
[    0.155251] acpi PNP0A08:00: Disabling ASPM (FADT indicates it is unsupported)
[    0.156013] ACPI: PCI Interrupt Link [LNKA] (IRQs 3 4 5 6 7 *10 11 12)
[    0.156083] ACPI: PCI Interrupt Link [LNKB] (IRQs 3 4 *5 10 12)
[    0.156149] ACPI: PCI Interrupt Link [LNKC] (IRQs *6)
[    0.156215] ACPI: PCI Interrupt Link [LNKD] (IRQs *3 4 5 7 10 12)
[    0.156282] ACPI: PCI Interrupt Link [LNKE] (IRQs 6) *0, disabled.
[    0.156346] ACPI: PCI Interrupt Link [LNKF] (IRQs 3 4 5 6 *7 10 12)
[    0.156413] ACPI: PCI Interrupt Link [LNKG] (IRQs 3 *4 5 6 7 10 12)
[    0.156479] ACPI: PCI Interrupt Link [LNKH] (IRQs 3 4 5 6 7 *10 12)
[    0.156669] ACPI: Enabled 4 GPEs in block 00 to 3F
[    0.156765] ACPI : EC: GPE = 0x1b, I/O: command/status = 0x66, data = 0x62
[    0.157022] vgaarb: setting as boot device: PCI:0000:01:00.0
[    0.157022] vgaarb: device added: PCI:0000:01:00.0,decodes=io+mem,owns=io+mem,locks=none
[    0.157024] vgaarb: loaded
[    0.157026] vgaarb: bridge control possible 0000:01:00.0
[    0.157060] SCSI subsystem initialized
[    0.157084] libata version 3.00 loaded.
[    0.157084] ACPI: bus type USB registered
[    0.157093] usbcore: registered new interface driver usbfs
[    0.157108] usbcore: registered new interface driver hub
[    0.157132] usbcore: registered new device driver usb
[    0.157192] PCI: Using ACPI for IRQ routing
[    0.168140] PCI: pci_cache_line_size set to 64 bytes
[    0.168218] e820: reserve RAM buffer [mem 0x0009ec00-0x0009ffff]
[    0.168221] e820: reserve RAM buffer [mem 0xbffa0000-0xbfffffff]
[    0.168384] NetLabel: Initializing
[    0.168387] NetLabel:  domain hash size = 128
[    0.168388] NetLabel:  protocols = UNLABELED CIPSOv4
[    0.168410] NetLabel:  unlabeled traffic allowed by default
[    0.168490] HPET: 4 timers in total, 0 timers will be used for per-cpu timer
[    0.168497] hpet0: at MMIO 0xfed00000, IRQs 2, 8, 0, 0
[    0.168502] hpet0: 4 comparators, 64-bit 14.318180 MHz counter
[    0.171038] Switched to clocksource hpet
[    0.181866] pnp: PnP ACPI init
[    0.181997] system 00:00: [mem 0xfed10000-0xfed19fff] has been reserved
[    0.182014] system 00:00: Plug and Play ACPI device, IDs PNP0c02 (active)
[    0.182110] pnp 00:01: Plug and Play ACPI device, IDs PNP0b00 (active)
[    0.182181] pnp 00:02: Plug and Play ACPI device, IDs PNP0303 PNP030b (active)
[    0.182266] pnp 00:03: Plug and Play ACPI device, IDs SYN0a06 SYN0a00 SYN0002 PNP0f03 PNP0f13 PNP0f12 (active)
[    0.182500] system 00:04: [io  0x04d0-0x04d1] has been reserved
[    0.182504] system 00:04: [io  0x0800-0x087f] could not be reserved
[    0.182507] system 00:04: [io  0x0400-0x041f] has been reserved
[    0.182510] system 00:04: [io  0x0500-0x057f] has been reserved
[    0.182514] system 00:04: [mem 0xfbffec00-0xfbffecff window] has been reserved
[    0.182517] system 00:04: [mem 0xfed1c000-0xfed1ffff] has been reserved
[    0.182520] system 00:04: [mem 0xfed20000-0xfed3ffff] has been reserved
[    0.182523] system 00:04: [mem 0xfed45000-0xfed89fff] has been reserved
[    0.182527] system 00:04: [mem 0xfed90000-0xfed90fff] could not be reserved
[    0.182530] system 00:04: [mem 0xfed91000-0xfed91fff] has been reserved
[    0.182533] system 00:04: [mem 0xfed92000-0xfed92fff] has been reserved
[    0.182537] system 00:04: [mem 0xfed93000-0xfed93fff] could not be reserved
[    0.182540] system 00:04: [mem 0xffb00000-0xffbfffff] has been reserved
[    0.182543] system 00:04: [mem 0xfff00000-0xffffffff] has been reserved
[    0.182547] system 00:04: Plug and Play ACPI device, IDs PNP0c02 (active)
[    0.182683] system 00:05: [mem 0xffa00000-0xffbfffff] could not be reserved
[    0.182687] system 00:05: [mem 0xffe00000-0xffffffff] could not be reserved
[    0.182691] system 00:05: Plug and Play ACPI device, IDs PNP0c02 (active)
[    0.182783] system 00:06: [mem 0xffc00000-0xffdfffff] has been reserved
[    0.182787] system 00:06: Plug and Play ACPI device, IDs PNP0c02 (active)
[    0.182889] system 00:07: [io  0x0250-0x0253] has been reserved
[    0.182893] system 00:07: [io  0x0256-0x025f] has been reserved
[    0.182897] system 00:07: [mem 0xfec00000-0xfec00fff] could not be reserved
[    0.182900] system 00:07: [mem 0xfee00000-0xfee00fff] has been reserved
[    0.182903] system 00:07: [mem 0xfec10000-0xfec17fff] has been reserved
[    0.182909] system 00:07: [mem 0xfec18000-0xfec1ffff] has been reserved
[    0.182912] system 00:07: [mem 0xfec20000-0xfec27fff] has been reserved
[    0.182915] system 00:07: [mem 0xfec38000-0xfec3ffff] has been reserved
[    0.182919] system 00:07: Plug and Play ACPI device, IDs PNP0c02 (active)
[    0.183044] system 00:08: [mem 0xe0000000-0xefffffff] has been reserved
[    0.183049] system 00:08: Plug and Play ACPI device, IDs PNP0c02 (active)
[    0.183424] system 00:09: [mem 0x00000000-0x0009ffff] could not be reserved
[    0.183428] system 00:09: [mem 0x000c0000-0x000cffff] could not be reserved
[    0.183431] system 00:09: [mem 0x000e0000-0x000fffff] could not be reserved
[    0.183435] system 00:09: [mem 0x00100000-0xbfffffff] could not be reserved
[    0.183439] system 00:09: Plug and Play ACPI device, IDs PNP0c01 (active)
[    0.183595] pnp: PnP ACPI: found 10 devices
[    0.191781] pci 0000:00:1c.5: bridge window [mem 0x00100000-0x000fffff 64bit pref] to [bus 06] add_size 200000
[    0.191798] pci 0000:00:1c.5: res[15]=[mem 0x00100000-0x000fffff 64bit pref] get_res_add_size add_size 200000
[    0.191808] pci 0000:00:1c.5: BAR 15: assigned [mem 0xc0000000-0xc01fffff 64bit pref]
[    0.191813] pci 0000:01:00.0: BAR 6: assigned [mem 0xfd000000-0xfd07ffff pref]
[    0.191817] pci 0000:00:01.0: PCI bridge to [bus 01]
[    0.191820] pci 0000:00:01.0:   bridge window [io  0xc000-0xcfff]
[    0.191825] pci 0000:00:01.0:   bridge window [mem 0xfc000000-0xfdefffff]
[    0.191829] pci 0000:00:01.0:   bridge window [mem 0xce000000-0xdfffffff 64bit pref]
[    0.191834] pci 0000:00:1c.0: PCI bridge to [bus 02]
[    0.191851] pci 0000:00:1c.1: PCI bridge to [bus 03]
[    0.191858] pci 0000:00:1c.1:   bridge window [mem 0xfdf00000-0xfdffffff]
[    0.191870] pci 0000:00:1c.2: PCI bridge to [bus 04-05]
[    0.191874] pci 0000:00:1c.2:   bridge window [io  0xd000-0xdfff]
[    0.191881] pci 0000:00:1c.2:   bridge window [mem 0xfe000000-0xfeafffff]
[    0.191887] pci 0000:00:1c.2:   bridge window [mem 0xf8000000-0xfaffffff 64bit pref]
[    0.191896] pci 0000:00:1c.5: PCI bridge to [bus 06]
[    0.191900] pci 0000:00:1c.5:   bridge window [io  0xe000-0xefff]
[    0.191907] pci 0000:00:1c.5:   bridge window [mem 0xfeb00000-0xfebfffff]
[    0.191913] pci 0000:00:1c.5:   bridge window [mem 0xc0000000-0xc01fffff 64bit pref]
[    0.191921] pci 0000:00:1e.0: PCI bridge to [bus 07]
[    0.191938] pci_bus 0000:00: resource 4 [io  0x0000-0x0cf7 window]
[    0.191941] pci_bus 0000:00: resource 5 [io  0x0d00-0xffff window]
[    0.191944] pci_bus 0000:00: resource 6 [mem 0x000a0000-0x000bffff window]
[    0.191947] pci_bus 0000:00: resource 7 [mem 0x000d0000-0x000dffff window]
[    0.191950] pci_bus 0000:00: resource 8 [mem 0xc0000000-0xffffffff window]
[    0.191953] pci_bus 0000:01: resource 0 [io  0xc000-0xcfff]
[    0.191955] pci_bus 0000:01: resource 1 [mem 0xfc000000-0xfdefffff]
[    0.191958] pci_bus 0000:01: resource 2 [mem 0xce000000-0xdfffffff 64bit pref]
[    0.191961] pci_bus 0000:03: resource 1 [mem 0xfdf00000-0xfdffffff]
[    0.191964] pci_bus 0000:04: resource 0 [io  0xd000-0xdfff]
[    0.191967] pci_bus 0000:04: resource 1 [mem 0xfe000000-0xfeafffff]
[    0.191970] pci_bus 0000:04: resource 2 [mem 0xf8000000-0xfaffffff 64bit pref]
[    0.191973] pci_bus 0000:06: resource 0 [io  0xe000-0xefff]
[    0.191976] pci_bus 0000:06: resource 1 [mem 0xfeb00000-0xfebfffff]
[    0.191978] pci_bus 0000:06: resource 2 [mem 0xc0000000-0xc01fffff 64bit pref]
[    0.191981] pci_bus 0000:07: resource 4 [io  0x0000-0x0cf7 window]
[    0.191984] pci_bus 0000:07: resource 5 [io  0x0d00-0xffff window]
[    0.191987] pci_bus 0000:07: resource 6 [mem 0x000a0000-0x000bffff window]
[    0.191990] pci_bus 0000:07: resource 7 [mem 0x000d0000-0x000dffff window]
[    0.191993] pci_bus 0000:07: resource 8 [mem 0xc0000000-0xffffffff window]
[    0.192053] NET: Registered protocol family 2
[    0.192310] TCP established hash table entries: 32768 (order: 6, 262144 bytes)
[    0.192460] TCP bind hash table entries: 32768 (order: 7, 524288 bytes)
[    0.192645] TCP: Hash tables configured (established 32768 bind 32768)
[    0.192689] TCP: reno registered
[    0.192698] UDP hash table entries: 2048 (order: 4, 65536 bytes)
[    0.192733] UDP-Lite hash table entries: 2048 (order: 4, 65536 bytes)
[    0.192815] NET: Registered protocol family 1
[    0.193962] pci 0000:01:00.0: Video device with shadowed ROM
[    0.193983] PCI: CLS 32 bytes, default 64
[    0.194070] Unpacking initramfs...
[    0.593821] Freeing initrd memory: 18032K (ffff880035cb9000 - ffff880036e55000)
[    0.593920] PCI-DMA: Using software bounce buffering for IO (SWIOTLB)
[    0.593927] software IO TLB [mem 0xbbfa0000-0xbffa0000] (64MB) mapped at [ffff8800bbfa0000-ffff8800bff9ffff]
[    0.594031] Simple Boot Flag at 0x51 set to 0x1
[    0.594326] microcode: CPU0 sig=0x1067a, pf=0x20, revision=0xa0b
[    0.594337] microcode: CPU1 sig=0x1067a, pf=0x20, revision=0xa0b
[    0.594347] microcode: CPU2 sig=0x1067a, pf=0x20, revision=0xa0b
[    0.594358] microcode: CPU3 sig=0x1067a, pf=0x20, revision=0xa0b
[    0.594427] microcode: Microcode Update Driver: v2.00 <tigran@aivazian.fsnet.co.uk>, Peter Oruba
[    0.595482] futex hash table entries: 1024 (order: 4, 65536 bytes)
[    0.595509] Initialise system trusted keyring
[    0.595541] audit: initializing netlink subsys (disabled)
[    0.595571] audit: type=2000 audit(1435941664.594:1): initialized
[    0.596079] HugeTLB registered 2 MB page size, pre-allocated 0 pages
[    0.599124] zpool: loaded
[    0.599127] zbud: loaded
[    0.599352] VFS: Disk quotas dquot_6.5.2
[    0.599417] VFS: Dquot-cache hash table entries: 512 (order 0, 4096 bytes)
[    0.600160] Key type big_key registered
[    0.600165] SELinux:  Registering netfilter hooks
[    0.601696] alg: No test for stdrng (krng)
[    0.601711] NET: Registered protocol family 38
[    0.601721] Key type asymmetric registered
[    0.601725] Asymmetric key parser 'x509' registered
[    0.601790] Block layer SCSI generic (bsg) driver version 0.4 loaded (major 252)
[    0.601858] io scheduler noop registered
[    0.601863] io scheduler deadline registered
[    0.601930] io scheduler cfq registered (default)
[    0.603309] pcieport 0000:00:01.0: Signaling PME through PCIe PME interrupt
[    0.603313] pci 0000:01:00.0: Signaling PME through PCIe PME interrupt
[    0.603316] pci 0000:01:00.1: Signaling PME through PCIe PME interrupt
[    0.603321] pcie_pme 0000:00:01.0:pcie01: service driver pcie_pme loaded
[    0.603351] pcieport 0000:00:1c.0: Signaling PME through PCIe PME interrupt
[    0.603358] pcie_pme 0000:00:1c.0:pcie01: service driver pcie_pme loaded
[    0.603388] pcieport 0000:00:1c.1: Signaling PME through PCIe PME interrupt
[    0.603392] pci 0000:03:00.0: Signaling PME through PCIe PME interrupt
[    0.603398] pcie_pme 0000:00:1c.1:pcie01: service driver pcie_pme loaded
[    0.603426] pcieport 0000:00:1c.2: Signaling PME through PCIe PME interrupt
[    0.603433] pcie_pme 0000:00:1c.2:pcie01: service driver pcie_pme loaded
[    0.603462] pcieport 0000:00:1c.5: Signaling PME through PCIe PME interrupt
[    0.603465] pci 0000:06:00.0: Signaling PME through PCIe PME interrupt
[    0.603471] pcie_pme 0000:00:1c.5:pcie01: service driver pcie_pme loaded
[    0.603483] pci_hotplug: PCI Hot Plug PCI Core version: 0.5
[    0.603538] pciehp: Using ACPI for slot detection.
[    0.603569] pciehp 0000:00:1c.2:pcie04: Slot #0 AttnBtn- AttnInd- PwrInd- PwrCtrl- MRL- Interlock- NoCompl- LLActRep+
[    0.603612] pciehp 0000:00:1c.2:pcie04: service driver pciehp loaded
[    0.603633] pciehp: PCI Express Hot Plug Controller Driver version: 0.4
[    0.603689] intel_idle: does not run on family 6 model 23
[    0.603845] ACPI: AC Adapter [AC0] (on-line)
[    0.604036] input: Sleep Button as /devices/LNXSYSTM:00/LNXSYBUS:00/PNP0C0E:00/input/input0
[    0.604041] ACPI: Sleep Button [SLPB]
[    0.604114] input: Lid Switch as /devices/LNXSYSTM:00/LNXSYBUS:00/PNP0C0D:00/input/input1
[    0.605298] ACPI: Lid Switch [LID]
[    0.605407] input: Power Button as /devices/LNXSYSTM:00/LNXPWRBN:00/input/input2
[    0.605413] ACPI: Power Button [PWRF]
[    0.605909] Monitor-Mwait will be used to enter C-1 state
[    0.605915] Monitor-Mwait will be used to enter C-3 state
[    0.605927] tsc: Marking TSC unstable due to TSC halts in idle
[    0.605933] ACPI: acpi_idle registered with cpuidle
[    0.611953] thermal LNXTHERM:00: registered as thermal_zone0
[    0.611963] ACPI: Thermal Zone [THRM] (41 C)
[    0.612030] GHES: HEST is not enabled!
[    0.612183] Serial: 8250/16550 driver, 4 ports, IRQ sharing enabled
[    0.612220] ACPI: Battery Slot [BAT0] (battery absent)
[    0.613279] Non-volatile memory driver v1.3
[    0.613360] Linux agpgart interface v0.103
[    0.613706] ahci 0000:00:1f.2: version 3.0
[    0.613889] ahci 0000:00:1f.2: SSS flag set, parallel bus scan disabled
[    0.613928] ahci 0000:00:1f.2: AHCI 0001.0200 32 slots 4 ports 3 Gbps 0x23 impl SATA mode
[    0.613933] ahci 0000:00:1f.2: flags: 64bit ncq sntf stag pm led clo pio slum part ccc ems sxs 
[    0.619176] scsi host0: ahci
[    0.619479] scsi host1: ahci
[    0.619766] scsi host2: ahci
[    0.620039] scsi host3: ahci
[    0.620294] scsi host4: ahci
[    0.620520] scsi host5: ahci
[    0.620605] ata1: SATA max UDMA/133 abar m2048@0xfbfff000 port 0xfbfff100 irq 29
[    0.620609] ata2: SATA max UDMA/133 abar m2048@0xfbfff000 port 0xfbfff180 irq 29
[    0.620611] ata3: DUMMY
[    0.620613] ata4: DUMMY
[    0.620615] ata5: DUMMY
[    0.620618] ata6: SATA max UDMA/133 abar m2048@0xfbfff000 port 0xfbfff380 irq 29
[    0.620747] libphy: Fixed MDIO Bus: probed
[    0.620865] ehci_hcd: USB 2.0 'Enhanced' Host Controller (EHCI) Driver
[    0.620872] ehci-pci: EHCI PCI platform driver
[    0.620998] ehci-pci 0000:00:1a.7: EHCI Host Controller
[    0.621093] ehci-pci 0000:00:1a.7: new USB bus registered, assigned bus number 1
[    0.621119] ehci-pci 0000:00:1a.7: debug port 1
[    0.625027] ehci-pci 0000:00:1a.7: cache line size of 32 is not supported
[    0.625050] ehci-pci 0000:00:1a.7: irq 18, io mem 0xfbfffc00
[    0.631025] ehci-pci 0000:00:1a.7: USB 2.0 started, EHCI 1.00
[    0.631088] usb usb1: New USB device found, idVendor=1d6b, idProduct=0002
[    0.631092] usb usb1: New USB device strings: Mfr=3, Product=2, SerialNumber=1
[    0.631095] usb usb1: Product: EHCI Host Controller
[    0.631099] usb usb1: Manufacturer: Linux 4.0.7-300.fc22.x86_64 ehci_hcd
[    0.631102] usb usb1: SerialNumber: 0000:00:1a.7
[    0.631309] hub 1-0:1.0: USB hub found
[    0.631320] hub 1-0:1.0: 6 ports detected
[    0.632699] ehci-pci 0000:00:1d.7: EHCI Host Controller
[    0.632806] ehci-pci 0000:00:1d.7: new USB bus registered, assigned bus number 2
[    0.632824] ehci-pci 0000:00:1d.7: debug port 1
[    0.636745] ehci-pci 0000:00:1d.7: cache line size of 32 is not supported
[    0.636763] ehci-pci 0000:00:1d.7: irq 23, io mem 0xfbfff800
[    0.642026] ehci-pci 0000:00:1d.7: USB 2.0 started, EHCI 1.00
[    0.642078] usb usb2: New USB device found, idVendor=1d6b, idProduct=0002
[    0.642082] usb usb2: New USB device strings: Mfr=3, Product=2, SerialNumber=1
[    0.642085] usb usb2: Product: EHCI Host Controller
[    0.642088] usb usb2: Manufacturer: Linux 4.0.7-300.fc22.x86_64 ehci_hcd
[    0.642091] usb usb2: SerialNumber: 0000:00:1d.7
[    0.642299] hub 2-0:1.0: USB hub found
[    0.642309] hub 2-0:1.0: 6 ports detected
[    0.643570] ohci_hcd: USB 1.1 'Open' Host Controller (OHCI) Driver
[    0.643578] ohci-pci: OHCI PCI platform driver
[    0.643599] uhci_hcd: USB Universal Host Controller Interface driver
[    0.643707] uhci_hcd 0000:00:1a.0: UHCI Host Controller
[    0.643823] uhci_hcd 0000:00:1a.0: new USB bus registered, assigned bus number 3
[    0.643833] uhci_hcd 0000:00:1a.0: detected 2 ports
[    0.643869] uhci_hcd 0000:00:1a.0: irq 16, io base 0x0000bc00
[    0.643934] usb usb3: New USB device found, idVendor=1d6b, idProduct=0001
[    0.643938] usb usb3: New USB device strings: Mfr=3, Product=2, SerialNumber=1
[    0.643941] usb usb3: Product: UHCI Host Controller
[    0.643944] usb usb3: Manufacturer: Linux 4.0.7-300.fc22.x86_64 uhci_hcd
[    0.643947] usb usb3: SerialNumber: 0000:00:1a.0
[    0.644173] hub 3-0:1.0: USB hub found
[    0.644184] hub 3-0:1.0: 2 ports detected
[    0.644750] uhci_hcd 0000:00:1a.1: UHCI Host Controller
[    0.644856] uhci_hcd 0000:00:1a.1: new USB bus registered, assigned bus number 4
[    0.644865] uhci_hcd 0000:00:1a.1: detected 2 ports
[    0.644903] uhci_hcd 0000:00:1a.1: irq 21, io base 0x0000b880
[    0.644966] usb usb4: New USB device found, idVendor=1d6b, idProduct=0001
[    0.644970] usb usb4: New USB device strings: Mfr=3, Product=2, SerialNumber=1
[    0.644973] usb usb4: Product: UHCI Host Controller
[    0.644976] usb usb4: Manufacturer: Linux 4.0.7-300.fc22.x86_64 uhci_hcd
[    0.644979] usb usb4: SerialNumber: 0000:00:1a.1
[    0.645173] hub 4-0:1.0: USB hub found
[    0.645183] hub 4-0:1.0: 2 ports detected
[    0.645741] uhci_hcd 0000:00:1a.2: UHCI Host Controller
[    0.645834] uhci_hcd 0000:00:1a.2: new USB bus registered, assigned bus number 5
[    0.645843] uhci_hcd 0000:00:1a.2: detected 2 ports
[    0.645879] uhci_hcd 0000:00:1a.2: irq 19, io base 0x0000b800
[    0.645945] usb usb5: New USB device found, idVendor=1d6b, idProduct=0001
[    0.645949] usb usb5: New USB device strings: Mfr=3, Product=2, SerialNumber=1
[    0.645952] usb usb5: Product: UHCI Host Controller
[    0.645955] usb usb5: Manufacturer: Linux 4.0.7-300.fc22.x86_64 uhci_hcd
[    0.645958] usb usb5: SerialNumber: 0000:00:1a.2
[    0.646170] hub 5-0:1.0: USB hub found
[    0.646181] hub 5-0:1.0: 2 ports detected
[    0.646737] uhci_hcd 0000:00:1d.0: UHCI Host Controller
[    0.646827] uhci_hcd 0000:00:1d.0: new USB bus registered, assigned bus number 6
[    0.646837] uhci_hcd 0000:00:1d.0: detected 2 ports
[    0.646861] uhci_hcd 0000:00:1d.0: irq 23, io base 0x0000b480
[    0.646928] usb usb6: New USB device found, idVendor=1d6b, idProduct=0001
[    0.646932] usb usb6: New USB device strings: Mfr=3, Product=2, SerialNumber=1
[    0.646936] usb usb6: Product: UHCI Host Controller
[    0.646939] usb usb6: Manufacturer: Linux 4.0.7-300.fc22.x86_64 uhci_hcd
[    0.646942] usb usb6: SerialNumber: 0000:00:1d.0
[    0.647159] hub 6-0:1.0: USB hub found
[    0.647169] hub 6-0:1.0: 2 ports detected
[    0.647733] uhci_hcd 0000:00:1d.1: UHCI Host Controller
[    0.647822] uhci_hcd 0000:00:1d.1: new USB bus registered, assigned bus number 7
[    0.647832] uhci_hcd 0000:00:1d.1: detected 2 ports
[    0.647856] uhci_hcd 0000:00:1d.1: irq 19, io base 0x0000b400
[    0.647918] usb usb7: New USB device found, idVendor=1d6b, idProduct=0001
[    0.647922] usb usb7: New USB device strings: Mfr=3, Product=2, SerialNumber=1
[    0.647925] usb usb7: Product: UHCI Host Controller
[    0.647929] usb usb7: Manufacturer: Linux 4.0.7-300.fc22.x86_64 uhci_hcd
[    0.647932] usb usb7: SerialNumber: 0000:00:1d.1
[    0.648148] hub 7-0:1.0: USB hub found
[    0.648159] hub 7-0:1.0: 2 ports detected
[    0.648721] uhci_hcd 0000:00:1d.2: UHCI Host Controller
[    0.648821] uhci_hcd 0000:00:1d.2: new USB bus registered, assigned bus number 8
[    0.648831] uhci_hcd 0000:00:1d.2: detected 2 ports
[    0.648855] uhci_hcd 0000:00:1d.2: irq 18, io base 0x0000b080
[    0.648917] usb usb8: New USB device found, idVendor=1d6b, idProduct=0001
[    0.648921] usb usb8: New USB device strings: Mfr=3, Product=2, SerialNumber=1
[    0.648924] usb usb8: Product: UHCI Host Controller
[    0.648928] usb usb8: Manufacturer: Linux 4.0.7-300.fc22.x86_64 uhci_hcd
[    0.648931] usb usb8: SerialNumber: 0000:00:1d.2
[    0.649135] hub 8-0:1.0: USB hub found
[    0.649145] hub 8-0:1.0: 2 ports detected
[    0.649693] usbcore: registered new interface driver usbserial
[    0.649707] usbcore: registered new interface driver usbserial_generic
[    0.649719] usbserial: USB Serial support registered for generic
[    0.649786] i8042: PNP: PS/2 Controller [PNP0303:PS2K,PNP0f03:PS2M] at 0x60,0x64 irq 1,12
[    0.653039] i8042: Detected active multiplexing controller, rev 1.1
[    0.655682] serio: i8042 KBD port at 0x60,0x64 irq 1
[    0.655689] serio: i8042 AUX0 port at 0x60,0x64 irq 12
[    0.655737] serio: i8042 AUX1 port at 0x60,0x64 irq 12
[    0.655777] serio: i8042 AUX2 port at 0x60,0x64 irq 12
[    0.655820] serio: i8042 AUX3 port at 0x60,0x64 irq 12
[    0.656014] mousedev: PS/2 mouse device common for all mice
[    0.656439] rtc_cmos 00:01: RTC can wake from S4
[    0.656667] rtc_cmos 00:01: rtc core: registered rtc_cmos as rtc0
[    0.656703] rtc_cmos 00:01: alarms up to one month, y3k, 114 bytes nvram, hpet irqs
[    0.656786] device-mapper: uevent: version 1.0.3
[    0.656927] device-mapper: ioctl: 4.30.0-ioctl (2014-12-22) initialised: dm-devel@redhat.com
[    0.657465] hidraw: raw HID events driver (C) Jiri Kosina
[    0.657661] usbcore: registered new interface driver usbhid
[    0.657664] usbhid: USB HID core driver
[    0.657784] drop_monitor: Initializing network drop monitor service
[    0.657894] ip_tables: (C) 2000-2006 Netfilter Core Team
[    0.658020] TCP: cubic registered
[    0.658029] Initializing XFRM netlink socket
[    0.658228] NET: Registered protocol family 10
[    0.658618] mip6: Mobile IPv6
[    0.658624] NET: Registered protocol family 17
[    0.659326] Loading compiled-in X.509 certificates
[    0.661158] Loaded X.509 cert 'Fedora kernel signing key: a47575a178c9d00a59d12ce6378ca27b1876b074'
[    0.661182] registered taskstats version 1
[    0.661975]   Magic number: 7:61:691
[    0.662161] rtc_cmos 00:01: setting system clock to 2015-07-03 16:41:05 UTC (1435941665)
[    0.662239] PM: Hibernation image not present or could not be loaded.
[    0.697478] input: AT Translated Set 2 keyboard as /devices/platform/i8042/serio0/input/input3
[    0.925038] ata1: SATA link up 3.0 Gbps (SStatus 123 SControl 300)
[    0.926218] ata1.00: ACPI cmd f5/00:00:00:00:00:a0 (SECURITY FREEZE LOCK) filtered out
[    0.926505] ata1.00: ACPI cmd ef/10:06:00:00:00:a0 (SET FEATURES) succeeded
[    0.926511] ata1.00: ACPI cmd ef/10:03:00:00:00:a0 (SET FEATURES) filtered out
[    0.934147] usb 1-1: new high-speed USB device number 2 using ehci-pci
[    0.969541] ata1.00: ATA-8: ST9500325AS, 0002SDM1, max UDMA/133
[    0.969545] ata1.00: 976773168 sectors, multi 16: LBA48 NCQ (depth 31/32)
[    0.971627] ata1.00: ACPI cmd f5/00:00:00:00:00:a0 (SECURITY FREEZE LOCK) filtered out
[    0.972040] ata1.00: ACPI cmd ef/10:06:00:00:00:a0 (SET FEATURES) succeeded
[    0.972045] ata1.00: ACPI cmd ef/10:03:00:00:00:a0 (SET FEATURES) filtered out
[    0.974068] ata1.00: configured for UDMA/133
[    0.974286] scsi 0:0:0:0: Direct-Access     ATA      ST9500325AS      SDM1 PQ: 0 ANSI: 5
[    0.974642] sd 0:0:0:0: Attached scsi generic sg0 type 0
[    0.974767] sd 0:0:0:0: [sda] 976773168 512-byte logical blocks: (500 GB/465 GiB)
[    0.974827] sd 0:0:0:0: [sda] Write Protect is off
[    0.974832] sd 0:0:0:0: [sda] Mode Sense: 00 3a 00 00
[    0.974859] sd 0:0:0:0: [sda] Write cache: enabled, read cache: enabled, doesn't support DPO or FUA
[    1.011386]  sda: sda1 sda2 sda3 sda4 < sda5 >
[    1.012159] sd 0:0:0:0: [sda] Attached SCSI disk
[    1.071064] usb 6-2: new low-speed USB device number 2 using uhci_hcd
[    1.093414] usb 1-1: New USB device found, idVendor=064e, idProduct=a116
[    1.093418] usb 1-1: New USB device strings: Mfr=2, Product=1, SerialNumber=3
[    1.093421] usb 1-1: Product: USB2.0 UVC 1.3M WebCam
[    1.093424] usb 1-1: Manufacturer: SuYin
[    1.093427] usb 1-1: SerialNumber: CN1316-S30B-MI033-VS-R03.02.04
[    1.233201] usb 6-2: New USB device found, idVendor=046d, idProduct=c062
[    1.233205] usb 6-2: New USB device strings: Mfr=1, Product=2, SerialNumber=0
[    1.233208] usb 6-2: Product: USB Laser Mouse
[    1.233211] usb 6-2: Manufacturer: Logitech
[    1.251885] input: Logitech USB Laser Mouse as /devices/pci0000:00/0000:00:1d.0/usb6/6-2/6-2:1.0/0003:046D:C062.0001/input/input12
[    1.252186] hid-generic 0003:046D:C062.0001: input,hidraw0: USB HID v1.10 Mouse [Logitech USB Laser Mouse] on usb-0000:00:1d.0-2/input0
[    1.279161] ata2: SATA link up 1.5 Gbps (SStatus 113 SControl 300)
[    1.281577] ata2.00: ACPI cmd ef/10:06:00:00:00:a0 (SET FEATURES) succeeded
[    1.283496] ata2.00: ATAPI: MATSHITADVD-RAM UJ870BJ, 1.02, max UDMA/33
[    1.286468] ata2.00: ACPI cmd ef/10:06:00:00:00:a0 (SET FEATURES) succeeded
[    1.288393] ata2.00: configured for UDMA/33
[    1.294146] scsi 1:0:0:0: CD-ROM            MATSHITA DVD-RAM UJ870BJ  1.02 PQ: 0 ANSI: 5
[    1.316998] sr 1:0:0:0: [sr0] scsi3-mmc drive: 24x/24x writer dvd-ram cd/rw xa/form2 cdda tray
[    1.317021] cdrom: Uniform CD-ROM driver Revision: 3.20
[    1.317252] sr 1:0:0:0: Attached scsi CD-ROM sr0
[    1.317376] sr 1:0:0:0: Attached scsi generic sg1 type 5
[    1.371122] usb 5-1: new full-speed USB device number 2 using uhci_hcd
[    1.622158] ata6: SATA link down (SStatus 0 SControl 300)
[    1.622941] Freeing unused kernel memory: 1500K (ffffffff81d21000 - ffffffff81e98000)
[    1.622944] Write protecting the kernel read-only data: 12288k
[    1.623455] Freeing unused kernel memory: 440K (ffff880001792000 - ffff880001800000)
[    1.623872] Freeing unused kernel memory: 752K (ffff880001b44000 - ffff880001c00000)
[    1.626959] random: systemd urandom read with 26 bits of entropy available
[    1.628204] systemd[1]: systemd 219 running in system mode. (+PAM +AUDIT +SELINUX +IMA -APPARMOR +SMACK +SYSVINIT +UTMP +LIBCRYPTSETUP +GCRYPT +GNUTLS +ACL +XZ -LZ4 +SECCOMP +BLKID +ELFUTILS +KMOD +IDN)
[    1.628478] systemd[1]: Detected architecture x86-64.
[    1.628484] systemd[1]: Running in initial RAM disk.
[    1.628521] systemd[1]: Set hostname to <localhost.localdomain>.
[    1.678048] systemd[1]: Created slice -.slice.
[    1.678064] systemd[1]: Starting -.slice.
[    1.678123] systemd[1]: Listening on Journal Socket (/dev/log).
[    1.678134] systemd[1]: Starting Journal Socket (/dev/log).
[    1.678182] systemd[1]: Listening on udev Control Socket.
[    1.678194] systemd[1]: Starting udev Control Socket.
[    1.678237] systemd[1]: Listening on Journal Audit Socket.
[    1.678248] systemd[1]: Starting Journal Audit Socket.
[    1.678268] systemd[1]: Reached target Swap.
[    1.678278] systemd[1]: Starting Swap.
[    1.678375] systemd[1]: Created slice System Slice.
[    1.678388] systemd[1]: Starting System Slice.
[    1.678409] systemd[1]: Reached target Local File Systems.
[    1.678420] systemd[1]: Starting Local File Systems.
[    1.678438] systemd[1]: Reached target Timers.
[    1.678448] systemd[1]: Starting Timers.
[    1.678500] systemd[1]: Listening on Journal Socket.
[    1.678513] systemd[1]: Starting Journal Socket.
[    1.678669] systemd[1]: Started Load Kernel Modules.
[    1.679272] systemd[1]: Starting Apply Kernel Variables...
[    1.679948] systemd[1]: Starting Create list of required static device nodes for the current kernel...
[    1.680019] systemd[1]: Started dracut ask for additional cmdline parameters.
[    1.680789] systemd[1]: Starting dracut cmdline hook...
[    1.680870] systemd[1]: Listening on udev Kernel Socket.
[    1.680887] systemd[1]: Starting udev Kernel Socket.
[    1.680921] systemd[1]: Reached target Sockets.
[    1.680933] systemd[1]: Starting Sockets.
[    1.680959] systemd[1]: Reached target Slices.
[    1.680970] systemd[1]: Starting Slices.
[    1.681624] systemd[1]: Starting Setup Virtual Console...
[    1.681779] systemd[1]: Created slice system-systemd\x2dfsck.slice.
[    1.681793] systemd[1]: Starting system-systemd\x2dfsck.slice.
[    1.683328] systemd[1]: Starting Journal Service...
[    1.685139] systemd[1]: Started Apply Kernel Variables.
[    1.686487] systemd[1]: Started Create list of required static device nodes for the current kernel.
[    1.686523] audit: type=1130 audit(1435941666.522:2): pid=1 uid=0 auid=4294967295 ses=4294967295 subj=kernel msg='unit=kmod-static-nodes comm="systemd" exe="/usr/lib/systemd/systemd" hostname=? addr=? terminal=? res=success'
[    1.691382] systemd[1]: Starting Create Static Device Nodes in /dev...
[    1.696241] systemd[1]: Started Create Static Device Nodes in /dev.
[    1.696309] audit: type=1130 audit(1435941666.532:3): pid=1 uid=0 auid=4294967295 ses=4294967295 subj=kernel msg='unit=systemd-tmpfiles-setup-dev comm="systemd" exe="/usr/lib/systemd/systemd" hostname=? addr=? terminal=? res=success'
[    1.729697] systemd[1]: Started Journal Service.
[    1.729805] audit: type=1130 audit(1435941666.565:4): pid=1 uid=0 auid=4294967295 ses=4294967295 subj=kernel msg='unit=systemd-journald comm="systemd" exe="/usr/lib/systemd/systemd" hostname=? addr=? terminal=? res=success'
[    1.804756] audit: type=1130 audit(1435941666.640:5): pid=1 uid=0 auid=4294967295 ses=4294967295 subj=kernel msg='unit=systemd-vconsole-setup comm="systemd" exe="/usr/lib/systemd/systemd" hostname=? addr=? terminal=? res=success'
[    1.829241] audit: type=1130 audit(1435941666.665:6): pid=1 uid=0 auid=4294967295 ses=4294967295 subj=kernel msg='unit=dracut-cmdline comm="systemd" exe="/usr/lib/systemd/systemd" hostname=? addr=? terminal=? res=success'
[    1.875859] audit: type=1130 audit(1435941666.711:7): pid=1 uid=0 auid=4294967295 ses=4294967295 subj=kernel msg='unit=dracut-pre-udev comm="systemd" exe="/usr/lib/systemd/systemd" hostname=? addr=? terminal=? res=success'
[    1.882885] audit: type=1130 audit(1435941666.718:8): pid=1 uid=0 auid=4294967295 ses=4294967295 subj=kernel msg='unit=systemd-udevd comm="systemd" exe="/usr/lib/systemd/systemd" hostname=? addr=? terminal=? res=success'
[    1.916240] audit: type=1130 audit(1435941666.752:9): pid=1 uid=0 auid=4294967295 ses=4294967295 subj=kernel msg='unit=systemd-udev-trigger comm="systemd" exe="/usr/lib/systemd/systemd" hostname=? addr=? terminal=? res=success'
[    1.964593] atl1c 0000:06:00.0: version 1.0.1.1-NAPI
[    1.983586] atl1c 0000:06:00.0 p255p1: renamed from eth0
[    2.106186] usb 5-1: New USB device found, idVendor=0b05, idProduct=1751
[    2.106191] usb 5-1: New USB device strings: Mfr=1, Product=2, SerialNumber=3
[    2.106195] usb 5-1: Product: BT-253
[    2.106197] usb 5-1: Manufacturer: Broadcom Corp
[    2.106200] usb 5-1: SerialNumber: 002243D51015
[    2.419576] audit: type=1130 audit(1435941667.255:10): pid=1 uid=0 auid=4294967295 ses=4294967295 subj=kernel msg='unit=plymouth-start comm="systemd" exe="/usr/lib/systemd/systemd" hostname=? addr=? terminal=? res=success'
[    2.495036] random: nonblocking pool is initialized
[    3.262847] EXT4-fs (dm-1): mounted filesystem with ordered data mode. Opts: (null)
[    3.880991] systemd-journald[129]: Received SIGTERM from PID 1 (systemd).
[    5.970247] SELinux: 2048 avtab hash slots, 106186 rules.
[    5.997885] SELinux: 2048 avtab hash slots, 106186 rules.
[    6.034634] SELinux:  8 users, 104 roles, 5008 types, 296 bools, 1 sens, 1024 cats
[    6.034640] SELinux:  83 classes, 106186 rules
[    6.041734] SELinux:  Permission audit_read in class capability2 not defined in policy.
[    6.041743] SELinux:  Class binder not defined in policy.
[    6.041746] SELinux: the above unknown classes and permissions will be allowed
[    6.041755] SELinux:  Completing initialization.
[    6.041757] SELinux:  Setting up existing superblocks.
[    6.053036] audit_printk_skb: 84 callbacks suppressed
[    6.053041] audit: type=1403 audit(1435941670.889:39): policy loaded auid=4294967295 ses=4294967295
[    6.097191] systemd[1]: Successfully loaded SELinux policy in 352.867ms.
[    6.401841] systemd[1]: Relabelled /dev and /run in 29.532ms.
[    8.404699] systemd-sysv-generator[469]: Overwriting existing symlink /run/systemd/generator.late/openscadad.service with real service
[    8.404772] systemd-sysv-generator[469]: Overwriting existing symlink /run/systemd/generator.late/netconsole.service with real service
[    8.404822] systemd-sysv-generator[469]: Overwriting existing symlink /run/systemd/generator.late/network.service with real service
[   10.538644] audit: type=1130 audit(1435941675.375:40): pid=1 uid=0 auid=4294967295 ses=4294967295 subj=system_u:system_r:init_t:s0 msg='unit=systemd-journald comm="systemd" exe="/usr/lib/systemd/systemd" hostname=? addr=? terminal=? res=success'
[   10.538682] audit: type=1131 audit(1435941675.375:41): pid=1 uid=0 auid=4294967295 ses=4294967295 subj=system_u:system_r:init_t:s0 msg='unit=systemd-journald comm="systemd" exe="/usr/lib/systemd/systemd" hostname=? addr=? terminal=? res=success'
[   10.539364] audit: type=1130 audit(1435941675.376:42): pid=1 uid=0 auid=4294967295 ses=4294967295 subj=system_u:system_r:init_t:s0 msg='unit=initrd-switch-root comm="systemd" exe="/usr/lib/systemd/systemd" hostname=? addr=? terminal=? res=success'
[   10.539392] audit: type=1131 audit(1435941675.376:43): pid=1 uid=0 auid=4294967295 ses=4294967295 subj=system_u:system_r:init_t:s0 msg='unit=initrd-switch-root comm="systemd" exe="/usr/lib/systemd/systemd" hostname=? addr=? terminal=? res=success'
[   10.542489] audit: type=1130 audit(1435941675.379:44): pid=1 uid=0 auid=4294967295 ses=4294967295 subj=system_u:system_r:init_t:s0 msg='unit=systemd-fsck@dev-mapper-fedora\x2droot comm="systemd" exe="/usr/lib/systemd/systemd" hostname=? addr=? terminal=? res=success'
[   10.542521] audit: type=1131 audit(1435941675.379:45): pid=1 uid=0 auid=4294967295 ses=4294967295 subj=system_u:system_r:init_t:s0 msg='unit=systemd-fsck@dev-mapper-fedora\x2droot comm="systemd" exe="/usr/lib/systemd/systemd" hostname=? addr=? terminal=? res=success'
[   10.772329] audit: type=1130 audit(1435941675.609:46): pid=1 uid=0 auid=4294967295 ses=4294967295 subj=system_u:system_r:init_t:s0 msg='unit=systemd-journald comm="systemd" exe="/usr/lib/systemd/systemd" hostname=? addr=? terminal=? res=success'
[   10.772361] audit: type=1131 audit(1435941675.609:47): pid=1 uid=0 auid=4294967295 ses=4294967295 subj=system_u:system_r:init_t:s0 msg='unit=systemd-journald comm="systemd" exe="/usr/lib/systemd/systemd" hostname=? addr=? terminal=? res=success'
[   10.984769] audit: type=1130 audit(1435941675.821:48): pid=1 uid=0 auid=4294967295 ses=4294967295 subj=system_u:system_r:init_t:s0 msg='unit=kmod-static-nodes comm="systemd" exe="/usr/lib/systemd/systemd" hostname=? addr=? terminal=? res=success'
[   12.572961] EXT4-fs (dm-1): re-mounted. Opts: (null)
[   13.065800] RPC: Registered named UNIX socket transport module.
[   13.065805] RPC: Registered udp transport module.
[   13.065807] RPC: Registered tcp transport module.
[   13.065809] RPC: Registered tcp NFSv4.1 backchannel transport module.
[   13.307029] systemd-journald[490]: Received request to flush runtime journal from PID 1
[   13.583314] Installing knfsd (copyright (C) 1996 okir@monad.swb.de).
[   22.913235] audit_printk_skb: 36 callbacks suppressed
[   22.913240] audit: type=1130 audit(1435941687.750:61): pid=1 uid=0 auid=4294967295 ses=4294967295 subj=system_u:system_r:init_t:s0 msg='unit=systemd-journal-flush comm="systemd" exe="/usr/lib/systemd/systemd" hostname=? addr=? terminal=? res=success'
[   23.830699] audit: type=1130 audit(1435941688.667:62): pid=1 uid=0 auid=4294967295 ses=4294967295 subj=system_u:system_r:init_t:s0 msg='unit=systemd-udevd comm="systemd" exe="/usr/lib/systemd/systemd" hostname=? addr=? terminal=? res=success'
[   24.516922] shpchp: Standard Hot Plug PCI Controller Driver version: 0.4
[   24.589400] asus_laptop: Asus Laptop Support version 0.42
[   24.589494] asus_laptop:   N61Vn model detected
[   24.594605] asus_laptop: Backlight controlled by ACPI video driver
[   24.594695] input: Asus Laptop extra buttons as /devices/platform/asus_laptop/input/input13
[   24.816130] ACPI: Video Device [VGA] (multi-head: yes  rom: no  post: no)
[   24.820159] acpi device:39: registered as cooling_device4
[   24.820246] input: Video Bus as /devices/LNXSYSTM:00/LNXSYBUS:00/PNP0A08:00/device:35/LNXVIDEO:00/input/input14
[   24.940665] ACPI Warning: SystemIO range 0x0000000000000828-0x000000000000082F conflicts with OpRegion 0x0000000000000800-0x000000000000084F (\PMIO) (20150204/utaddress-254)
[   24.940674] ACPI: If an ACPI driver is available for this device, you should use it instead of the native driver
[   24.940678] ACPI Warning: SystemIO range 0x0000000000000530-0x000000000000053F conflicts with OpRegion 0x0000000000000500-0x000000000000057F (\GPIO) (20150204/utaddress-254)
[   24.940683] ACPI: If an ACPI driver is available for this device, you should use it instead of the native driver
[   24.940685] ACPI Warning: SystemIO range 0x0000000000000500-0x000000000000052F conflicts with OpRegion 0x0000000000000500-0x000000000000057F (\GPIO) (20150204/utaddress-254)
[   24.940689] ACPI: If an ACPI driver is available for this device, you should use it instead of the native driver
[   24.940691] lpc_ich: Resource conflict(s) found affecting gpio_ich
[   25.009218] snd_hda_intel 0000:01:00.1: Disabling MSI
[   25.009231] snd_hda_intel 0000:01:00.1: Handle VGA-switcheroo audio client
[   25.166207] sound hdaudioC0D0: autoconfig for ALC269: line_outs=1 (0x14/0x0/0x0/0x0/0x0) type:speaker
[   25.166213] sound hdaudioC0D0:    speaker_outs=0 (0x0/0x0/0x0/0x0/0x0)
[   25.166216] sound hdaudioC0D0:    hp_outs=1 (0x15/0x0/0x0/0x0/0x0)
[   25.166219] sound hdaudioC0D0:    mono: mono_out=0x0
[   25.166221] sound hdaudioC0D0:    dig-out=0x1e/0x0
[   25.166224] sound hdaudioC0D0:    inputs:
[   25.166227] sound hdaudioC0D0:      Internal Mic=0x19
[   25.166230] sound hdaudioC0D0:      Mic=0x18
[   25.178934] input: HDA Intel Mic as /devices/pci0000:00/0000:00:1b.0/sound/card0/input15
[   25.179183] input: HDA Intel Headphone as /devices/pci0000:00/0000:00:1b.0/sound/card0/input16
[   25.232279] cfg80211: Calling CRDA to update world regulatory domain
[   25.277024] Intel(R) Wireless WiFi driver for Linux
[   25.277027] Copyright(c) 2003- 2014 Intel Corporation
[   25.277153] iwlwifi 0000:03:00.0: can't disable ASPM; OS doesn't have ASPM control
[   25.329497] [drm] Initialized drm 1.1.0 20060810
[   25.358543] iwlwifi 0000:03:00.0: loaded firmware version 39.31.5.1 build 35138 op_mode iwldvm
[   25.930646] iTCO_vendor_support: vendor-support=0
[   25.976309] wmi: Mapper loaded
[   25.999639] iTCO_wdt: Intel TCO WatchDog Timer Driver v1.11
[   25.999687] iTCO_wdt: Found a ICH9M TCO device (Version=2, TCOBASE=0x0860)
[   25.999983] iTCO_wdt: initialized. heartbeat=30 sec (nowayout=0)
[   26.219161] nouveau  [  DEVICE][0000:01:00.0] BOOT0  : 0x0a5a00a2
[   26.219166] nouveau  [  DEVICE][0000:01:00.0] Chipset: GT216 (NVA5)
[   26.219168] nouveau  [  DEVICE][0000:01:00.0] Family : NV50
[   26.239838] nouveau  [   VBIOS][0000:01:00.0] using image from PRAMIN
[   26.239968] nouveau  [   VBIOS][0000:01:00.0] BIT signature found
[   26.239972] nouveau  [   VBIOS][0000:01:00.0] version 70.16.21.00.fe
[   26.260769] nouveau  [     PMC][0000:01:00.0] MSI interrupts enabled
[   26.260851] nouveau  [     PFB][0000:01:00.0] RAM type: DDR3
[   26.260854] nouveau  [     PFB][0000:01:00.0] RAM size: 1024 MiB
[   26.260857] nouveau  [     PFB][0000:01:00.0]    ZCOMP: 1920 tags
[   26.262629] nouveau  [    VOLT][0000:01:00.0] GPU voltage: 930000uv
[   26.290698] nouveau  [  PTHERM][0000:01:00.0] FAN control: none / external
[   26.290710] nouveau  [  PTHERM][0000:01:00.0] fan management: automatic
[   26.290715] nouveau  [  PTHERM][0000:01:00.0] internal sensor: yes
[   26.310792] nouveau  [     CLK][0000:01:00.0] 03: core 135 MHz shader 270 MHz memory 135 MHz
[   26.310798] nouveau  [     CLK][0000:01:00.0] 07: core 405 MHz shader 810 MHz memory 324 MHz
[   26.310803] nouveau  [     CLK][0000:01:00.0] 0f: core 550 MHz shader 1210 MHz memory 790 MHz
[   26.310834] nouveau  [     CLK][0000:01:00.0] --: core 405 MHz shader 810 MHz memory 324 MHz
[   26.311438] [TTM] Zone  kernel: Available graphics memory: 2023594 kiB
[   26.311440] [TTM] Initializing pool allocator
[   26.311451] [TTM] Initializing DMA pool allocator
[   26.311465] nouveau  [     DRM] VRAM: 1024 MiB
[   26.311467] nouveau  [     DRM] GART: 1048576 MiB
[   26.311471] nouveau  [     DRM] TMDS table version 2.0
[   26.311473] nouveau  [     DRM] DCB version 4.0
[   26.311476] nouveau  [     DRM] DCB outp 00: 01000323 00010034
[   26.311479] nouveau  [     DRM] DCB outp 01: 02011300 00000000
[   26.311481] nouveau  [     DRM] DCB outp 02: 02022362 00020010
[   26.311484] nouveau  [     DRM] DCB conn 00: 00000040
[   26.311486] nouveau  [     DRM] DCB conn 01: 00000100
[   26.311489] nouveau  [     DRM] DCB conn 02: 00001261
[   26.325933] [drm] Supports vblank timestamp caching Rev 2 (21.10.2013).
[   26.325935] [drm] Driver supports precise vblank timestamp query.
[   26.341591] nouveau  [     DRM] MM: using COPY for buffer copies
[   26.741075] audit: type=1130 audit(1435941691.578:63): pid=1 uid=0 auid=4294967295 ses=4294967295 subj=system_u:system_r:init_t:s0 msg='unit=systemd-rfkill@rfkill1 comm="systemd" exe="/usr/lib/systemd/systemd" hostname=? addr=? terminal=? res=success'
[   26.741841] audit: type=1130 audit(1435941691.578:64): pid=1 uid=0 auid=4294967295 ses=4294967295 subj=system_u:system_r:init_t:s0 msg='unit=systemd-backlight@leds:asus::kbd_backlight comm="systemd" exe="/usr/lib/systemd/systemd" hostname=? addr=? terminal=? res=success'
[   26.827104] input: HDA NVidia HDMI/DP,pcm=3 as /devices/pci0000:00/0000:00:01.0/0000:01:00.1/sound/card1/input17
[   26.827309] input: HDA NVidia HDMI/DP,pcm=7 as /devices/pci0000:00/0000:00:01.0/0000:01:00.1/sound/card1/input18
[   26.827439] input: HDA NVidia HDMI/DP,pcm=8 as /devices/pci0000:00/0000:00:01.0/0000:01:00.1/sound/card1/input19
[   26.827552] input: HDA NVidia HDMI/DP,pcm=9 as /devices/pci0000:00/0000:00:01.0/0000:01:00.1/sound/card1/input20
[   26.832092] iwlwifi 0000:03:00.0: CONFIG_IWLWIFI_DEBUG enabled
[   26.832097] iwlwifi 0000:03:00.0: CONFIG_IWLWIFI_DEBUGFS enabled
[   26.832100] iwlwifi 0000:03:00.0: CONFIG_IWLWIFI_DEVICE_TRACING disabled
[   26.832103] iwlwifi 0000:03:00.0: Detected Intel(R) Centrino(R) Wireless-N 1000 BGN, REV=0x6C
[   26.832206] iwlwifi 0000:03:00.0: L1 Disabled - LTR Disabled
[   27.100041] Bluetooth: Core ver 2.20
[   27.100072] NET: Registered protocol family 31
[   27.100074] Bluetooth: HCI device and connection manager initialized
[   27.100080] Bluetooth: HCI socket layer initialized
[   27.100084] Bluetooth: L2CAP socket layer initialized
[   27.100093] Bluetooth: SCO socket layer initialized
[   27.158897] usbcore: registered new interface driver btusb
[   27.592440] ieee80211 phy0: Selected rate control algorithm 'iwl-agn-rs'
[   27.658191] audit: type=1130 audit(1435941692.495:65): pid=1 uid=0 auid=4294967295 ses=4294967295 subj=system_u:system_r:init_t:s0 msg='unit=systemd-rfkill@rfkill0 comm="systemd" exe="/usr/lib/systemd/systemd" hostname=? addr=? terminal=? res=success'
[   27.669131] audit: type=1130 audit(1435941692.506:66): pid=1 uid=0 auid=4294967295 ses=4294967295 subj=system_u:system_r:init_t:s0 msg='unit=systemd-rfkill@rfkill3 comm="systemd" exe="/usr/lib/systemd/systemd" hostname=? addr=? terminal=? res=success'
[   27.720888] nouveau  [     DRM] allocated 1366x768 fb: 0x70000, bo ffff8800bb616c00
[   27.721131] fbcon: nouveaufb (fb0) is primary device
[   27.730768] media: Linux media interface: v0.10
[   27.919891] iwlwifi 0000:03:00.0 wlp3s0: renamed from wlan0
[   27.939151] cfg80211: World regulatory domain updated:
[   27.939154] cfg80211:  DFS Master region: unset
[   27.939154] cfg80211:   (start_freq - end_freq @ bandwidth), (max_antenna_gain, max_eirp), (dfs_cac_time)
[   27.939157] cfg80211:   (2402000 KHz - 2472000 KHz @ 40000 KHz), (N/A, 2000 mBm), (N/A)
[   27.939158] cfg80211:   (2457000 KHz - 2482000 KHz @ 40000 KHz), (N/A, 2000 mBm), (N/A)
[   27.939160] cfg80211:   (2474000 KHz - 2494000 KHz @ 20000 KHz), (N/A, 2000 mBm), (N/A)
[   27.939162] cfg80211:   (5170000 KHz - 5250000 KHz @ 80000 KHz, 160000 KHz AUTO), (N/A, 2000 mBm), (N/A)
[   27.939164] cfg80211:   (5250000 KHz - 5330000 KHz @ 80000 KHz, 160000 KHz AUTO), (N/A, 2000 mBm), (0 s)
[   27.939165] cfg80211:   (5490000 KHz - 5730000 KHz @ 160000 KHz), (N/A, 2000 mBm), (0 s)
[   27.939167] cfg80211:   (5735000 KHz - 5835000 KHz @ 80000 KHz), (N/A, 2000 mBm), (N/A)
[   27.939169] cfg80211:   (57240000 KHz - 63720000 KHz @ 2160000 KHz), (N/A, 0 mBm), (N/A)
[   28.008210] Console: switching to colour frame buffer device 170x48
[   28.009516] nouveau 0000:01:00.0: fb0: nouveaufb frame buffer device
[   28.009518] nouveau 0000:01:00.0: registered panic notifier
[   28.015242] [drm] Initialized nouveau 1.2.1 20120801 for 0000:01:00.0 on minor 0
[   28.227646] Linux video capture interface: v2.00
[   28.255286] audit: type=1130 audit(1435941693.092:67): pid=1 uid=0 auid=4294967295 ses=4294967295 subj=system_u:system_r:init_t:s0 msg='unit=systemd-backlight@backlight:acpi_video0 comm="systemd" exe="/usr/lib/systemd/systemd" hostname=? addr=? terminal=? res=success'
[   28.321081] cfg80211: Calling CRDA for country: SK
[   28.350333] cfg80211: Regulatory domain changed to country: SK
[   28.350336] cfg80211:  DFS Master region: ETSI
[   28.350338] cfg80211:   (start_freq - end_freq @ bandwidth), (max_antenna_gain, max_eirp), (dfs_cac_time)
[   28.350341] cfg80211:   (2402000 KHz - 2482000 KHz @ 40000 KHz), (N/A, 2000 mBm), (N/A)
[   28.350344] cfg80211:   (5170000 KHz - 5250000 KHz @ 80000 KHz, 160000 KHz AUTO), (N/A, 2000 mBm), (N/A)
[   28.350347] cfg80211:   (5250000 KHz - 5330000 KHz @ 80000 KHz, 160000 KHz AUTO), (N/A, 2000 mBm), (0 s)
[   28.350349] cfg80211:   (5490000 KHz - 5710000 KHz @ 160000 KHz), (N/A, 2700 mBm), (0 s)
[   28.350352] cfg80211:   (57000000 KHz - 66000000 KHz @ 2160000 KHz), (N/A, 4000 mBm), (N/A)
[   28.417658] audit: type=1130 audit(1435941693.254:68): pid=1 uid=0 auid=4294967295 ses=4294967295 subj=system_u:system_r:init_t:s0 msg='unit=systemd-rfkill@rfkill2 comm="systemd" exe="/usr/lib/systemd/systemd" hostname=? addr=? terminal=? res=success'
[   28.595976] uvcvideo: Found UVC 1.00 device USB2.0 UVC 1.3M WebCam (064e:a116)
[   28.613039] input: USB2.0 UVC 1.3M WebCam as /devices/pci0000:00/0000:00:1a.7/usb1/1-1/1-1:1.0/input/input21
[   28.613189] usbcore: registered new interface driver uvcvideo
[   28.613192] USB Video Class driver (1.1.1)
[   29.228740] Adding 4063228k swap on /dev/mapper/fedora-swap.  Priority:-1 extents:1 across:4063228k FS
[   29.535223] audit: type=1130 audit(1435941694.372:69): pid=1 uid=0 auid=4294967295 ses=4294967295 subj=system_u:system_r:init_t:s0 msg='unit=systemd-fsck@dev-disk-by\x2duuid-f2539a90\x2d507a\x2d4b78\x2d83f3\x2dbea7b69f524b comm="systemd" exe="/usr/lib/systemd/systemd" hostname=? addr=? terminal=? res=success'
[   30.223577] EXT4-fs (sda3): mounted filesystem with ordered data mode. Opts: (null)
[   30.721525] audit: type=1130 audit(1435941695.558:70): pid=1 uid=0 auid=4294967295 ses=4294967295 subj=system_u:system_r:init_t:s0 msg='unit=lvm2-pvscan@8:5 comm="systemd" exe="/usr/lib/systemd/systemd" hostname=? addr=? terminal=? res=success'
[   30.846897] audit: type=1130 audit(1435941695.683:71): pid=1 uid=0 auid=4294967295 ses=4294967295 subj=system_u:system_r:init_t:s0 msg='unit=systemd-fsck@dev-mapper-fedora\x2dhome comm="systemd" exe="/usr/lib/systemd/systemd" hostname=? addr=? terminal=? res=success'
[   31.116557] EXT4-fs (dm-2): mounted filesystem with ordered data mode. Opts: (null)
[   31.419877] audit: type=1130 audit(1435941696.256:72): pid=1 uid=0 auid=4294967295 ses=4294967295 subj=system_u:system_r:init_t:s0 msg='unit=dracut-shutdown comm="systemd" exe="/usr/lib/systemd/systemd" hostname=? addr=? terminal=? res=success'
[   31.420584] audit: type=1130 audit(1435941696.257:73): pid=1 uid=0 auid=4294967295 ses=4294967295 subj=system_u:system_r:init_t:s0 msg='unit=nfs-config comm="systemd" exe="/usr/lib/systemd/systemd" hostname=? addr=? terminal=? res=success'
[   31.422211] audit: type=1130 audit(1435941696.259:74): pid=1 uid=0 auid=4294967295 ses=4294967295 subj=system_u:system_r:init_t:s0 msg='unit=plymouth-read-write comm="systemd" exe="/usr/lib/systemd/systemd" hostname=? addr=? terminal=? res=success'
[   31.422242] audit: type=1131 audit(1435941696.259:75): pid=1 uid=0 auid=4294967295 ses=4294967295 subj=system_u:system_r:init_t:s0 msg='unit=plymouth-read-write comm="systemd" exe="/usr/lib/systemd/systemd" hostname=? addr=? terminal=? res=success'
[   31.532239] audit: type=1130 audit(1435941696.369:76): pid=1 uid=0 auid=4294967295 ses=4294967295 subj=system_u:system_r:init_t:s0 msg='unit=fedora-import-state comm="systemd" exe="/usr/lib/systemd/systemd" hostname=? addr=? terminal=? res=success'
[   32.232496] audit: type=1130 audit(1435941697.069:77): pid=1 uid=0 auid=4294967295 ses=4294967295 subj=system_u:system_r:init_t:s0 msg='unit=systemd-tmpfiles-setup comm="systemd" exe="/usr/lib/systemd/systemd" hostname=? addr=? terminal=? res=success'
[   32.381089] audit: type=1305 audit(1435941697.218:78): audit_backlog_limit=320 old=64 auid=4294967295 ses=4294967295 subj=system_u:system_r:auditctl_t:s0 res=1
[   40.121283] Bluetooth: BNEP (Ethernet Emulation) ver 1.3
[   40.121286] Bluetooth: BNEP filters: protocol multicast
[   40.121292] Bluetooth: BNEP socket layer initialized
[   47.541176] nf_conntrack version 0.5.0 (16384 buckets, 65536 max)
[   49.531405] ip6_tables: (C) 2000-2006 Netfilter Core Team
[   50.857961] Ebtables v2.0 registered
[   51.275804] bridge: automatic filtering via arp/ip/ip6tables has been deprecated. Update your scripts to load br_netfilter if you need this.
[   70.752053] IPv6: ADDRCONF(NETDEV_UP): wlp3s0: link is not ready
[   70.752200] iwlwifi 0000:03:00.0: L1 Disabled - LTR Disabled
[   70.759520] iwlwifi 0000:03:00.0: Radio type=0x0-0x0-0x3
[   70.790044] iwlwifi 0000:03:00.0: L1 Disabled - LTR Disabled
[   70.797361] iwlwifi 0000:03:00.0: Radio type=0x0-0x0-0x3
[   70.824393] IPv6: ADDRCONF(NETDEV_UP): wlp3s0: link is not ready
[   70.826550] IPv6: ADDRCONF(NETDEV_UP): p255p1: link is not ready
[   70.839272] IPv6: ADDRCONF(NETDEV_UP): p255p1: link is not ready
[   72.567808] IPv6: ADDRCONF(NETDEV_UP): wlp3s0: link is not ready
[   76.391506] wlp3s0: authenticate with 00:22:07:11:08:bb
[   76.393056] wlp3s0: send auth to 00:22:07:11:08:bb (try 1/3)
[   76.396063] wlp3s0: authenticated
[   76.396187] iwlwifi 0000:03:00.0 wlp3s0: disabling HT as WMM/QoS is not supported by the AP
[   76.396191] iwlwifi 0000:03:00.0 wlp3s0: disabling VHT as WMM/QoS is not supported by the AP
[   76.396194] wlp3s0: waiting for beacon from 00:22:07:11:08:bb
[   76.401135] wlp3s0: associate with 00:22:07:11:08:bb (try 1/3)
[   76.403703] wlp3s0: RX AssocResp from 00:22:07:11:08:bb (capab=0x411 status=0 aid=7)
[   76.409577] wlp3s0: associated
[   76.409604] IPv6: ADDRCONF(NETDEV_CHANGE): wlp3s0: link becomes ready
[   76.953394] fuse init (API version 7.23)
[   83.797980] tun: Universal TUN/TAP device driver, 1.6
[   83.797984] tun: (C) 1999-2004 Max Krasnyansky <maxk@qualcomm.com>
[   83.839964] device virbr0-nic entered promiscuous mode
[   84.120434] virbr0: port 1(virbr0-nic) entered listening state
[   84.120450] virbr0: port 1(virbr0-nic) entered listening state
[   84.281381] virbr0: port 1(virbr0-nic) entered disabled state
[   85.240093] nouveau E[   PDISP][0000:01:00.0] INVALID_STATE [UNK05] chid 0 mthd 0x0080 data 0x00000000
[   85.240099] nouveau E[   PDISP][0000:01:00.0] Core:
[   85.240104] nouveau E[   PDISP][0000:01:00.0] 	0x0084: 0x019e02e2 -> 0x00000000
[   85.240108] nouveau E[   PDISP][0000:01:00.0] 	0x0088: 0xf0000000              
[   85.240111] nouveau E[   PDISP][0000:01:00.0] Core - DAC 0:
[   85.240115] nouveau E[   PDISP][0000:01:00.0] 	0x0400: 0x00000000              
[   85.240119] nouveau E[   PDISP][0000:01:00.0] 	0x0404: 0x00000000              
[   85.240123] nouveau E[   PDISP][0000:01:00.0] 	0x0420: 0x00010000              
[   85.240125] nouveau E[   PDISP][0000:01:00.0] Core - DAC 1:
[   85.240129] nouveau E[   PDISP][0000:01:00.0] 	0x0480: 0x00000000              
[   85.240133] nouveau E[   PDISP][0000:01:00.0] 	0x0484: 0x00000000              
[   85.240137] nouveau E[   PDISP][0000:01:00.0] 	0x04a0: 0x00010000              
[   85.240139] nouveau E[   PDISP][0000:01:00.0] Core - DAC 2:
[   85.240143] nouveau E[   PDISP][0000:01:00.0] 	0x0500: 0x00000000              
[   85.240147] nouveau E[   PDISP][0000:01:00.0] 	0x0504: 0x00000000              
[   85.240151] nouveau E[   PDISP][0000:01:00.0] 	0x0520: 0x00010000              
[   85.240153] nouveau E[   PDISP][0000:01:00.0] Core - SOR 0:
[   85.240158] nouveau E[   PDISP][0000:01:00.0] 	0x0600: 0x00003001              
[   85.240160] nouveau E[   PDISP][0000:01:00.0] Core - SOR 1:
[   85.240164] nouveau E[   PDISP][0000:01:00.0] 	0x0640: 0x00000000              
[   85.240166] nouveau E[   PDISP][0000:01:00.0] Core - SOR 2:
[   85.240170] nouveau E[   PDISP][0000:01:00.0] 	0x0680: 0x00000000              
[   85.240172] nouveau E[   PDISP][0000:01:00.0] Core - SOR 3:
[   85.240176] nouveau E[   PDISP][0000:01:00.0] 	0x06c0: 0x00000000              
[   85.240179] nouveau E[   PDISP][0000:01:00.0] Core - PIOR 0:
[   85.240183] nouveau E[   PDISP][0000:01:00.0] 	0x0700: 0x00000000              
[   85.240185] nouveau E[   PDISP][0000:01:00.0] Core - PIOR 1:
[   85.240189] nouveau E[   PDISP][0000:01:00.0] 	0x0740: 0x00000000              
[   85.240191] nouveau E[   PDISP][0000:01:00.0] Core - PIOR 2:
[   85.240195] nouveau E[   PDISP][0000:01:00.0] 	0x0780: 0x00000000              
[   85.240197] nouveau E[   PDISP][0000:01:00.0] Core - HEAD 0:
[   85.240201] nouveau E[   PDISP][0000:01:00.0] 	0x0800: 0x00000000              
[   85.240205] nouveau E[   PDISP][0000:01:00.0] 	0x0804: 0x00811a8a              
[   85.240209] nouveau E[   PDISP][0000:01:00.0] 	0x0808: 0x00000000              
[   85.240213] nouveau E[   PDISP][0000:01:00.0] 	0x080c: 0x00000000              
[   85.240217] nouveau E[   PDISP][0000:01:00.0] 	0x0810: 0x00000000              
[   85.240221] nouveau E[   PDISP][0000:01:00.0] 	0x0814: 0x031605f6              
[   85.240225] nouveau E[   PDISP][0000:01:00.0] 	0x0818: 0x0004001f              
[   85.240229] nouveau E[   PDISP][0000:01:00.0] 	0x081c: 0x0013006f              
[   85.240233] nouveau E[   PDISP][0000:01:00.0] 	0x0820: 0x031305c5              
[   85.240237] nouveau E[   PDISP][0000:01:00.0] 	0x0824: 0x00000001              
[   85.240241] nouveau E[   PDISP][0000:01:00.0] 	0x0828: 0x000001a5              
[   85.240245] nouveau E[   PDISP][0000:01:00.0] 	0x082c: 0x00000000              
[   85.240249] nouveau E[   PDISP][0000:01:00.0] 	0x0830: 0x00000000              
[   85.240253] nouveau E[   PDISP][0000:01:00.0] 	0x0838: 0x00000000              
[   85.240257] nouveau E[   PDISP][0000:01:00.0] 	0x0840: 0xc0000000              
[   85.240261] nouveau E[   PDISP][0000:01:00.0] 	0x0844: 0x00000610              
[   85.240265] nouveau E[   PDISP][0000:01:00.0] 	0x0848: 0x00000000              
[   85.240269] nouveau E[   PDISP][0000:01:00.0] 	0x084c: 0x00000000              
[   85.240273] nouveau E[   PDISP][0000:01:00.0] 	0x085c: 0xf0000001              
[   85.240276] nouveau E[   PDISP][0000:01:00.0] 	0x0860: 0x00000700              
[   85.240280] nouveau E[   PDISP][0000:01:00.0] 	0x0864: 0x00000000              
[   85.240284] nouveau E[   PDISP][0000:01:00.0] 	0x0868: 0x03000556              
[   85.240289] nouveau E[   PDISP][0000:01:00.0] 	0x086c: 0x00101600              
[   85.240292] nouveau E[   PDISP][0000:01:00.0] 	0x0870: 0x0000cf00              
[   85.240296] nouveau E[   PDISP][0000:01:00.0] 	0x0874: 0xffff0000              
[   85.240300] nouveau E[   PDISP][0000:01:00.0] 	0x0878: 0x00000000              
[   85.240304] nouveau E[   PDISP][0000:01:00.0] 	0x0880: 0x85000000              
[   85.240308] nouveau E[   PDISP][0000:01:00.0] 	0x0884: 0x000063c0              
[   85.240313] nouveau E[   PDISP][0000:01:00.0] 	0x089c: 0xf0000001              
[   85.240317] nouveau E[   PDISP][0000:01:00.0] 	0x08a0: 0x00000011              
[   85.240321] nouveau E[   PDISP][0000:01:00.0] 	0x08a4: 0x00000000              
[   85.240325] nouveau E[   PDISP][0000:01:00.0] 	0x08a8: 0x00040000              
[   85.240329] nouveau E[   PDISP][0000:01:00.0] 	0x08c0: 0x00000000              
[   85.240332] nouveau E[   PDISP][0000:01:00.0] 	0x08c4: 0x00000000              
[   85.240336] nouveau E[   PDISP][0000:01:00.0] 	0x08c8: 0x03000556              
[   85.240340] nouveau E[   PDISP][0000:01:00.0] 	0x08d4: 0x00000000              
[   85.240344] nouveau E[   PDISP][0000:01:00.0] 	0x08d8: 0x03000556              
[   85.240349] nouveau E[   PDISP][0000:01:00.0] 	0x08dc: 0x03000556              
[   85.240352] nouveau E[   PDISP][0000:01:00.0] 	0x0900: 0x00000311              
[   85.240357] nouveau E[   PDISP][0000:01:00.0] 	0x0904: 0x00000100              
[   85.240360] nouveau E[   PDISP][0000:01:00.0] 	0x0910: 0x00000000              
[   85.240364] nouveau E[   PDISP][0000:01:00.0] 	0x0914: 0x00000000              
[   85.240366] nouveau E[   PDISP][0000:01:00.0] Core - HEAD 1:
[   85.240370] nouveau E[   PDISP][0000:01:00.0] 	0x0c00: 0x00000000              
[   85.240374] nouveau E[   PDISP][0000:01:00.0] 	0x0c04: 0x00000000              
[   85.240378] nouveau E[   PDISP][0000:01:00.0] 	0x0c08: 0x00000000              
[   85.240382] nouveau E[   PDISP][0000:01:00.0] 	0x0c0c: 0x00000000              
[   85.240386] nouveau E[   PDISP][0000:01:00.0] 	0x0c10: 0x00000000              
[   85.240390] nouveau E[   PDISP][0000:01:00.0] 	0x0c14: 0x00050008              
[   85.240394] nouveau E[   PDISP][0000:01:00.0] 	0x0c18: 0x00000001              
[   85.240398] nouveau E[   PDISP][0000:01:00.0] 	0x0c1c: 0x00010003              
[   85.240402] nouveau E[   PDISP][0000:01:00.0] 	0x0c20: 0x00030004              
[   85.240406] nouveau E[   PDISP][0000:01:00.0] 	0x0c24: 0x00000001              
[   85.240410] nouveau E[   PDISP][0000:01:00.0] 	0x0c28: 0x00000000              
[   85.240413] nouveau E[   PDISP][0000:01:00.0] 	0x0c2c: 0x00000000              
[   85.240417] nouveau E[   PDISP][0000:01:00.0] 	0x0c30: 0x00000000              
[   85.240421] nouveau E[   PDISP][0000:01:00.0] 	0x0c38: 0x00000000              
[   85.240425] nouveau E[   PDISP][0000:01:00.0] 	0x0c40: 0x00000000              
[   85.240429] nouveau E[   PDISP][0000:01:00.0] 	0x0c44: 0x00000000              
[   85.240433] nouveau E[   PDISP][0000:01:00.0] 	0x0c48: 0x00000000              
[   85.240437] nouveau E[   PDISP][0000:01:00.0] 	0x0c4c: 0x00000000              
[   85.240440] nouveau E[   PDISP][0000:01:00.0] 	0x0c5c: 0x00000000              
[   85.240444] nouveau E[   PDISP][0000:01:00.0] 	0x0c60: 0x00000000              
[   85.240448] nouveau E[   PDISP][0000:01:00.0] 	0x0c64: 0x00000000              
[   85.240452] nouveau E[   PDISP][0000:01:00.0] 	0x0c68: 0x00000000              
[   85.240456] nouveau E[   PDISP][0000:01:00.0] 	0x0c6c: 0x00000000              
[   85.240460] nouveau E[   PDISP][0000:01:00.0] 	0x0c70: 0x0000e900              
[   85.240464] nouveau E[   PDISP][0000:01:00.0] 	0x0c74: 0x00000000              
[   85.240468] nouveau E[   PDISP][0000:01:00.0] 	0x0c78: 0x00000000              
[   85.240472] nouveau E[   PDISP][0000:01:00.0] 	0x0c80: 0x05000000 -> 0x85000000
[   85.240476] nouveau E[   PDISP][0000:01:00.0] 	0x0c84: 0x00000000 -> 0x000063c0
[   85.240480] nouveau E[   PDISP][0000:01:00.0] 	0x0c9c: 0x00000000 -> 0xf0000001
[   85.240484] nouveau E[   PDISP][0000:01:00.0] 	0x0ca0: 0x00000000              
[   85.240488] nouveau E[   PDISP][0000:01:00.0] 	0x0ca4: 0x00000000              
[   85.240492] nouveau E[   PDISP][0000:01:00.0] 	0x0ca8: 0x00040000              
[   85.240496] nouveau E[   PDISP][0000:01:00.0] 	0x0cc0: 0x00000000              
[   85.240500] nouveau E[   PDISP][0000:01:00.0] 	0x0cc4: 0x00000000              
[   85.240504] nouveau E[   PDISP][0000:01:00.0] 	0x0cc8: 0x00000000              
[   85.240508] nouveau E[   PDISP][0000:01:00.0] 	0x0cd4: 0x00000000              
[   85.240512] nouveau E[   PDISP][0000:01:00.0] 	0x0cd8: 0x00000000              
[   85.240516] nouveau E[   PDISP][0000:01:00.0] 	0x0cdc: 0x00000000              
[   85.240519] nouveau E[   PDISP][0000:01:00.0] 	0x0d00: 0x00000300              
[   85.240523] nouveau E[   PDISP][0000:01:00.0] 	0x0d04: 0x00000100              
[   85.240527] nouveau E[   PDISP][0000:01:00.0] 	0x0d10: 0x00000000              
[   85.240531] nouveau E[   PDISP][0000:01:00.0] 	0x0d14: 0x00000000              
[   86.651008] Adjusting hpet more than 11% (2075047891 vs 2601267907)
[  121.244915] Bluetooth: RFCOMM TTY layer initialized
[  121.244924] Bluetooth: RFCOMM socket layer initialized
[  121.244990] Bluetooth: RFCOMM ver 1.11
[ 1263.313565] wlp3s0: deauthenticating from 00:22:07:11:08:bb by local choice (Reason: 3=DEAUTH_LEAVING)
[ 1263.361515] cfg80211: Calling CRDA to update world regulatory domain
[ 1263.369051] cfg80211: World regulatory domain updated:
[ 1263.369057] cfg80211:  DFS Master region: unset
[ 1263.369059] cfg80211:   (start_freq - end_freq @ bandwidth), (max_antenna_gain, max_eirp), (dfs_cac_time)
[ 1263.369063] cfg80211:   (2402000 KHz - 2472000 KHz @ 40000 KHz), (N/A, 2000 mBm), (N/A)
[ 1263.369067] cfg80211:   (2457000 KHz - 2482000 KHz @ 40000 KHz), (N/A, 2000 mBm), (N/A)
[ 1263.369070] cfg80211:   (2474000 KHz - 2494000 KHz @ 20000 KHz), (N/A, 2000 mBm), (N/A)
[ 1263.369074] cfg80211:   (5170000 KHz - 5250000 KHz @ 80000 KHz, 160000 KHz AUTO), (N/A, 2000 mBm), (N/A)
[ 1263.369078] cfg80211:   (5250000 KHz - 5330000 KHz @ 80000 KHz, 160000 KHz AUTO), (N/A, 2000 mBm), (0 s)
[ 1263.369082] cfg80211:   (5490000 KHz - 5730000 KHz @ 160000 KHz), (N/A, 2000 mBm), (0 s)
[ 1263.369085] cfg80211:   (5735000 KHz - 5835000 KHz @ 80000 KHz), (N/A, 2000 mBm), (N/A)
[ 1263.369088] cfg80211:   (57240000 KHz - 63720000 KHz @ 2160000 KHz), (N/A, 0 mBm), (N/A)
[ 1263.369116] cfg80211: Calling CRDA for country: SK
[ 1263.372974] cfg80211: Regulatory domain changed to country: SK
[ 1263.372978] cfg80211:  DFS Master region: ETSI
[ 1263.372981] cfg80211:   (start_freq - end_freq @ bandwidth), (max_antenna_gain, max_eirp), (dfs_cac_time)
[ 1263.372985] cfg80211:   (2402000 KHz - 2482000 KHz @ 40000 KHz), (N/A, 2000 mBm), (N/A)
[ 1263.372989] cfg80211:   (5170000 KHz - 5250000 KHz @ 80000 KHz, 160000 KHz AUTO), (N/A, 2000 mBm), (N/A)
[ 1263.372993] cfg80211:   (5250000 KHz - 5330000 KHz @ 80000 KHz, 160000 KHz AUTO), (N/A, 2000 mBm), (0 s)
[ 1263.372997] cfg80211:   (5490000 KHz - 5710000 KHz @ 160000 KHz), (N/A, 2700 mBm), (0 s)
[ 1263.373000] cfg80211:   (57000000 KHz - 66000000 KHz @ 2160000 KHz), (N/A, 4000 mBm), (N/A)
[ 1263.600726] PM: Syncing filesystems ... done.
[ 1264.875254] PM: Preparing system for mem sleep
[ 1264.876189] Freezing user space processes ... (elapsed 0.002 seconds) done.
[ 1264.878735] Freezing remaining freezable tasks ... (elapsed 0.001 seconds) done.
[ 1264.880031] PM: Entering mem sleep
[ 1264.880076] Suspending console(s) (use no_console_suspend to debug)
[ 1264.882486] sd 0:0:0:0: [sda] Synchronizing SCSI cache
[ 1264.890838] nouveau  [     DRM] suspending console...
[ 1264.890842] nouveau  [     DRM] suspending display...
[ 1264.890876] nouveau  [     DRM] evicting buffers...
[ 1264.986691] sd 0:0:0:0: [sda] Stopping disk
[ 1266.532628] nouveau  [     DRM] waiting for kernel channels to go idle...
[ 1266.532658] nouveau  [     DRM] suspending client object trees...
[ 1266.533917] nouveau  [     DRM] suspending kernel object tree...
[ 1271.272196] PM: suspend of devices complete after 6391.612 msecs
[ 1271.272780] PM: late suspend of devices complete after 0.579 msecs
[ 1271.273449] ehci-pci 0000:00:1d.7: System wakeup enabled by ACPI
[ 1271.273547] uhci_hcd 0000:00:1d.2: System wakeup enabled by ACPI
[ 1271.273584] uhci_hcd 0000:00:1d.1: System wakeup enabled by ACPI
[ 1271.273626] uhci_hcd 0000:00:1d.0: System wakeup enabled by ACPI
[ 1271.273890] uhci_hcd 0000:00:1a.2: System wakeup enabled by ACPI
[ 1271.273936] ehci-pci 0000:00:1a.7: System wakeup enabled by ACPI
[ 1271.273965] uhci_hcd 0000:00:1a.1: System wakeup enabled by ACPI
[ 1271.274038] uhci_hcd 0000:00:1a.0: System wakeup enabled by ACPI
[ 1271.284250] PM: noirq suspend of devices complete after 11.466 msecs
[ 1271.284777] ACPI: Preparing to enter system sleep state S3
[ 1271.291779] PM: Saving platform NVS memory
[ 1271.291964] Disabling non-boot CPUs ...
[ 1271.292438] Broke affinity for irq 32
[ 1271.293322] kvm: disabling virtualization on CPU1
[ 1271.293493] smpboot: CPU 1 is now offline
[ 1271.294548] Broke affinity for irq 31
[ 1271.295433] kvm: disabling virtualization on CPU2
[ 1271.295599] smpboot: CPU 2 is now offline
[ 1271.296527] Broke affinity for irq 23
[ 1271.296534] Broke affinity for irq 29
[ 1271.297241] kvm: disabling virtualization on CPU3
[ 1271.297582] smpboot: CPU 3 is now offline
[ 1271.298021] ACPI: Low-level resume complete
[ 1271.298021] PM: Restoring platform NVS memory
[ 1271.298021] CPU0 microcode updated early to revision 0xa0b, date = 2010-09-28
[ 1271.298021] Enabling non-boot CPUs ...
[ 1271.298021] x86: Booting SMP configuration:
[ 1271.298021] smpboot: Booting Node 0 Processor 1 APIC 0x1
[ 1271.298021] CPU1 microcode updated early to revision 0xa0b, date = 2010-09-28
[ 1271.298021] kvm: enabling virtualization on CPU1
[ 1271.317079] CPU1 is up
[ 1271.317108] smpboot: Booting Node 0 Processor 2 APIC 0x2
[ 1271.317081] CPU2 microcode updated early to revision 0xa0b, date = 2010-09-28
[ 1271.317081] kvm: enabling virtualization on CPU2
[ 1271.335878] CPU2 is up
[ 1271.335927] smpboot: Booting Node 0 Processor 3 APIC 0x3
[ 1271.335881] CPU3 microcode updated early to revision 0xa0b, date = 2010-09-28
[ 1271.335881] kvm: enabling virtualization on CPU3
[ 1271.354856] CPU3 is up
[ 1271.359269] ACPI: Waking up from system sleep state S3
[ 1271.681380] uhci_hcd 0000:00:1a.0: System wakeup disabled by ACPI
[ 1271.681446] uhci_hcd 0000:00:1a.1: System wakeup disabled by ACPI
[ 1271.681511] uhci_hcd 0000:00:1a.2: System wakeup disabled by ACPI
[ 1271.681995] uhci_hcd 0000:00:1d.0: System wakeup disabled by ACPI
[ 1271.682049] uhci_hcd 0000:00:1d.1: System wakeup disabled by ACPI
[ 1271.682090] uhci_hcd 0000:00:1d.2: System wakeup disabled by ACPI
[ 1271.692162] ehci-pci 0000:00:1a.7: System wakeup disabled by ACPI
[ 1271.693200] ehci-pci 0000:00:1d.7: System wakeup disabled by ACPI
[ 1271.693603] PM: noirq resume of devices complete after 12.388 msecs
[ 1271.693923] PM: early resume of devices complete after 0.282 msecs
[ 1271.694009] usb usb3: root hub lost power or was reset
[ 1271.694067] usb usb4: root hub lost power or was reset
[ 1271.694111] usb usb5: root hub lost power or was reset
[ 1271.694323] usb usb7: root hub lost power or was reset
[ 1271.694351] usb usb8: root hub lost power or was reset
[ 1271.694393] nouveau  [     DRM] re-enabling device...
[ 1271.694432] nouveau  [     DRM] resuming kernel object tree...
[ 1271.694462] nouveau  [   VBIOS][0000:01:00.0] running init tables
[ 1271.694702] usb usb6: root hub lost power or was reset
[ 1271.696042] pciehp 0000:00:1c.2:pcie04: Timeout on hotplug command 0x1038 (issued 1271093 msec ago)
[ 1271.696096] rtc_cmos 00:01: System wakeup disabled by ACPI
[ 1271.702631] sd 0:0:0:0: [sda] Starting disk
[ 1272.004058] ata6: SATA link down (SStatus 0 SControl 300)
[ 1272.005059] ata2: SATA link up 1.5 Gbps (SStatus 113 SControl 300)
[ 1272.007374] ata2.00: ACPI cmd ef/10:06:00:00:00:a0 (SET FEATURES) succeeded
[ 1272.010080] usb 5-1: reset full-speed USB device number 2 using uhci_hcd
[ 1272.011866] ata2.00: ACPI cmd ef/10:06:00:00:00:a0 (SET FEATURES) succeeded
[ 1272.013634] ata2.00: configured for UDMA/33
[ 1272.075564] nouveau  [    VOLT][0000:01:00.0] GPU voltage: 930000uv
[ 1272.075572] nouveau  [  PTHERM][0000:01:00.0] fan management: automatic
[ 1272.095631] nouveau  [     CLK][0000:01:00.0] --: core 405 MHz shader 810 MHz memory 324 MHz
[ 1272.096263] nouveau  [     DRM] resuming client object trees...
[ 1272.097104] nouveau  [     DRM] resuming display...
[ 1272.160083] usb 6-2: reset low-speed USB device number 2 using uhci_hcd
[ 1273.127099] ata1: SATA link up 3.0 Gbps (SStatus 123 SControl 300)
[ 1273.128939] ata1.00: ACPI cmd f5/00:00:00:00:00:a0 (SECURITY FREEZE LOCK) filtered out
[ 1273.129287] ata1.00: ACPI cmd ef/10:06:00:00:00:a0 (SET FEATURES) succeeded
[ 1273.129290] ata1.00: ACPI cmd ef/10:03:00:00:00:a0 (SET FEATURES) filtered out
[ 1273.133451] ata1.00: ACPI cmd f5/00:00:00:00:00:a0 (SECURITY FREEZE LOCK) filtered out
[ 1273.133804] ata1.00: ACPI cmd ef/10:06:00:00:00:a0 (SET FEATURES) succeeded
[ 1273.133806] ata1.00: ACPI cmd ef/10:03:00:00:00:a0 (SET FEATURES) filtered out
[ 1273.135774] ata1.00: configured for UDMA/133
[ 1273.663858] nouveau  [     DRM] resuming console...
[ 1273.663987] PM: resume of devices complete after 1970.059 msecs
[ 1273.665082] PM: Finishing wakeup.
[ 1273.665084] Restarting tasks ... done.
[ 1273.672059] video LNXVIDEO:00: Restoring backlight state
[ 1273.746101] iwlwifi 0000:03:00.0: L1 Disabled - LTR Disabled
[ 1273.754118] iwlwifi 0000:03:00.0: Radio type=0x0-0x0-0x3
[ 1273.786117] iwlwifi 0000:03:00.0: L1 Disabled - LTR Disabled
[ 1273.793466] iwlwifi 0000:03:00.0: Radio type=0x0-0x0-0x3
[ 1273.822368] IPv6: ADDRCONF(NETDEV_UP): wlp3s0: link is not ready
[ 1273.823178] IPv6: ADDRCONF(NETDEV_UP): wlp3s0: link is not ready
[ 1273.825085] IPv6: ADDRCONF(NETDEV_UP): p255p1: link is not ready
[ 1273.837533] IPv6: ADDRCONF(NETDEV_UP): p255p1: link is not ready
[ 1273.895136] IPv6: ADDRCONF(NETDEV_UP): wlp3s0: link is not ready
[ 1274.330408] wlp3s0: authenticate with 00:22:07:11:08:bb
[ 1274.332880] wlp3s0: send auth to 00:22:07:11:08:bb (try 1/3)
[ 1274.335930] wlp3s0: authenticated
[ 1274.336163] iwlwifi 0000:03:00.0 wlp3s0: disabling HT as WMM/QoS is not supported by the AP
[ 1274.336167] iwlwifi 0000:03:00.0 wlp3s0: disabling VHT as WMM/QoS is not supported by the AP
[ 1274.337096] wlp3s0: associate with 00:22:07:11:08:bb (try 1/3)
[ 1274.339569] wlp3s0: RX AssocResp from 00:22:07:11:08:bb (capab=0x411 status=0 aid=8)
[ 1274.345247] wlp3s0: associated
[ 1274.345277] IPv6: ADDRCONF(NETDEV_CHANGE): wlp3s0: link becomes ready
[ 1502.941246] nouveau E[chrome[2951]] fail set_domain
[ 1502.941253] nouveau E[chrome[2951]] validating bo list
[ 1502.941258] nouveau E[chrome[2951]] validate: -22
[ 2240.439858] perf interrupt took too long (2509 > 2500), lowering kernel.perf_event_max_sample_rate to 50000
[ 2319.864148] systemd-sysv-generator[9518]: Overwriting existing symlink /run/systemd/generator.late/network.service with real service
[ 2319.864213] systemd-sysv-generator[9518]: Overwriting existing symlink /run/systemd/generator.late/netconsole.service with real service
[ 2319.864255] systemd-sysv-generator[9518]: Overwriting existing symlink /run/systemd/generator.late/openscadad.service with real service
[ 7312.757205] wlp3s0: deauthenticating from 00:22:07:11:08:bb by local choice (Reason: 3=DEAUTH_LEAVING)
[ 7312.794789] cfg80211: Calling CRDA to update world regulatory domain
[ 7312.840854] cfg80211: World regulatory domain updated:
[ 7312.840859] cfg80211:  DFS Master region: unset
[ 7312.840861] cfg80211:   (start_freq - end_freq @ bandwidth), (max_antenna_gain, max_eirp), (dfs_cac_time)
[ 7312.840864] cfg80211:   (2402000 KHz - 2472000 KHz @ 40000 KHz), (N/A, 2000 mBm), (N/A)
[ 7312.840867] cfg80211:   (2457000 KHz - 2482000 KHz @ 40000 KHz), (N/A, 2000 mBm), (N/A)
[ 7312.840870] cfg80211:   (2474000 KHz - 2494000 KHz @ 20000 KHz), (N/A, 2000 mBm), (N/A)
[ 7312.840873] cfg80211:   (5170000 KHz - 5250000 KHz @ 80000 KHz, 160000 KHz AUTO), (N/A, 2000 mBm), (N/A)
[ 7312.840876] cfg80211:   (5250000 KHz - 5330000 KHz @ 80000 KHz, 160000 KHz AUTO), (N/A, 2000 mBm), (0 s)
[ 7312.840879] cfg80211:   (5490000 KHz - 5730000 KHz @ 160000 KHz), (N/A, 2000 mBm), (0 s)
[ 7312.840881] cfg80211:   (5735000 KHz - 5835000 KHz @ 80000 KHz), (N/A, 2000 mBm), (N/A)
[ 7312.840884] cfg80211:   (57240000 KHz - 63720000 KHz @ 2160000 KHz), (N/A, 0 mBm), (N/A)
[ 7312.840910] cfg80211: Calling CRDA for country: SK
[ 7312.844579] cfg80211: Regulatory domain changed to country: SK
[ 7312.844583] cfg80211:  DFS Master region: ETSI
[ 7312.844584] cfg80211:   (start_freq - end_freq @ bandwidth), (max_antenna_gain, max_eirp), (dfs_cac_time)
[ 7312.844587] cfg80211:   (2402000 KHz - 2482000 KHz @ 40000 KHz), (N/A, 2000 mBm), (N/A)
[ 7312.844590] cfg80211:   (5170000 KHz - 5250000 KHz @ 80000 KHz, 160000 KHz AUTO), (N/A, 2000 mBm), (N/A)
[ 7312.844593] cfg80211:   (5250000 KHz - 5330000 KHz @ 80000 KHz, 160000 KHz AUTO), (N/A, 2000 mBm), (0 s)
[ 7312.844595] cfg80211:   (5490000 KHz - 5710000 KHz @ 160000 KHz), (N/A, 2700 mBm), (0 s)
[ 7312.844598] cfg80211:   (57000000 KHz - 66000000 KHz @ 2160000 KHz), (N/A, 4000 mBm), (N/A)
[ 7313.021979] PM: Syncing filesystems ... done.
[ 7316.426705] PM: Preparing system for mem sleep
[ 7316.427535] Freezing user space processes ... (elapsed 0.211 seconds) done.
[ 7316.638795] Freezing remaining freezable tasks ... (elapsed 0.001 seconds) done.
[ 7316.640027] PM: Entering mem sleep
[ 7316.640058] Suspending console(s) (use no_console_suspend to debug)
[ 7316.641478] sd 0:0:0:0: [sda] Synchronizing SCSI cache
[ 7316.641991] sd 0:0:0:0: [sda] Stopping disk
[ 7316.650850] nouveau  [     DRM] suspending console...
[ 7316.650854] nouveau  [     DRM] suspending display...
[ 7316.650887] nouveau  [     DRM] evicting buffers...
[ 7317.799906] nouveau  [     DRM] waiting for kernel channels to go idle...
[ 7317.799937] nouveau  [     DRM] suspending client object trees...
[ 7317.801229] nouveau  [     DRM] suspending kernel object tree...
[ 7322.584155] PM: suspend of devices complete after 5943.735 msecs
[ 7322.584529] PM: late suspend of devices complete after 0.370 msecs
[ 7322.585208] uhci_hcd 0000:00:1d.2: System wakeup enabled by ACPI
[ 7322.585283] ehci-pci 0000:00:1d.7: System wakeup enabled by ACPI
[ 7322.585312] uhci_hcd 0000:00:1d.1: System wakeup enabled by ACPI
[ 7322.585374] uhci_hcd 0000:00:1d.0: System wakeup enabled by ACPI
[ 7322.585707] uhci_hcd 0000:00:1a.2: System wakeup enabled by ACPI
[ 7322.585761] ehci-pci 0000:00:1a.7: System wakeup enabled by ACPI
[ 7322.585794] uhci_hcd 0000:00:1a.1: System wakeup enabled by ACPI
[ 7322.585865] uhci_hcd 0000:00:1a.0: System wakeup enabled by ACPI
[ 7322.596188] PM: noirq suspend of devices complete after 11.653 msecs
[ 7322.596800] ACPI: Preparing to enter system sleep state S3
[ 7322.602753] PM: Saving platform NVS memory
[ 7322.602955] Disabling non-boot CPUs ...
[ 7322.603377] Broke affinity for irq 29
[ 7322.604276] kvm: disabling virtualization on CPU1
[ 7322.604421] smpboot: CPU 1 is now offline
[ 7322.606244] kvm: disabling virtualization on CPU2
[ 7322.606404] smpboot: CPU 2 is now offline
[ 7322.607178] Broke affinity for irq 23
