[    0.000000] microcode: CPU0 microcode updated early to revision 0x1c, date = 2014-07-03
[    0.000000] Initializing cgroup subsys cpuset
[    0.000000] Initializing cgroup subsys cpu
[    0.000000] Initializing cgroup subsys cpuacct
[    0.000000] Linux version 4.1.3-201.fc22.x86_64 (mockbuild@bkernel02.phx2.fedoraproject.org) (gcc version 5.1.1 20150618 (Red Hat 5.1.1-4) (GCC) ) #1 SMP Wed Jul 29 19:50:22 UTC 2015
[    0.000000] Command line: BOOT_IMAGE=/vmlinuz-4.1.3-201.fc22.x86_64 root=UUID=3a7abac3-c62e-45ec-8091-d912c1e969e3 ro vconsole.font=latarcyrheb-sun16 vconsole.keymap=us rd.lvm=0 rd.luks=0 rd.md=0 rd.dm=0 rhgb quiet LANG=en_US.UTF-8
[    0.000000] e820: BIOS-provided physical RAM map:
[    0.000000] BIOS-e820: [mem 0x0000000000000000-0x0000000000057fff] usable
[    0.000000] BIOS-e820: [mem 0x0000000000058000-0x0000000000058fff] reserved
[    0.000000] BIOS-e820: [mem 0x0000000000059000-0x000000000009efff] usable
[    0.000000] BIOS-e820: [mem 0x000000000009f000-0x000000000009ffff] reserved
[    0.000000] BIOS-e820: [mem 0x0000000000100000-0x00000000ab79efff] usable
[    0.000000] BIOS-e820: [mem 0x00000000ab79f000-0x00000000ab7a5fff] ACPI NVS
[    0.000000] BIOS-e820: [mem 0x00000000ab7a6000-0x00000000ac7e0fff] usable
[    0.000000] BIOS-e820: [mem 0x00000000ac7e1000-0x00000000acd54fff] reserved
[    0.000000] BIOS-e820: [mem 0x00000000acd55000-0x00000000be90efff] usable
[    0.000000] BIOS-e820: [mem 0x00000000be90f000-0x00000000beb22fff] reserved
[    0.000000] BIOS-e820: [mem 0x00000000beb23000-0x00000000bec08fff] ACPI NVS
[    0.000000] BIOS-e820: [mem 0x00000000bec09000-0x00000000bf7fefff] reserved
[    0.000000] BIOS-e820: [mem 0x00000000bf7ff000-0x00000000bf7fffff] usable
[    0.000000] BIOS-e820: [mem 0x00000000f8000000-0x00000000fbffffff] reserved
[    0.000000] BIOS-e820: [mem 0x00000000fec00000-0x00000000fec00fff] reserved
[    0.000000] BIOS-e820: [mem 0x00000000fed00000-0x00000000fed03fff] reserved
[    0.000000] BIOS-e820: [mem 0x00000000fed1c000-0x00000000fed1ffff] reserved
[    0.000000] BIOS-e820: [mem 0x00000000fee00000-0x00000000fee00fff] reserved
[    0.000000] BIOS-e820: [mem 0x00000000ff000000-0x00000000ffffffff] reserved
[    0.000000] BIOS-e820: [mem 0x0000000100000000-0x000000023effffff] usable
[    0.000000] NX (Execute Disable) protection: active
[    0.000000] e820: update [mem 0xab45f018-0xab46f057] usable ==> usable
[    0.000000] e820: update [mem 0xab44e018-0xab45e457] usable ==> usable
[    0.000000] extended physical RAM map:
[    0.000000] reserve setup_data: [mem 0x0000000000000000-0x0000000000057fff] usable
[    0.000000] reserve setup_data: [mem 0x0000000000058000-0x0000000000058fff] reserved
[    0.000000] reserve setup_data: [mem 0x0000000000059000-0x000000000009efff] usable
[    0.000000] reserve setup_data: [mem 0x000000000009f000-0x000000000009ffff] reserved
[    0.000000] reserve setup_data: [mem 0x0000000000100000-0x00000000ab44e017] usable
[    0.000000] reserve setup_data: [mem 0x00000000ab44e018-0x00000000ab45e457] usable
[    0.000000] reserve setup_data: [mem 0x00000000ab45e458-0x00000000ab45f017] usable
[    0.000000] reserve setup_data: [mem 0x00000000ab45f018-0x00000000ab46f057] usable
[    0.000000] reserve setup_data: [mem 0x00000000ab46f058-0x00000000ab79efff] usable
[    0.000000] reserve setup_data: [mem 0x00000000ab79f000-0x00000000ab7a5fff] ACPI NVS
[    0.000000] reserve setup_data: [mem 0x00000000ab7a6000-0x00000000ac7e0fff] usable
[    0.000000] reserve setup_data: [mem 0x00000000ac7e1000-0x00000000acd54fff] reserved
[    0.000000] reserve setup_data: [mem 0x00000000acd55000-0x00000000be90efff] usable
[    0.000000] reserve setup_data: [mem 0x00000000be90f000-0x00000000beb22fff] reserved
[    0.000000] reserve setup_data: [mem 0x00000000beb23000-0x00000000bec08fff] ACPI NVS
[    0.000000] reserve setup_data: [mem 0x00000000bec09000-0x00000000bf7fefff] reserved
[    0.000000] reserve setup_data: [mem 0x00000000bf7ff000-0x00000000bf7fffff] usable
[    0.000000] reserve setup_data: [mem 0x00000000f8000000-0x00000000fbffffff] reserved
[    0.000000] reserve setup_data: [mem 0x00000000fec00000-0x00000000fec00fff] reserved
[    0.000000] reserve setup_data: [mem 0x00000000fed00000-0x00000000fed03fff] reserved
[    0.000000] reserve setup_data: [mem 0x00000000fed1c000-0x00000000fed1ffff] reserved
[    0.000000] reserve setup_data: [mem 0x00000000fee00000-0x00000000fee00fff] reserved
[    0.000000] reserve setup_data: [mem 0x00000000ff000000-0x00000000ffffffff] reserved
[    0.000000] reserve setup_data: [mem 0x0000000100000000-0x000000023effffff] usable
[    0.000000] efi: EFI v2.31 by American Megatrends
[    0.000000] efi:  ACPI=0xbebe1000  ACPI 2.0=0xbebe1000  SMBIOS=0xf04c0  MPS=0xfd450 
[    0.000000] SMBIOS 2.7 present.
[    0.000000] DMI: Gigabyte Technology Co., Ltd. Z87-D3HP/Z87-D3HP-CF, BIOS F5 08/14/2013
[    0.000000] e820: update [mem 0x00000000-0x00000fff] usable ==> reserved
[    0.000000] e820: remove [mem 0x000a0000-0x000fffff] usable
[    0.000000] e820: last_pfn = 0x23f000 max_arch_pfn = 0x400000000
[    0.000000] MTRR default type: uncachable
[    0.000000] MTRR fixed ranges enabled:
[    0.000000]   00000-9FFFF write-back
[    0.000000]   A0000-BFFFF uncachable
[    0.000000]   C0000-CFFFF write-protect
[    0.000000]   D0000-DFFFF uncachable
[    0.000000]   E0000-FFFFF write-protect
[    0.000000] MTRR variable ranges enabled:
[    0.000000]   0 base 0000000000 mask 7E00000000 write-back
[    0.000000]   1 base 0200000000 mask 7FE0000000 write-back
[    0.000000]   2 base 0220000000 mask 7FF0000000 write-back
[    0.000000]   3 base 0230000000 mask 7FF8000000 write-back
[    0.000000]   4 base 0238000000 mask 7FFC000000 write-back
[    0.000000]   5 base 023C000000 mask 7FFE000000 write-back
[    0.000000]   6 base 023E000000 mask 7FFF000000 write-back
[    0.000000]   7 base 00C0000000 mask 7FC0000000 uncachable
[    0.000000]   8 disabled
[    0.000000]   9 disabled
[    0.000000] PAT configuration [0-7]: WB  WC  UC- UC  WB  WC  UC- UC  
[    0.000000] e820: update [mem 0xc0000000-0xffffffff] usable ==> reserved
[    0.000000] e820: last_pfn = 0xbf800 max_arch_pfn = 0x400000000
[    0.000000] found SMP MP-table at [mem 0x000fd700-0x000fd70f] mapped at [ffff8800000fd700]
[    0.000000] Base memory trampoline at [ffff880000097000] 97000 size 24576
[    0.000000] Using GB pages for direct mapping
[    0.000000] init_memory_mapping: [mem 0x00000000-0x000fffff]
[    0.000000]  [mem 0x00000000-0x000fffff] page 4k
[    0.000000] BRK [0x02039000, 0x02039fff] PGTABLE
[    0.000000] BRK [0x0203a000, 0x0203afff] PGTABLE
[    0.000000] BRK [0x0203b000, 0x0203bfff] PGTABLE
[    0.000000] init_memory_mapping: [mem 0x23ee00000-0x23effffff]
[    0.000000]  [mem 0x23ee00000-0x23effffff] page 2M
[    0.000000] BRK [0x0203c000, 0x0203cfff] PGTABLE
[    0.000000] init_memory_mapping: [mem 0x220000000-0x23edfffff]
[    0.000000]  [mem 0x220000000-0x23edfffff] page 2M
[    0.000000] init_memory_mapping: [mem 0x200000000-0x21fffffff]
[    0.000000]  [mem 0x200000000-0x21fffffff] page 2M
[    0.000000] init_memory_mapping: [mem 0x00100000-0xab79efff]
[    0.000000]  [mem 0x00100000-0x001fffff] page 4k
[    0.000000]  [mem 0x00200000-0x3fffffff] page 2M
[    0.000000]  [mem 0x40000000-0x7fffffff] page 1G
[    0.000000]  [mem 0x80000000-0xab5fffff] page 2M
[    0.000000]  [mem 0xab600000-0xab79efff] page 4k
[    0.000000] init_memory_mapping: [mem 0xab7a6000-0xac7e0fff]
[    0.000000]  [mem 0xab7a6000-0xab7fffff] page 4k
[    0.000000]  [mem 0xab800000-0xac5fffff] page 2M
[    0.000000]  [mem 0xac600000-0xac7e0fff] page 4k
[    0.000000] BRK [0x0203d000, 0x0203dfff] PGTABLE
[    0.000000] init_memory_mapping: [mem 0xacd55000-0xbe90efff]
[    0.000000]  [mem 0xacd55000-0xacdfffff] page 4k
[    0.000000]  [mem 0xace00000-0xbe7fffff] page 2M
[    0.000000]  [mem 0xbe800000-0xbe90efff] page 4k
[    0.000000] BRK [0x0203e000, 0x0203efff] PGTABLE
[    0.000000] init_memory_mapping: [mem 0xbf7ff000-0xbf7fffff]
[    0.000000]  [mem 0xbf7ff000-0xbf7fffff] page 4k
[    0.000000] init_memory_mapping: [mem 0x100000000-0x1ffffffff]
[    0.000000]  [mem 0x100000000-0x1ffffffff] page 1G
[    0.000000] RAMDISK: [mem 0x3ed6d000-0x3fffafff]
[    0.000000] ACPI: Early table checksum verification disabled
[    0.000000] ACPI: RSDP 0x00000000BEBE1000 000024 (v02 GBT   )
[    0.000000] ACPI: XSDT 0x00000000BEBE1080 000084 (v01 GBT    GBTUACPI 01072009 AMI  00010013)
[    0.000000] ACPI: FACP 0x00000000BEBEC1E0 00010C (v05 GBT    GBTUACPI 01072009 AMI  00010013)
[    0.000000] ACPI: DSDT 0x00000000BEBE11A0 00B03E (v02 GBT    GBTUACPI 000000F5 INTL 20091112)
[    0.000000] ACPI: FACS 0x00000000BEC07080 000040
[    0.000000] ACPI: APIC 0x00000000BEBEC2F0 000072 (v03 GBT    GBTUACPI 01072009 AMI  00010013)
[    0.000000] ACPI: FPDT 0x00000000BEBEC368 000044 (v01 GBT    GBTUACPI 01072009 AMI  00010013)
[    0.000000] ACPI: SLIC 0x00000000BEBEC3B0 000176 (v01 GBT    GBTUACPI 01072009 AMI  00010013)
[    0.000000] ACPI: SSDT 0x00000000BEBEC528 000539 (v01 PmRef  Cpu0Ist  00003000 INTL 20051117)
[    0.000000] ACPI: SSDT 0x00000000BEBECA68 000AD8 (v01 PmRef  CpuPm    00003000 INTL 20051117)
[    0.000000] ACPI: MCFG 0x00000000BEBED540 00003C (v01                 01072009 MSFT 00000097)
[    0.000000] ACPI: HPET 0x00000000BEBED580 000038 (v01 ALASKA A M I    01072009 AMI. 00000005)
[    0.000000] ACPI: SSDT 0x00000000BEBED5B8 00036D (v01 SataRe SataTabl 00001000 INTL 20091112)
[    0.000000] ACPI: SSDT 0x00000000BEBED928 003299 (v01 SaSsdt SaSsdt   00003000 INTL 20091112)
[    0.000000] ACPI: BGRT 0x00000000BEBF0BC8 000038 (v00 ALASKA A M I    01072009 AMI  00010013)
[    0.000000] ACPI: DMAR 0x00000000BEBF0C00 000080 (v01 INTEL  HSW      00000001 INTL 00000001)
[    0.000000] ACPI: Local APIC address 0xfee00000
[    0.000000] No NUMA configuration found
[    0.000000] Faking a node at [mem 0x0000000000000000-0x000000023effffff]
[    0.000000] NODE_DATA(0) allocated [mem 0x23efe8000-0x23effbfff]
[    0.000000]  [ffffea0000000000-ffffea0008ffffff] PMD -> [ffff880236600000-ffff88023e5fffff] on node 0
[    0.000000] Zone ranges:
[    0.000000]   DMA      [mem 0x0000000000001000-0x0000000000ffffff]
[    0.000000]   DMA32    [mem 0x0000000001000000-0x00000000ffffffff]
[    0.000000]   Normal   [mem 0x0000000100000000-0x000000023effffff]
[    0.000000] Movable zone start for each node
[    0.000000] Early memory node ranges
[    0.000000]   node   0: [mem 0x0000000000001000-0x0000000000057fff]
[    0.000000]   node   0: [mem 0x0000000000059000-0x000000000009efff]
[    0.000000]   node   0: [mem 0x0000000000100000-0x00000000ab79efff]
[    0.000000]   node   0: [mem 0x00000000ab7a6000-0x00000000ac7e0fff]
[    0.000000]   node   0: [mem 0x00000000acd55000-0x00000000be90efff]
[    0.000000]   node   0: [mem 0x00000000bf7ff000-0x00000000bf7fffff]
[    0.000000]   node   0: [mem 0x0000000100000000-0x000000023effffff]
[    0.000000] Initmem setup node 0 [mem 0x0000000000001000-0x000000023effffff]
[    0.000000] On node 0 totalpages: 2085682
[    0.000000]   DMA zone: 64 pages used for memmap
[    0.000000]   DMA zone: 24 pages reserved
[    0.000000]   DMA zone: 3997 pages, LIFO batch:0
[    0.000000]   DMA32 zone: 12111 pages used for memmap
[    0.000000]   DMA32 zone: 775061 pages, LIFO batch:31
[    0.000000]   Normal zone: 20416 pages used for memmap
[    0.000000]   Normal zone: 1306624 pages, LIFO batch:31
[    0.000000] tboot: non-0 tboot_addr but it is not of type E820_RESERVED
[    0.000000] ACPI: PM-Timer IO Port: 0x1808
[    0.000000] ACPI: Local APIC address 0xfee00000
[    0.000000] ACPI: LAPIC_NMI (acpi_id[0xff] high edge lint[0x1])
[    0.000000] IOAPIC[0]: apic_id 2, version 32, address 0xfec00000, GSI 0-23
[    0.000000] ACPI: INT_SRC_OVR (bus 0 bus_irq 0 global_irq 2 dfl dfl)
[    0.000000] ACPI: INT_SRC_OVR (bus 0 bus_irq 9 global_irq 9 high level)
[    0.000000] ACPI: IRQ0 used by override.
[    0.000000] ACPI: IRQ9 used by override.
[    0.000000] Using ACPI (MADT) for SMP configuration information
[    0.000000] ACPI: HPET id: 0x8086a701 base: 0xfed00000
[    0.000000] smpboot: Allowing 4 CPUs, 0 hotplug CPUs
[    0.000000] PM: Registered nosave memory: [mem 0x00000000-0x00000fff]
[    0.000000] PM: Registered nosave memory: [mem 0x00058000-0x00058fff]
[    0.000000] PM: Registered nosave memory: [mem 0x0009f000-0x0009ffff]
[    0.000000] PM: Registered nosave memory: [mem 0x000a0000-0x000fffff]
[    0.000000] PM: Registered nosave memory: [mem 0xab44e000-0xab44efff]
[    0.000000] PM: Registered nosave memory: [mem 0xab45e000-0xab45efff]
[    0.000000] PM: Registered nosave memory: [mem 0xab45f000-0xab45ffff]
[    0.000000] PM: Registered nosave memory: [mem 0xab46f000-0xab46ffff]
[    0.000000] PM: Registered nosave memory: [mem 0xab79f000-0xab7a5fff]
[    0.000000] PM: Registered nosave memory: [mem 0xac7e1000-0xacd54fff]
[    0.000000] PM: Registered nosave memory: [mem 0xbe90f000-0xbeb22fff]
[    0.000000] PM: Registered nosave memory: [mem 0xbeb23000-0xbec08fff]
[    0.000000] PM: Registered nosave memory: [mem 0xbec09000-0xbf7fefff]
[    0.000000] PM: Registered nosave memory: [mem 0xbf800000-0xf7ffffff]
[    0.000000] PM: Registered nosave memory: [mem 0xf8000000-0xfbffffff]
[    0.000000] PM: Registered nosave memory: [mem 0xfc000000-0xfebfffff]
[    0.000000] PM: Registered nosave memory: [mem 0xfec00000-0xfec00fff]
[    0.000000] PM: Registered nosave memory: [mem 0xfec01000-0xfecfffff]
[    0.000000] PM: Registered nosave memory: [mem 0xfed00000-0xfed03fff]
[    0.000000] PM: Registered nosave memory: [mem 0xfed04000-0xfed1bfff]
[    0.000000] PM: Registered nosave memory: [mem 0xfed1c000-0xfed1ffff]
[    0.000000] PM: Registered nosave memory: [mem 0xfed20000-0xfedfffff]
[    0.000000] PM: Registered nosave memory: [mem 0xfee00000-0xfee00fff]
[    0.000000] PM: Registered nosave memory: [mem 0xfee01000-0xfeffffff]
[    0.000000] PM: Registered nosave memory: [mem 0xff000000-0xffffffff]
[    0.000000] e820: [mem 0xbf800000-0xf7ffffff] available for PCI devices
[    0.000000] Booting paravirtualized kernel on bare hardware
[    0.000000] clocksource refined-jiffies: mask: 0xffffffff max_cycles: 0xffffffff, max_idle_ns: 1910969940391419 ns
[    0.000000] setup_percpu: NR_CPUS:1024 nr_cpumask_bits:4 nr_cpu_ids:4 nr_node_ids:1
[    0.000000] PERCPU: Embedded 34 pages/cpu @ffff88023ec00000 s101016 r8192 d30056 u524288
[    0.000000] pcpu-alloc: s101016 r8192 d30056 u524288 alloc=1*2097152
[    0.000000] pcpu-alloc: [0] 0 1 2 3 
[    0.000000] Built 1 zonelists in Node order, mobility grouping on.  Total pages: 2053067
[    0.000000] Policy zone: Normal
[    0.000000] Kernel command line: BOOT_IMAGE=/vmlinuz-4.1.3-201.fc22.x86_64 root=UUID=3a7abac3-c62e-45ec-8091-d912c1e969e3 ro vconsole.font=latarcyrheb-sun16 vconsole.keymap=us rd.lvm=0 rd.luks=0 rd.md=0 rd.dm=0 rhgb quiet LANG=en_US.UTF-8
[    0.000000] PID hash table entries: 4096 (order: 3, 32768 bytes)
[    0.000000] xsave: enabled xstate_bv 0x7, cntxt size 0x340 using standard form
[    0.000000] Memory: 7876940K/8342728K available (7835K kernel code, 1242K rwdata, 3268K rodata, 1516K init, 1524K bss, 465788K reserved, 0K cma-reserved)
[    0.000000] SLUB: HWalign=64, Order=0-3, MinObjects=0, CPUs=4, Nodes=1
[    0.000000] Hierarchical RCU implementation.
[    0.000000] 	RCU dyntick-idle grace-period acceleration is enabled.
[    0.000000] 	RCU restricting CPUs from NR_CPUS=1024 to nr_cpu_ids=4.
[    0.000000] RCU: Adjusting geometry for rcu_fanout_leaf=16, nr_cpu_ids=4
[    0.000000] NR_IRQS:65792 nr_irqs:456 16
[    0.000000] 	Offload RCU callbacks from all CPUs
[    0.000000] 	Offload RCU callbacks from CPUs: 0-3.
[    0.000000] Console: colour dummy device 80x25
[    0.000000] console [tty0] enabled
[    0.000000] clocksource hpet: mask: 0xffffffff max_cycles: 0xffffffff, max_idle_ns: 133484882848 ns
[    0.000000] hpet clockevent registered
[    0.000000] tsc: Fast TSC calibration using PIT
[    0.000000] tsc: Detected 3192.691 MHz processor
[    0.000020] Calibrating delay loop (skipped), value calculated using timer frequency.. 6385.38 BogoMIPS (lpj=3192691)
[    0.000022] pid_max: default: 32768 minimum: 301
[    0.000026] ACPI: Core revision 20150410
[    0.006708] ACPI: All ACPI Tables successfully acquired
[    0.007499] Security Framework initialized
[    0.007505] SELinux:  Initializing.
[    0.007510] SELinux:  Starting in permissive mode
[    0.007511] Yama: becoming mindful.
[    0.007902] Dentry cache hash table entries: 1048576 (order: 11, 8388608 bytes)
[    0.009498] Inode-cache hash table entries: 524288 (order: 10, 4194304 bytes)
[    0.010238] Mount-cache hash table entries: 16384 (order: 5, 131072 bytes)
[    0.010246] Mountpoint-cache hash table entries: 16384 (order: 5, 131072 bytes)
[    0.010424] Initializing cgroup subsys blkio
[    0.010426] Initializing cgroup subsys memory
[    0.010431] Initializing cgroup subsys devices
[    0.010432] Initializing cgroup subsys freezer
[    0.010433] Initializing cgroup subsys net_cls
[    0.010435] Initializing cgroup subsys perf_event
[    0.010436] Initializing cgroup subsys net_prio
[    0.010438] Initializing cgroup subsys hugetlb
[    0.010455] CPU: Physical Processor ID: 0
[    0.010456] CPU: Processor Core ID: 0
[    0.011202] mce: CPU supports 9 MCE banks
[    0.011213] CPU0: Thermal monitoring enabled (TM1)
[    0.011220] process: using mwait in idle threads
[    0.011223] Last level iTLB entries: 4KB 1024, 2MB 1024, 4MB 1024
[    0.011223] Last level dTLB entries: 4KB 1024, 2MB 1024, 4MB 1024, 1GB 4
[    0.011310] Freeing SMP alternatives memory: 28K (ffffffff81eb3000 - ffffffff81eba000)
[    0.026586] ftrace: allocating 28149 entries in 110 pages
[    0.034961] dmar: Host address width 39
[    0.034962] dmar: DRHD base: 0x000000fed90000 flags: 0x1
[    0.034968] dmar: IOMMU 0: reg_base_addr fed90000 ver 1:0 cap d2008c20660462 ecap f010da
[    0.034969] dmar: RMRR base: 0x000000beaa1000 end: 0x000000beaadfff
[    0.034971] IOAPIC id 2 under DRHD base  0xfed90000 IOMMU 0
[    0.034972] HPET id 0 under DRHD base 0xfed90000
[    0.035101] Queued invalidation will be enabled to support x2apic and Intr-remapping.
[    0.035105] Enabled IRQ remapping in x2apic mode
[    0.035106] x2apic enabled
[    0.035110] Switched APIC routing to cluster x2apic.
[    0.035509] ..TIMER: vector=0x30 apic1=0 pin1=2 apic2=-1 pin2=-1
[    0.045521] TSC deadline timer enabled
[    0.045523] smpboot: CPU0: Intel(R) Core(TM) i5-4570 CPU @ 3.20GHz (fam: 06, model: 3c, stepping: 03)
[    0.045539] Performance Events: PEBS fmt2+, 16-deep LBR, Haswell events, full-width counters, Intel PMU driver.
[    0.045553] ... version:                3
[    0.045553] ... bit width:              48
[    0.045554] ... generic registers:      8
[    0.045555] ... value mask:             0000ffffffffffff
[    0.045555] ... max period:             0000ffffffffffff
[    0.045556] ... fixed-purpose events:   3
[    0.045556] ... event mask:             00000007000000ff
[    0.046048] x86: Booting SMP configuration:
[    0.046049] .... node  #0, CPUs:      #1
[    0.057882] microcode: CPU1 microcode updated early to revision 0x1c, date = 2014-07-03
[    0.060721] NMI watchdog: enabled on all CPUs, permanently consumes one hw-PMU counter.
[    0.060780]  #2
[    0.072613] microcode: CPU2 microcode updated early to revision 0x1c, date = 2014-07-03
[    0.075573]  #3
[    0.087409] microcode: CPU3 microcode updated early to revision 0x1c, date = 2014-07-03
[    0.090312] x86: Booted up 1 node, 4 CPUs
[    0.090315] smpboot: Total of 4 processors activated (25541.52 BogoMIPS)
[    0.092847] devtmpfs: initialized
[    0.094367] PM: Registering ACPI NVS region [mem 0xab79f000-0xab7a5fff] (28672 bytes)
[    0.094369] PM: Registering ACPI NVS region [mem 0xbeb23000-0xbec08fff] (942080 bytes)
[    0.094423] clocksource jiffies: mask: 0xffffffff max_cycles: 0xffffffff, max_idle_ns: 1911260446275000 ns
[    0.094473] atomic64_test: passed for x86-64 platform with CX8 and with SSE
[    0.094474] pinctrl core: initialized pinctrl subsystem
[    0.094506] RTC time: 16:25:11, date: 08/04/15
[    0.094584] NET: Registered protocol family 16
[    0.100754] cpuidle: using governor menu
[    0.100836] ACPI FADT declares the system doesn't support PCIe ASPM, so disable it
[    0.100838] ACPI: bus type PCI registered
[    0.100839] acpiphp: ACPI Hot Plug PCI Controller Driver version: 0.5
[    0.100894] PCI: MMCONFIG for domain 0000 [bus 00-3f] at [mem 0xf8000000-0xfbffffff] (base 0xf8000000)
[    0.100896] PCI: MMCONFIG at [mem 0xf8000000-0xfbffffff] reserved in E820
[    0.100948] PCI: Using configuration type 1 for base access
[    0.101150] NMI watchdog: enabled on all CPUs, permanently consumes one hw-PMU counter.
[    0.101165] perf_event_intel: PMU erratum BJ122, BV98, HSD29 workaround disabled, HT off
[    0.108997] ACPI: Added _OSI(Module Device)
[    0.108998] ACPI: Added _OSI(Processor Device)
[    0.108999] ACPI: Added _OSI(3.0 _SCP Extensions)
[    0.109000] ACPI: Added _OSI(Processor Aggregator Device)
[    0.111394] ACPI: Executed 1 blocks of module-level executable AML code
[    0.112872] [Firmware Bug]: ACPI: BIOS _OSI(Linux) query ignored
[    0.113160] ACPI: Dynamic OEM Table Load:
[    0.113164] ACPI: SSDT 0xFFFF880234ECD400 0003D3 (v01 PmRef  Cpu0Cst  00003001 INTL 20051117)
[    0.113566] ACPI: Dynamic OEM Table Load:
[    0.113569] ACPI: SSDT 0xFFFF880234D09800 0005AA (v01 PmRef  ApIst    00003000 INTL 20051117)
[    0.114002] ACPI: Dynamic OEM Table Load:
[    0.114004] ACPI: SSDT 0xFFFF880234EBD600 000119 (v01 PmRef  ApCst    00003000 INTL 20051117)
[    0.114676] ACPI: Interpreter enabled
[    0.114681] ACPI Exception: AE_NOT_FOUND, While evaluating Sleep State [\_S1_] (20150410/hwxface-580)
[    0.114685] ACPI Exception: AE_NOT_FOUND, While evaluating Sleep State [\_S2_] (20150410/hwxface-580)
[    0.114695] ACPI: (supports S0 S3 S4 S5)
[    0.114696] ACPI: Using IOAPIC for interrupt routing
[    0.114712] PCI: Using host bridge windows from ACPI; if necessary, use "pci=nocrs" and report a bug
[    0.119886] ACPI: Power Resource [FN00] (off)
[    0.119932] ACPI: Power Resource [FN01] (off)
[    0.119976] ACPI: Power Resource [FN02] (off)
[    0.120019] ACPI: Power Resource [FN03] (off)
[    0.120063] ACPI: Power Resource [FN04] (off)
[    0.120536] ACPI: PCI Root Bridge [PCI0] (domain 0000 [bus 00-3e])
[    0.120539] acpi PNP0A08:00: _OSC: OS supports [ExtendedConfig ASPM ClockPM Segments MSI]
[    0.120659] acpi PNP0A08:00: _OSC: platform does not support [PCIeHotplug PME]
[    0.120734] acpi PNP0A08:00: _OSC: OS now controls [AER PCIeCapability]
[    0.120735] acpi PNP0A08:00: FADT indicates ASPM is unsupported, using BIOS configuration
[    0.120975] PCI host bridge to bus 0000:00
[    0.120977] pci_bus 0000:00: root bus resource [bus 00-3e]
[    0.120979] pci_bus 0000:00: root bus resource [io  0x0000-0x0cf7 window]
[    0.120980] pci_bus 0000:00: root bus resource [io  0x0d00-0xffff window]
[    0.120981] pci_bus 0000:00: root bus resource [mem 0x000a0000-0x000bffff window]
[    0.120982] pci_bus 0000:00: root bus resource [mem 0x000d0000-0x000d3fff window]
[    0.120983] pci_bus 0000:00: root bus resource [mem 0x000d4000-0x000d7fff window]
[    0.120984] pci_bus 0000:00: root bus resource [mem 0x000d8000-0x000dbfff window]
[    0.120984] pci_bus 0000:00: root bus resource [mem 0x000dc000-0x000dffff window]
[    0.120985] pci_bus 0000:00: root bus resource [mem 0xc0000000-0xfeafffff window]
[    0.120990] pci 0000:00:00.0: [8086:0c00] type 00 class 0x060000
[    0.121050] pci 0000:00:01.0: [8086:0c01] type 01 class 0x060400
[    0.121073] pci 0000:00:01.0: PME# supported from D0 D3hot D3cold
[    0.121127] pci 0000:00:01.0: System wakeup disabled by ACPI
[    0.121168] pci 0000:00:14.0: [8086:8c31] type 00 class 0x0c0330
[    0.121182] pci 0000:00:14.0: reg 0x10: [mem 0xf0120000-0xf012ffff 64bit]
[    0.121229] pci 0000:00:14.0: PME# supported from D3hot D3cold
[    0.121256] pci 0000:00:14.0: System wakeup disabled by ACPI
[    0.121281] pci 0000:00:16.0: [8086:8c3a] type 00 class 0x078000
[    0.121295] pci 0000:00:16.0: reg 0x10: [mem 0xf013b000-0xf013b00f 64bit]
[    0.121345] pci 0000:00:16.0: PME# supported from D0 D3hot D3cold
[    0.121396] pci 0000:00:19.0: [8086:153b] type 00 class 0x020000
[    0.121408] pci 0000:00:19.0: reg 0x10: [mem 0xf0100000-0xf011ffff]
[    0.121414] pci 0000:00:19.0: reg 0x14: [mem 0xf0139000-0xf0139fff]
[    0.121421] pci 0000:00:19.0: reg 0x18: [io  0xf040-0xf05f]
[    0.121464] pci 0000:00:19.0: PME# supported from D0 D3hot D3cold
[    0.121492] pci 0000:00:19.0: System wakeup disabled by ACPI
[    0.121516] pci 0000:00:1a.0: [8086:8c2d] type 00 class 0x0c0320
[    0.121530] pci 0000:00:1a.0: reg 0x10: [mem 0xf0138000-0xf01383ff]
[    0.121596] pci 0000:00:1a.0: PME# supported from D0 D3hot D3cold
[    0.121631] pci 0000:00:1a.0: System wakeup disabled by ACPI
[    0.121656] pci 0000:00:1b.0: [8086:8c20] type 00 class 0x040300
[    0.121667] pci 0000:00:1b.0: reg 0x10: [mem 0xf0130000-0xf0133fff 64bit]
[    0.121713] pci 0000:00:1b.0: PME# supported from D0 D3hot D3cold
[    0.121740] pci 0000:00:1b.0: System wakeup disabled by ACPI
[    0.121762] pci 0000:00:1c.0: [8086:8c10] type 01 class 0x060400
[    0.121813] pci 0000:00:1c.0: PME# supported from D0 D3hot D3cold
[    0.121860] pci 0000:00:1c.0: System wakeup disabled by ACPI
[    0.121884] pci 0000:00:1c.3: [8086:244e] type 01 class 0x060401
[    0.121932] pci 0000:00:1c.3: PME# supported from D0 D3hot D3cold
[    0.121977] pci 0000:00:1c.3: System wakeup disabled by ACPI
[    0.122005] pci 0000:00:1d.0: [8086:8c26] type 00 class 0x0c0320
[    0.122019] pci 0000:00:1d.0: reg 0x10: [mem 0xf0137000-0xf01373ff]
[    0.122085] pci 0000:00:1d.0: PME# supported from D0 D3hot D3cold
[    0.122121] pci 0000:00:1d.0: System wakeup disabled by ACPI
[    0.122145] pci 0000:00:1f.0: [8086:8c44] type 00 class 0x060100
[    0.122275] pci 0000:00:1f.2: [8086:8c02] type 00 class 0x010601
[    0.122286] pci 0000:00:1f.2: reg 0x10: [io  0xf090-0xf097]
[    0.122291] pci 0000:00:1f.2: reg 0x14: [io  0xf080-0xf083]
[    0.122297] pci 0000:00:1f.2: reg 0x18: [io  0xf070-0xf077]
[    0.122303] pci 0000:00:1f.2: reg 0x1c: [io  0xf060-0xf063]
[    0.122308] pci 0000:00:1f.2: reg 0x20: [io  0xf020-0xf03f]
[    0.122314] pci 0000:00:1f.2: reg 0x24: [mem 0xf0136000-0xf01367ff]
[    0.122339] pci 0000:00:1f.2: PME# supported from D3hot
[    0.122383] pci 0000:00:1f.3: [8086:8c22] type 00 class 0x0c0500
[    0.122394] pci 0000:00:1f.3: reg 0x10: [mem 0xf0135000-0xf01350ff 64bit]
[    0.122411] pci 0000:00:1f.3: reg 0x20: [io  0xf000-0xf01f]
[    0.122491] pci 0000:01:00.0: [1002:6811] type 00 class 0x030000
[    0.122499] pci 0000:01:00.0: reg 0x10: [mem 0xe0000000-0xefffffff 64bit pref]
[    0.122505] pci 0000:01:00.0: reg 0x18: [mem 0xf0000000-0xf003ffff 64bit]
[    0.122509] pci 0000:01:00.0: reg 0x20: [io  0xe000-0xe0ff]
[    0.122516] pci 0000:01:00.0: reg 0x30: [mem 0xf0040000-0xf005ffff pref]
[    0.122538] pci 0000:01:00.0: supports D1 D2
[    0.122539] pci 0000:01:00.0: PME# supported from D1 D2 D3hot
[    0.122553] pci 0000:01:00.0: System wakeup disabled by ACPI
[    0.122574] pci 0000:01:00.1: [1002:aab0] type 00 class 0x040300
[    0.122582] pci 0000:01:00.1: reg 0x10: [mem 0xf0060000-0xf0063fff 64bit]
[    0.122616] pci 0000:01:00.1: supports D1 D2
[    0.123807] pci 0000:00:01.0: PCI bridge to [bus 01]
[    0.123808] pci 0000:00:01.0:   bridge window [io  0xe000-0xefff]
[    0.123810] pci 0000:00:01.0:   bridge window [mem 0xe0000000-0xf00fffff]
[    0.123851] pci 0000:00:1c.0: PCI bridge to [bus 02]
[    0.123906] pci 0000:03:00.0: [8086:244e] type 01 class 0x060401
[    0.124012] pci 0000:03:00.0: supports D1 D2
[    0.124013] pci 0000:03:00.0: PME# supported from D0 D1 D2 D3hot D3cold
[    0.124034] pci 0000:03:00.0: System wakeup disabled by ACPI
[    0.124052] pci 0000:00:1c.3: PCI bridge to [bus 03-04] (subtractive decode)
[    0.124059] pci 0000:00:1c.3:   bridge window [io  0x0000-0x0cf7 window] (subtractive decode)
[    0.124060] pci 0000:00:1c.3:   bridge window [io  0x0d00-0xffff window] (subtractive decode)
[    0.124061] pci 0000:00:1c.3:   bridge window [mem 0x000a0000-0x000bffff window] (subtractive decode)
[    0.124062] pci 0000:00:1c.3:   bridge window [mem 0x000d0000-0x000d3fff window] (subtractive decode)
[    0.124063] pci 0000:00:1c.3:   bridge window [mem 0x000d4000-0x000d7fff window] (subtractive decode)
[    0.124064] pci 0000:00:1c.3:   bridge window [mem 0x000d8000-0x000dbfff window] (subtractive decode)
[    0.124065] pci 0000:00:1c.3:   bridge window [mem 0x000dc000-0x000dffff window] (subtractive decode)
[    0.124066] pci 0000:00:1c.3:   bridge window [mem 0xc0000000-0xfeafffff window] (subtractive decode)
[    0.124172] pci 0000:03:00.0: PCI bridge to [bus 04] (subtractive decode)
[    0.124192] pci 0000:03:00.0:   bridge window [io  0x0000-0x0cf7 window] (subtractive decode)
[    0.124193] pci 0000:03:00.0:   bridge window [io  0x0d00-0xffff window] (subtractive decode)
[    0.124193] pci 0000:03:00.0:   bridge window [mem 0x000a0000-0x000bffff window] (subtractive decode)
[    0.124194] pci 0000:03:00.0:   bridge window [mem 0x000d0000-0x000d3fff window] (subtractive decode)
[    0.124195] pci 0000:03:00.0:   bridge window [mem 0x000d4000-0x000d7fff window] (subtractive decode)
[    0.124196] pci 0000:03:00.0:   bridge window [mem 0x000d8000-0x000dbfff window] (subtractive decode)
[    0.124197] pci 0000:03:00.0:   bridge window [mem 0x000dc000-0x000dffff window] (subtractive decode)
[    0.124198] pci 0000:03:00.0:   bridge window [mem 0xc0000000-0xfeafffff window] (subtractive decode)
[    0.124659] ACPI: PCI Interrupt Link [LNKA] (IRQs 3 4 5 6 10 *11 12 14 15)
[    0.124689] ACPI: PCI Interrupt Link [LNKB] (IRQs 3 4 5 6 *10 11 12 14 15)
[    0.124716] ACPI: PCI Interrupt Link [LNKC] (IRQs 3 4 5 6 *10 11 12 14 15)
[    0.124742] ACPI: PCI Interrupt Link [LNKD] (IRQs 3 4 *5 6 10 11 12 14 15)
[    0.124770] ACPI: PCI Interrupt Link [LNKE] (IRQs *3 4 5 6 10 11 12 14 15)
[    0.124796] ACPI: PCI Interrupt Link [LNKF] (IRQs 3 4 5 6 10 11 12 14 15) *0, disabled.
[    0.124826] ACPI: PCI Interrupt Link [LNKG] (IRQs 3 *4 5 6 10 11 12 14 15)
[    0.124852] ACPI: PCI Interrupt Link [LNKH] (IRQs 3 4 5 6 10 *11 12 14 15)
[    0.125045] ACPI: Enabled 4 GPEs in block 00 to 3F
[    0.125109] vgaarb: setting as boot device: PCI:0000:01:00.0
[    0.125111] vgaarb: device added: PCI:0000:01:00.0,decodes=io+mem,owns=io+mem,locks=none
[    0.125112] vgaarb: loaded
[    0.125112] vgaarb: bridge control possible 0000:01:00.0
[    0.125154] SCSI subsystem initialized
[    0.125173] libata version 3.00 loaded.
[    0.125191] ACPI: bus type USB registered
[    0.125201] usbcore: registered new interface driver usbfs
[    0.125206] usbcore: registered new interface driver hub
[    0.125215] usbcore: registered new device driver usb
[    0.125295] PCI: Using ACPI for IRQ routing
[    0.126487] PCI: pci_cache_line_size set to 64 bytes
[    0.126517] e820: reserve RAM buffer [mem 0x00058000-0x0005ffff]
[    0.126518] e820: reserve RAM buffer [mem 0x0009f000-0x0009ffff]
[    0.126519] e820: reserve RAM buffer [mem 0xab44e018-0xabffffff]
[    0.126520] e820: reserve RAM buffer [mem 0xab45f018-0xabffffff]
[    0.126521] e820: reserve RAM buffer [mem 0xab79f000-0xabffffff]
[    0.126521] e820: reserve RAM buffer [mem 0xac7e1000-0xafffffff]
[    0.126522] e820: reserve RAM buffer [mem 0xbe90f000-0xbfffffff]
[    0.126523] e820: reserve RAM buffer [mem 0xbf800000-0xbfffffff]
[    0.126524] e820: reserve RAM buffer [mem 0x23f000000-0x23fffffff]
[    0.126596] NetLabel: Initializing
[    0.126596] NetLabel:  domain hash size = 128
[    0.126597] NetLabel:  protocols = UNLABELED CIPSOv4
[    0.126604] NetLabel:  unlabeled traffic allowed by default
[    0.126644] hpet0: at MMIO 0xfed00000, IRQs 2, 8, 0, 0, 0, 0, 0, 0
[    0.126647] hpet0: 8 comparators, 64-bit 14.318180 MHz counter
[    0.128666] Switched to clocksource hpet
[    0.132930] pnp: PnP ACPI init
[    0.132992] system 00:00: [mem 0xfed40000-0xfed44fff] has been reserved
[    0.132995] system 00:00: Plug and Play ACPI device, IDs PNP0c01 (active)
[    0.133088] system 00:01: [io  0x0680-0x069f] has been reserved
[    0.133090] system 00:01: [io  0xffff] has been reserved
[    0.133091] system 00:01: [io  0xffff] has been reserved
[    0.133092] system 00:01: [io  0xffff] has been reserved
[    0.133093] system 00:01: [io  0x1c00-0x1cfe] has been reserved
[    0.133094] system 00:01: [io  0x1d00-0x1dfe] has been reserved
[    0.133095] system 00:01: [io  0x1e00-0x1efe] has been reserved
[    0.133096] system 00:01: [io  0x1f00-0x1ffe] has been reserved
[    0.133098] system 00:01: [io  0x1800-0x18fe] could not be reserved
[    0.133099] system 00:01: [io  0x164e-0x164f] has been reserved
[    0.133101] system 00:01: Plug and Play ACPI device, IDs PNP0c02 (active)
[    0.133123] pnp 00:02: Plug and Play ACPI device, IDs PNP0b00 (active)
[    0.133152] system 00:03: [io  0x1854-0x1857] has been reserved
[    0.133154] system 00:03: Plug and Play ACPI device, IDs INT3f0d PNP0c02 (active)
[    0.133227] system 00:04: [io  0x0a00-0x0a0f] has been reserved
[    0.133228] system 00:04: [io  0x0a30-0x0a3f] has been reserved
[    0.133229] system 00:04: [io  0x0a20-0x0a2f] has been reserved
[    0.133231] system 00:04: Plug and Play ACPI device, IDs PNP0c02 (active)
[    0.133261] pnp 00:05: Plug and Play ACPI device, IDs PNP0303 PNP030b (active)
[    0.133366] system 00:06: [io  0x04d0-0x04d1] has been reserved
[    0.133367] system 00:06: Plug and Play ACPI device, IDs PNP0c02 (active)
[    0.133618] system 00:07: [mem 0xfed1c000-0xfed1ffff] has been reserved
[    0.133619] system 00:07: [mem 0xfed10000-0xfed17fff] has been reserved
[    0.133620] system 00:07: [mem 0xfed18000-0xfed18fff] has been reserved
[    0.133621] system 00:07: [mem 0xfed19000-0xfed19fff] has been reserved
[    0.133622] system 00:07: [mem 0xf8000000-0xfbffffff] has been reserved
[    0.133623] system 00:07: [mem 0xfed20000-0xfed3ffff] has been reserved
[    0.133625] system 00:07: [mem 0xfed90000-0xfed93fff] could not be reserved
[    0.133627] system 00:07: [mem 0xfed45000-0xfed8ffff] has been reserved
[    0.133628] system 00:07: [mem 0xff000000-0xffffffff] has been reserved
[    0.133629] system 00:07: [mem 0xfee00000-0xfeefffff] could not be reserved
[    0.133630] system 00:07: [mem 0xf7fef000-0xf7feffff] has been reserved
[    0.133631] system 00:07: [mem 0xf7ff0000-0xf7ff0fff] has been reserved
[    0.133633] system 00:07: Plug and Play ACPI device, IDs PNP0c02 (active)
[    0.133790] pnp: PnP ACPI: found 8 devices
[    0.139462] clocksource acpi_pm: mask: 0xffffff max_cycles: 0xffffff, max_idle_ns: 2085701024 ns
[    0.139493] pci 0000:00:01.0: PCI bridge to [bus 01]
[    0.139494] pci 0000:00:01.0:   bridge window [io  0xe000-0xefff]
[    0.139496] pci 0000:00:01.0:   bridge window [mem 0xe0000000-0xf00fffff]
[    0.139500] pci 0000:00:1c.0: PCI bridge to [bus 02]
[    0.139508] pci 0000:03:00.0: PCI bridge to [bus 04]
[    0.139526] pci 0000:00:1c.3: PCI bridge to [bus 03-04]
[    0.139534] pci_bus 0000:00: resource 4 [io  0x0000-0x0cf7 window]
[    0.139535] pci_bus 0000:00: resource 5 [io  0x0d00-0xffff window]
[    0.139536] pci_bus 0000:00: resource 6 [mem 0x000a0000-0x000bffff window]
[    0.139537] pci_bus 0000:00: resource 7 [mem 0x000d0000-0x000d3fff window]
[    0.139538] pci_bus 0000:00: resource 8 [mem 0x000d4000-0x000d7fff window]
[    0.139539] pci_bus 0000:00: resource 9 [mem 0x000d8000-0x000dbfff window]
[    0.139540] pci_bus 0000:00: resource 10 [mem 0x000dc000-0x000dffff window]
[    0.139541] pci_bus 0000:00: resource 11 [mem 0xc0000000-0xfeafffff window]
[    0.139542] pci_bus 0000:01: resource 0 [io  0xe000-0xefff]
[    0.139543] pci_bus 0000:01: resource 1 [mem 0xe0000000-0xf00fffff]
[    0.139544] pci_bus 0000:03: resource 4 [io  0x0000-0x0cf7 window]
[    0.139545] pci_bus 0000:03: resource 5 [io  0x0d00-0xffff window]
[    0.139546] pci_bus 0000:03: resource 6 [mem 0x000a0000-0x000bffff window]
[    0.139547] pci_bus 0000:03: resource 7 [mem 0x000d0000-0x000d3fff window]
[    0.139548] pci_bus 0000:03: resource 8 [mem 0x000d4000-0x000d7fff window]
[    0.139549] pci_bus 0000:03: resource 9 [mem 0x000d8000-0x000dbfff window]
[    0.139550] pci_bus 0000:03: resource 10 [mem 0x000dc000-0x000dffff window]
[    0.139551] pci_bus 0000:03: resource 11 [mem 0xc0000000-0xfeafffff window]
[    0.139552] pci_bus 0000:04: resource 4 [io  0x0000-0x0cf7 window]
[    0.139553] pci_bus 0000:04: resource 5 [io  0x0d00-0xffff window]
[    0.139554] pci_bus 0000:04: resource 6 [mem 0x000a0000-0x000bffff window]
[    0.139555] pci_bus 0000:04: resource 7 [mem 0x000d0000-0x000d3fff window]
[    0.139556] pci_bus 0000:04: resource 8 [mem 0x000d4000-0x000d7fff window]
[    0.139557] pci_bus 0000:04: resource 9 [mem 0x000d8000-0x000dbfff window]
[    0.139557] pci_bus 0000:04: resource 10 [mem 0x000dc000-0x000dffff window]
[    0.139558] pci_bus 0000:04: resource 11 [mem 0xc0000000-0xfeafffff window]
[    0.139582] NET: Registered protocol family 2
[    0.139718] TCP established hash table entries: 65536 (order: 7, 524288 bytes)
[    0.139849] TCP bind hash table entries: 65536 (order: 8, 1048576 bytes)
[    0.140021] TCP: Hash tables configured (established 65536 bind 65536)
[    0.140041] UDP hash table entries: 4096 (order: 5, 131072 bytes)
[    0.140069] UDP-Lite hash table entries: 4096 (order: 5, 131072 bytes)
[    0.140116] NET: Registered protocol family 1
[    0.170765] pci 0000:01:00.0: Video device with shadowed ROM
[    0.170770] PCI: CLS 64 bytes, default 64
[    0.170804] Unpacking initramfs...
[    0.371565] Freeing initrd memory: 19000K (ffff88003ed6d000 - ffff88003fffb000)
[    0.371606] PCI-DMA: Using software bounce buffering for IO (SWIOTLB)
[    0.371608] software IO TLB [mem 0xa744e000-0xab44e000] (64MB) mapped at [ffff8800a744e000-ffff8800ab44dfff]
[    0.371672] RAPL PMU detected, API unit is 2^-32 Joules, 4 fixed counters 655360 ms ovfl timer
[    0.371672] hw unit of domain pp0-core 2^-14 Joules
[    0.371673] hw unit of domain package 2^-14 Joules
[    0.371674] hw unit of domain dram 2^-14 Joules
[    0.371674] hw unit of domain pp1-gpu 2^-14 Joules
[    0.371773] microcode: CPU0 sig=0x306c3, pf=0x2, revision=0x1c
[    0.371776] microcode: CPU1 sig=0x306c3, pf=0x2, revision=0x1c
[    0.371780] microcode: CPU2 sig=0x306c3, pf=0x2, revision=0x1c
[    0.371784] microcode: CPU3 sig=0x306c3, pf=0x2, revision=0x1c
[    0.371820] microcode: Microcode Update Driver: v2.00 <tigran@aivazian.fsnet.co.uk>, Peter Oruba
[    0.372047] AVX2 version of gcm_enc/dec engaged.
[    0.372048] AES CTR mode by8 optimization enabled
[    0.373352] alg: No test for __gcm-aes-aesni (__driver-gcm-aes-aesni)
[    0.373629] futex hash table entries: 1024 (order: 4, 65536 bytes)
[    0.373646] Initialise system trusted keyring
[    0.373672] audit: initializing netlink subsys (disabled)
[    0.373685] audit: type=2000 audit(1438705511.354:1): initialized
[    0.373912] HugeTLB registered 2 MB page size, pre-allocated 0 pages
[    0.374769] zpool: loaded
[    0.374771] zbud: loaded
[    0.374879] VFS: Disk quotas dquot_6.6.0
[    0.374901] VFS: Dquot-cache hash table entries: 512 (order 0, 4096 bytes)
[    0.375132] Key type big_key registered
[    0.375135] SELinux:  Registering netfilter hooks
[    0.375722] alg: No test for stdrng (krng)
[    0.375729] NET: Registered protocol family 38
[    0.375737] Key type asymmetric registered
[    0.375739] Asymmetric key parser 'x509' registered
[    0.375759] Block layer SCSI generic (bsg) driver version 0.4 loaded (major 252)
[    0.375785] io scheduler noop registered
[    0.375786] io scheduler deadline registered
[    0.375804] io scheduler cfq registered (default)
[    0.376042] pci_hotplug: PCI Hot Plug PCI Core version: 0.5
[    0.376051] pciehp: PCI Express Hot Plug Controller Driver version: 0.4
[    0.376068] efifb: probing for efifb
[    0.376077] efifb: framebuffer at 0xe0000000, mapped to 0xffffc90001000000, using 3072k, total 3072k
[    0.376078] efifb: mode is 1024x768x32, linelength=4096, pages=1
[    0.376078] efifb: scrolling: redraw
[    0.376079] efifb: Truecolor: size=8:8:8:8, shift=24:16:8:0
[    0.376124] Console: switching to colour frame buffer device 128x48
[    0.377178] fb0: EFI VGA frame buffer device
[    0.377183] intel_idle: MWAIT substates: 0x42120
[    0.377184] intel_idle: v0.4 model 0x3C
[    0.377184] intel_idle: lapic_timer_reliable_states 0xffffffff
[    0.377331] input: Power Button as /devices/LNXSYSTM:00/LNXSYBUS:00/PNP0C0C:00/input/input0
[    0.377333] ACPI: Power Button [PWRB]
[    0.377355] input: Power Button as /devices/LNXSYSTM:00/LNXPWRBN:00/input/input1
[    0.377357] ACPI: Power Button [PWRF]
[    0.377779] thermal LNXTHERM:00: registered as thermal_zone0
[    0.377780] ACPI: Thermal Zone [TZ00] (28 C)
[    0.377901] thermal LNXTHERM:01: registered as thermal_zone1
[    0.377902] ACPI: Thermal Zone [TZ01] (30 C)
[    0.377944] GHES: HEST is not enabled!
[    0.377982] Serial: 8250/16550 driver, 4 ports, IRQ sharing enabled
[    0.378439] Non-volatile memory driver v1.3
[    0.378460] Linux agpgart interface v0.103
[    0.378738] ahci 0000:00:1f.2: version 3.0
[    0.378829] ahci 0000:00:1f.2: AHCI 0001.0300 32 slots 6 ports 6 Gbps 0x3 impl SATA mode
[    0.378831] ahci 0000:00:1f.2: flags: 64bit ncq led clo pio slum part ems apst 
[    0.380345] scsi host0: ahci
[    0.380472] scsi host1: ahci
[    0.380582] scsi host2: ahci
[    0.380688] scsi host3: ahci
[    0.380795] scsi host4: ahci
[    0.380926] scsi host5: ahci
[    0.380959] ata1: SATA max UDMA/133 abar m2048@0xf0136000 port 0xf0136100 irq 26
[    0.380960] ata2: SATA max UDMA/133 abar m2048@0xf0136000 port 0xf0136180 irq 26
[    0.380961] ata3: DUMMY
[    0.380961] ata4: DUMMY
[    0.380962] ata5: DUMMY
[    0.380963] ata6: DUMMY
[    0.381030] libphy: Fixed MDIO Bus: probed
[    0.381261] xhci_hcd 0000:00:14.0: xHCI Host Controller
[    0.381291] xhci_hcd 0000:00:14.0: new USB bus registered, assigned bus number 1
[    0.381361] xhci_hcd 0000:00:14.0: hcc params 0x200077c1 hci version 0x100 quirks 0x00009810
[    0.381366] xhci_hcd 0000:00:14.0: cache line size of 64 is not supported
[    0.381418] usb usb1: New USB device found, idVendor=1d6b, idProduct=0002
[    0.381419] usb usb1: New USB device strings: Mfr=3, Product=2, SerialNumber=1
[    0.381420] usb usb1: Product: xHCI Host Controller
[    0.381421] usb usb1: Manufacturer: Linux 4.1.3-201.fc22.x86_64 xhci-hcd
[    0.381422] usb usb1: SerialNumber: 0000:00:14.0
[    0.381495] hub 1-0:1.0: USB hub found
[    0.381509] hub 1-0:1.0: 14 ports detected
[    0.382964] xhci_hcd 0000:00:14.0: xHCI Host Controller
[    0.382990] xhci_hcd 0000:00:14.0: new USB bus registered, assigned bus number 2
[    0.383023] usb usb2: New USB device found, idVendor=1d6b, idProduct=0003
[    0.383024] usb usb2: New USB device strings: Mfr=3, Product=2, SerialNumber=1
[    0.383025] usb usb2: Product: xHCI Host Controller
[    0.383026] usb usb2: Manufacturer: Linux 4.1.3-201.fc22.x86_64 xhci-hcd
[    0.383026] usb usb2: SerialNumber: 0000:00:14.0
[    0.383149] hub 2-0:1.0: USB hub found
[    0.383159] hub 2-0:1.0: 6 ports detected
[    0.383789] ehci_hcd: USB 2.0 'Enhanced' Host Controller (EHCI) Driver
[    0.383794] ehci-pci: EHCI PCI platform driver
[    0.383848] ehci-pci 0000:00:1a.0: EHCI Host Controller
[    0.383927] ehci-pci 0000:00:1a.0: new USB bus registered, assigned bus number 3
[    0.383935] ehci-pci 0000:00:1a.0: debug port 2
[    0.387829] ehci-pci 0000:00:1a.0: cache line size of 64 is not supported
[    0.387838] ehci-pci 0000:00:1a.0: irq 16, io mem 0xf0138000
[    0.392898] ehci-pci 0000:00:1a.0: USB 2.0 started, EHCI 1.00
[    0.392932] usb usb3: New USB device found, idVendor=1d6b, idProduct=0002
[    0.392933] usb usb3: New USB device strings: Mfr=3, Product=2, SerialNumber=1
[    0.392934] usb usb3: Product: EHCI Host Controller
[    0.392935] usb usb3: Manufacturer: Linux 4.1.3-201.fc22.x86_64 ehci_hcd
[    0.392936] usb usb3: SerialNumber: 0000:00:1a.0
[    0.393022] hub 3-0:1.0: USB hub found
[    0.393024] hub 3-0:1.0: 2 ports detected
[    0.393134] ehci-pci 0000:00:1d.0: EHCI Host Controller
[    0.393182] ehci-pci 0000:00:1d.0: new USB bus registered, assigned bus number 4
[    0.393190] ehci-pci 0000:00:1d.0: debug port 2
[    0.397084] ehci-pci 0000:00:1d.0: cache line size of 64 is not supported
[    0.397093] ehci-pci 0000:00:1d.0: irq 23, io mem 0xf0137000
[    0.402895] ehci-pci 0000:00:1d.0: USB 2.0 started, EHCI 1.00
[    0.402916] usb usb4: New USB device found, idVendor=1d6b, idProduct=0002
[    0.402916] usb usb4: New USB device strings: Mfr=3, Product=2, SerialNumber=1
[    0.402917] usb usb4: Product: EHCI Host Controller
[    0.402918] usb usb4: Manufacturer: Linux 4.1.3-201.fc22.x86_64 ehci_hcd
[    0.402919] usb usb4: SerialNumber: 0000:00:1d.0
[    0.403055] hub 4-0:1.0: USB hub found
[    0.403058] hub 4-0:1.0: 2 ports detected
[    0.403125] ohci_hcd: USB 1.1 'Open' Host Controller (OHCI) Driver
[    0.403130] ohci-pci: OHCI PCI platform driver
[    0.403136] uhci_hcd: USB Universal Host Controller Interface driver
[    0.403162] usbcore: registered new interface driver usbserial
[    0.403166] usbcore: registered new interface driver usbserial_generic
[    0.403169] usbserial: USB Serial support registered for generic
[    0.403189] i8042: PNP: PS/2 Controller [PNP0303:PS2K] at 0x60,0x64 irq 1
[    0.403190] i8042: PNP: PS/2 appears to have AUX port disabled, if this is incorrect please boot with i8042.nopnp
[    0.403305] serio: i8042 KBD port at 0x60,0x64 irq 1
[    0.403411] mousedev: PS/2 mouse device common for all mice
[    0.403825] rtc_cmos 00:02: RTC can wake from S4
[    0.404038] rtc_cmos 00:02: rtc core: registered rtc_cmos as rtc0
[    0.404064] rtc_cmos 00:02: alarms up to one month, y3k, 242 bytes nvram, hpet irqs
[    0.404093] device-mapper: uevent: version 1.0.3
[    0.404154] device-mapper: ioctl: 4.31.0-ioctl (2015-3-12) initialised: dm-devel@redhat.com
[    0.404213] Intel P-state driver initializing.
[    0.405204] EFI Variables Facility v0.08 2004-May-17
[    0.410393] hidraw: raw HID events driver (C) Jiri Kosina
[    0.410495] usbcore: registered new interface driver usbhid
[    0.410498] usbhid: USB HID core driver
[    0.410642] drop_monitor: Initializing network drop monitor service
[    0.410838] ip_tables: (C) 2000-2006 Netfilter Core Team
[    0.410964] Initializing XFRM netlink socket
[    0.411234] NET: Registered protocol family 10
[    0.411752] mip6: Mobile IPv6
[    0.411762] NET: Registered protocol family 17
[    0.412821] Loading compiled-in X.509 certificates
[    0.415172] Loaded X.509 cert 'Fedora kernel signing key: 99810b900911232dd8f070431f9b55f4a4399ef1'
[    0.415216] registered taskstats version 1
[    0.416250]   Magic number: 11:383:438
[    0.416428] rtc_cmos 00:02: setting system clock to 2015-08-04 16:25:11 UTC (1438705511)
[    0.416636] PM: Hibernation image not present or could not be loaded.
[    0.685359] usb 2-5: new SuperSpeed USB device number 2 using xhci_hcd
[    0.686163] ata2: SATA link up 6.0 Gbps (SStatus 133 SControl 300)
[    0.686179] ata1: SATA link up 6.0 Gbps (SStatus 133 SControl 300)
[    0.688159] ata1.00: supports DRM functions and may not be fully accessible
[    0.688250] ata1.00: failed to get NCQ Send/Recv Log Emask 0x1
[    0.688251] ata1.00: ATA-9: Samsung SSD 840 EVO 120GB, EXT0CB6Q, max UDMA/133
[    0.688253] ata1.00: 234441648 sectors, multi 1: LBA48 NCQ (depth 31/32), AA
[    0.688531] ata1.00: supports DRM functions and may not be fully accessible
[    0.688595] ata1.00: failed to get NCQ Send/Recv Log Emask 0x1
[    0.688597] ata1.00: configured for UDMA/133
[    0.688716] scsi 0:0:0:0: Direct-Access     ATA      Samsung SSD 840  CB6Q PQ: 0 ANSI: 5
[    0.688918] sd 0:0:0:0: Attached scsi generic sg0 type 0
[    0.688920] sd 0:0:0:0: [sda] 234441648 512-byte logical blocks: (120 GB/111 GiB)
[    0.689095] sd 0:0:0:0: [sda] Write Protect is off
[    0.689097] sd 0:0:0:0: [sda] Mode Sense: 00 3a 00 00
[    0.689144] sd 0:0:0:0: [sda] Write cache: enabled, read cache: enabled, doesn't support DPO or FUA
[    0.691660]  sda: sda1 sda2 sda3 sda4 sda5
[    0.692398] sd 0:0:0:0: [sda] Attached SCSI disk
[    0.695147] usb 3-1: new high-speed USB device number 2 using ehci-pci
[    0.697645] usb 2-5: New USB device found, idVendor=045b, idProduct=0210
[    0.697647] usb 2-5: New USB device strings: Mfr=0, Product=0, SerialNumber=0
[    0.698036] hub 2-5:1.0: USB hub found
[    0.698128] ata2.00: ATA-9: ST1000DM003-1CH162, CC49, max UDMA/133
[    0.698129] ata2.00: 1953525168 sectors, multi 16: LBA48 NCQ (depth 31/32), AA
[    0.698266] hub 2-5:1.0: 4 ports detected
[    0.698952] ata2.00: configured for UDMA/133
[    0.699058] scsi 1:0:0:0: Direct-Access     ATA      ST1000DM003-1CH1 CC49 PQ: 0 ANSI: 5
[    0.699294] sd 1:0:0:0: Attached scsi generic sg1 type 0
[    0.699319] sd 1:0:0:0: [sdb] 1953525168 512-byte logical blocks: (1.00 TB/931 GiB)
[    0.699321] sd 1:0:0:0: [sdb] 4096-byte physical blocks
[    0.699562] sd 1:0:0:0: [sdb] Write Protect is off
[    0.699564] sd 1:0:0:0: [sdb] Mode Sense: 00 3a 00 00
[    0.699619] sd 1:0:0:0: [sdb] Write cache: enabled, read cache: enabled, doesn't support DPO or FUA
[    0.705143] usb 4-1: new high-speed USB device number 2 using ehci-pci
[    0.736190] usb 1-9: new high-speed USB device number 2 using xhci_hcd
[    0.739879]  sdb: sdb1 sdb2 sdb3
[    0.740347] sd 1:0:0:0: [sdb] Attached SCSI disk
[    0.740664] Freeing unused kernel memory: 1516K (ffffffff81d38000 - ffffffff81eb3000)
[    0.740665] Write protecting the kernel read-only data: 12288k
[    0.740887] Freeing unused kernel memory: 344K (ffff8800017aa000 - ffff880001800000)
[    0.740994] Freeing unused kernel memory: 828K (ffff880001b31000 - ffff880001c00000)
[    0.747830] random: systemd urandom read with 15 bits of entropy available
[    0.748262] systemd[1]: systemd 219 running in system mode. (+PAM +AUDIT +SELINUX +IMA -APPARMOR +SMACK +SYSVINIT +UTMP +LIBCRYPTSETUP +GCRYPT +GNUTLS +ACL +XZ -LZ4 +SECCOMP +BLKID +ELFUTILS +KMOD +IDN)
[    0.748348] systemd[1]: Detected architecture x86-64.
[    0.748350] systemd[1]: Running in initial RAM disk.
[    0.748360] systemd[1]: Set hostname to <titan>.
[    0.767592] systemd[1]: Created slice -.slice.
[    0.767598] systemd[1]: Starting -.slice.
[    0.767606] systemd[1]: Reached target Local File Systems.
[    0.767610] systemd[1]: Starting Local File Systems.
[    0.767634] systemd[1]: Listening on Journal Socket.
[    0.767638] systemd[1]: Starting Journal Socket.
[    0.767654] systemd[1]: Listening on udev Control Socket.
[    0.767657] systemd[1]: Starting udev Control Socket.
[    0.767673] systemd[1]: Listening on Journal Socket (/dev/log).
[    0.767676] systemd[1]: Starting Journal Socket (/dev/log).
[    0.767713] systemd[1]: Created slice System Slice.
[    0.767718] systemd[1]: Starting System Slice.
[    0.767738] systemd[1]: Started dracut ask for additional cmdline parameters.
[    0.767778] systemd[1]: Listening on Journal Audit Socket.
[    0.767782] systemd[1]: Starting Journal Audit Socket.
[    0.767994] systemd[1]: Starting Create list of required static device nodes for the current kernel...
[    0.768009] systemd[1]: Reached target Swap.
[    0.768013] systemd[1]: Starting Swap.
[    0.768285] systemd[1]: Starting dracut cmdline hook...
[    0.768306] systemd[1]: Listening on udev Kernel Socket.
[    0.768312] systemd[1]: Starting udev Kernel Socket.
[    0.768321] systemd[1]: Reached target Sockets.
[    0.768324] systemd[1]: Starting Sockets.
[    0.768377] systemd[1]: Started Load Kernel Modules.
[    0.768602] systemd[1]: Starting Apply Kernel Variables...
[    0.768613] systemd[1]: Reached target Timers.
[    0.768617] systemd[1]: Starting Timers.
[    0.768823] systemd[1]: Starting Journal Service...
[    0.768837] systemd[1]: Reached target Slices.
[    0.768846] systemd[1]: Starting Slices.
[    0.769080] systemd[1]: Starting Setup Virtual Console...
[    0.769307] systemd[1]: Started Create list of required static device nodes for the current kernel.
[    0.770546] systemd[1]: Started Apply Kernel Variables.
[    0.772053] systemd[1]: Starting Create Static Device Nodes in /dev...
[    0.773460] systemd[1]: Started Create Static Device Nodes in /dev.
[    0.773484] audit: type=1130 audit(1438705511.855:2): pid=1 uid=0 auid=4294967295 ses=4294967295 subj=kernel msg='unit=systemd-tmpfiles-setup-dev comm="systemd" exe="/usr/lib/systemd/systemd" hostname=? addr=? terminal=? res=success'
[    0.784050] systemd[1]: Started Journal Service.
[    0.784089] audit: type=1130 audit(1438705511.865:3): pid=1 uid=0 auid=4294967295 ses=4294967295 subj=kernel msg='unit=systemd-journald comm="systemd" exe="/usr/lib/systemd/systemd" hostname=? addr=? terminal=? res=success'
[    0.801401] usb 2-6: new SuperSpeed USB device number 3 using xhci_hcd
[    0.806679] audit: type=1130 audit(1438705511.888:4): pid=1 uid=0 auid=4294967295 ses=4294967295 subj=kernel msg='unit=systemd-vconsole-setup comm="systemd" exe="/usr/lib/systemd/systemd" hostname=? addr=? terminal=? res=success'
[    0.809608] usb 3-1: New USB device found, idVendor=8087, idProduct=8008
[    0.809619] usb 3-1: New USB device strings: Mfr=0, Product=0, SerialNumber=0
[    0.809858] audit: type=1130 audit(1438705511.891:5): pid=1 uid=0 auid=4294967295 ses=4294967295 subj=kernel msg='unit=dracut-cmdline comm="systemd" exe="/usr/lib/systemd/systemd" hostname=? addr=? terminal=? res=success'
[    0.810025] hub 3-1:1.0: USB hub found
[    0.810090] hub 3-1:1.0: 6 ports detected
[    0.813713] usb 2-6: New USB device found, idVendor=045b, idProduct=0210
[    0.813715] usb 2-6: New USB device strings: Mfr=0, Product=0, SerialNumber=0
[    0.814158] hub 2-6:1.0: USB hub found
[    0.814444] hub 2-6:1.0: 4 ports detected
[    0.820609] usb 4-1: New USB device found, idVendor=8087, idProduct=8000
[    0.820611] usb 4-1: New USB device strings: Mfr=0, Product=0, SerialNumber=0
[    0.820750] hub 4-1:1.0: USB hub found
[    0.820889] hub 4-1:1.0: 8 ports detected
[    0.826332] audit: type=1130 audit(1438705511.908:6): pid=1 uid=0 auid=4294967295 ses=4294967295 subj=kernel msg='unit=dracut-pre-udev comm="systemd" exe="/usr/lib/systemd/systemd" hostname=? addr=? terminal=? res=success'
[    0.828574] audit: type=1130 audit(1438705511.910:7): pid=1 uid=0 auid=4294967295 ses=4294967295 subj=kernel msg='unit=systemd-udevd comm="systemd" exe="/usr/lib/systemd/systemd" hostname=? addr=? terminal=? res=success'
[    0.839886] audit: type=1130 audit(1438705511.921:8): pid=1 uid=0 auid=4294967295 ses=4294967295 subj=kernel msg='unit=systemd-udev-trigger comm="systemd" exe="/usr/lib/systemd/systemd" hostname=? addr=? terminal=? res=success'
[    0.846551] pps_core: LinuxPPS API ver. 1 registered
[    0.846553] pps_core: Software ver. 5.3.6 - Copyright 2005-2007 Rodolfo Giometti <giometti@linux.it>
[    0.847910] PTP clock support registered
[    0.860097] e1000e: Intel(R) PRO/1000 Network Driver - 2.3.2-k
[    0.860099] e1000e: Copyright(c) 1999 - 2014 Intel Corporation.
[    0.860225] e1000e 0000:00:19.0: Interrupt Throttling Rate (ints/sec) set to dynamic conservative mode
[    0.861177] [drm] Initialized drm 1.1.0 20060810
[    0.900477] usb 1-9: New USB device found, idVendor=045b, idProduct=0209
[    0.900479] usb 1-9: New USB device strings: Mfr=0, Product=0, SerialNumber=0
[    0.900785] hub 1-9:1.0: USB hub found
[    0.900803] hub 1-9:1.0: 4 ports detected
[    0.902725] audit: type=1130 audit(1438705511.984:9): pid=1 uid=0 auid=4294967295 ses=4294967295 subj=kernel msg='unit=systemd-fsck-root comm="systemd" exe="/usr/lib/systemd/systemd" hostname=? addr=? terminal=? res=success'
[    0.930152] [drm] radeon kernel modesetting enabled.
[    0.931945] AMD IOMMUv2 driver by Joerg Roedel <jroedel@suse.de>
[    0.931956] AMD IOMMUv2 functionality not available on this system
[    0.936340] CRAT table not found
[    0.936342] Finished initializing topology ret=0
[    0.936372] kfd kfd: Initialized module
[    0.936522] checking generic (e0000000 300000) vs hw (e0000000 10000000)
[    0.936524] fb: switching to radeondrmfb from EFI VGA
[    0.936547] Console: switching to colour dummy device 80x25
[    0.936760] [drm] initializing kernel modesetting (PITCAIRN 0x1002:0x6811 0x1462:0x3050).
[    0.936767] [drm] register mmio base: 0xF0000000
[    0.936768] [drm] register mmio size: 262144
[    0.936815] ATOM BIOS: 113
[    0.936864] radeon 0000:01:00.0: VRAM: 2048M 0x0000000000000000 - 0x000000007FFFFFFF (2048M used)
[    0.936865] radeon 0000:01:00.0: GTT: 1024M 0x0000000080000000 - 0x00000000BFFFFFFF
[    0.936866] [drm] Detected VRAM RAM=2048M, BAR=256M
[    0.936866] [drm] RAM width 256bits DDR
[    0.936901] [TTM] Zone  kernel: Available graphics memory: 4065278 kiB
[    0.936901] [TTM] Zone   dma32: Available graphics memory: 2097152 kiB
[    0.936902] [TTM] Initializing pool allocator
[    0.936905] [TTM] Initializing DMA pool allocator
[    0.936917] [drm] radeon: 2048M of VRAM memory ready
[    0.936918] [drm] radeon: 1024M of GTT memory ready.
[    0.936927] [drm] Loading pitcairn Microcode
[    0.937009] [drm] Internal thermal controller with fan control
[    0.937043] [drm] probing gen 2 caps for device 8086:c01 = 261ad03/e
[    0.944331] [drm] radeon: dpm initialized
[    0.944401] [drm] GART: num cpu pages 262144, num gpu pages 262144
[    0.944911] [drm] probing gen 2 caps for device 8086:c01 = 261ad03/e
[    0.944914] [drm] PCIE gen 3 link speeds already enabled
[    0.961212] [drm] PCIE GART of 1024M enabled (table at 0x0000000000277000).
[    0.961317] radeon 0000:01:00.0: WB enabled
[    0.961319] radeon 0000:01:00.0: fence driver on ring 0 use gpu addr 0x0000000080000c00 and cpu addr 0xffff88003f4a0c00
[    0.961320] radeon 0000:01:00.0: fence driver on ring 1 use gpu addr 0x0000000080000c04 and cpu addr 0xffff88003f4a0c04
[    0.961321] radeon 0000:01:00.0: fence driver on ring 2 use gpu addr 0x0000000080000c08 and cpu addr 0xffff88003f4a0c08
[    0.961322] radeon 0000:01:00.0: fence driver on ring 3 use gpu addr 0x0000000080000c0c and cpu addr 0xffff88003f4a0c0c
[    0.961323] radeon 0000:01:00.0: fence driver on ring 4 use gpu addr 0x0000000080000c10 and cpu addr 0xffff88003f4a0c10
[    0.961958] radeon 0000:01:00.0: fence driver on ring 5 use gpu addr 0x0000000000075a18 and cpu addr 0xffffc90001435a18
[    0.961959] [drm] Supports vblank timestamp caching Rev 2 (21.10.2013).
[    0.961959] [drm] Driver supports precise vblank timestamp query.
[    0.961960] radeon 0000:01:00.0: radeon: MSI limited to 32-bit
[    0.961979] radeon 0000:01:00.0: radeon: using MSI.
[    0.962000] [drm] radeon: irq initialized.
[    1.030227] e1000e 0000:00:19.0 eth0: registered PHC clock
[    1.030229] e1000e 0000:00:19.0 eth0: (PCI Express:2.5GT/s:Width x1) 94:de:80:7b:3a:10
[    1.030231] e1000e 0000:00:19.0 eth0: Intel(R) PRO/1000 Network Connection
[    1.030271] e1000e 0000:00:19.0 eth0: MAC: 11, PHY: 12, PBA No: FFFFFF-0FF
[    1.032286] e1000e 0000:00:19.0 em1: renamed from eth0
[    1.054451] usb 1-10: new high-speed USB device number 3 using xhci_hcd
[    1.123846] [drm] ring test on 0 succeeded in 4 usecs
[    1.123850] [drm] ring test on 1 succeeded in 1 usecs
[    1.123853] [drm] ring test on 2 succeeded in 1 usecs
[    1.123862] [drm] ring test on 3 succeeded in 6 usecs
[    1.123870] [drm] ring test on 4 succeeded in 5 usecs
[    1.218752] usb 1-10: New USB device found, idVendor=045b, idProduct=0209
[    1.218754] usb 1-10: New USB device strings: Mfr=0, Product=0, SerialNumber=0
[    1.219119] hub 1-10:1.0: USB hub found
[    1.219186] hub 1-10:1.0: 4 ports detected
[    1.291671] usb 1-9.3: new low-speed USB device number 4 using xhci_hcd
[    1.301106] [drm] ring test on 5 succeeded in 2 usecs
[    1.301110] [drm] UVD initialized successfully.
[    1.301299] [drm] ib test on ring 0 succeeded in 0 usecs
[    1.301350] [drm] ib test on ring 1 succeeded in 0 usecs
[    1.301399] [drm] ib test on ring 2 succeeded in 0 usecs
[    1.301434] [drm] ib test on ring 3 succeeded in 0 usecs
[    1.301468] [drm] ib test on ring 4 succeeded in 0 usecs
[    1.373698] tsc: Refined TSC clocksource calibration: 3192.607 MHz
[    1.373700] clocksource tsc: mask: 0xffffffffffffffff max_cycles: 0x2e0501eb3d1, max_idle_ns: 440795254769 ns
[    1.519806] usb 1-9.3: New USB device found, idVendor=1c4f, idProduct=0002
[    1.519808] usb 1-9.3: New USB device strings: Mfr=1, Product=2, SerialNumber=0
[    1.519809] usb 1-9.3: Product: USB Keyboard
[    1.519810] usb 1-9.3: Manufacturer: SIGMACHIP
[    1.519928] usb 1-9.3: ep 0x81 - rounding interval to 64 microframes, ep desc says 80 microframes
[    1.519930] usb 1-9.3: ep 0x82 - rounding interval to 64 microframes, ep desc says 80 microframes
[    1.522637] input: SIGMACHIP USB Keyboard as /devices/pci0000:00/0000:00:14.0/usb1/1-9/1-9.3/1-9.3:1.0/0003:1C4F:0002.0001/input/input3
[    1.573079] hid-generic 0003:1C4F:0002.0001: input,hidraw0: USB HID v1.10 Keyboard [SIGMACHIP USB Keyboard] on usb-0000:00:14.0-9.3/input0
[    1.575198] input: SIGMACHIP USB Keyboard as /devices/pci0000:00/0000:00:14.0/usb1/1-9/1-9.3/1-9.3:1.1/0003:1C4F:0002.0002/input/input4
[    1.626279] hid-generic 0003:1C4F:0002.0002: input,hidraw1: USB HID v1.10 Device [SIGMACHIP USB Keyboard] on usb-0000:00:14.0-9.3/input1
[    1.667012] usb 1-13: new full-speed USB device number 5 using xhci_hcd
[    1.833623] usb 1-13: New USB device found, idVendor=046d, idProduct=c52b
[    1.833630] usb 1-13: New USB device strings: Mfr=1, Product=2, SerialNumber=0
[    1.833634] usb 1-13: Product: USB Receiver
[    1.833637] usb 1-13: Manufacturer: Logitech
[    1.850104] logitech-djreceiver 0003:046D:C52B.0005: hiddev0,hidraw2: USB HID v1.11 Device [Logitech USB Receiver] on usb-0000:00:14.0-13/input2
[    1.953248] [drm] ib test on ring 5 succeeded
[    1.954925] [drm] Radeon Display Connectors
[    1.954931] [drm] Connector 0:
[    1.954934] [drm]   DP-1
[    1.954936] [drm]   HPD4
[    1.954941] [drm]   DDC: 0x6530 0x6530 0x6534 0x6534 0x6538 0x6538 0x653c 0x653c
[    1.954943] [drm]   Encoders:
[    1.954946] [drm]     DFP1: INTERNAL_UNIPHY2
[    1.954948] [drm] Connector 1:
[    1.954950] [drm]   HDMI-A-1
[    1.954952] [drm]   HPD5
[    1.954956] [drm]   DDC: 0x6550 0x6550 0x6554 0x6554 0x6558 0x6558 0x655c 0x655c
[    1.954958] [drm]   Encoders:
[    1.954960] [drm]     DFP2: INTERNAL_UNIPHY2
[    1.954962] [drm] Connector 2:
[    1.954965] [drm]   DVI-I-1
[    1.954966] [drm]   HPD6
[    1.954970] [drm]   DDC: 0x6580 0x6580 0x6584 0x6584 0x6588 0x6588 0x658c 0x658c
[    1.954972] [drm]   Encoders:
[    1.954974] [drm]     DFP3: INTERNAL_UNIPHY
[    1.954977] [drm]     CRT1: INTERNAL_KLDSCP_DAC1
[    1.954979] [drm] Connector 3:
[    1.954981] [drm]   DVI-D-1
[    1.954983] [drm]   HPD1
[    1.954986] [drm]   DDC: 0x6570 0x6570 0x6574 0x6574 0x6578 0x6578 0x657c 0x657c
[    1.954988] [drm]   Encoders:
[    1.954991] [drm]     DFP4: INTERNAL_UNIPHY1
[    1.965138] input: Logitech M705 as /devices/pci0000:00/0000:00:14.0/usb1/1-13/1-13:1.2/0003:046D:C52B.0005/0003:046D:101B.0006/input/input5
[    1.965608] logitech-hidpp-device 0003:046D:101B.0006: input,hidraw3: USB HID v1.11 Mouse [Logitech M705] on usb-0000:00:14.0-13:1
[    1.995130] [drm] fb mappable at 0xE0479000
[    1.995134] [drm] vram apper at 0xE0000000
[    1.995136] [drm] size 9216000
[    1.995137] [drm] fb depth is 24
[    1.995139] [drm]    pitch is 7680
[    1.995291] fbcon: radeondrmfb (fb0) is primary device
[    2.019451] Console: switching to colour frame buffer device 240x75
[    2.025570] radeon 0000:01:00.0: fb0: radeondrmfb frame buffer device
[    2.025571] radeon 0000:01:00.0: registered panic notifier
[    2.042306] [drm] Initialized radeon 2.42.0 20080528 for 0000:01:00.0 on minor 0
[    2.067093] audit: type=1130 audit(1438705513.147:10): pid=1 uid=0 auid=4294967295 ses=4294967295 subj=kernel msg='unit=dracut-initqueue comm="systemd" exe="/usr/lib/systemd/systemd" hostname=? addr=? terminal=? res=success'
[    2.078555] EXT4-fs (sda5): mounted filesystem with ordered data mode. Opts: (null)
[    2.292923] systemd-journald[147]: Received SIGTERM from PID 1 (systemd).
[    2.341934] SELinux:  Disabled at runtime.
[    2.341947] SELinux:  Unregistering netfilter hooks
[    2.374658] Switched to clocksource tsc
[    2.475197] EXT4-fs (sda5): re-mounted. Opts: discard
[    2.498847] random: nonblocking pool is initialized
[    2.504650] RPC: Registered named UNIX socket transport module.
[    2.504652] RPC: Registered udp transport module.
[    2.504653] RPC: Registered tcp transport module.
[    2.504654] RPC: Registered tcp NFSv4.1 backchannel transport module.
[    2.529426] Installing knfsd (copyright (C) 1996 okir@monad.swb.de).
[    2.593737] shpchp: Standard Hot Plug PCI Controller Driver version: 0.4
[    2.619687] i801_smbus 0000:00:1f.3: enabling device (0001 -> 0003)
[    2.619762] ACPI Warning: SystemIO range 0x000000000000F000-0x000000000000F01F conflicts with OpRegion 0x000000000000F000-0x000000000000F00F (\_SB_.PCI0.SBUS.SMBI) (20150410/utaddress-254)
[    2.619766] ACPI: If an ACPI driver is available for this device, you should use it instead of the native driver
[    2.647658] systemd-journald[415]: Received request to flush runtime journal from PID 1
[    2.669729] alg: No test for crc32 (crc32-pclmul)
[    2.710469] iTCO_vendor_support: vendor-support=0
[    2.712336] iTCO_wdt: Intel TCO WatchDog Timer Driver v1.11
[    2.712363] iTCO_wdt: unable to reset NO_REBOOT flag, device disabled by hardware/BIOS
[    2.714434] snd_hda_intel 0000:00:1b.0: enabling device (0000 -> 0002)
[    2.714597] snd_hda_intel 0000:01:00.1: Handle VGA-switcheroo audio client
[    2.714599] snd_hda_intel 0000:01:00.1: Force to non-snoop mode
[    2.727922] intel_rapl: Found RAPL domain package
[    2.727927] intel_rapl: Found RAPL domain dram
[    2.731168] input: HDA ATI HDMI HDMI/DP,pcm=3 as /devices/pci0000:00/0000:00:01.0/0000:01:00.1/sound/card1/input6
[    2.731207] input: HDA ATI HDMI HDMI/DP,pcm=7 as /devices/pci0000:00/0000:00:01.0/0000:01:00.1/sound/card1/input7
[    2.731239] input: HDA ATI HDMI HDMI/DP,pcm=8 as /devices/pci0000:00/0000:00:01.0/0000:01:00.1/sound/card1/input8
[    2.731270] input: HDA ATI HDMI HDMI/DP,pcm=9 as /devices/pci0000:00/0000:00:01.0/0000:01:00.1/sound/card1/input9
[    2.731302] input: HDA ATI HDMI HDMI/DP,pcm=10 as /devices/pci0000:00/0000:00:01.0/0000:01:00.1/sound/card1/input10
[    2.731335] input: HDA ATI HDMI HDMI/DP,pcm=11 as /devices/pci0000:00/0000:00:01.0/0000:01:00.1/sound/card1/input11
[    2.738283] snd_hda_codec_realtek hdaudioC0D2: autoconfig for ALC892: line_outs=3 (0x14/0x15/0x16/0x0/0x0) type:line
[    2.738286] snd_hda_codec_realtek hdaudioC0D2:    speaker_outs=0 (0x0/0x0/0x0/0x0/0x0)
[    2.738287] snd_hda_codec_realtek hdaudioC0D2:    hp_outs=1 (0x1b/0x0/0x0/0x0/0x0)
[    2.738288] snd_hda_codec_realtek hdaudioC0D2:    mono: mono_out=0x0
[    2.738289] snd_hda_codec_realtek hdaudioC0D2:    dig-out=0x11/0x1e
[    2.738289] snd_hda_codec_realtek hdaudioC0D2:    inputs:
[    2.738291] snd_hda_codec_realtek hdaudioC0D2:      Front Mic=0x19
[    2.738292] snd_hda_codec_realtek hdaudioC0D2:      Rear Mic=0x18
[    2.738293] snd_hda_codec_realtek hdaudioC0D2:      Line=0x1a
[    2.738294] snd_hda_codec_realtek hdaudioC0D2:    dig-in=0x1f
[    2.738473] EXT4-fs (sda4): mounted filesystem with ordered data mode. Opts: discard
[    2.760701] input: HDA Intel PCH Front Mic as /devices/pci0000:00/0000:00:1b.0/sound/card0/input12
[    2.760741] input: HDA Intel PCH Rear Mic as /devices/pci0000:00/0000:00:1b.0/sound/card0/input13
[    2.760773] input: HDA Intel PCH Line as /devices/pci0000:00/0000:00:1b.0/sound/card0/input14
[    2.760898] input: HDA Intel PCH Line Out Front as /devices/pci0000:00/0000:00:1b.0/sound/card0/input15
[    2.760933] input: HDA Intel PCH Line Out Surround as /devices/pci0000:00/0000:00:1b.0/sound/card0/input16
[    2.760965] input: HDA Intel PCH Line Out CLFE as /devices/pci0000:00/0000:00:1b.0/sound/card0/input17
[    2.760995] input: HDA Intel PCH Front Headphone as /devices/pci0000:00/0000:00:1b.0/sound/card0/input18
[    2.761196] FAT-fs (sda1): Volume was not properly unmounted. Some data may be corrupt. Please run fsck.
[    2.978894] EXT4-fs (sdb2): mounted filesystem with ordered data mode. Opts: (null)
[    3.002335] it87: Found IT8728F chip at 0xa30, revision 1
[    3.002351] it87: Beeping is supported
[    3.178161] IPv6: ADDRCONF(NETDEV_UP): em1: link is not ready
[    3.381408] IPv6: ADDRCONF(NETDEV_UP): em1: link is not ready
[    3.412496] ip6_tables: (C) 2000-2006 Netfilter Core Team
[    3.422656] Ebtables v2.0 registered
[    3.424562] fuse init (API version 7.23)
[    4.959401] e1000e: em1 NIC Link is Up 100 Mbps Full Duplex, Flow Control: Rx/Tx
[    4.959406] e1000e 0000:00:19.0 em1: 10/100 speed: disabling TSO
[    4.959440] IPv6: ADDRCONF(NETDEV_CHANGE): em1: link becomes ready
[    5.442557] audit_printk_skb: 354 callbacks suppressed
[    5.442559] audit: type=1130 audit(1438705516.521:124): pid=1 uid=0 auid=4294967295 ses=4294967295 msg='unit=upower comm="systemd" exe="/usr/lib/systemd/systemd" hostname=? addr=? terminal=? res=success'
[    6.525522] audit: type=1325 audit(1438705517.603:125): table=filter family=2 entries=0
[    6.525613] audit: type=1325 audit(1438705517.603:125): table=filter family=10 entries=0
[    6.525711] audit: type=1300 audit(1438705517.603:125): arch=c000003e syscall=272 success=yes exit=0 a0=40000000 a1=7ffdffdd11d0 a2=40000040 a3=7f250f9258c0 items=0 ppid=1 pid=890 auid=4294967295 uid=0 gid=0 euid=0 suid=0 fsuid=0 egid=0 sgid=0 fsgid=0 tty=(none) ses=4294967295 comm="(-localed)" exe="/usr/lib/systemd/systemd" key=(null)
[    6.525715] audit: type=1327 audit(1438705517.603:125): proctitle="(-localed)"
[    6.583427] audit: type=1130 audit(1438705517.661:126): pid=1 uid=0 auid=4294967295 ses=4294967295 msg='unit=systemd-localed comm="systemd" exe="/usr/lib/systemd/systemd" hostname=? addr=? terminal=? res=success'
[    6.618102] audit: type=1130 audit(1438705517.696:127): pid=1 uid=0 auid=4294967295 ses=4294967295 msg='unit=geoclue comm="systemd" exe="/usr/lib/systemd/systemd" hostname=? addr=? terminal=? res=success'
[    6.681384] audit: type=1130 audit(1438705517.759:128): pid=1 uid=0 auid=4294967295 ses=4294967295 msg='unit=packagekit comm="systemd" exe="/usr/lib/systemd/systemd" hostname=? addr=? terminal=? res=success'
[    6.697170] audit: type=1130 audit(1438705517.775:129): pid=1 uid=0 auid=4294967295 ses=4294967295 msg='unit=udisks2 comm="systemd" exe="/usr/lib/systemd/systemd" hostname=? addr=? terminal=? res=success'
[    6.930875] audit: type=1130 audit(1438705518.008:130): pid=1 uid=0 auid=4294967295 ses=4294967295 msg='unit=fprintd comm="systemd" exe="/usr/lib/systemd/systemd" hostname=? addr=? terminal=? res=success'
[    8.776694] usb 1-11: new high-speed USB device number 6 using xhci_hcd
[    8.943093] usb 1-11: New USB device found, idVendor=1f75, idProduct=0888
[    8.943098] usb 1-11: New USB device strings: Mfr=4, Product=5, SerialNumber=6
[    8.943100] usb 1-11: Product: IS888 USB bridge
[    8.943103] usb 1-11: Manufacturer: Innostor
[    8.943105] usb 1-11: SerialNumber: 088815678900000556
[    8.961255] usb-storage 1-11:1.0: USB Mass Storage device detected
[    8.961644] scsi host6: usb-storage 1-11:1.0
[    8.961775] usbcore: registered new interface driver usb-storage
[    8.965202] usbcore: registered new interface driver uas
[   11.826135] audit_printk_skb: 54 callbacks suppressed
[   11.826137] audit: type=1130 audit(1438705522.934:146): pid=1 uid=0 auid=4294967295 ses=4294967295 msg='unit=bluetooth comm="systemd" exe="/usr/lib/systemd/systemd" hostname=? addr=? terminal=? res=success'
[   11.850786] Bluetooth: Core ver 2.20
[   11.850933] NET: Registered protocol family 31
[   11.850934] Bluetooth: HCI device and connection manager initialized
[   11.850938] Bluetooth: HCI socket layer initialized
[   11.850939] Bluetooth: L2CAP socket layer initialized
[   11.850943] Bluetooth: SCO socket layer initialized
[   11.856679] Bluetooth: BNEP (Ethernet Emulation) ver 1.3
[   11.856682] Bluetooth: BNEP filters: protocol multicast
[   11.856686] Bluetooth: BNEP socket layer initialized
[   11.981819] audit: type=1131 audit(1438705523.103:147): pid=1 uid=0 auid=4294967295 ses=4294967295 msg='unit=geoclue comm="systemd" exe="/usr/lib/systemd/systemd" hostname=? addr=? terminal=? res=success'
[   12.069397] scsi 6:0:0:0: Direct-Access     ST950042 0AS                   PQ: 0 ANSI: 0
[   12.069691] sd 6:0:0:0: Attached scsi generic sg2 type 0
[   12.069929] sd 6:0:0:0: [sdc] 976773168 512-byte logical blocks: (500 GB/465 GiB)
[   12.070232] sd 6:0:0:0: [sdc] Write Protect is off
[   12.070234] sd 6:0:0:0: [sdc] Mode Sense: 03 00 00 00
[   12.070656] sd 6:0:0:0: [sdc] No Caching mode page found
[   12.070658] sd 6:0:0:0: [sdc] Assuming drive cache: write through
[   12.127257] Alternate GPT is invalid, using primary GPT.
[   12.127275]  sdc: sdc1
[   12.128244] sd 6:0:0:0: [sdc] Attached SCSI disk
[   12.370697] audit: type=1130 audit(1438705523.524:148): pid=1 uid=0 auid=4294967295 ses=4294967295 msg='unit=geoclue comm="systemd" exe="/usr/lib/systemd/systemd" hostname=? addr=? terminal=? res=success'
[   14.762638] audit: type=1131 audit(1438705526.111:149): pid=1 uid=0 auid=4294967295 ses=4294967295 msg='unit=NetworkManager-dispatcher comm="systemd" exe="/usr/lib/systemd/systemd" hostname=? addr=? terminal=? res=success'
[   17.756809] audit: type=1131 audit(1438705529.103:150): pid=1 uid=0 auid=4294967295 ses=4294967295 msg='unit=geoclue comm="systemd" exe="/usr/lib/systemd/systemd" hostname=? addr=? terminal=? res=success'
[   36.780008] audit: type=1131 audit(1438705548.111:151): pid=1 uid=0 auid=4294967295 ses=4294967295 msg='unit=fprintd comm="systemd" exe="/usr/lib/systemd/systemd" hostname=? addr=? terminal=? res=success'
[   42.672728] audit: type=1131 audit(1438705553.999:152): pid=1 uid=0 auid=4294967295 ses=4294967295 msg='unit=systemd-localed comm="systemd" exe="/usr/lib/systemd/systemd" hostname=? addr=? terminal=? res=success'
[   42.673041] audit: type=1131 audit(1438705553.999:153): pid=1 uid=0 auid=4294967295 ses=4294967295 msg='unit=systemd-hostnamed comm="systemd" exe="/usr/lib/systemd/systemd" hostname=? addr=? terminal=? res=success'
[   70.139236]  sdc:
[   75.686716] audit: type=1325 audit(1438705586.986:154): table=filter family=2 entries=0
[   75.686804] audit: type=1325 audit(1438705586.986:154): table=filter family=10 entries=0
[   75.686920] audit: type=1300 audit(1438705586.986:154): arch=c000003e syscall=272 success=yes exit=0 a0=40000000 a1=7ffdffdd11d0 a2=fffffffffffffff5 a3=7f250f9258c0 items=0 ppid=1 pid=2130 auid=4294967295 uid=0 gid=0 euid=0 suid=0 fsuid=0 egid=0 sgid=0 fsgid=0 tty=(none) ses=4294967295 comm="(ostnamed)" exe="/usr/lib/systemd/systemd" key=(null)
[   75.686924] audit: type=1327 audit(1438705586.986:154): proctitle="(ostnamed)"
[   75.747266] audit: type=1130 audit(1438705587.047:155): pid=1 uid=0 auid=4294967295 ses=4294967295 msg='unit=systemd-hostnamed comm="systemd" exe="/usr/lib/systemd/systemd" hostname=? addr=? terminal=? res=success'
[  105.826715] audit: type=1131 audit(1438705617.102:156): pid=1 uid=0 auid=4294967295 ses=4294967295 msg='unit=systemd-hostnamed comm="systemd" exe="/usr/lib/systemd/systemd" hostname=? addr=? terminal=? res=success'
[  291.044285] usb 1-11: USB disconnect, device number 6
[  603.436749] audit: type=1130 audit(1438706114.310:157): pid=1 uid=0 auid=4294967295 ses=4294967295 msg='unit=dnf-makecache comm="systemd" exe="/usr/lib/systemd/systemd" hostname=? addr=? terminal=? res=success'
[  603.436761] audit: type=1131 audit(1438706114.310:158): pid=1 uid=0 auid=4294967295 ses=4294967295 msg='unit=dnf-makecache comm="systemd" exe="/usr/lib/systemd/systemd" hostname=? addr=? terminal=? res=success'
[  903.400218] audit: type=1130 audit(1438706414.032:159): pid=1 uid=0 auid=4294967295 ses=4294967295 msg='unit=systemd-tmpfiles-clean comm="systemd" exe="/usr/lib/systemd/systemd" hostname=? addr=? terminal=? res=success'
[  903.400228] audit: type=1131 audit(1438706414.032:160): pid=1 uid=0 auid=4294967295 ses=4294967295 msg='unit=systemd-tmpfiles-clean comm="systemd" exe="/usr/lib/systemd/systemd" hostname=? addr=? terminal=? res=success'
[ 1111.290427] usb 1-10.2: new high-speed USB device number 7 using xhci_hcd
[ 1111.375027] usb 1-10.2: New USB device found, idVendor=1e3d, idProduct=2093
[ 1111.375032] usb 1-10.2: New USB device strings: Mfr=1, Product=2, SerialNumber=3
[ 1111.375035] usb 1-10.2: Product: Flash Disk      
[ 1111.375037] usb 1-10.2: Manufacturer: USB2.0  
[ 1111.375040] usb 1-10.2: SerialNumber: CCCB1010210240289671409313
[ 1111.375809] usb-storage 1-10.2:1.0: USB Mass Storage device detected
[ 1111.376008] scsi host7: usb-storage 1-10.2:1.0
[ 1112.379751] scsi 7:0:0:0: Direct-Access     USB2.0   Flash Disk       5.00 PQ: 0 ANSI: 2
[ 1112.380251] sd 7:0:0:0: Attached scsi generic sg2 type 0
[ 1112.380628] sd 7:0:0:0: [sdc] 2021376 512-byte logical blocks: (1.03 GB/987 MiB)
[ 1112.380771] sd 7:0:0:0: [sdc] Write Protect is off
[ 1112.380779] sd 7:0:0:0: [sdc] Mode Sense: 0b 00 00 08
[ 1112.380931] sd 7:0:0:0: [sdc] No Caching mode page found
[ 1112.380935] sd 7:0:0:0: [sdc] Assuming drive cache: write through
[ 1112.382844]  sdc:
[ 1112.386038] sd 7:0:0:0: [sdc] Attached SCSI removable disk
[ 1137.842535]  sdc:
[ 1138.004965] audit: type=1130 audit(1438706648.449:161): pid=1 uid=0 auid=4294967295 ses=4294967295 msg='unit=lvm2-pvscan@8:33 comm="systemd" exe="/usr/lib/systemd/systemd" hostname=? addr=? terminal=? res=success'
[ 1162.718626] audit: type=1130 audit(1438706673.142:162): pid=1 uid=0 auid=4294967295 ses=4294967295 msg='unit=fprintd comm="systemd" exe="/usr/lib/systemd/systemd" hostname=? addr=? terminal=? res=success'
[ 1164.651961] audit: type=1100 audit(1438706675.074:163): pid=2918 uid=1000 auid=1000 ses=1 msg='op=PAM:authentication grantors=pam_unix acct="kparal" exe="/usr/bin/sudo" hostname=? addr=? terminal=/dev/pts/0 res=success'
[ 1164.652050] audit: type=1101 audit(1438706675.074:164): pid=2918 uid=1000 auid=1000 ses=1 msg='op=PAM:accounting grantors=pam_unix,pam_localuser acct="kparal" exe="/usr/bin/sudo" hostname=? addr=? terminal=/dev/pts/0 res=success'
[ 1164.652148] audit: type=1123 audit(1438706675.074:165): pid=2918 uid=1000 auid=1000 ses=1 msg='cwd="/home/kparal" cmd=76676368616E6765202D616E terminal=pts/0 res=success'
[ 1164.652223] audit: type=1110 audit(1438706675.074:166): pid=2918 uid=0 auid=1000 ses=1 msg='op=PAM:setcred grantors=pam_unix acct="root" exe="/usr/bin/sudo" hostname=? addr=? terminal=/dev/pts/0 res=success'
[ 1164.653693] audit: type=1105 audit(1438706675.076:167): pid=2918 uid=0 auid=1000 ses=1 msg='op=PAM:session_open grantors=pam_keyinit,pam_limits,pam_keyinit,pam_limits,pam_systemd,pam_unix acct="root" exe="/usr/bin/sudo" hostname=? addr=? terminal=/dev/pts/0 res=success'
[ 1164.675970] audit: type=1106 audit(1438706675.098:168): pid=2918 uid=0 auid=1000 ses=1 msg='op=PAM:session_close grantors=pam_keyinit,pam_limits,pam_keyinit,pam_limits,pam_systemd,pam_unix acct="root" exe="/usr/bin/sudo" hostname=? addr=? terminal=/dev/pts/0 res=success'
[ 1164.676004] audit: type=1104 audit(1438706675.098:169): pid=2918 uid=0 auid=1000 ses=1 msg='op=PAM:setcred grantors=pam_unix acct="root" exe="/usr/bin/sudo" hostname=? addr=? terminal=/dev/pts/0 res=success'
[ 1170.345874] audit: type=1131 audit(1438706680.763:170): pid=1 uid=0 auid=4294967295 ses=4294967295 msg='unit=lvm2-pvscan@8:33 comm="systemd" exe="/usr/lib/systemd/systemd" hostname=? addr=? terminal=? res=success'
[ 1173.045500] audit: type=1130 audit(1438706683.461:171): pid=1 uid=0 auid=4294967295 ses=4294967295 msg='unit=lvm2-pvscan@8:33 comm="systemd" exe="/usr/lib/systemd/systemd" hostname=? addr=? terminal=? res=success'
[ 1177.539402] audit: type=1123 audit(1438706687.951:172): pid=3032 uid=1000 auid=1000 ses=1 msg='cwd="/home/kparal" cmd=76676368616E6765202D616E terminal=pts/0 res=success'
[ 1177.539531] audit: type=1110 audit(1438706687.951:173): pid=3032 uid=0 auid=1000 ses=1 msg='op=PAM:setcred grantors=pam_env,pam_fprintd acct="root" exe="/usr/bin/sudo" hostname=? addr=? terminal=/dev/pts/0 res=success'
[ 1177.540800] audit: type=1105 audit(1438706687.953:174): pid=3032 uid=0 auid=1000 ses=1 msg='op=PAM:session_open grantors=pam_keyinit,pam_limits,pam_keyinit,pam_limits,pam_systemd,pam_unix acct="root" exe="/usr/bin/sudo" hostname=? addr=? terminal=/dev/pts/0 res=success'
[ 1177.563280] audit: type=1106 audit(1438706687.975:175): pid=3032 uid=0 auid=1000 ses=1 msg='op=PAM:session_close grantors=pam_keyinit,pam_limits,pam_keyinit,pam_limits,pam_systemd,pam_unix acct="root" exe="/usr/bin/sudo" hostname=? addr=? terminal=/dev/pts/0 res=success'
[ 1177.563312] audit: type=1104 audit(1438706687.975:176): pid=3032 uid=0 auid=1000 ses=1 msg='op=PAM:setcred grantors=pam_env,pam_fprintd acct="root" exe="/usr/bin/sudo" hostname=? addr=? terminal=/dev/pts/0 res=success'
[ 1185.157123] audit: type=1123 audit(1438706695.563:177): pid=3059 uid=1000 auid=1000 ses=1 msg='cwd="/home/kparal" cmd=766772656D6F766520746573747667 terminal=pts/0 res=success'
[ 1185.157385] audit: type=1110 audit(1438706695.563:178): pid=3059 uid=0 auid=1000 ses=1 msg='op=PAM:setcred grantors=pam_env,pam_fprintd acct="root" exe="/usr/bin/sudo" hostname=? addr=? terminal=/dev/pts/0 res=success'
[ 1185.160922] audit: type=1105 audit(1438706695.567:179): pid=3059 uid=0 auid=1000 ses=1 msg='op=PAM:session_open grantors=pam_keyinit,pam_limits,pam_keyinit,pam_limits,pam_systemd,pam_unix acct="root" exe="/usr/bin/sudo" hostname=? addr=? terminal=/dev/pts/0 res=success'
[ 1187.708129] audit: type=1106 audit(1438706698.112:180): pid=3059 uid=0 auid=1000 ses=1 msg='op=PAM:session_close grantors=pam_keyinit,pam_limits,pam_keyinit,pam_limits,pam_systemd,pam_unix acct="root" exe="/usr/bin/sudo" hostname=? addr=? terminal=/dev/pts/0 res=success'
[ 1187.708203] audit: type=1104 audit(1438706698.112:181): pid=3059 uid=0 auid=1000 ses=1 msg='op=PAM:setcred grantors=pam_env,pam_fprintd acct="root" exe="/usr/bin/sudo" hostname=? addr=? terminal=/dev/pts/0 res=success'
[ 1192.709668] audit: type=1131 audit(1438706703.109:182): pid=1 uid=0 auid=4294967295 ses=4294967295 msg='unit=fprintd comm="systemd" exe="/usr/lib/systemd/systemd" hostname=? addr=? terminal=? res=success'
[ 1195.675264] audit: type=1123 audit(1438706706.072:183): pid=3086 uid=1000 auid=1000 ses=1 msg='cwd="/home/kparal" cmd="vgs" terminal=pts/0 res=success'
[ 1195.675484] audit: type=1110 audit(1438706706.073:184): pid=3086 uid=0 auid=1000 ses=1 msg='op=PAM:setcred grantors=pam_env,pam_fprintd acct="root" exe="/usr/bin/sudo" hostname=? addr=? terminal=/dev/pts/0 res=success'
[ 1195.679883] audit: type=1105 audit(1438706706.077:185): pid=3086 uid=0 auid=1000 ses=1 msg='op=PAM:session_open grantors=pam_keyinit,pam_limits,pam_keyinit,pam_limits,pam_systemd,pam_unix acct="root" exe="/usr/bin/sudo" hostname=? addr=? terminal=/dev/pts/0 res=success'
[ 1195.682921] audit: type=1106 audit(1438706706.080:186): pid=3086 uid=0 auid=1000 ses=1 msg='op=PAM:session_close grantors=pam_keyinit,pam_limits,pam_keyinit,pam_limits,pam_systemd,pam_unix acct="root" exe="/usr/bin/sudo" hostname=? addr=? terminal=/dev/pts/0 res=success'
[ 1195.682953] audit: type=1104 audit(1438706706.080:187): pid=3086 uid=0 auid=1000 ses=1 msg='op=PAM:setcred grantors=pam_env,pam_fprintd acct="root" exe="/usr/bin/sudo" hostname=? addr=? terminal=/dev/pts/0 res=success'
[ 1201.231325] audit: type=1131 audit(1438706711.624:188): pid=1 uid=0 auid=4294967295 ses=4294967295 msg='unit=lvm2-pvscan@8:33 comm="systemd" exe="/usr/lib/systemd/systemd" hostname=? addr=? terminal=? res=success'
[ 1212.538760]  sdc:
[ 1212.639251] audit: type=1130 audit(1438706723.023:189): pid=1 uid=0 auid=4294967295 ses=4294967295 msg='unit=lvm2-pvscan@8:33 comm="systemd" exe="/usr/lib/systemd/systemd" hostname=? addr=? terminal=? res=success'
[ 1212.870520] audit: type=1130 audit(1438706723.254:190): pid=1 uid=0 auid=4294967295 ses=4294967295 msg='unit=run-3140 comm="systemd" exe="/usr/lib/systemd/systemd" hostname=? addr=? terminal=? res=success'
[ 1212.878613] audit: type=1131 audit(1438706723.262:191): pid=1 uid=0 auid=4294967295 ses=4294967295 msg='unit=run-3140 comm="systemd" exe="/usr/lib/systemd/systemd" hostname=? addr=? terminal=? res=success'
[ 1225.493229] sdc: detected capacity change from 1034944512 to 0
[ 1225.497858] audit: type=1131 audit(1438706735.871:192): pid=1 uid=0 auid=4294967295 ses=4294967295 msg='unit=lvm2-pvscan@8:33 comm="systemd" exe="/usr/lib/systemd/systemd" hostname=? addr=? terminal=? res=success'
[ 1232.070974] usb 1-10.2: USB disconnect, device number 7
[ 4226.295822] audit: type=1130 audit(1438709734.250:193): pid=1 uid=0 auid=4294967295 ses=4294967295 msg='unit=dnf-makecache comm="systemd" exe="/usr/lib/systemd/systemd" hostname=? addr=? terminal=? res=success'
[ 4226.295834] audit: type=1131 audit(1438709734.250:194): pid=1 uid=0 auid=4294967295 ses=4294967295 msg='unit=dnf-makecache comm="systemd" exe="/usr/lib/systemd/systemd" hostname=? addr=? terminal=? res=success'
[ 5832.181658] audit: type=1325 audit(1438711338.842:195): table=filter family=2 entries=0
[ 5832.181735] audit: type=1325 audit(1438711338.842:195): table=filter family=10 entries=0
[ 5832.181850] audit: type=1300 audit(1438711338.842:195): arch=c000003e syscall=272 success=yes exit=0 a0=40000000 a1=7ffdffdd11d0 a2=fffffffffffffff5 a3=7f250f9258c0 items=0 ppid=1 pid=3593 auid=4294967295 uid=0 gid=0 euid=0 suid=0 fsuid=0 egid=0 sgid=0 fsgid=0 tty=(none) ses=4294967295 comm="(ostnamed)" exe="/usr/lib/systemd/systemd" key=(null)
[ 5832.181854] audit: type=1327 audit(1438711338.842:195): proctitle="(ostnamed)"
[ 5832.272931] audit: type=1130 audit(1438711338.933:196): pid=1 uid=0 auid=4294967295 ses=4294967295 msg='unit=systemd-hostnamed comm="systemd" exe="/usr/lib/systemd/systemd" hostname=? addr=? terminal=? res=success'
[ 5862.340719] audit: type=1131 audit(1438711368.977:197): pid=1 uid=0 auid=4294967295 ses=4294967295 msg='unit=systemd-hostnamed comm="systemd" exe="/usr/lib/systemd/systemd" hostname=? addr=? terminal=? res=success'
[ 5889.170713] audit: type=1325 audit(1438711395.785:198): table=filter family=2 entries=0
[ 5889.170789] audit: type=1325 audit(1438711395.785:198): table=filter family=10 entries=0
[ 5889.170926] audit: type=1300 audit(1438711395.785:198): arch=c000003e syscall=272 success=yes exit=0 a0=40000000 a1=7ffdffdd11d0 a2=fffffffffffffff5 a3=7f250f9258c0 items=0 ppid=1 pid=3629 auid=4294967295 uid=0 gid=0 euid=0 suid=0 fsuid=0 egid=0 sgid=0 fsgid=0 tty=(none) ses=4294967295 comm="(ostnamed)" exe="/usr/lib/systemd/systemd" key=(null)
[ 5889.170930] audit: type=1327 audit(1438711395.785:198): proctitle="(ostnamed)"
[ 5889.256434] audit: type=1130 audit(1438711395.871:199): pid=1 uid=0 auid=4294967295 ses=4294967295 msg='unit=systemd-hostnamed comm="systemd" exe="/usr/lib/systemd/systemd" hostname=? addr=? terminal=? res=success'
[ 5927.416090] audit: type=1131 audit(1438711434.000:200): pid=1 uid=0 auid=4294967295 ses=4294967295 msg='unit=systemd-hostnamed comm="systemd" exe="/usr/lib/systemd/systemd" hostname=? addr=? terminal=? res=success'
[ 6053.152158] audit: type=1325 audit(1438711559.635:201): table=filter family=2 entries=0
[ 6053.152234] audit: type=1325 audit(1438711559.635:201): table=filter family=10 entries=0
[ 6053.152358] audit: type=1300 audit(1438711559.635:201): arch=c000003e syscall=272 success=yes exit=0 a0=40000000 a1=7ffdffdd11d0 a2=fffffffffffffff5 a3=7f250f9258c0 items=0 ppid=1 pid=3701 auid=4294967295 uid=0 gid=0 euid=0 suid=0 fsuid=0 egid=0 sgid=0 fsgid=0 tty=(none) ses=4294967295 comm="(ostnamed)" exe="/usr/lib/systemd/systemd" key=(null)
[ 6053.152362] audit: type=1327 audit(1438711559.635:201): proctitle="(ostnamed)"
[ 6053.244821] audit: type=1130 audit(1438711559.727:202): pid=1 uid=0 auid=4294967295 ses=4294967295 msg='unit=systemd-hostnamed comm="systemd" exe="/usr/lib/systemd/systemd" hostname=? addr=? terminal=? res=success'
[ 6083.298742] audit: type=1131 audit(1438711589.757:203): pid=1 uid=0 auid=4294967295 ses=4294967295 msg='unit=systemd-hostnamed comm="systemd" exe="/usr/lib/systemd/systemd" hostname=? addr=? terminal=? res=success'
[ 7648.946461] audit: type=1325 audit(1438713154.144:204): table=filter family=2 entries=0
[ 7648.946550] audit: type=1325 audit(1438713154.144:204): table=filter family=10 entries=0
[ 7648.946695] audit: type=1300 audit(1438713154.144:204): arch=c000003e syscall=272 success=yes exit=0 a0=40000000 a1=7ffdffdd11d0 a2=fffffffffffffff5 a3=7f250f9258c0 items=0 ppid=1 pid=4482 auid=4294967295 uid=0 gid=0 euid=0 suid=0 fsuid=0 egid=0 sgid=0 fsgid=0 tty=(none) ses=4294967295 comm="(ostnamed)" exe="/usr/lib/systemd/systemd" key=(null)
[ 7648.946700] audit: type=1327 audit(1438713154.144:204): proctitle="(ostnamed)"
[ 7649.034297] audit: type=1130 audit(1438713154.232:205): pid=1 uid=0 auid=4294967295 ses=4294967295 msg='unit=systemd-hostnamed comm="systemd" exe="/usr/lib/systemd/systemd" hostname=? addr=? terminal=? res=success'
[ 7679.078667] audit: type=1131 audit(1438713184.252:206): pid=1 uid=0 auid=4294967295 ses=4294967295 msg='unit=systemd-hostnamed comm="systemd" exe="/usr/lib/systemd/systemd" hostname=? addr=? terminal=? res=success'
[ 7909.067510] audit: type=1130 audit(1438713414.054:207): pid=1 uid=0 auid=4294967295 ses=4294967295 msg='unit=dnf-makecache comm="systemd" exe="/usr/lib/systemd/systemd" hostname=? addr=? terminal=? res=success'
[ 7909.067529] audit: type=1131 audit(1438713414.055:208): pid=1 uid=0 auid=4294967295 ses=4294967295 msg='unit=dnf-makecache comm="systemd" exe="/usr/lib/systemd/systemd" hostname=? addr=? terminal=? res=success'
[ 9872.389056] usb 1-9.3: USB disconnect, device number 4
[ 9872.631768] usb 1-9.3: new low-speed USB device number 8 using xhci_hcd
[ 9872.721788] usb 1-9.3: New USB device found, idVendor=1c4f, idProduct=0002
[ 9872.721790] usb 1-9.3: New USB device strings: Mfr=1, Product=2, SerialNumber=0
[ 9872.721791] usb 1-9.3: Product: USB Keyboard
[ 9872.721792] usb 1-9.3: Manufacturer: SIGMACHIP
[ 9872.721940] usb 1-9.3: ep 0x81 - rounding interval to 64 microframes, ep desc says 80 microframes
[ 9872.721943] usb 1-9.3: ep 0x82 - rounding interval to 64 microframes, ep desc says 80 microframes
[ 9872.724775] input: SIGMACHIP USB Keyboard as /devices/pci0000:00/0000:00:14.0/usb1/1-9/1-9.3/1-9.3:1.0/0003:1C4F:0002.0007/input/input19
[ 9872.776050] hid-generic 0003:1C4F:0002.0007: input,hidraw0: USB HID v1.10 Keyboard [SIGMACHIP USB Keyboard] on usb-0000:00:14.0-9.3/input0
[ 9872.778508] input: SIGMACHIP USB Keyboard as /devices/pci0000:00/0000:00:14.0/usb1/1-9/1-9.3/1-9.3:1.1/0003:1C4F:0002.0008/input/input20
[ 9872.829073] hid-generic 0003:1C4F:0002.0008: input,hidraw1: USB HID v1.10 Device [SIGMACHIP USB Keyboard] on usb-0000:00:14.0-9.3/input1
[10503.767260] audit: type=1325 audit(1438716006.665:209): table=filter family=2 entries=0
[10503.767340] audit: type=1325 audit(1438716006.665:209): table=filter family=10 entries=0
[10503.767452] audit: type=1300 audit(1438716006.665:209): arch=c000003e syscall=272 success=yes exit=0 a0=40000000 a1=7ffdffdd11d0 a2=fffffffffffffff5 a3=7f250f9258c0 items=0 ppid=1 pid=5210 auid=4294967295 uid=0 gid=0 euid=0 suid=0 fsuid=0 egid=0 sgid=0 fsgid=0 tty=(none) ses=4294967295 comm="(ostnamed)" exe="/usr/lib/systemd/systemd" key=(null)
[10503.767457] audit: type=1327 audit(1438716006.665:209): proctitle="(ostnamed)"
[10503.851687] audit: type=1130 audit(1438716006.749:210): pid=1 uid=0 auid=4294967295 ses=4294967295 msg='unit=systemd-hostnamed comm="systemd" exe="/usr/lib/systemd/systemd" hostname=? addr=? terminal=? res=success'
[10533.895898] audit: type=1131 audit(1438716036.769:211): pid=1 uid=0 auid=4294967295 ses=4294967295 msg='unit=systemd-hostnamed comm="systemd" exe="/usr/lib/systemd/systemd" hostname=? addr=? terminal=? res=success'
[11512.805866] audit: type=1130 audit(1438717014.889:212): pid=1 uid=0 auid=4294967295 ses=4294967295 msg='unit=dnf-makecache comm="systemd" exe="/usr/lib/systemd/systemd" hostname=? addr=? terminal=? res=success'
[11512.805878] audit: type=1131 audit(1438717014.889:213): pid=1 uid=0 auid=4294967295 ses=4294967295 msg='unit=dnf-makecache comm="systemd" exe="/usr/lib/systemd/systemd" hostname=? addr=? terminal=? res=success'
[11587.849677] e1000e: em1 NIC Link is Down
[11587.879751] PM: Syncing filesystems ... 
[11587.889448] audit: type=1130 audit(1438717089.912:214): pid=1 uid=0 auid=4294967295 ses=4294967295 msg='unit=NetworkManager-dispatcher comm="systemd" exe="/usr/lib/systemd/systemd" hostname=? addr=? terminal=? res=success'
[11587.902834] done.
[11587.902837] PM: Preparing system for mem sleep
[11587.902969] Freezing user space processes ... (elapsed 0.001 seconds) done.
[11587.904514] Freezing remaining freezable tasks ... (elapsed 0.001 seconds) done.
[11587.905666] PM: Entering mem sleep
[11587.905681] Suspending console(s) (use no_console_suspend to debug)
[11587.906126] i8042 kbd 00:05: System wakeup enabled by ACPI
[11587.906149] sd 1:0:0:0: [sdb] Synchronizing SCSI cache
[11587.906175] sd 0:0:0:0: [sda] Synchronizing SCSI cache
[11587.906334] e1000e: EEE TX LPI TIMER: 00000011
[11587.915352] sd 0:0:0:0: [sda] Stopping disk
[11588.117296] sd 1:0:0:0: [sdb] Stopping disk
[11589.146761] PM: suspend of devices complete after 1239.970 msecs
[11589.147275] PM: late suspend of devices complete after 0.511 msecs
[11589.147650] ehci-pci 0000:00:1d.0: System wakeup enabled by ACPI
[11589.147796] ehci-pci 0000:00:1a.0: System wakeup enabled by ACPI
[11589.147797] xhci_hcd 0000:00:14.0: System wakeup enabled by ACPI
[11589.158696] PM: noirq suspend of devices complete after 11.409 msecs
[11589.158929] ACPI: Preparing to enter system sleep state S3
[11589.159170] PM: Saving platform NVS memory
[11589.159173] Disabling non-boot CPUs ...
[11589.159207] intel_pstate CPU 1 exiting
[11589.159310] Broke affinity for irq 23
[11589.159312] Broke affinity for irq 27
[11589.160319] kvm: disabling virtualization on CPU1
[11589.160333] smpboot: CPU 1 is now offline
[11589.160645] intel_pstate CPU 2 exiting
[11589.160737] Broke affinity for irq 26
[11589.161746] kvm: disabling virtualization on CPU2
[11589.161754] smpboot: CPU 2 is now offline
[11589.162040] intel_pstate CPU 3 exiting
[11589.162165] Broke affinity for irq 16
[11589.163184] kvm: disabling virtualization on CPU3
[11589.163194] smpboot: CPU 3 is now offline
[11589.164606] ACPI: Low-level resume complete
[11589.164637] PM: Restoring platform NVS memory
[11589.166425] microcode: CPU0 microcode updated early to revision 0x1c, date = 2014-07-03
[11589.166534] Enabling non-boot CPUs ...
[11589.166562] x86: Booting SMP configuration:
[11589.166562] smpboot: Booting Node 0 Processor 1 APIC 0x2
[11589.178395] microcode: CPU1 microcode updated early to revision 0x1c, date = 2014-07-03
[11589.179192] kvm: enabling virtualization on CPU1
[11589.181404]  cache: parent cpu1 should not be sleeping
[11589.181471] CPU1 is up
[11589.181483] smpboot: Booting Node 0 Processor 2 APIC 0x4
[11589.193314] microcode: CPU2 microcode updated early to revision 0x1c, date = 2014-07-03
[11589.194123] kvm: enabling virtualization on CPU2
[11589.196303]  cache: parent cpu2 should not be sleeping
[11589.196367] CPU2 is up
[11589.196378] smpboot: Booting Node 0 Processor 3 APIC 0x6
[11589.208212] microcode: CPU3 microcode updated early to revision 0x1c, date = 2014-07-03
[11589.209031] kvm: enabling virtualization on CPU3
[11589.211205]  cache: parent cpu3 should not be sleeping
[11589.211270] CPU3 is up
[11589.213669] ACPI: Waking up from system sleep state S3
[11589.214629] ehci-pci 0000:00:1a.0: System wakeup disabled by ACPI
[11589.214637] xhci_hcd 0000:00:14.0: System wakeup disabled by ACPI
[11589.214721] ehci-pci 0000:00:1d.0: System wakeup disabled by ACPI
[11589.224637] PM: noirq resume of devices complete after 10.629 msecs
[11589.224895] PM: early resume of devices complete after 0.241 msecs
[11589.225500] rtc_cmos 00:02: System wakeup disabled by ACPI
[11589.225514] i8042 kbd 00:05: System wakeup disabled by ACPI
[11589.236220] [drm] probing gen 2 caps for device 8086:c01 = 261ad03/e
[11589.236223] [drm] PCIE gen 3 link speeds already enabled
[11589.238643] [drm] PCIE GART of 1024M enabled (table at 0x0000000000277000).
[11589.238746] radeon 0000:01:00.0: WB enabled
[11589.238748] radeon 0000:01:00.0: fence driver on ring 0 use gpu addr 0x0000000080000c00 and cpu addr 0xffff88003f4a0c00
[11589.238748] radeon 0000:01:00.0: fence driver on ring 1 use gpu addr 0x0000000080000c04 and cpu addr 0xffff88003f4a0c04
[11589.238749] radeon 0000:01:00.0: fence driver on ring 2 use gpu addr 0x0000000080000c08 and cpu addr 0xffff88003f4a0c08
[11589.238750] radeon 0000:01:00.0: fence driver on ring 3 use gpu addr 0x0000000080000c0c and cpu addr 0xffff88003f4a0c0c
[11589.238750] radeon 0000:01:00.0: fence driver on ring 4 use gpu addr 0x0000000080000c10 and cpu addr 0xffff88003f4a0c10
[11589.239357] radeon 0000:01:00.0: fence driver on ring 5 use gpu addr 0x0000000000075a18 and cpu addr 0xffffc90001435a18
[11589.246642] sd 0:0:0:0: [sda] Starting disk
[11589.246652] sd 1:0:0:0: [sdb] Starting disk
[11589.401286] [drm] ring test on 0 succeeded in 4 usecs
[11589.401290] [drm] ring test on 1 succeeded in 1 usecs
[11589.401293] [drm] ring test on 2 succeeded in 1 usecs
[11589.401314] [drm] ring test on 3 succeeded in 6 usecs
[11589.401321] [drm] ring test on 4 succeeded in 5 usecs
[11589.538813] ata1: SATA link up 6.0 Gbps (SStatus 133 SControl 300)
[11589.540728] ata1.00: supports DRM functions and may not be fully accessible
[11589.540772] ata1.00: failed to get NCQ Send/Recv Log Emask 0x1
[11589.540937] ata1.00: supports DRM functions and may not be fully accessible
[11589.540962] ata1.00: failed to get NCQ Send/Recv Log Emask 0x1
[11589.540963] ata1.00: configured for UDMA/133
[11589.578560] [drm] ring test on 5 succeeded in 2 usecs
[11589.578564] [drm] UVD initialized successfully.
[11589.578659] [drm] ib test on ring 0 succeeded in 0 usecs
[11589.578705] [drm] ib test on ring 1 succeeded in 0 usecs
[11589.578790] mei_me 0000:00:16.0: hbm: properties response: wrong status = 1 CLIENT_NOT_FOUND
[11589.578791] mei_me 0000:00:16.0: mei_irq_read_handler ret = -71.
[11589.578799] mei_me 0000:00:16.0: unexpected reset: dev_state = INIT_CLIENTS fw status = 1E000255 60002306 00000200 00000001 00000000 00000000
[11589.578815] [drm] ib test on ring 2 succeeded in 0 usecs
[11589.578842] [drm] ib test on ring 3 succeeded in 0 usecs
[11589.578866] [drm] ib test on ring 4 succeeded in 0 usecs
[11590.231431] [drm] ib test on ring 5 succeeded
[11590.272336] PM: resume of devices complete after 1046.595 msecs
[11590.272471] PM: Finishing wakeup.
[11590.272472] Restarting tasks ... 
[11590.272601] pci_bus 0000:04: Allocating resources
[11590.272617] pci 0000:03:00.0: bridge window [io  0x1000-0x0fff] to [bus 04] add_size 1000
[11590.272620] pci 0000:03:00.0: bridge window [mem 0x00100000-0x000fffff 64bit pref] to [bus 04] add_size 200000 add_align 100000
