[    0.000000] Initializing cgroup subsys cpuset
[    0.000000] Initializing cgroup subsys cpu
[    0.000000] Initializing cgroup subsys cpuacct
[    0.000000] Linux version 4.2.3-200.fc22.x86_64 (mockbuild@bkernel01.phx2.fedoraproject.org) (gcc version 5.1.1 20150618 (Red Hat 5.1.1-4) (GCC) ) #1 SMP Thu Oct 8 03:23:55 UTC 2015
[    0.000000] Command line: BOOT_IMAGE=/vmlinuz-4.2.3-200.fc22.x86_64 root=UUID=e489ec87-de8d-4bc7-9a9e-f3bc10e84d1b ro rd.md=0 rd.dm=0 rd.lvm.lv=rootvg/root rd.luks.uuid=luks-7d62cefb-17aa-4a49-af3b-4c5926063dfa SYSFONT=True rd.lvm.lv=rootvg/swap resume=UUID=d0327d42-6704-43bb-a074-2df48b59028a vconsole.keymap=jp106 LANG=en_US.UTF-8 rhgb quiet
[    0.000000] x86/fpu: xstate_offset[2]: 0240, xstate_sizes[2]: 0100
[    0.000000] x86/fpu: Supporting XSAVE feature 0x01: 'x87 floating point registers'
[    0.000000] x86/fpu: Supporting XSAVE feature 0x02: 'SSE registers'
[    0.000000] x86/fpu: Supporting XSAVE feature 0x04: 'AVX registers'
[    0.000000] x86/fpu: Enabled xstate features 0x7, context size is 0x340 bytes, using 'standard' format.
[    0.000000] x86/fpu: Using 'eager' FPU context switches.
[    0.000000] e820: BIOS-provided physical RAM map:
[    0.000000] BIOS-e820: [mem 0x0000000000000000-0x000000000009d7ff] usable
[    0.000000] BIOS-e820: [mem 0x000000000009d800-0x000000000009ffff] reserved
[    0.000000] BIOS-e820: [mem 0x00000000000e0000-0x00000000000fffff] reserved
[    0.000000] BIOS-e820: [mem 0x0000000000100000-0x000000001fffffff] usable
[    0.000000] BIOS-e820: [mem 0x0000000020000000-0x00000000201fffff] reserved
[    0.000000] BIOS-e820: [mem 0x0000000020200000-0x0000000040003fff] usable
[    0.000000] BIOS-e820: [mem 0x0000000040004000-0x0000000040004fff] reserved
[    0.000000] BIOS-e820: [mem 0x0000000040005000-0x00000000cee0bfff] usable
[    0.000000] BIOS-e820: [mem 0x00000000cee0c000-0x00000000dae9efff] reserved
[    0.000000] BIOS-e820: [mem 0x00000000dae9f000-0x00000000daf9efff] ACPI NVS
[    0.000000] BIOS-e820: [mem 0x00000000daf9f000-0x00000000daffefff] ACPI data
[    0.000000] BIOS-e820: [mem 0x00000000dafff000-0x00000000df9fffff] reserved
[    0.000000] BIOS-e820: [mem 0x00000000f8000000-0x00000000fbffffff] reserved
[    0.000000] BIOS-e820: [mem 0x00000000fec00000-0x00000000fec00fff] reserved
[    0.000000] BIOS-e820: [mem 0x00000000fed08000-0x00000000fed08fff] reserved
[    0.000000] BIOS-e820: [mem 0x00000000fed10000-0x00000000fed19fff] reserved
[    0.000000] BIOS-e820: [mem 0x00000000fed1c000-0x00000000fed1ffff] reserved
[    0.000000] BIOS-e820: [mem 0x00000000fee00000-0x00000000fee00fff] reserved
[    0.000000] BIOS-e820: [mem 0x00000000ffc00000-0x00000000ffffffff] reserved
[    0.000000] BIOS-e820: [mem 0x0000000100000000-0x000000041e5fffff] usable
[    0.000000] BIOS-e820: [mem 0x000000041e600000-0x000000041effffff] reserved
[    0.000000] NX (Execute Disable) protection: active
[    0.000000] SMBIOS 2.7 present.
[    0.000000] DMI: LENOVO 2350BH3/2350BH3, BIOS G1ETA8WW (2.68 ) 03/06/2015
[    0.000000] e820: update [mem 0x00000000-0x00000fff] usable ==> reserved
[    0.000000] e820: remove [mem 0x000a0000-0x000fffff] usable
[    0.000000] e820: last_pfn = 0x41e600 max_arch_pfn = 0x400000000
[    0.000000] MTRR default type: uncachable
[    0.000000] MTRR fixed ranges enabled:
[    0.000000]   00000-9FFFF write-back
[    0.000000]   A0000-BFFFF uncachable
[    0.000000]   C0000-FFFFF write-protect
[    0.000000] MTRR variable ranges enabled:
[    0.000000]   0 base 0FFC00000 mask FFFC00000 write-protect
[    0.000000]   1 base 000000000 mask F80000000 write-back
[    0.000000]   2 base 080000000 mask FC0000000 write-back
[    0.000000]   3 base 0C0000000 mask FE0000000 write-back
[    0.000000]   4 base 0DC000000 mask FFC000000 uncachable
[    0.000000]   5 base 0DB000000 mask FFF000000 uncachable
[    0.000000]   6 base 100000000 mask F00000000 write-back
[    0.000000]   7 base 200000000 mask E00000000 write-back
[    0.000000]   8 base 400000000 mask FE0000000 write-back
[    0.000000]   9 base 41F000000 mask FFF000000 uncachable
[    0.000000] x86/PAT: Configuration [0-7]: WB  WC  UC- UC  WB  WC  UC- WT  
[    0.000000] e820: last_pfn = 0xcee0c max_arch_pfn = 0x400000000
[    0.000000] found SMP MP-table at [mem 0x000f0100-0x000f010f] mapped at [ffff8800000f0100]
[    0.000000] Base memory trampoline at [ffff880000097000] 97000 size 24576
[    0.000000] init_memory_mapping: [mem 0x00000000-0x000fffff]
[    0.000000]  [mem 0x00000000-0x000fffff] page 4k
[    0.000000] BRK [0x02043000, 0x02043fff] PGTABLE
[    0.000000] BRK [0x02044000, 0x02044fff] PGTABLE
[    0.000000] BRK [0x02045000, 0x02045fff] PGTABLE
[    0.000000] init_memory_mapping: [mem 0x41e400000-0x41e5fffff]
[    0.000000]  [mem 0x41e400000-0x41e5fffff] page 2M
[    0.000000] BRK [0x02046000, 0x02046fff] PGTABLE
[    0.000000] init_memory_mapping: [mem 0x400000000-0x41e3fffff]
[    0.000000]  [mem 0x400000000-0x41e3fffff] page 2M
[    0.000000] init_memory_mapping: [mem 0x3e0000000-0x3ffffffff]
[    0.000000]  [mem 0x3e0000000-0x3ffffffff] page 2M
[    0.000000] BRK [0x02047000, 0x02047fff] PGTABLE
[    0.000000] init_memory_mapping: [mem 0x00100000-0x1fffffff]
[    0.000000]  [mem 0x00100000-0x001fffff] page 4k
[    0.000000]  [mem 0x00200000-0x1fffffff] page 2M
[    0.000000] init_memory_mapping: [mem 0x20200000-0x40003fff]
[    0.000000]  [mem 0x20200000-0x3fffffff] page 2M
[    0.000000]  [mem 0x40000000-0x40003fff] page 4k
[    0.000000] BRK [0x02048000, 0x02048fff] PGTABLE
[    0.000000] init_memory_mapping: [mem 0x40005000-0xcee0bfff]
[    0.000000]  [mem 0x40005000-0x401fffff] page 4k
[    0.000000]  [mem 0x40200000-0xcedfffff] page 2M
[    0.000000]  [mem 0xcee00000-0xcee0bfff] page 4k
[    0.000000] init_memory_mapping: [mem 0x100000000-0x3dfffffff]
[    0.000000]  [mem 0x100000000-0x3dfffffff] page 2M
[    0.000000] RAMDISK: [mem 0x35942000-0x36c98fff]
[    0.000000] ACPI: Early table checksum verification disabled
[    0.000000] ACPI: RSDP 0x00000000000F0120 000024 (v02 LENOVO)
[    0.000000] ACPI: XSDT 0x00000000DAFFE170 0000C4 (v01 LENOVO TP-G1    00002680 PTL  00000002)
[    0.000000] ACPI: FACP 0x00000000DAFE6000 00010C (v05 LENOVO TP-G1    00002680 PTL  00000002)
[    0.000000] ACPI: DSDT 0x00000000DAFE8000 0103F7 (v01 LENOVO TP-G1    00002680 INTL 20061109)
[    0.000000] ACPI: FACS 0x00000000DAF5A000 000040
[    0.000000] ACPI: SLIC 0x00000000DAFFD000 000176 (v01 LENOVO TP-G1    00002680 PTL  00000001)
[    0.000000] ACPI: TCPA 0x00000000DAFFC000 000032 (v02 PTL    LENOVO   06040000 LNVO 00000001)
[    0.000000] ACPI: SSDT 0x00000000DAFFB000 000408 (v01 LENOVO TP-SSDT2 00000200 INTL 20061109)
[    0.000000] ACPI: SSDT 0x00000000DAFFA000 000033 (v01 LENOVO TP-SSDT1 00000100 INTL 20061109)
[    0.000000] ACPI: SSDT 0x00000000DAFF9000 000797 (v01 LENOVO SataAhci 00001000 INTL 20061109)
[    0.000000] ACPI: HPET 0x00000000DAFE4000 000038 (v01 LENOVO TP-G1    00002680 PTL  00000002)
[    0.000000] ACPI: APIC 0x00000000DAFE3000 000098 (v01 LENOVO TP-G1    00002680 PTL  00000002)
[    0.000000] ACPI: MCFG 0x00000000DAFE2000 00003C (v01 LENOVO TP-G1    00002680 PTL  00000002)
[    0.000000] ACPI: ECDT 0x00000000DAFE1000 000052 (v01 LENOVO TP-G1    00002680 PTL  00000002)
[    0.000000] ACPI: FPDT 0x00000000DAFE0000 000064 (v01 LENOVO TP-G1    00002680 PTL  00000002)
[    0.000000] ACPI: ASF! 0x00000000DAFE7000 0000A5 (v32 LENOVO TP-G1    00002680 PTL  00000002)
[    0.000000] ACPI: UEFI 0x00000000DAFDF000 00003E (v01 LENOVO TP-G1    00002680 PTL  00000002)
[    0.000000] ACPI: UEFI 0x00000000DAFDE000 000042 (v01 PTL    COMBUF   00000001 PTL  00000001)
[    0.000000] ACPI: POAT 0x00000000DAFDD000 000055 (v03 LENOVO TP-G1    00002680 PTL  00000002)
[    0.000000] ACPI: SSDT 0x00000000DAFDC000 000C51 (v01 PmRef  Cpu0Ist  00003000 INTL 20061109)
[    0.000000] ACPI: SSDT 0x00000000DAFDB000 000A83 (v01 PmRef  CpuPm    00003000 INTL 20061109)
[    0.000000] ACPI: DMAR 0x00000000DAFDA000 0000B8 (v01 INTEL  SNB      00000001 INTL 00000001)
[    0.000000] ACPI: UEFI 0x00000000DAFD9000 0002A6 (v01 LENOVO TP-G1    00002680 PTL  00000002)
[    0.000000] ACPI: DBG2 0x00000000DAFD8000 0000E9 (v00 LENOVO TP-G1    00002680 PTL  00000002)
[    0.000000] ACPI: Local APIC address 0xfee00000
[    0.000000] No NUMA configuration found
[    0.000000] Faking a node at [mem 0x0000000000000000-0x000000041e5fffff]
[    0.000000] NODE_DATA(0) allocated [mem 0x41e5dd000-0x41e5f0fff]
[    0.000000]  [ffffea0000000000-ffffea00107fffff] PMD -> [ffff88040e000000-ffff88041dbfffff] on node 0
[    0.000000] Zone ranges:
[    0.000000]   DMA      [mem 0x0000000000001000-0x0000000000ffffff]
[    0.000000]   DMA32    [mem 0x0000000001000000-0x00000000ffffffff]
[    0.000000]   Normal   [mem 0x0000000100000000-0x000000041e5fffff]
[    0.000000] Movable zone start for each node
[    0.000000] Early memory node ranges
[    0.000000]   node   0: [mem 0x0000000000001000-0x000000000009cfff]
[    0.000000]   node   0: [mem 0x0000000000100000-0x000000001fffffff]
[    0.000000]   node   0: [mem 0x0000000020200000-0x0000000040003fff]
[    0.000000]   node   0: [mem 0x0000000040005000-0x00000000cee0bfff]
[    0.000000]   node   0: [mem 0x0000000100000000-0x000000041e5fffff]
[    0.000000] Initmem setup node 0 [mem 0x0000000000001000-0x000000041e5fffff]
[    0.000000] On node 0 totalpages: 4116903
[    0.000000]   DMA zone: 64 pages used for memmap
[    0.000000]   DMA zone: 21 pages reserved
[    0.000000]   DMA zone: 3996 pages, LIFO batch:0
[    0.000000]   DMA32 zone: 13169 pages used for memmap
[    0.000000]   DMA32 zone: 842763 pages, LIFO batch:31
[    0.000000]   Normal zone: 51096 pages used for memmap
[    0.000000]   Normal zone: 3270144 pages, LIFO batch:31
[    0.000000] Reserving Intel graphics stolen memory at 0xdba00000-0xdf9fffff
[    0.000000] ACPI: PM-Timer IO Port: 0x408
[    0.000000] ACPI: Local APIC address 0xfee00000
[    0.000000] ACPI: LAPIC_NMI (acpi_id[0x00] high edge lint[0x1])
[    0.000000] ACPI: LAPIC_NMI (acpi_id[0x01] high edge lint[0x1])
[    0.000000] IOAPIC[0]: apic_id 2, version 32, address 0xfec00000, GSI 0-23
[    0.000000] ACPI: INT_SRC_OVR (bus 0 bus_irq 0 global_irq 2 dfl dfl)
[    0.000000] ACPI: INT_SRC_OVR (bus 0 bus_irq 9 global_irq 9 high level)
[    0.000000] ACPI: IRQ0 used by override.
[    0.000000] ACPI: IRQ9 used by override.
[    0.000000] Using ACPI (MADT) for SMP configuration information
[    0.000000] ACPI: HPET id: 0x8086a301 base: 0xfed00000
[    0.000000] smpboot: Allowing 8 CPUs, 4 hotplug CPUs
[    0.000000] PM: Registered nosave memory: [mem 0x00000000-0x00000fff]
[    0.000000] PM: Registered nosave memory: [mem 0x0009d000-0x0009dfff]
[    0.000000] PM: Registered nosave memory: [mem 0x0009e000-0x0009ffff]
[    0.000000] PM: Registered nosave memory: [mem 0x000a0000-0x000dffff]
[    0.000000] PM: Registered nosave memory: [mem 0x000e0000-0x000fffff]
[    0.000000] PM: Registered nosave memory: [mem 0x20000000-0x201fffff]
[    0.000000] PM: Registered nosave memory: [mem 0x40004000-0x40004fff]
[    0.000000] PM: Registered nosave memory: [mem 0xcee0c000-0xdae9efff]
[    0.000000] PM: Registered nosave memory: [mem 0xdae9f000-0xdaf9efff]
[    0.000000] PM: Registered nosave memory: [mem 0xdaf9f000-0xdaffefff]
[    0.000000] PM: Registered nosave memory: [mem 0xdafff000-0xdf9fffff]
[    0.000000] PM: Registered nosave memory: [mem 0xdfa00000-0xf7ffffff]
[    0.000000] PM: Registered nosave memory: [mem 0xf8000000-0xfbffffff]
[    0.000000] PM: Registered nosave memory: [mem 0xfc000000-0xfebfffff]
[    0.000000] PM: Registered nosave memory: [mem 0xfec00000-0xfec00fff]
[    0.000000] PM: Registered nosave memory: [mem 0xfec01000-0xfed07fff]
[    0.000000] PM: Registered nosave memory: [mem 0xfed08000-0xfed08fff]
[    0.000000] PM: Registered nosave memory: [mem 0xfed09000-0xfed0ffff]
[    0.000000] PM: Registered nosave memory: [mem 0xfed10000-0xfed19fff]
[    0.000000] PM: Registered nosave memory: [mem 0xfed1a000-0xfed1bfff]
[    0.000000] PM: Registered nosave memory: [mem 0xfed1c000-0xfed1ffff]
[    0.000000] PM: Registered nosave memory: [mem 0xfed20000-0xfedfffff]
[    0.000000] PM: Registered nosave memory: [mem 0xfee00000-0xfee00fff]
[    0.000000] PM: Registered nosave memory: [mem 0xfee01000-0xffbfffff]
[    0.000000] PM: Registered nosave memory: [mem 0xffc00000-0xffffffff]
[    0.000000] e820: [mem 0xdfa00000-0xf7ffffff] available for PCI devices
[    0.000000] Booting paravirtualized kernel on bare hardware
[    0.000000] clocksource: refined-jiffies: mask: 0xffffffff max_cycles: 0xffffffff, max_idle_ns: 1910969940391419 ns
[    0.000000] setup_percpu: NR_CPUS:1024 nr_cpumask_bits:8 nr_cpu_ids:8 nr_node_ids:1
[    0.000000] PERCPU: Embedded 33 pages/cpu @ffff88041e200000 s97048 r8192 d29928 u262144
[    0.000000] pcpu-alloc: s97048 r8192 d29928 u262144 alloc=1*2097152
[    0.000000] pcpu-alloc: [0] 0 1 2 3 4 5 6 7 
[    0.000000] Built 1 zonelists in Node order, mobility grouping on.  Total pages: 4052553
[    0.000000] Policy zone: Normal
[    0.000000] Kernel command line: BOOT_IMAGE=/vmlinuz-4.2.3-200.fc22.x86_64 root=UUID=e489ec87-de8d-4bc7-9a9e-f3bc10e84d1b ro rd.md=0 rd.dm=0 rd.lvm.lv=rootvg/root rd.luks.uuid=luks-7d62cefb-17aa-4a49-af3b-4c5926063dfa SYSFONT=True rd.lvm.lv=rootvg/swap resume=UUID=d0327d42-6704-43bb-a074-2df48b59028a vconsole.keymap=jp106 LANG=en_US.UTF-8 rhgb quiet
[    0.000000] PID hash table entries: 4096 (order: 3, 32768 bytes)
[    0.000000] Memory: 16105500K/16467612K available (7670K kernel code, 1264K rwdata, 3336K rodata, 1512K init, 1544K bss, 362112K reserved, 0K cma-reserved)
[    0.000000] SLUB: HWalign=64, Order=0-3, MinObjects=0, CPUs=8, Nodes=1
[    0.000000] Hierarchical RCU implementation.
[    0.000000] 	Build-time adjustment of leaf fanout to 64.
[    0.000000] 	RCU restricting CPUs from NR_CPUS=1024 to nr_cpu_ids=8.
[    0.000000] RCU: Adjusting geometry for rcu_fanout_leaf=64, nr_cpu_ids=8
[    0.000000] NR_IRQS:65792 nr_irqs:488 16
[    0.000000] 	Offload RCU callbacks from all CPUs
[    0.000000] 	Offload RCU callbacks from CPUs: 0-7.
[    0.000000] Console: colour dummy device 80x25
[    0.000000] console [tty0] enabled
[    0.000000] clocksource: hpet: mask: 0xffffffff max_cycles: 0xffffffff, max_idle_ns: 133484882848 ns
[    0.000000] hpet clockevent registered
[    0.000000] tsc: Fast TSC calibration using PIT
[    0.000000] tsc: Detected 2594.149 MHz processor
[    0.000040] Calibrating delay loop (skipped), value calculated using timer frequency.. 5188.29 BogoMIPS (lpj=2594149)
[    0.000043] pid_max: default: 32768 minimum: 301
[    0.000048] ACPI: Core revision 20150619
[    0.010428] ACPI: All ACPI Tables successfully acquired
[    0.010449] Security Framework initialized
[    0.010451] SELinux:  Initializing.
[    0.010457] SELinux:  Starting in permissive mode
[    0.010458] Yama: becoming mindful.
[    0.011519] Dentry cache hash table entries: 2097152 (order: 12, 16777216 bytes)
[    0.015453] Inode-cache hash table entries: 1048576 (order: 11, 8388608 bytes)
[    0.017181] Mount-cache hash table entries: 32768 (order: 6, 262144 bytes)
[    0.017200] Mountpoint-cache hash table entries: 32768 (order: 6, 262144 bytes)
[    0.017423] Initializing cgroup subsys blkio
[    0.017426] Initializing cgroup subsys memory
[    0.017433] Initializing cgroup subsys devices
[    0.017435] Initializing cgroup subsys freezer
[    0.017436] Initializing cgroup subsys net_cls
[    0.017438] Initializing cgroup subsys perf_event
[    0.017440] Initializing cgroup subsys net_prio
[    0.017442] Initializing cgroup subsys hugetlb
[    0.017465] CPU: Physical Processor ID: 0
[    0.017466] CPU: Processor Core ID: 0
[    0.017470] ENERGY_PERF_BIAS: Set to 'normal', was 'performance'
[    0.017471] ENERGY_PERF_BIAS: View and update with x86_energy_perf_policy(8)
[    0.017812] mce: CPU supports 7 MCE banks
[    0.017823] CPU0: Thermal monitoring enabled (TM1)
[    0.017828] process: using mwait in idle threads
[    0.017831] Last level iTLB entries: 4KB 512, 2MB 8, 4MB 8
[    0.017832] Last level dTLB entries: 4KB 512, 2MB 32, 4MB 32, 1GB 0
[    0.017947] Freeing SMP alternatives memory: 28K (ffffffff81eb8000 - ffffffff81ebf000)
[    0.019946] ftrace: allocating 28731 entries in 113 pages
[    0.033072] DMAR: Host address width 36
[    0.033074] DMAR: DRHD base: 0x000000fed90000 flags: 0x0
[    0.033080] DMAR: dmar0: reg_base_addr fed90000 ver 1:0 cap c0000020e60262 ecap f0101a
[    0.033081] DMAR: DRHD base: 0x000000fed91000 flags: 0x1
[    0.033084] DMAR: dmar1: reg_base_addr fed91000 ver 1:0 cap c9008020660262 ecap f0105a
[    0.033085] DMAR: RMRR base: 0x000000da475000 end: 0x000000da48bfff
[    0.033086] DMAR: RMRR base: 0x000000db800000 end: 0x000000df9fffff
[    0.033089] DMAR-IR: IOAPIC id 2 under DRHD base  0xfed91000 IOMMU 1
[    0.033090] DMAR-IR: HPET id 0 under DRHD base 0xfed91000
[    0.033091] DMAR-IR: Queued invalidation will be enabled to support x2apic and Intr-remapping.
[    0.033380] DMAR-IR: Enabled IRQ remapping in x2apic mode
[    0.033383] x2apic enabled
[    0.033390] Switched APIC routing to cluster x2apic.
[    0.033850] ..TIMER: vector=0x30 apic1=0 pin1=2 apic2=-1 pin2=-1
[    0.043867] TSC deadline timer enabled
[    0.043871] smpboot: CPU0: Intel(R) Core(TM) i5-3320M CPU @ 2.60GHz (fam: 06, model: 3a, stepping: 09)
[    0.043893] Performance Events: PEBS fmt1+, 16-deep LBR, IvyBridge events, full-width counters, Intel PMU driver.
[    0.043913] ... version:                3
[    0.043914] ... bit width:              48
[    0.043914] ... generic registers:      4
[    0.043915] ... value mask:             0000ffffffffffff
[    0.043916] ... max period:             0000ffffffffffff
[    0.043917] ... fixed-purpose events:   3
[    0.043918] ... event mask:             000000070000000f
[    0.044598] x86: Booting SMP configuration:
[    0.044599] .... node  #0, CPUs:      #1
[    0.048145] NMI watchdog: enabled on all CPUs, permanently consumes one hw-PMU counter.
[    0.048249]  #2 #3
[    0.055228] x86: Booted up 1 node, 4 CPUs
[    0.055231] smpboot: Total of 4 processors activated (20753.19 BogoMIPS)
[    0.058406] devtmpfs: initialized
[    0.061638] PM: Registering ACPI NVS region [mem 0xdae9f000-0xdaf9efff] (1048576 bytes)
[    0.061720] clocksource: jiffies: mask: 0xffffffff max_cycles: 0xffffffff, max_idle_ns: 1911260446275000 ns
[    0.061799] atomic64_test: passed for x86-64 platform with CX8 and with SSE
[    0.061801] pinctrl core: initialized pinctrl subsystem
[    0.061848] RTC time:  5:23:43, date: 10/26/15
[    0.061947] NET: Registered protocol family 16
[    0.064223] cpuidle: using governor menu
[    0.064359] ACPI FADT declares the system doesn't support PCIe ASPM, so disable it
[    0.064360] ACPI: bus type PCI registered
[    0.064362] acpiphp: ACPI Hot Plug PCI Controller Driver version: 0.5
[    0.064558] PCI: MMCONFIG for domain 0000 [bus 00-3f] at [mem 0xf8000000-0xfbffffff] (base 0xf8000000)
[    0.064561] PCI: MMCONFIG at [mem 0xf8000000-0xfbffffff] reserved in E820
[    0.064566] PCI: Using configuration type 1 for base access
[    0.064902] perf_event_intel: PMU erratum BJ122, BV98, HSD29 worked around, HT is on
[    0.067539] ACPI: Added _OSI(Module Device)
[    0.067541] ACPI: Added _OSI(Processor Device)
[    0.067543] ACPI: Added _OSI(3.0 _SCP Extensions)
[    0.067544] ACPI: Added _OSI(Processor Aggregator Device)
[    0.068816] ACPI : EC: EC description table is found, configuring boot EC
[    0.068829] ACPI : EC: EC started
[    0.072433] [Firmware Bug]: ACPI: BIOS _OSI(Linux) query ignored
[    0.075041] ACPI: Dynamic OEM Table Load:
[    0.075052] ACPI: SSDT 0xFFFF88040B9B0000 000A01 (v01 PmRef  Cpu0Cst  00003001 INTL 20061109)
[    0.075541] ACPI: Dynamic OEM Table Load:
[    0.075548] ACPI: SSDT 0xFFFF88040B9A0C00 000303 (v01 PmRef  ApIst    00003000 INTL 20061109)
[    0.075970] ACPI: Dynamic OEM Table Load:
[    0.075977] ACPI: SSDT 0xFFFF88040B99C000 000119 (v01 PmRef  ApCst    00003000 INTL 20061109)
[    0.076779] ACPI: Interpreter enabled
[    0.076784] ACPI Exception: AE_NOT_FOUND, While evaluating Sleep State [\_S1_] (20150619/hwxface-580)
[    0.076788] ACPI Exception: AE_NOT_FOUND, While evaluating Sleep State [\_S2_] (20150619/hwxface-580)
[    0.076799] ACPI: (supports S0 S3 S4 S5)
[    0.076800] ACPI: Using IOAPIC for interrupt routing
[    0.076820] PCI: Using host bridge windows from ACPI; if necessary, use "pci=nocrs" and report a bug
[    0.079286] ACPI: Power Resource [PUBS] (on)
[    0.079829] acpi PNP0C0A:01: ACPI dock station (docks/bays count: 1)
[    0.080646] acpi LNXIOBAY:00: ACPI dock station (docks/bays count: 2)
[    0.082910] ACPI: PCI Interrupt Link [LNKA] (IRQs 3 4 5 6 7 9 10 *11)
[    0.082979] ACPI: PCI Interrupt Link [LNKB] (IRQs 3 4 5 6 7 9 *10 11)
[    0.083047] ACPI: PCI Interrupt Link [LNKC] (IRQs 3 4 5 6 *7 9 10 11)
[    0.083115] ACPI: PCI Interrupt Link [LNKD] (IRQs 3 4 5 6 7 9 10 *11)
[    0.083183] ACPI: PCI Interrupt Link [LNKE] (IRQs 3 4 5 6 7 9 10 *11)
[    0.083249] ACPI: PCI Interrupt Link [LNKF] (IRQs 3 4 5 6 *7 9 10 11)
[    0.083325] ACPI: PCI Interrupt Link [LNKG] (IRQs 3 4 5 6 7 9 *10 11)
[    0.083392] ACPI: PCI Interrupt Link [LNKH] (IRQs 3 4 5 6 7 9 *10 11)
[    0.083468] ACPI: PCI Root Bridge [PCI0] (domain 0000 [bus 00-3f])
[    0.083473] acpi PNP0A08:00: _OSC: OS supports [ExtendedConfig ASPM ClockPM Segments MSI]
[    0.083560] acpi PNP0A08:00: _OSC: platform does not support [PCIeCapability]
[    0.083599] acpi PNP0A08:00: _OSC: not requesting control; platform does not support [PCIeCapability]
[    0.083601] acpi PNP0A08:00: _OSC: OS requested [PCIeHotplug PME AER PCIeCapability]
[    0.083603] acpi PNP0A08:00: _OSC: platform willing to grant [PCIeHotplug PME AER]
[    0.083604] acpi PNP0A08:00: _OSC failed (AE_SUPPORT); disabling ASPM
[    0.083737] PCI host bridge to bus 0000:00
[    0.083739] pci_bus 0000:00: root bus resource [bus 00-3f]
[    0.083741] pci_bus 0000:00: root bus resource [io  0x0000-0x0cf7 window]
[    0.083743] pci_bus 0000:00: root bus resource [io  0x0d00-0xffff window]
[    0.083744] pci_bus 0000:00: root bus resource [mem 0x000a0000-0x000bffff window]
[    0.083746] pci_bus 0000:00: root bus resource [mem 0xdfa00000-0xfebfffff window]
[    0.083747] pci_bus 0000:00: root bus resource [mem 0xfed40000-0xfed4bfff window]
[    0.083754] pci 0000:00:00.0: [8086:0154] type 00 class 0x060000
[    0.083826] pci 0000:00:02.0: [8086:0166] type 00 class 0x030000
[    0.083838] pci 0000:00:02.0: reg 0x10: [mem 0xf0000000-0xf03fffff 64bit]
[    0.083844] pci 0000:00:02.0: reg 0x18: [mem 0xe0000000-0xefffffff 64bit pref]
[    0.083848] pci 0000:00:02.0: reg 0x20: [io  0x5000-0x503f]
[    0.083928] pci 0000:00:14.0: [8086:1e31] type 00 class 0x0c0330
[    0.083958] pci 0000:00:14.0: reg 0x10: [mem 0xf2520000-0xf252ffff 64bit]
[    0.084014] pci 0000:00:14.0: PME# supported from D3hot D3cold
[    0.084040] pci 0000:00:14.0: System wakeup disabled by ACPI
[    0.084080] pci 0000:00:16.0: [8086:1e3a] type 00 class 0x078000
[    0.084110] pci 0000:00:16.0: reg 0x10: [mem 0xf2535000-0xf253500f 64bit]
[    0.084167] pci 0000:00:16.0: PME# supported from D0 D3hot D3cold
[    0.084224] pci 0000:00:16.3: [8086:1e3d] type 00 class 0x070002
[    0.084250] pci 0000:00:16.3: reg 0x10: [io  0x50b0-0x50b7]
[    0.084260] pci 0000:00:16.3: reg 0x14: [mem 0xf253c000-0xf253cfff]
[    0.084373] pci 0000:00:19.0: [8086:1502] type 00 class 0x020000
[    0.084400] pci 0000:00:19.0: reg 0x10: [mem 0xf2500000-0xf251ffff]
[    0.084408] pci 0000:00:19.0: reg 0x14: [mem 0xf253b000-0xf253bfff]
[    0.084416] pci 0000:00:19.0: reg 0x18: [io  0x5080-0x509f]
[    0.084461] pci 0000:00:19.0: PME# supported from D0 D3hot D3cold
[    0.084485] pci 0000:00:19.0: System wakeup disabled by ACPI
[    0.084522] pci 0000:00:1a.0: [8086:1e2d] type 00 class 0x0c0320
[    0.084551] pci 0000:00:1a.0: reg 0x10: [mem 0xf253a000-0xf253a3ff]
[    0.084618] pci 0000:00:1a.0: PME# supported from D0 D3hot D3cold
[    0.084643] pci 0000:00:1a.0: System wakeup disabled by ACPI
[    0.084682] pci 0000:00:1b.0: [8086:1e20] type 00 class 0x040300
[    0.084709] pci 0000:00:1b.0: reg 0x10: [mem 0xf2530000-0xf2533fff 64bit]
[    0.084767] pci 0000:00:1b.0: PME# supported from D0 D3hot D3cold
[    0.084797] pci 0000:00:1b.0: System wakeup disabled by ACPI
[    0.084839] pci 0000:00:1c.0: [8086:1e10] type 01 class 0x060400
[    0.084954] pci 0000:00:1c.0: PME# supported from D0 D3hot D3cold
[    0.085025] pci 0000:00:1c.1: [8086:1e12] type 01 class 0x060400
[    0.085138] pci 0000:00:1c.1: PME# supported from D0 D3hot D3cold
[    0.085209] pci 0000:00:1c.2: [8086:1e14] type 01 class 0x060400
[    0.085326] pci 0000:00:1c.2: PME# supported from D0 D3hot D3cold
[    0.085359] pci 0000:00:1c.2: System wakeup disabled by ACPI
[    0.085402] pci 0000:00:1d.0: [8086:1e26] type 00 class 0x0c0320
[    0.085430] pci 0000:00:1d.0: reg 0x10: [mem 0xf2539000-0xf25393ff]
[    0.085498] pci 0000:00:1d.0: PME# supported from D0 D3hot D3cold
[    0.085523] pci 0000:00:1d.0: System wakeup disabled by ACPI
[    0.085560] pci 0000:00:1f.0: [8086:1e55] type 00 class 0x060100
[    0.085706] pci 0000:00:1f.2: [8086:1e03] type 00 class 0x010601
[    0.085730] pci 0000:00:1f.2: reg 0x10: [io  0x50a8-0x50af]
[    0.085738] pci 0000:00:1f.2: reg 0x14: [io  0x50bc-0x50bf]
[    0.085746] pci 0000:00:1f.2: reg 0x18: [io  0x50a0-0x50a7]
[    0.085754] pci 0000:00:1f.2: reg 0x1c: [io  0x50b8-0x50bb]
[    0.085762] pci 0000:00:1f.2: reg 0x20: [io  0x5060-0x507f]
[    0.085770] pci 0000:00:1f.2: reg 0x24: [mem 0xf2538000-0xf25387ff]
[    0.085797] pci 0000:00:1f.2: PME# supported from D3hot
[    0.085851] pci 0000:00:1f.3: [8086:1e22] type 00 class 0x0c0500
[    0.085868] pci 0000:00:1f.3: reg 0x10: [mem 0xf2534000-0xf25340ff 64bit]
[    0.085889] pci 0000:00:1f.3: reg 0x20: [io  0xefa0-0xefbf]
[    0.086073] pci 0000:02:00.0: [1180:e822] type 00 class 0x088001
[    0.086119] pci 0000:02:00.0: MMC controller base frequency changed to 50Mhz.
[    0.086144] pci 0000:02:00.0: reg 0x10: [mem 0xf1d00000-0xf1d000ff]
[    0.086314] pci 0000:02:00.0: supports D1 D2
[    0.086316] pci 0000:02:00.0: PME# supported from D0 D1 D2 D3hot D3cold
[    0.089430] pci 0000:00:1c.0: PCI bridge to [bus 02]
[    0.089435] pci 0000:00:1c.0:   bridge window [io  0x4000-0x4fff]
[    0.089441] pci 0000:00:1c.0:   bridge window [mem 0xf1d00000-0xf24fffff]
[    0.089449] pci 0000:00:1c.0:   bridge window [mem 0xf0400000-0xf0bfffff 64bit pref]
[    0.089654] pci 0000:03:00.0: [8086:0085] type 00 class 0x028000
[    0.089941] pci 0000:03:00.0: reg 0x10: [mem 0xf1c00000-0xf1c01fff 64bit]
[    0.090515] pci 0000:03:00.0: PME# supported from D0 D3hot D3cold
[    0.092425] pci 0000:00:1c.1: PCI bridge to [bus 03]
[    0.092434] pci 0000:00:1c.1:   bridge window [mem 0xf1c00000-0xf1cfffff]
[    0.092524] acpiphp: Slot [1] registered
[    0.092533] pci 0000:00:1c.2: PCI bridge to [bus 04-0b]
[    0.092538] pci 0000:00:1c.2:   bridge window [io  0x3000-0x3fff]
[    0.092543] pci 0000:00:1c.2:   bridge window [mem 0xf1400000-0xf1bfffff]
[    0.092551] pci 0000:00:1c.2:   bridge window [mem 0xf0c00000-0xf13fffff 64bit pref]
[    0.093622] ACPI: Enabled 4 GPEs in block 00 to 3F
[    0.093673] ACPI : EC: GPE = 0x11, I/O: command/status = 0x66, data = 0x62
[    0.093778] vgaarb: setting as boot device: PCI:0000:00:02.0
[    0.093780] vgaarb: device added: PCI:0000:00:02.0,decodes=io+mem,owns=io+mem,locks=none
[    0.093782] vgaarb: loaded
[    0.093783] vgaarb: bridge control possible 0000:00:02.0
[    0.093868] SCSI subsystem initialized
[    0.093912] libata version 3.00 loaded.
[    0.093939] ACPI: bus type USB registered
[    0.093955] usbcore: registered new interface driver usbfs
[    0.093963] usbcore: registered new interface driver hub
[    0.093979] usbcore: registered new device driver usb
[    0.094074] PCI: Using ACPI for IRQ routing
[    0.095789] PCI: pci_cache_line_size set to 64 bytes
[    0.096244] e820: reserve RAM buffer [mem 0x0009d800-0x0009ffff]
[    0.096246] e820: reserve RAM buffer [mem 0x40004000-0x43ffffff]
[    0.096247] e820: reserve RAM buffer [mem 0xcee0c000-0xcfffffff]
[    0.096248] e820: reserve RAM buffer [mem 0x41e600000-0x41fffffff]
[    0.096361] NetLabel: Initializing
[    0.096363] NetLabel:  domain hash size = 128
[    0.096363] NetLabel:  protocols = UNLABELED CIPSOv4
[    0.096374] NetLabel:  unlabeled traffic allowed by default
[    0.096466] hpet0: at MMIO 0xfed00000, IRQs 2, 8, 0, 0, 0, 0, 0, 0
[    0.096470] hpet0: 8 comparators, 64-bit 14.318180 MHz counter
[    0.099509] clocksource: Switched to clocksource hpet
[    0.105505] pnp: PnP ACPI init
[    0.105871] system 00:00: [mem 0x00000000-0x0009ffff] could not be reserved
[    0.105873] system 00:00: [mem 0x000c0000-0x000c3fff] could not be reserved
[    0.105875] system 00:00: [mem 0x000c4000-0x000c7fff] could not be reserved
[    0.105877] system 00:00: [mem 0x000c8000-0x000cbfff] has been reserved
[    0.105878] system 00:00: [mem 0x000cc000-0x000cffff] has been reserved
[    0.105880] system 00:00: [mem 0x000d0000-0x000d3fff] has been reserved
[    0.105881] system 00:00: [mem 0x000d4000-0x000d7fff] has been reserved
[    0.105883] system 00:00: [mem 0x000d8000-0x000dbfff] has been reserved
[    0.105884] system 00:00: [mem 0x000dc000-0x000dffff] has been reserved
[    0.105886] system 00:00: [mem 0x000e0000-0x000e3fff] could not be reserved
[    0.105887] system 00:00: [mem 0x000e4000-0x000e7fff] could not be reserved
[    0.105889] system 00:00: [mem 0x000e8000-0x000ebfff] could not be reserved
[    0.105890] system 00:00: [mem 0x000ec000-0x000effff] could not be reserved
[    0.105892] system 00:00: [mem 0x000f0000-0x000fffff] could not be reserved
[    0.105893] system 00:00: [mem 0x00100000-0xdf9fffff] could not be reserved
[    0.105895] system 00:00: [mem 0xfec00000-0xfed3ffff] could not be reserved
[    0.105897] system 00:00: [mem 0xfed4c000-0xffffffff] could not be reserved
[    0.105900] system 00:00: Plug and Play ACPI device, IDs PNP0c01 (active)
[    0.105976] pnp 00:01: [Firmware Bug]: PNP resource [mem 0xfed10000-0xfed13fff] covers only part of 0000:00:00.0 Intel MCH; extending to [mem 0xfed10000-0xfed17fff]
[    0.105995] system 00:01: [io  0x0400-0x047f] could not be reserved
[    0.105997] system 00:01: [io  0x0500-0x057f] has been reserved
[    0.105998] system 00:01: [io  0x0800-0x080f] has been reserved
[    0.106000] system 00:01: [io  0x15e0-0x15ef] has been reserved
[    0.106001] system 00:01: [io  0x1600-0x167f] has been reserved
[    0.106003] system 00:01: [mem 0xf8000000-0xfbffffff] has been reserved
[    0.106005] system 00:01: [mem 0xfffff000-0xffffffff] has been reserved
[    0.106007] system 00:01: [mem 0xfed1c000-0xfed1ffff] has been reserved
[    0.106008] system 00:01: [mem 0xfed10000-0xfed17fff] has been reserved
[    0.106010] system 00:01: [mem 0xfed18000-0xfed18fff] has been reserved
[    0.106011] system 00:01: [mem 0xfed19000-0xfed19fff] has been reserved
[    0.106013] system 00:01: [mem 0xfed45000-0xfed4bfff] has been reserved
[    0.106015] system 00:01: Plug and Play ACPI device, IDs PNP0c02 (active)
[    0.106058] pnp 00:02: Plug and Play ACPI device, IDs PNP0b00 (active)
[    0.106078] pnp 00:03: Plug and Play ACPI device, IDs LEN0071 PNP0303 (active)
[    0.106097] pnp 00:04: Plug and Play ACPI device, IDs LEN0015 PNP0f13 (active)
[    0.106135] pnp 00:05: Plug and Play ACPI device, IDs SMO1200 PNP0c31 (active)
[    0.106487] pnp: PnP ACPI: found 6 devices
[    0.113187] clocksource: acpi_pm: mask: 0xffffff max_cycles: 0xffffff, max_idle_ns: 2085701024 ns
[    0.113233] pci 0000:00:1c.0: PCI bridge to [bus 02]
[    0.113239] pci 0000:00:1c.0:   bridge window [io  0x4000-0x4fff]
[    0.113246] pci 0000:00:1c.0:   bridge window [mem 0xf1d00000-0xf24fffff]
[    0.113250] pci 0000:00:1c.0:   bridge window [mem 0xf0400000-0xf0bfffff 64bit pref]
[    0.113258] pci 0000:00:1c.1: PCI bridge to [bus 03]
[    0.113265] pci 0000:00:1c.1:   bridge window [mem 0xf1c00000-0xf1cfffff]
[    0.113276] pci 0000:00:1c.2: PCI bridge to [bus 04-0b]
[    0.113280] pci 0000:00:1c.2:   bridge window [io  0x3000-0x3fff]
[    0.113286] pci 0000:00:1c.2:   bridge window [mem 0xf1400000-0xf1bfffff]
[    0.113290] pci 0000:00:1c.2:   bridge window [mem 0xf0c00000-0xf13fffff 64bit pref]
[    0.113299] pci_bus 0000:00: resource 4 [io  0x0000-0x0cf7 window]
[    0.113301] pci_bus 0000:00: resource 5 [io  0x0d00-0xffff window]
[    0.113303] pci_bus 0000:00: resource 6 [mem 0x000a0000-0x000bffff window]
[    0.113304] pci_bus 0000:00: resource 7 [mem 0xdfa00000-0xfebfffff window]
[    0.113305] pci_bus 0000:00: resource 8 [mem 0xfed40000-0xfed4bfff window]
[    0.113307] pci_bus 0000:02: resource 0 [io  0x4000-0x4fff]
[    0.113309] pci_bus 0000:02: resource 1 [mem 0xf1d00000-0xf24fffff]
[    0.113310] pci_bus 0000:02: resource 2 [mem 0xf0400000-0xf0bfffff 64bit pref]
[    0.113312] pci_bus 0000:03: resource 1 [mem 0xf1c00000-0xf1cfffff]
[    0.113313] pci_bus 0000:04: resource 0 [io  0x3000-0x3fff]
[    0.113314] pci_bus 0000:04: resource 1 [mem 0xf1400000-0xf1bfffff]
[    0.113316] pci_bus 0000:04: resource 2 [mem 0xf0c00000-0xf13fffff 64bit pref]
[    0.113351] NET: Registered protocol family 2
[    0.113569] TCP established hash table entries: 131072 (order: 8, 1048576 bytes)
[    0.113793] TCP bind hash table entries: 65536 (order: 8, 1048576 bytes)
[    0.113899] TCP: Hash tables configured (established 131072 bind 65536)
[    0.113934] UDP hash table entries: 8192 (order: 6, 262144 bytes)
[    0.113985] UDP-Lite hash table entries: 8192 (order: 6, 262144 bytes)
[    0.114070] NET: Registered protocol family 1
[    0.114085] pci 0000:00:02.0: Video device with shadowed ROM
[    0.114580] PCI: CLS 64 bytes, default 64
[    0.114637] Unpacking initramfs...
[    0.411699] Freeing initrd memory: 19804K (ffff880035942000 - ffff880036c99000)
[    0.411747] PCI-DMA: Using software bounce buffering for IO (SWIOTLB)
[    0.411750] software IO TLB [mem 0xcae0c000-0xcee0c000] (64MB) mapped at [ffff8800cae0c000-ffff8800cee0bfff]
[    0.411859] RAPL PMU detected, API unit is 2^-32 Joules, 3 fixed counters 163840 ms ovfl timer
[    0.411860] hw unit of domain pp0-core 2^-16 Joules
[    0.411861] hw unit of domain package 2^-16 Joules
[    0.411862] hw unit of domain pp1-gpu 2^-16 Joules
[    0.411992] microcode: CPU0 sig=0x306a9, pf=0x10, revision=0x1b
[    0.411999] microcode: CPU1 sig=0x306a9, pf=0x10, revision=0x1b
[    0.412003] microcode: CPU2 sig=0x306a9, pf=0x10, revision=0x1b
[    0.412012] microcode: CPU3 sig=0x306a9, pf=0x10, revision=0x1b
[    0.412068] microcode: Microcode Update Driver: v2.00 <tigran@aivazian.fsnet.co.uk>, Peter Oruba
[    0.412738] futex hash table entries: 2048 (order: 5, 131072 bytes)
[    0.412759] Initialise system trusted keyring
[    0.412783] audit: initializing netlink subsys (disabled)
[    0.412800] audit: type=2000 audit(1445837023.400:1): initialized
[    0.413156] HugeTLB registered 2 MB page size, pre-allocated 0 pages
[    0.414434] zpool: loaded
[    0.414437] zbud: loaded
[    0.414611] VFS: Disk quotas dquot_6.6.0
[    0.414642] VFS: Dquot-cache hash table entries: 512 (order 0, 4096 bytes)
[    0.415000] Key type big_key registered
[    0.415003] SELinux:  Registering netfilter hooks
[    0.419257] NET: Registered protocol family 38
[    0.419271] Key type asymmetric registered
[    0.419274] Asymmetric key parser 'x509' registered
[    0.419291] Block layer SCSI generic (bsg) driver version 0.4 loaded (major 250)
[    0.419329] io scheduler noop registered
[    0.419331] io scheduler deadline registered
[    0.419365] io scheduler cfq registered (default)
[    0.419856] pci_hotplug: PCI Hot Plug PCI Core version: 0.5
[    0.419862] pciehp: PCI Express Hot Plug Controller Driver version: 0.4
[    0.419886] vesafb: mode is 1600x900x32, linelength=6400, pages=0
[    0.419887] vesafb: scrolling: redraw
[    0.419889] vesafb: Truecolor: size=8:8:8:8, shift=24:16:8:0
[    0.419901] vesafb: framebuffer at 0xe0000000, mapped to 0xffffc90002000000, using 5632k, total 5632k
[    0.420004] Console: switching to colour frame buffer device 200x56
[    0.508911] fb0: VESA VGA frame buffer device
[    0.508947] intel_idle: MWAIT substates: 0x21120
[    0.508949] intel_idle: v0.4 model 0x3A
[    0.508950] intel_idle: lapic_timer_reliable_states 0xffffffff
[    0.509318] ACPI: AC Adapter [AC] (on-line)
[    0.509376] input: Lid Switch as /devices/LNXSYSTM:00/LNXSYBUS:00/PNP0C0D:00/input/input0
[    0.509479] ACPI: Lid Switch [LID]
[    0.509512] input: Sleep Button as /devices/LNXSYSTM:00/LNXSYBUS:00/PNP0C0E:00/input/input1
[    0.509514] ACPI: Sleep Button [SLPB]
[    0.509552] input: Power Button as /devices/LNXSYSTM:00/LNXPWRBN:00/input/input2
[    0.509554] ACPI: Power Button [PWRF]
[    0.510722] thermal LNXTHERM:00: registered as thermal_zone0
[    0.510724] ACPI: Thermal Zone [THM0] (55 C)
[    0.510757] GHES: HEST is not enabled!
[    0.510853] Serial: 8250/16550 driver, 4 ports, IRQ sharing enabled
[    0.518345] ACPI: Battery Slot [BAT0] (battery present)
[    0.532021] 0000:00:16.3: ttyS0 at I/O 0x50b0 (irq = 19, base_baud = 115200) is a 16550A
[    0.532571] Non-volatile memory driver v1.3
[    0.532635] Linux agpgart interface v0.103
[    0.533067] ahci 0000:00:1f.2: version 3.0
[    0.533174] ahci 0000:00:1f.2: SSS flag set, parallel bus scan disabled
[    0.543911] ahci 0000:00:1f.2: AHCI 0001.0300 32 slots 6 ports 6 Gbps 0x13 impl SATA mode
[    0.543917] ahci 0000:00:1f.2: flags: 64bit ncq ilck stag pm led clo pio slum part ems sxs apst 
[    0.548690] scsi host0: ahci
[    0.548838] scsi host1: ahci
[    0.549035] scsi host2: ahci
[    0.549156] scsi host3: ahci
[    0.549254] scsi host4: ahci
[    0.549351] scsi host5: ahci
[    0.549391] ata1: SATA max UDMA/133 abar m2048@0xf2538000 port 0xf2538100 irq 26
[    0.549394] ata2: SATA max UDMA/133 abar m2048@0xf2538000 port 0xf2538180 irq 26
[    0.549395] ata3: DUMMY
[    0.549396] ata4: DUMMY
[    0.549399] ata5: SATA max UDMA/133 abar m2048@0xf2538000 port 0xf2538300 irq 26
[    0.549400] ata6: DUMMY
[    0.549504] libphy: Fixed MDIO Bus: probed
[    0.549716] xhci_hcd 0000:00:14.0: xHCI Host Controller
[    0.549765] xhci_hcd 0000:00:14.0: new USB bus registered, assigned bus number 1
[    0.549865] xhci_hcd 0000:00:14.0: hcc params 0x20007181 hci version 0x100 quirks 0x0000b930
[    0.549873] xhci_hcd 0000:00:14.0: cache line size of 64 is not supported
[    0.549967] usb usb1: New USB device found, idVendor=1d6b, idProduct=0002
[    0.549968] usb usb1: New USB device strings: Mfr=3, Product=2, SerialNumber=1
[    0.549970] usb usb1: Product: xHCI Host Controller
[    0.549971] usb usb1: Manufacturer: Linux 4.2.3-200.fc22.x86_64 xhci-hcd
[    0.549973] usb usb1: SerialNumber: 0000:00:14.0
[    0.550087] hub 1-0:1.0: USB hub found
[    0.550100] hub 1-0:1.0: 4 ports detected
[    0.550440] xhci_hcd 0000:00:14.0: xHCI Host Controller
[    0.550484] xhci_hcd 0000:00:14.0: new USB bus registered, assigned bus number 2
[    0.550516] usb usb2: New USB device found, idVendor=1d6b, idProduct=0003
[    0.550518] usb usb2: New USB device strings: Mfr=3, Product=2, SerialNumber=1
[    0.550519] usb usb2: Product: xHCI Host Controller
[    0.550521] usb usb2: Manufacturer: Linux 4.2.3-200.fc22.x86_64 xhci-hcd
[    0.550522] usb usb2: SerialNumber: 0000:00:14.0
[    0.550620] hub 2-0:1.0: USB hub found
[    0.550630] hub 2-0:1.0: 4 ports detected
[    0.551008] ehci_hcd: USB 2.0 'Enhanced' Host Controller (EHCI) Driver
[    0.551014] ehci-pci: EHCI PCI platform driver
[    0.551087] ehci-pci 0000:00:1a.0: EHCI Host Controller
[    0.551139] ehci-pci 0000:00:1a.0: new USB bus registered, assigned bus number 3
[    0.551153] ehci-pci 0000:00:1a.0: debug port 2
[    0.555051] ehci-pci 0000:00:1a.0: cache line size of 64 is not supported
[    0.555062] ehci-pci 0000:00:1a.0: irq 16, io mem 0xf253a000
[    0.560823] ehci-pci 0000:00:1a.0: USB 2.0 started, EHCI 1.00
[    0.560856] usb usb3: New USB device found, idVendor=1d6b, idProduct=0002
[    0.560858] usb usb3: New USB device strings: Mfr=3, Product=2, SerialNumber=1
[    0.560859] usb usb3: Product: EHCI Host Controller
[    0.560861] usb usb3: Manufacturer: Linux 4.2.3-200.fc22.x86_64 ehci_hcd
[    0.560862] usb usb3: SerialNumber: 0000:00:1a.0
[    0.560974] hub 3-0:1.0: USB hub found
[    0.560979] hub 3-0:1.0: 3 ports detected
[    0.561154] ehci-pci 0000:00:1d.0: EHCI Host Controller
[    0.561206] ehci-pci 0000:00:1d.0: new USB bus registered, assigned bus number 4
[    0.561219] ehci-pci 0000:00:1d.0: debug port 2
[    0.565129] ehci-pci 0000:00:1d.0: cache line size of 64 is not supported
[    0.565141] ehci-pci 0000:00:1d.0: irq 23, io mem 0xf2539000
[    0.570918] ehci-pci 0000:00:1d.0: USB 2.0 started, EHCI 1.00
[    0.570994] usb usb4: New USB device found, idVendor=1d6b, idProduct=0002
[    0.570996] usb usb4: New USB device strings: Mfr=3, Product=2, SerialNumber=1
[    0.570998] usb usb4: Product: EHCI Host Controller
[    0.571000] usb usb4: Manufacturer: Linux 4.2.3-200.fc22.x86_64 ehci_hcd
[    0.571001] usb usb4: SerialNumber: 0000:00:1d.0
[    0.571211] hub 4-0:1.0: USB hub found
[    0.571224] hub 4-0:1.0: 3 ports detected
[    0.571422] ohci_hcd: USB 1.1 'Open' Host Controller (OHCI) Driver
[    0.571432] ohci-pci: OHCI PCI platform driver
[    0.571450] uhci_hcd: USB Universal Host Controller Interface driver
[    0.571510] usbcore: registered new interface driver usbserial
[    0.571517] usbcore: registered new interface driver usbserial_generic
[    0.571523] usbserial: USB Serial support registered for generic
[    0.571563] i8042: PNP: PS/2 Controller [PNP0303:KBD,PNP0f13:MOU] at 0x60,0x64 irq 1,12
[    0.573586] serio: i8042 KBD port at 0x60,0x64 irq 1
[    0.573591] serio: i8042 AUX port at 0x60,0x64 irq 12
[    0.573719] mousedev: PS/2 mouse device common for all mice
[    0.573968] rtc_cmos 00:02: RTC can wake from S4
[    0.574122] rtc_cmos 00:02: rtc core: registered rtc_cmos as rtc0
[    0.574158] rtc_cmos 00:02: alarms up to one month, y3k, 114 bytes nvram, hpet irqs
[    0.574232] device-mapper: uevent: version 1.0.3
[    0.574300] device-mapper: ioctl: 4.33.0-ioctl (2015-8-18) initialised: dm-devel@redhat.com
[    0.574387] Intel P-state driver initializing.
[    0.575220] input: AT Translated Set 2 keyboard as /devices/platform/i8042/serio0/input/input3
[    0.575750] hidraw: raw HID events driver (C) Jiri Kosina
[    0.575841] usbcore: registered new interface driver usbhid
[    0.575843] usbhid: USB HID core driver
[    0.575986] drop_monitor: Initializing network drop monitor service
[    0.576143] ip_tables: (C) 2000-2006 Netfilter Core Team
[    0.576262] Initializing XFRM netlink socket
[    0.576461] NET: Registered protocol family 10
[    0.576811] mip6: Mobile IPv6
[    0.576817] NET: Registered protocol family 17
[    0.577339] AVX version of gcm_enc/dec engaged.
[    0.577343] AES CTR mode by8 optimization enabled
[    0.611773] Loading compiled-in X.509 certificates
[    0.612791] Loaded X.509 cert 'Fedora kernel signing key: 6b3269bbf8479701c80315fb5f368af9245207be'
[    0.612814] registered taskstats version 1
[    0.612837] zswap: loading zswap
[    0.612839] zswap: using zbud pool
[    0.612861] zswap: using lzo compressor
[    0.613402]   Magic number: 3:330:366
[    0.613535] rtc_cmos 00:02: setting system clock to 2015-10-26 05:23:44 UTC (1445837024)
[    0.613621] PM: Checking hibernation image partition UUID=d0327d42-6704-43bb-a074-2df48b59028a
[    0.854126] ata1: SATA link up 6.0 Gbps (SStatus 133 SControl 300)
[    0.855539] ata1.00: ACPI cmd ef/02:00:00:00:00:a0 (SET FEATURES) succeeded
[    0.855547] ata1.00: ACPI cmd f5/00:00:00:00:00:a0 (SECURITY FREEZE LOCK) filtered out
[    0.855551] ata1.00: ACPI cmd ef/10:03:00:00:00:a0 (SET FEATURES) filtered out
[    0.856965] ata1.00: ATA-8: HGST HTS541010A7E630, SE0OA4A0, max UDMA/133
[    0.856972] ata1.00: 1953525168 sectors, multi 16: LBA48 NCQ (depth 31/32), AA
[    0.858559] ata1.00: ACPI cmd ef/02:00:00:00:00:a0 (SET FEATURES) succeeded
[    0.858568] ata1.00: ACPI cmd f5/00:00:00:00:00:a0 (SECURITY FREEZE LOCK) filtered out
[    0.858572] ata1.00: ACPI cmd ef/10:03:00:00:00:a0 (SET FEATURES) filtered out
[    0.859991] ata1.00: configured for UDMA/133
[    0.860329] scsi 0:0:0:0: Direct-Access     ATA      HGST HTS541010A7 A4A0 PQ: 0 ANSI: 5
[    0.861005] sd 0:0:0:0: [sda] 1953525168 512-byte logical blocks: (1.00 TB/931 GiB)
[    0.861033] sd 0:0:0:0: [sda] 4096-byte physical blocks
[    0.861078] sd 0:0:0:0: Attached scsi generic sg0 type 0
[    0.861331] sd 0:0:0:0: [sda] Write Protect is off
[    0.861338] sd 0:0:0:0: [sda] Mode Sense: 00 3a 00 00
[    0.861477] sd 0:0:0:0: [sda] Write cache: enabled, read cache: enabled, doesn't support DPO or FUA
[    0.863052] usb 3-1: new high-speed USB device number 2 using ehci-pci
[    0.873129] usb 4-1: new high-speed USB device number 2 using ehci-pci
[    0.899710]  sda: sda1 sda2
[    0.901118] sd 0:0:0:0: [sda] Attached SCSI disk
[    0.977876] usb 3-1: New USB device found, idVendor=8087, idProduct=0024
[    0.977883] usb 3-1: New USB device strings: Mfr=0, Product=0, SerialNumber=0
[    0.978432] hub 3-1:1.0: USB hub found
[    0.978597] hub 3-1:1.0: 6 ports detected
[    0.987873] usb 4-1: New USB device found, idVendor=8087, idProduct=0024
[    0.987880] usb 4-1: New USB device strings: Mfr=0, Product=0, SerialNumber=0
[    0.988474] hub 4-1:1.0: USB hub found
[    0.988771] hub 4-1:1.0: 8 ports detected
[    1.166330] ata2: SATA link up 1.5 Gbps (SStatus 113 SControl 300)
[    1.169124] ata2.00: ACPI cmd e3/00:1f:00:00:00:a0 (IDLE) succeeded
[    1.169817] ata2.00: ACPI cmd e3/00:02:00:00:00:a0 (IDLE) succeeded
[    1.169825] ata2.00: ACPI cmd ef/10:03:00:00:00:a0 (SET FEATURES) filtered out
[    1.171662] ata2.00: ATAPI: MATSHITADVD-RAM UJ8B0, SB01, max UDMA/100
[    1.174719] ata2.00: ACPI cmd e3/00:1f:00:00:00:a0 (IDLE) succeeded
[    1.175477] ata2.00: ACPI cmd e3/00:02:00:00:00:a0 (IDLE) succeeded
[    1.175485] ata2.00: ACPI cmd ef/10:03:00:00:00:a0 (SET FEATURES) filtered out
[    1.177326] ata2.00: configured for UDMA/100
[    1.179459] scsi 1:0:0:0: CD-ROM            MATSHITA DVD-RAM UJ8B0    SB01 PQ: 0 ANSI: 5
[    1.191411] sr 1:0:0:0: [sr0] scsi3-mmc drive: 24x/24x writer dvd-ram cd/rw xa/form2 cdda tray
[    1.191420] cdrom: Uniform CD-ROM driver Revision: 3.20
[    1.191798] sr 1:0:0:0: Attached scsi CD-ROM sr0
[    1.191994] sr 1:0:0:0: Attached scsi generic sg1 type 5
[    1.254364] usb 3-1.1: new full-speed USB device number 3 using ehci-pci
[    1.302403] psmouse serio1: synaptics: queried max coordinates: x [..5470], y [..4498]
[    1.346640] usb 3-1.1: New USB device found, idVendor=17ef, idProduct=1003
[    1.346646] usb 3-1.1: New USB device strings: Mfr=1, Product=2, SerialNumber=0
[    1.346650] usb 3-1.1: Product: Integrated Smart Card Reader
[    1.346653] usb 3-1.1: Manufacturer: Lenovo
[    1.363957] psmouse serio1: synaptics: Touchpad model: 1, fw: 7.2, id: 0x1c0b1, caps: 0xd047b3/0xb40000/0xa0000/0x0, board id: 0, fw id: 920262
[    1.363968] psmouse serio1: synaptics: serio: Synaptics pass-through port at isa0060/serio1/input0
[    1.403138] input: SynPS/2 Synaptics TouchPad as /devices/platform/i8042/serio1/input/input5
[    1.415444] tsc: Refined TSC clocksource calibration: 2594.099 MHz
[    1.415453] clocksource: tsc: mask: 0xffffffffffffffff max_cycles: 0x256475d5b76, max_idle_ns: 440795331828 ns
[    1.420451] usb 3-1.2: new low-speed USB device number 4 using ehci-pci
[    1.500005] usb 3-1.2: New USB device found, idVendor=04b3, idProduct=310c
[    1.500012] usb 3-1.2: New USB device strings: Mfr=0, Product=2, SerialNumber=0
[    1.500017] usb 3-1.2: Product: USB Optical Mouse
[    1.502970] input: USB Optical Mouse as /devices/pci0000:00/0000:00:1a.0/usb3/3-1/3-1.2/3-1.2:1.0/0003:04B3:310C.0001/input/input7
[    1.503366] hid-generic 0003:04B3:310C.0001: input,hidraw0: USB HID v1.11 Mouse [USB Optical Mouse] on usb-0000:00:1a.0-1.2/input0
[    1.508530] ata5: SATA link down (SStatus 0 SControl 300)
[    1.508781] PM: Hibernation image not present or could not be loaded.
[    1.509438] Freeing unused kernel memory: 1512K (ffffffff81d3e000 - ffffffff81eb8000)
[    1.509469] Write protecting the kernel read-only data: 12288k
[    1.509935] Freeing unused kernel memory: 512K (ffff880001780000 - ffff880001800000)
[    1.510175] Freeing unused kernel memory: 760K (ffff880001b42000 - ffff880001c00000)
[    1.513630] random: systemd urandom read with 23 bits of entropy available
[    1.515065] systemd[1]: systemd 219 running in system mode. (+PAM +AUDIT +SELINUX +IMA -APPARMOR +SMACK +SYSVINIT +UTMP +LIBCRYPTSETUP +GCRYPT +GNUTLS +ACL +XZ -LZ4 +SECCOMP +BLKID +ELFUTILS +KMOD +IDN)
[    1.515356] systemd[1]: Detected architecture x86-64.
[    1.515363] systemd[1]: Running in initial RAM disk.
[    1.515404] systemd[1]: Set hostname to <t430.DanielSun>.
[    1.565181] systemd[1]: Reached target Timers.
[    1.565197] systemd[1]: Starting Timers.
[    1.565233] systemd[1]: Reached target Swap.
[    1.565242] systemd[1]: Starting Swap.
[    1.565550] systemd[1]: Created slice -.slice.
[    1.565562] systemd[1]: Starting -.slice.
[    1.565651] systemd[1]: Created slice System Slice.
[    1.565662] systemd[1]: Starting System Slice.
[    1.565749] systemd[1]: Created slice system-systemd\x2dcryptsetup.slice.
[    1.565759] systemd[1]: Starting system-systemd\x2dcryptsetup.slice.
[    1.565837] systemd[1]: Created slice system-systemd\x2dhibernate\x2dresume.slice.
[    1.565847] systemd[1]: Starting system-systemd\x2dhibernate\x2dresume.slice.
[    1.565960] systemd[1]: Listening on Journal Audit Socket.
[    1.565971] systemd[1]: Starting Journal Audit Socket.
[    1.566021] systemd[1]: Listening on udev Control Socket.
[    1.566030] systemd[1]: Starting udev Control Socket.
[    1.566075] systemd[1]: Listening on Journal Socket (/dev/log).
[    1.566084] systemd[1]: Starting Journal Socket (/dev/log).
[    1.566133] systemd[1]: Listening on Journal Socket.
[    1.566143] systemd[1]: Starting Journal Socket.
[    1.566754] systemd[1]: Starting Journal Service...
[    1.567414] systemd[1]: Starting Setup Virtual Console...
[    1.568362] systemd[1]: Starting Load Kernel Modules...
[    1.568423] systemd[1]: Started dracut ask for additional cmdline parameters.
[    1.569228] systemd[1]: Starting dracut cmdline hook...
[    1.576503] usb 3-1.4: new full-speed USB device number 5 using ehci-pci
[    1.585098] systemd[1]: Starting Create list of required static device nodes for the current kernel...
[    1.585156] systemd[1]: Reached target Slices.
[    1.585185] systemd[1]: Starting Slices.
[    1.585268] systemd[1]: Listening on udev Kernel Socket.
[    1.585291] systemd[1]: Starting udev Kernel Socket.
[    1.585333] systemd[1]: Reached target Sockets.
[    1.585349] systemd[1]: Starting Sockets.
[    1.586185] systemd[1]: Started Setup Virtual Console.
[    1.586303] audit: type=1130 audit(1445837025.470:2): pid=1 uid=0 auid=4294967295 ses=4294967295 subj=kernel msg='unit=systemd-vconsole-setup comm="systemd" exe="/usr/lib/systemd/systemd" hostname=? addr=? terminal=? res=success'
[    1.587128] systemd[1]: Started Create list of required static device nodes for the current kernel.
[    1.587167] audit: type=1130 audit(1445837025.471:3): pid=1 uid=0 auid=4294967295 ses=4294967295 subj=kernel msg='unit=kmod-static-nodes comm="systemd" exe="/usr/lib/systemd/systemd" hostname=? addr=? terminal=? res=success'
[    1.588051] systemd[1]: Starting Create Static Device Nodes in /dev...
[    1.589399] Key type trusted registered
[    1.591947] systemd[1]: Started Create Static Device Nodes in /dev.
[    1.592010] audit: type=1130 audit(1445837025.476:4): pid=1 uid=0 auid=4294967295 ses=4294967295 subj=kernel msg='unit=systemd-tmpfiles-setup-dev comm="systemd" exe="/usr/lib/systemd/systemd" hostname=? addr=? terminal=? res=success'
[    1.596010] Key type encrypted registered
[    1.605410] systemd[1]: Started Load Kernel Modules.
[    1.605458] audit: type=1130 audit(1445837025.489:5): pid=1 uid=0 auid=4294967295 ses=4294967295 subj=kernel msg='unit=systemd-modules-load comm="systemd" exe="/usr/lib/systemd/systemd" hostname=? addr=? terminal=? res=success'
[    1.606742] systemd[1]: Starting Apply Kernel Variables...
[    1.609695] systemd[1]: Started Apply Kernel Variables.
[    1.609748] audit: type=1130 audit(1445837025.494:6): pid=1 uid=0 auid=4294967295 ses=4294967295 subj=kernel msg='unit=systemd-sysctl comm="systemd" exe="/usr/lib/systemd/systemd" hostname=? addr=? terminal=? res=success'
[    1.614546] systemd[1]: Started Journal Service.
[    1.614633] audit: type=1130 audit(1445837025.499:7): pid=1 uid=0 auid=4294967295 ses=4294967295 subj=kernel msg='unit=systemd-journald comm="systemd" exe="/usr/lib/systemd/systemd" hostname=? addr=? terminal=? res=success'
[    1.665474] usb 3-1.4: New USB device found, idVendor=0a5c, idProduct=21e6
[    1.665477] usb 3-1.4: New USB device strings: Mfr=1, Product=2, SerialNumber=3
[    1.665479] usb 3-1.4: Product: BCM20702A0
[    1.665481] usb 3-1.4: Manufacturer: Broadcom Corp
[    1.665482] usb 3-1.4: SerialNumber: 74E54322D699
[    1.698001] audit: type=1130 audit(1445837025.582:8): pid=1 uid=0 auid=4294967295 ses=4294967295 subj=kernel msg='unit=dracut-cmdline comm="systemd" exe="/usr/lib/systemd/systemd" hostname=? addr=? terminal=? res=success'
[    1.722199] audit: type=1130 audit(1445837025.606:9): pid=1 uid=0 auid=4294967295 ses=4294967295 subj=kernel msg='unit=dracut-pre-udev comm="systemd" exe="/usr/lib/systemd/systemd" hostname=? addr=? terminal=? res=success'
[    1.726330] audit: type=1130 audit(1445837025.610:10): pid=1 uid=0 auid=4294967295 ses=4294967295 subj=kernel msg='unit=systemd-udevd comm="systemd" exe="/usr/lib/systemd/systemd" hostname=? addr=? terminal=? res=success'
[    1.739604] usb 3-1.6: new high-speed USB device number 6 using ehci-pci
[    1.774483] pps_core: LinuxPPS API ver. 1 registered
[    1.774486] pps_core: Software ver. 5.3.6 - Copyright 2005-2007 Rodolfo Giometti <giometti@linux.it>
[    1.778866] PTP clock support registered
[    1.790449] sdhci: Secure Digital Host Controller Interface driver
[    1.790453] sdhci: Copyright(c) Pierre Ossman
[    1.793889] sdhci-pci 0000:02:00.0: SDHCI controller found [1180:e822] (rev 7)
[    1.794349] sdhci-pci 0000:02:00.0: No vmmc regulator found
[    1.794353] sdhci-pci 0000:02:00.0: No vqmmc regulator found
[    1.796482] e1000e: Intel(R) PRO/1000 Network Driver - 3.2.5-k
[    1.796487] e1000e: Copyright(c) 1999 - 2015 Intel Corporation.
[    1.797187] e1000e 0000:00:19.0: Interrupt Throttling Rate (ints/sec) set to dynamic conservative mode
[    1.797794] mmc0: SDHCI controller on PCI [0000:02:00.0] using DMA
[    1.805560] [drm] Initialized drm 1.1.0 20060810
[    1.832996] usb 3-1.6: New USB device found, idVendor=5986, idProduct=02d5
[    1.832999] usb 3-1.6: New USB device strings: Mfr=1, Product=2, SerialNumber=0
[    1.833000] usb 3-1.6: Product: Integrated Camera
[    1.833002] usb 3-1.6: Manufacturer: Ricoh Company Ltd.
[    1.987026] e1000e 0000:00:19.0 eth0: registered PHC clock
[    1.987032] e1000e 0000:00:19.0 eth0: (PCI Express:2.5GT/s:Width x1) 00:21:cc:cc:ba:1d
[    1.987036] e1000e 0000:00:19.0 eth0: Intel(R) PRO/1000 Network Connection
[    1.987077] e1000e 0000:00:19.0 eth0: MAC: 10, PHY: 11, PBA No: 1000FF-0FF
[    1.988184] [drm] Memory usable by graphics device = 2048M
[    1.988189] checking generic (e0000000 580000) vs hw (e0000000 10000000)
[    1.988192] fb: switching to inteldrmfb from VESA VGA
[    1.988235] Console: switching to colour dummy device 80x25
[    1.988371] [drm] Replacing VGA console driver
[    1.993260] e1000e 0000:00:19.0 em1: renamed from eth0
[    1.995030] [drm] Supports vblank timestamp caching Rev 2 (21.10.2013).
[    1.995034] [drm] Driver supports precise vblank timestamp query.
[    1.996049] vgaarb: device changed decodes: PCI:0000:00:02.0,olddecodes=io+mem,decodes=io+mem:owns=io+mem
[    2.000188] 8021q: 802.1Q VLAN Support v1.8
[    2.023916] ACPI: Video Device [VID] (multi-head: yes  rom: no  post: no)
[    2.024160] input: Video Bus as /devices/LNXSYSTM:00/LNXSYBUS:00/PNP0A08:00/LNXVIDEO:00/input/input8
[    2.024308] [drm] Initialized i915 1.6.0 20150522 for 0000:00:02.0 on minor 0
[    2.084890] [drm] GMBUS [i915 gmbus dpb] timed out, falling back to bit banging on pin 5
[    2.095135] fbcon: inteldrmfb (fb0) is primary device
[    2.364506] [drm:intel_set_pch_fifo_underrun_reporting [i915]] *ERROR* uncleared pch fifo underrun on pch transcoder A
[    2.364539] [drm:intel_pch_fifo_underrun_irq_handler [i915]] *ERROR* PCH transcoder A FIFO underrun
[    2.416342] clocksource: Switched to clocksource tsc
[    2.863530] Console: switching to colour frame buffer device 200x56
[    2.870724] i915 0000:00:02.0: fb0: inteldrmfb frame buffer device
[    2.870726] i915 0000:00:02.0: registered panic notifier
[    5.572940] psmouse serio2: trackpoint: IBM TrackPoint firmware: 0x0e, buttons: 3/3
[    5.773052] input: TPPS/2 IBM TrackPoint as /devices/platform/i8042/serio1/serio2/input/input6
[    7.675115] random: nonblocking pool is initialized
[   11.029881] audit_printk_skb: 12 callbacks suppressed
[   11.029887] audit: type=1130 audit(1445837034.908:15): pid=1 uid=0 auid=4294967295 ses=4294967295 subj=kernel msg='unit=systemd-cryptsetup@luks\x2d7d62cefb\x2d17aa\x2d4a49\x2daf3b\x2d4c5926063dfa comm="systemd" exe="/usr/lib/systemd/systemd" hostname=? addr=? terminal=? res=success'
[   11.642883] audit: type=1130 audit(1445837035.520:16): pid=1 uid=0 auid=4294967295 ses=4294967295 subj=kernel msg='unit=systemd-fsck-root comm="systemd" exe="/usr/lib/systemd/systemd" hostname=? addr=? terminal=? res=success'
[   11.718265] PM: Starting manual resume from disk
[   11.718273] PM: Hibernation image partition 253:2 present
[   11.718276] PM: Looking for hibernation image.
[   11.754993] PM: Image not found (code -22)
[   11.755000] PM: Hibernation image not present or could not be loaded.
[   11.757445] audit: type=1130 audit(1445837035.635:17): pid=1 uid=0 auid=4294967295 ses=4294967295 subj=kernel msg='unit=systemd-hibernate-resume@dev-disk-by\x2duuid-d0327d42\x2d6704\x2d43bb\x2da074\x2d2df48b59028a comm="systemd" exe="/usr/lib/systemd/systemd" hostname=? addr=? terminal=? res=success'
[   11.757667] audit: type=1131 audit(1445837035.635:18): pid=1 uid=0 auid=4294967295 ses=4294967295 subj=kernel msg='unit=systemd-hibernate-resume@dev-disk-by\x2duuid-d0327d42\x2d6704\x2d43bb\x2da074\x2d2df48b59028a comm="systemd" exe="/usr/lib/systemd/systemd" hostname=? addr=? terminal=? res=success'
[   11.836527] audit: type=1130 audit(1445837035.714:19): pid=1 uid=0 auid=4294967295 ses=4294967295 subj=kernel msg='unit=dracut-initqueue comm="systemd" exe="/usr/lib/systemd/systemd" hostname=? addr=? terminal=? res=success'
[   11.870724] EXT4-fs (dm-1): mounted filesystem with ordered data mode. Opts: (null)
[   11.978718] audit: type=1130 audit(1445837035.856:20): pid=1 uid=0 auid=4294967295 ses=4294967295 subj=kernel msg='unit=initrd-parse-etc comm="systemd" exe="/usr/lib/systemd/systemd" hostname=? addr=? terminal=? res=success'
[   11.978749] audit: type=1131 audit(1445837035.856:21): pid=1 uid=0 auid=4294967295 ses=4294967295 subj=kernel msg='unit=initrd-parse-etc comm="systemd" exe="/usr/lib/systemd/systemd" hostname=? addr=? terminal=? res=success'
[   12.119029] audit: type=1130 audit(1445837035.996:22): pid=1 uid=0 auid=4294967295 ses=4294967295 subj=kernel msg='unit=dracut-pre-pivot comm="systemd" exe="/usr/lib/systemd/systemd" hostname=? addr=? terminal=? res=success'
[   12.129408] audit: type=1130 audit(1445837036.007:23): pid=1 uid=0 auid=4294967295 ses=4294967295 subj=kernel msg='unit=systemd-ask-password-plymouth comm="systemd" exe="/usr/lib/systemd/systemd" hostname=? addr=? terminal=? res=success'
[   12.129444] audit: type=1131 audit(1445837036.007:24): pid=1 uid=0 auid=4294967295 ses=4294967295 subj=kernel msg='unit=systemd-ask-password-plymouth comm="systemd" exe="/usr/lib/systemd/systemd" hostname=? addr=? terminal=? res=success'
[   12.304863] systemd-journald[193]: Received SIGTERM from PID 1 (systemd).
[   13.255843] SELinux: 32768 avtab hash slots, 106848 rules.
[   13.283832] SELinux: 32768 avtab hash slots, 106848 rules.
[   13.320020] SELinux:  8 users, 105 roles, 4979 types, 303 bools, 1 sens, 1024 cats
[   13.320025] SELinux:  92 classes, 106848 rules
[   13.324850] SELinux:  Completing initialization.
[   13.324852] SELinux:  Setting up existing superblocks.
[   13.364407] systemd[1]: Successfully loaded SELinux policy in 228.660ms.
[   13.487940] systemd[1]: Relabelled /dev and /run in 18.634ms.
[   16.689663] EXT4-fs (dm-1): re-mounted. Opts: (null)
[   16.710069] audit_printk_skb: 105 callbacks suppressed
[   16.710073] audit: type=1305 audit(1445837040.584:60): audit_enabled=1 old=1 auid=4294967295 ses=4294967295 subj=system_u:system_r:syslogd_t:s0 res=1
[   16.785775] audit: type=1130 audit(1445837040.660:61): pid=1 uid=0 auid=4294967295 ses=4294967295 subj=system_u:system_r:init_t:s0 msg='unit=kmod-static-nodes comm="systemd" exe="/usr/lib/systemd/systemd" hostname=? addr=? terminal=? res=success'
[   16.786202] audit: type=1130 audit(1445837040.660:62): pid=1 uid=0 auid=4294967295 ses=4294967295 subj=system_u:system_r:init_t:s0 msg='unit=systemd-remount-fs comm="systemd" exe="/usr/lib/systemd/systemd" hostname=? addr=? terminal=? res=success'
[   17.019156] RPC: Registered named UNIX socket transport module.
[   17.019160] RPC: Registered udp transport module.
[   17.019161] RPC: Registered tcp transport module.
[   17.019162] RPC: Registered tcp NFSv4.1 backchannel transport module.
[   17.030209] audit: type=1130 audit(1445837040.904:63): pid=1 uid=0 auid=4294967295 ses=4294967295 subj=system_u:system_r:init_t:s0 msg='unit=systemd-modules-load comm="systemd" exe="/usr/lib/systemd/systemd" hostname=? addr=? terminal=? res=success'
[   17.099053] audit: type=1130 audit(1445837040.973:64): pid=1 uid=0 auid=4294967295 ses=4294967295 subj=system_u:system_r:init_t:s0 msg='unit=systemd-udev-trigger comm="systemd" exe="/usr/lib/systemd/systemd" hostname=? addr=? terminal=? res=success'
[   17.298912] audit: type=1130 audit(1445837041.173:65): pid=1 uid=0 auid=4294967295 ses=4294967295 subj=system_u:system_r:init_t:s0 msg='unit=lvm2-lvmetad comm="systemd" exe="/usr/lib/systemd/systemd" hostname=? addr=? terminal=? res=success'
[   17.324341] Installing knfsd (copyright (C) 1996 okir@monad.swb.de).
[   18.112796] audit: type=1130 audit(1445837041.986:66): pid=1 uid=0 auid=4294967295 ses=4294967295 subj=system_u:system_r:init_t:s0 msg='unit=systemd-binfmt comm="systemd" exe="/usr/lib/systemd/systemd" hostname=? addr=? terminal=? res=success'
[   18.521110] audit: type=1130 audit(1445837042.394:67): pid=1 uid=0 auid=4294967295 ses=4294967295 subj=system_u:system_r:init_t:s0 msg='unit=fedora-readonly comm="systemd" exe="/usr/lib/systemd/systemd" hostname=? addr=? terminal=? res=success'
[   18.573789] audit: type=1130 audit(1445837042.447:68): pid=1 uid=0 auid=4294967295 ses=4294967295 subj=system_u:system_r:init_t:s0 msg='unit=lvm2-monitor comm="systemd" exe="/usr/lib/systemd/systemd" hostname=? addr=? terminal=? res=success'
[   18.642005] audit: type=1130 audit(1445837042.515:69): pid=1 uid=0 auid=4294967295 ses=4294967295 subj=system_u:system_r:init_t:s0 msg='unit=systemd-random-seed comm="systemd" exe="/usr/lib/systemd/systemd" hostname=? addr=? terminal=? res=success'
[   19.623294] systemd-journald[769]: Received request to flush runtime journal from PID 1
[   21.761639] wmi: Mapper loaded
[   21.795851] shpchp: Standard Hot Plug PCI Controller Driver version: 0.4
[   21.798243] tpm_tis 00:05: 1.2 TPM (device-id 0x0, rev-id 78)
[   21.807497] ACPI Warning: SystemIO range 0x0000000000000428-0x000000000000042F conflicts with OpRegion 0x0000000000000400-0x000000000000047F (\_SB_.PCI0.LPC_.PMIO) (20150619/utaddress-254)
[   21.807502] ACPI: If an ACPI driver is available for this device, you should use it instead of the native driver
[   21.807508] ACPI Warning: SystemIO range 0x0000000000000540-0x000000000000054F conflicts with OpRegion 0x0000000000000500-0x000000000000057F (\_SB_.PCI0.LPC_.LPIO) (20150619/utaddress-254)
[   21.807511] ACPI: If an ACPI driver is available for this device, you should use it instead of the native driver
[   21.807512] ACPI Warning: SystemIO range 0x0000000000000530-0x000000000000053F conflicts with OpRegion 0x0000000000000500-0x000000000000057F (\_SB_.PCI0.LPC_.LPIO) (20150619/utaddress-254)
[   21.807514] ACPI: If an ACPI driver is available for this device, you should use it instead of the native driver
[   21.807514] ACPI Warning: SystemIO range 0x0000000000000500-0x000000000000052F conflicts with OpRegion 0x0000000000000500-0x000000000000057F (\_SB_.PCI0.LPC_.LPIO) (20150619/utaddress-254)
[   21.807516] ACPI: If an ACPI driver is available for this device, you should use it instead of the native driver
[   21.807517] lpc_ich: Resource conflict(s) found affecting gpio_ich
[   21.863775] tpm_tis 00:05: TPM is disabled/deactivated (0x6)
[   21.869480] i801_smbus 0000:00:1f.3: SMBus using PCI interrupt
[   21.968805] audit_printk_skb: 12 callbacks suppressed
[   21.968809] audit: type=1130 audit(1445837045.839:74): pid=1 uid=0 auid=4294967295 ses=4294967295 subj=system_u:system_r:init_t:s0 msg='unit=systemd-backlight@backlight:intel_backlight comm="systemd" exe="/usr/lib/systemd/systemd" hostname=? addr=? terminal=? res=success'
[   22.241044] thinkpad_acpi: ThinkPad ACPI Extras v0.25
[   22.241049] thinkpad_acpi: http://ibm-acpi.sf.net/
[   22.241052] thinkpad_acpi: ThinkPad BIOS G1ETA8WW (2.68 ), EC unknown
[   22.241054] thinkpad_acpi: Lenovo ThinkPad T430, model 2350BH3
[   22.241758] thinkpad_acpi: Unsupported brightness interface, please contact ibm-acpi-devel@lists.sourceforge.net
[   22.241896] thinkpad_acpi: radio switch found; radios are enabled
[   22.241918] thinkpad_acpi: This ThinkPad has standard ACPI backlight brightness control, supported by the ACPI video driver
[   22.241920] thinkpad_acpi: Disabling thinkpad-acpi brightness events by default...
[   22.243284] thinkpad_acpi: rfkill switch tpacpi_bluetooth_sw: radio is unblocked
[   22.245329] input: ThinkPad Extra Buttons as /devices/platform/thinkpad_acpi/input/input9
[   22.333201] Intel(R) Wireless WiFi driver for Linux
[   22.333205] Copyright(c) 2003- 2015 Intel Corporation
[   22.333415] iwlwifi 0000:03:00.0: can't disable ASPM; OS doesn't have ASPM control
[   22.419707] iwlwifi 0000:03:00.0: loaded firmware version 18.168.6.1 op_mode iwldvm
[   23.605322] iTCO_vendor_support: vendor-support=0
[   23.628975] iTCO_wdt: Intel TCO WatchDog Timer Driver v1.11
[   23.629032] iTCO_wdt: Found a Panther Point TCO device (Version=2, TCOBASE=0x0460)
[   23.629124] iTCO_wdt: initialized. heartbeat=30 sec (nowayout=0)
[   23.703136] iwlwifi 0000:03:00.0: CONFIG_IWLWIFI_DEBUG enabled
[   23.703139] iwlwifi 0000:03:00.0: CONFIG_IWLWIFI_DEBUGFS enabled
[   23.703140] iwlwifi 0000:03:00.0: CONFIG_IWLWIFI_DEVICE_TRACING disabled
[   23.703142] iwlwifi 0000:03:00.0: Detected Intel(R) Centrino(R) Advanced-N 6205 AGN, REV=0xB0
[   23.703306] iwlwifi 0000:03:00.0: L1 Enabled - LTR Disabled
[   23.759233] ieee80211 phy0: Selected rate control algorithm 'iwl-agn-rs'
[   23.849736] iwlwifi 0000:03:00.0 wlp3s0: renamed from wlan0
[   24.332939] cfg80211: World regulatory domain updated:
[   24.332946] cfg80211:  DFS Master region: unset
[   24.332948] cfg80211:   (start_freq - end_freq @ bandwidth), (max_antenna_gain, max_eirp), (dfs_cac_time)
[   24.332952] cfg80211:   (2402000 KHz - 2472000 KHz @ 40000 KHz), (N/A, 2000 mBm), (N/A)
[   24.332955] cfg80211:   (2457000 KHz - 2482000 KHz @ 40000 KHz), (N/A, 2000 mBm), (N/A)
[   24.332958] cfg80211:   (2474000 KHz - 2494000 KHz @ 20000 KHz), (N/A, 2000 mBm), (N/A)
[   24.332961] cfg80211:   (5170000 KHz - 5250000 KHz @ 80000 KHz, 160000 KHz AUTO), (N/A, 2000 mBm), (N/A)
[   24.332964] cfg80211:   (5250000 KHz - 5330000 KHz @ 80000 KHz, 160000 KHz AUTO), (N/A, 2000 mBm), (0 s)
[   24.332966] cfg80211:   (5490000 KHz - 5730000 KHz @ 160000 KHz), (N/A, 2000 mBm), (0 s)
[   24.332969] cfg80211:   (5735000 KHz - 5835000 KHz @ 80000 KHz), (N/A, 2000 mBm), (N/A)
[   24.332971] cfg80211:   (57240000 KHz - 63720000 KHz @ 2160000 KHz), (N/A, 0 mBm), (N/A)
[   24.459288] snd_hda_codec_realtek hdaudioC0D0: autoconfig for ALC3202: line_outs=1 (0x14/0x0/0x0/0x0/0x0) type:speaker
[   24.459295] snd_hda_codec_realtek hdaudioC0D0:    speaker_outs=0 (0x0/0x0/0x0/0x0/0x0)
[   24.459299] snd_hda_codec_realtek hdaudioC0D0:    hp_outs=2 (0x15/0x1b/0x0/0x0/0x0)
[   24.459301] snd_hda_codec_realtek hdaudioC0D0:    mono: mono_out=0x0
[   24.459304] snd_hda_codec_realtek hdaudioC0D0:    inputs:
[   24.459307] snd_hda_codec_realtek hdaudioC0D0:      Mic=0x18
[   24.459310] snd_hda_codec_realtek hdaudioC0D0:      Dock Mic=0x19
[   24.459313] snd_hda_codec_realtek hdaudioC0D0:      Internal Mic=0x12
[   24.642811] input: HDA Intel PCH Mic as /devices/pci0000:00/0000:00:1b.0/sound/card0/input10
[   24.643038] input: HDA Intel PCH Dock Mic as /devices/pci0000:00/0000:00:1b.0/sound/card0/input11
[   24.643189] input: HDA Intel PCH Headphone as /devices/pci0000:00/0000:00:1b.0/sound/card0/input12
[   24.643329] input: HDA Intel PCH Dock Headphone as /devices/pci0000:00/0000:00:1b.0/sound/card0/input13
[   24.643476] input: HDA Intel PCH HDMI/DP,pcm=3 as /devices/pci0000:00/0000:00:1b.0/sound/card0/input14
[   24.643640] input: HDA Intel PCH HDMI/DP,pcm=7 as /devices/pci0000:00/0000:00:1b.0/sound/card0/input15
[   24.643819] input: HDA Intel PCH HDMI/DP,pcm=8 as /devices/pci0000:00/0000:00:1b.0/sound/card0/input16
[   24.700314] Adding 16777212k swap on /dev/mapper/rootvg-swap.  Priority:-1 extents:1 across:16777212k FS
[   24.838332] intel_rapl: Found RAPL domain package
[   24.838338] intel_rapl: Found RAPL domain core
[   24.838341] intel_rapl: Found RAPL domain uncore
[   25.175210] audit: type=1400 audit(1445837048.960:75): avc:  denied  { read } for  pid=931 comm="alsactl" name="asound.state" dev="dm-1" ino=4466850 scontext=system_u:system_r:alsa_t:s0-s0:c0.c1023 tcontext=system_u:object_r:boinc_project_var_lib_t:s0 tclass=file permissive=0
[   25.175294] audit: type=1300 audit(1445837048.960:75): arch=c000003e syscall=2 success=no exit=-13 a0=56451120f6ad a1=0 a2=1b6 a3=ac items=0 ppid=813 pid=931 auid=4294967295 uid=0 gid=0 euid=0 suid=0 fsuid=0 egid=0 sgid=0 fsgid=0 tty=(none) ses=4294967295 comm="alsactl" exe="/usr/sbin/alsactl" subj=system_u:system_r:alsa_t:s0-s0:c0.c1023 key=(null)
[   25.175310] audit: type=1327 audit(1445837048.960:75): proctitle=2F7362696E2F616C736163746C002D4500414C53415F434F4E4649475F504154483D2F6574632F616C73612F616C736163746C2E636F6E66002D2D696E697466696C653D2F6C69622F616C73612F696E69742F30306D61696E006E726573746F7265002F6465762F736E642F636F6E74726F6C4330
[   25.627321] cfg80211: Regulatory domain changed to country: JP
[   25.627327] cfg80211:  DFS Master region: JP
[   25.627329] cfg80211:   (start_freq - end_freq @ bandwidth), (max_antenna_gain, max_eirp), (dfs_cac_time)
[   25.627333] cfg80211:   (2402000 KHz - 2482000 KHz @ 40000 KHz), (N/A, 2000 mBm), (N/A)
[   25.627336] cfg80211:   (2474000 KHz - 2494000 KHz @ 20000 KHz), (N/A, 2000 mBm), (N/A)
[   25.627339] cfg80211:   (4910000 KHz - 4990000 KHz @ 40000 KHz), (N/A, 2300 mBm), (N/A)
[   25.627341] cfg80211:   (5030000 KHz - 5090000 KHz @ 40000 KHz), (N/A, 2300 mBm), (N/A)
[   25.627344] cfg80211:   (5170000 KHz - 5250000 KHz @ 80000 KHz, 160000 KHz AUTO), (N/A, 2000 mBm), (N/A)
[   25.627347] cfg80211:   (5250000 KHz - 5330000 KHz @ 80000 KHz, 160000 KHz AUTO), (N/A, 2000 mBm), (0 s)
[   25.627350] cfg80211:   (5490000 KHz - 5710000 KHz @ 160000 KHz), (N/A, 2300 mBm), (0 s)
[   26.686315] media: Linux media interface: v0.10
[   26.721276] Linux video capture interface: v2.00
[   26.914934] uvcvideo: Found UVC 1.00 device Integrated Camera (5986:02d5)
[   26.917518] input: Integrated Camera as /devices/pci0000:00/0000:00:1a.0/usb3/3-1/3-1.6/3-1.6:1.0/input/input17
[   26.917678] usbcore: registered new interface driver uvcvideo
[   26.917681] USB Video Class driver (1.1.1)
[   26.987026] Bluetooth: Core ver 2.20
[   26.987060] NET: Registered protocol family 31
[   26.987062] Bluetooth: HCI device and connection manager initialized
[   26.987068] Bluetooth: HCI socket layer initialized
[   26.987081] Bluetooth: L2CAP socket layer initialized
[   26.987096] Bluetooth: SCO socket layer initialized
[   27.070318] usbcore: registered new interface driver btusb
[   27.075875] Bluetooth: hci0: BCM: chip id 63
[   27.076756] Bluetooth: hci0: BCM20702A1 (001.002.014) build 0000
[   27.080261] audit: type=1130 audit(1445837050.948:76): pid=1 uid=0 auid=4294967295 ses=4294967295 subj=system_u:system_r:init_t:s0 msg='unit=lvm2-pvscan@253:0 comm="systemd" exe="/usr/lib/systemd/systemd" hostname=? addr=? terminal=? res=success'
[   27.089468] bluetooth hci0: Direct firmware load for brcm/BCM20702A1-0a5c-21e6.hcd failed with error -2
[   27.089473] Bluetooth: hci0: BCM: Patch brcm/BCM20702A1-0a5c-21e6.hcd not found
[   27.371397] audit: type=1130 audit(1445837051.239:77): pid=1 uid=0 auid=4294967295 ses=4294967295 subj=system_u:system_r:init_t:s0 msg='unit=systemd-journal-flush comm="systemd" exe="/usr/lib/systemd/systemd" hostname=? addr=? terminal=? res=success'
[   27.453468] systemd[1]: Received SIGRTMIN+20 from PID 410 (plymouthd).
[   27.562965] audit: type=1130 audit(1445837051.430:78): pid=1 uid=0 auid=4294967295 ses=4294967295 subj=system_u:system_r:init_t:s0 msg='unit=systemd-fsck@dev-disk-by\x2duuid-6b69cb0c\x2dce38\x2d413c\x2d8932\x2da072b92507a0 comm="systemd" exe="/usr/lib/systemd/systemd" hostname=? addr=? terminal=? res=success'
[   27.757034] EXT4-fs (sda1): mounted filesystem with ordered data mode. Opts: (null)
[   27.962026] audit: type=1130 audit(1445837051.829:79): pid=1 uid=0 auid=4294967295 ses=4294967295 subj=system_u:system_r:init_t:s0 msg='unit=systemd-fsck@dev-disk-by\x2duuid-07451343\x2d14b6\x2d414d\x2d8bdc\x2d755adc923eeb comm="systemd" exe="/usr/lib/systemd/systemd" hostname=? addr=? terminal=? res=success'
[   28.018601] EXT4-fs (dm-3): mounted filesystem with ordered data mode. Opts: (null)
[   28.064534] audit: type=1130 audit(1445837051.931:80): pid=1 uid=0 auid=4294967295 ses=4294967295 subj=system_u:system_r:init_t:s0 msg='unit=nfs-config comm="systemd" exe="/usr/lib/systemd/systemd" hostname=? addr=? terminal=? res=success'
[   28.162352] audit: type=1130 audit(1445837052.029:81): pid=1 uid=0 auid=4294967295 ses=4294967295 subj=system_u:system_r:init_t:s0 msg='unit=dracut-shutdown comm="systemd" exe="/usr/lib/systemd/systemd" hostname=? addr=? terminal=? res=success'
[   30.538675] hdaps: supported laptop not found!
[   30.538682] hdaps: driver init failed (ret=-19)!
[   30.747351] applesmc: supported laptop not found!
[   30.747356] applesmc: driver init failed (ret=-19)!
[   32.797245] acer_wmi: Acer Laptop ACPI-WMI Extras
[   32.797259] acer_wmi: No or unsupported WMI interface, unable to load
[   32.962581] tun: Universal TUN/TAP device driver, 1.6
[   32.962587] tun: (C) 1999-2004 Max Krasnyansky <maxk@qualcomm.com>
[   44.415569] nf_conntrack version 0.5.0 (65536 buckets, 262144 max)
[   46.608215] ip6_tables: (C) 2000-2006 Netfilter Core Team
[   52.709307] Ebtables v2.0 registered
[   52.738250] bridge: automatic filtering via arp/ip/ip6tables has been deprecated. Update your scripts to load br_netfilter if you need this.
[   56.692034] IPv6: ADDRCONF(NETDEV_UP): wlp3s0: link is not ready
[   56.692246] iwlwifi 0000:03:00.0: L1 Enabled - LTR Disabled
[   56.698879] iwlwifi 0000:03:00.0: Radio type=0x1-0x2-0x0
[   56.966386] iwlwifi 0000:03:00.0: L1 Enabled - LTR Disabled
[   56.973014] iwlwifi 0000:03:00.0: Radio type=0x1-0x2-0x0
[   57.049961] IPv6: ADDRCONF(NETDEV_UP): wlp3s0: link is not ready
[   57.053335] IPv6: ADDRCONF(NETDEV_UP): em1: link is not ready
[   57.286774] IPv6: ADDRCONF(NETDEV_UP): em1: link is not ready
[   57.964379] IPv6: ADDRCONF(NETDEV_UP): wlp3s0: link is not ready
[   65.017068] NFSD: starting 90-second grace period (net ffffffff81cef900)
[  128.681158] fuse init (API version 7.23)
[  129.889870] wlp3s0: authenticate with 74:a2:e6:ab:b5:ef
[  129.894838] wlp3s0: send auth to 74:a2:e6:ab:b5:ef (try 1/3)
[  129.959187] wlp3s0: authenticated
[  129.959892] wlp3s0: associate with 74:a2:e6:ab:b5:ef (try 1/3)
[  129.963516] wlp3s0: RX AssocResp from 74:a2:e6:ab:b5:ef (capab=0x11 status=0 aid=64)
[  129.981844] wlp3s0: associated
[  129.981880] IPv6: ADDRCONF(NETDEV_CHANGE): wlp3s0: link becomes ready
[  129.988312] cfg80211: Regulatory domain changed to country: JP
[  129.988316] cfg80211:  DFS Master region: JP
[  129.988317] cfg80211:   (start_freq - end_freq @ bandwidth), (max_antenna_gain, max_eirp), (dfs_cac_time)
[  129.988320] cfg80211:   (2402000 KHz - 2482000 KHz @ 40000 KHz), (N/A, 2000 mBm), (N/A)
[  129.988322] cfg80211:   (2474000 KHz - 2494000 KHz @ 20000 KHz), (N/A, 2000 mBm), (N/A)
[  129.988324] cfg80211:   (4910000 KHz - 4990000 KHz @ 40000 KHz), (N/A, 2300 mBm), (N/A)
[  129.988326] cfg80211:   (5030000 KHz - 5090000 KHz @ 40000 KHz), (N/A, 2300 mBm), (N/A)
[  129.988328] cfg80211:   (5170000 KHz - 5250000 KHz @ 80000 KHz, 160000 KHz AUTO), (N/A, 2000 mBm), (N/A)
[  129.988330] cfg80211:   (5250000 KHz - 5330000 KHz @ 80000 KHz, 160000 KHz AUTO), (N/A, 2000 mBm), (0 s)
[  129.988332] cfg80211:   (5490000 KHz - 5710000 KHz @ 160000 KHz), (N/A, 2300 mBm), (0 s)
[  130.053085] wlp3s0: Limiting TX power to 20 (20 - 0) dBm as advertised by 74:a2:e6:ab:b5:ef
[  150.692910] Adjusting tsc more than 11% (5419038 vs 7178873)
[ 1224.480002] perf interrupt took too long (2503 > 2500), lowering kernel.perf_event_max_sample_rate to 50000
[ 4955.544149] kvm: zapping shadow pages for mmio generation wraparound
[ 4963.431898] kvm [18557]: vcpu0 unhandled rdmsr: 0x570
[ 4964.058576] kvm [18557]: vcpu0 unhandled rdmsr: 0x606
[ 5005.502853] kvm [18557]: vcpu0 unhandled rdmsr: 0x611
[ 5005.502862] kvm [18557]: vcpu0 unhandled rdmsr: 0x639
[ 5005.502867] kvm [18557]: vcpu0 unhandled rdmsr: 0x641
[ 5005.502870] kvm [18557]: vcpu0 unhandled rdmsr: 0x619
[ 5276.798156] kvm [18557]: vcpu0 unhandled rdmsr: 0x570
[ 5277.482797] kvm [18557]: vcpu0 unhandled rdmsr: 0x606
[ 5282.944477] kvm [18557]: vcpu0 unhandled rdmsr: 0x611
[ 5282.944493] kvm [18557]: vcpu0 unhandled rdmsr: 0x639
[ 5282.944497] kvm [18557]: vcpu0 unhandled rdmsr: 0x641
[ 5282.944501] kvm [18557]: vcpu0 unhandled rdmsr: 0x619
[17172.629070] kvm [18557]: vcpu0 unhandled rdmsr: 0x570
[17173.172809] kvm [18557]: vcpu0 unhandled rdmsr: 0x606
[17177.702007] kvm [18557]: vcpu0 unhandled rdmsr: 0x611
[17177.702016] kvm [18557]: vcpu0 unhandled rdmsr: 0x639
[17177.702021] kvm [18557]: vcpu0 unhandled rdmsr: 0x641
[17177.702025] kvm [18557]: vcpu0 unhandled rdmsr: 0x619
[18279.396366] kvm [18557]: vcpu0 unhandled rdmsr: 0x570
[18279.987917] kvm [18557]: vcpu0 unhandled rdmsr: 0x606
[18284.758717] kvm [18557]: vcpu0 unhandled rdmsr: 0x611
[18284.758762] kvm [18557]: vcpu0 unhandled rdmsr: 0x639
[18284.758769] kvm [18557]: vcpu0 unhandled rdmsr: 0x641
[18284.758773] kvm [18557]: vcpu0 unhandled rdmsr: 0x619
[18529.305391] kvm [18557]: vcpu0 unhandled rdmsr: 0x570
[18529.894177] kvm [18557]: vcpu0 unhandled rdmsr: 0x606
[18535.045945] kvm [18557]: vcpu0 unhandled rdmsr: 0x611
[18535.045957] kvm [18557]: vcpu0 unhandled rdmsr: 0x639
[18535.045961] kvm [18557]: vcpu0 unhandled rdmsr: 0x641
[18535.045966] kvm [18557]: vcpu0 unhandled rdmsr: 0x619
[19358.470047] kvm: zapping shadow pages for mmio generation wraparound
[19364.692981] kvm [28159]: vcpu0 unhandled rdmsr: 0x570
[19365.361945] kvm [28159]: vcpu0 unhandled rdmsr: 0x606
[19370.665897] kvm [28159]: vcpu0 unhandled rdmsr: 0x611
[19370.665906] kvm [28159]: vcpu0 unhandled rdmsr: 0x639
[19370.665910] kvm [28159]: vcpu0 unhandled rdmsr: 0x641
[19370.665913] kvm [28159]: vcpu0 unhandled rdmsr: 0x619
[20151.619422] systemd[1]: Configuration file /etc/systemd/system/wst-schedule.service is marked executable. Please remove executable permission bits. Proceeding anyway.
[20151.636428] systemd[1]: Configuration file /usr/lib/systemd/system/ibm-wclient-autostart.service is marked executable. Please remove executable permission bits. Proceeding anyway.
[20152.474964] systemd[1]: Configuration file /usr/lib/systemd/system/ibm-wclient-autostart.service is marked executable. Please remove executable permission bits. Proceeding anyway.
[20152.486968] systemd[1]: Configuration file /usr/lib/systemd/system/ibm-wclient-autostart.service is marked executable. Please remove executable permission bits. Proceeding anyway.
[20153.029316] systemd[1]: Configuration file /etc/systemd/system/wst-schedule.service is marked executable. Please remove executable permission bits. Proceeding anyway.
[20153.041327] systemd[1]: Configuration file /etc/systemd/system/wst-schedule.service is marked executable. Please remove executable permission bits. Proceeding anyway.
[20153.788308] systemd[1]: Configuration file /usr/lib/systemd/system/ibm-wclient-autostart.service is marked executable. Please remove executable permission bits. Proceeding anyway.
[20153.799807] systemd[1]: Configuration file /usr/lib/systemd/system/ibm-wclient-autostart.service is marked executable. Please remove executable permission bits. Proceeding anyway.
[20154.361165] systemd[1]: Configuration file /etc/systemd/system/wst-schedule.service is marked executable. Please remove executable permission bits. Proceeding anyway.
[20154.372172] systemd[1]: Configuration file /etc/systemd/system/wst-schedule.service is marked executable. Please remove executable permission bits. Proceeding anyway.
[20154.656347] systemd[1]: Configuration file /etc/systemd/system/wst-schedule.service is marked executable. Please remove executable permission bits. Proceeding anyway.
[20154.673359] systemd[1]: Configuration file /usr/lib/systemd/system/ibm-wclient-autostart.service is marked executable. Please remove executable permission bits. Proceeding anyway.
[20253.576586] device virbr0-nic entered promiscuous mode
[20254.791190] virbr0: port 1(virbr0-nic) entered listening state
[20254.791215] virbr0: port 1(virbr0-nic) entered listening state
[20255.100039] virbr0: port 1(virbr0-nic) entered disabled state
[20591.293308] device vnet0 entered promiscuous mode
[20591.312945] virbr0: port 2(vnet0) entered listening state
[20591.312963] virbr0: port 2(vnet0) entered listening state
[20592.934399] kvm: zapping shadow pages for mmio generation wraparound
[20593.318198] virbr0: port 2(vnet0) entered learning state
[20595.323470] virbr0: topology change detected, propagating
[20595.323478] virbr0: port 2(vnet0) entered forwarding state
[20599.848888] kvm [32445]: vcpu0 unhandled rdmsr: 0x570
[20600.893818] kvm [32445]: vcpu0 unhandled rdmsr: 0x606
[20615.120683] kvm [32445]: vcpu0 unhandled rdmsr: 0x611
[20615.120693] kvm [32445]: vcpu0 unhandled rdmsr: 0x639
[20615.120696] kvm [32445]: vcpu0 unhandled rdmsr: 0x641
[20615.120700] kvm [32445]: vcpu0 unhandled rdmsr: 0x619
[21811.710923] virbr0: port 2(vnet0) entered disabled state
[21811.720153] device vnet0 left promiscuous mode
[21811.720178] virbr0: port 2(vnet0) entered disabled state
[22557.769243] device vnet0 entered promiscuous mode
[22557.781303] virbr0: port 2(vnet0) entered listening state
[22557.781316] virbr0: port 2(vnet0) entered listening state
[22558.942009] kvm: zapping shadow pages for mmio generation wraparound
[22559.788260] virbr0: port 2(vnet0) entered learning state
[22561.793531] virbr0: topology change detected, propagating
[22561.793540] virbr0: port 2(vnet0) entered forwarding state
[22569.577017] kvm [7149]: vcpu0 unhandled rdmsr: 0x570
[22570.702590] kvm [7149]: vcpu0 unhandled rdmsr: 0x606
[22578.429187] kvm [7149]: vcpu0 unhandled rdmsr: 0x611
[22578.429196] kvm [7149]: vcpu0 unhandled rdmsr: 0x639
[22578.429200] kvm [7149]: vcpu0 unhandled rdmsr: 0x641
[22578.429203] kvm [7149]: vcpu0 unhandled rdmsr: 0x619
[24069.797294] show_signal_msg: 42 callbacks suppressed
[24069.797299] wcgrid_cep2_qch[29126]: segfault at 5ce6aa10 ip 000000000b496073 sp 00000000fffbb920 error 6 in wcgrid_cep2_qchemB_prod_linux.x86.7.00[8048000+6297000]
[24118.505336] virbr0: port 2(vnet0) entered disabled state
[24118.510385] device vnet0 left promiscuous mode
[24118.510406] virbr0: port 2(vnet0) entered disabled state
[25550.737392] kvm: zapping shadow pages for mmio generation wraparound
[25557.391606] kvm [16938]: vcpu0 unhandled rdmsr: 0x570
[25558.008089] kvm [16938]: vcpu0 unhandled rdmsr: 0x606
[25572.413076] kvm [16938]: vcpu0 unhandled rdmsr: 0x611
[25572.413084] kvm [16938]: vcpu0 unhandled rdmsr: 0x639
[25572.413087] kvm [16938]: vcpu0 unhandled rdmsr: 0x641
[25572.413090] kvm [16938]: vcpu0 unhandled rdmsr: 0x619
[26203.595911] wlp3s0: Limiting TX power to 20 (20 - 0) dBm as advertised by 74:a2:e6:ab:b5:ef
[27546.917606] kvm: zapping shadow pages for mmio generation wraparound
[29192.791057] wlp3s0: deauthenticating from 74:a2:e6:ab:b5:ef by local choice (Reason: 3=DEAUTH_LEAVING)
[29193.053314] cfg80211: World regulatory domain updated:
[29193.053317] cfg80211:  DFS Master region: unset
[29193.053319] cfg80211:   (start_freq - end_freq @ bandwidth), (max_antenna_gain, max_eirp), (dfs_cac_time)
[29193.053322] cfg80211:   (2402000 KHz - 2472000 KHz @ 40000 KHz), (N/A, 2000 mBm), (N/A)
[29193.053324] cfg80211:   (2457000 KHz - 2482000 KHz @ 40000 KHz), (N/A, 2000 mBm), (N/A)
[29193.053326] cfg80211:   (2474000 KHz - 2494000 KHz @ 20000 KHz), (N/A, 2000 mBm), (N/A)
[29193.053328] cfg80211:   (5170000 KHz - 5250000 KHz @ 80000 KHz, 160000 KHz AUTO), (N/A, 2000 mBm), (N/A)
[29193.053331] cfg80211:   (5250000 KHz - 5330000 KHz @ 80000 KHz, 160000 KHz AUTO), (N/A, 2000 mBm), (0 s)
[29193.053333] cfg80211:   (5490000 KHz - 5730000 KHz @ 160000 KHz), (N/A, 2000 mBm), (0 s)
[29193.053335] cfg80211:   (5735000 KHz - 5835000 KHz @ 80000 KHz), (N/A, 2000 mBm), (N/A)
[29193.053337] cfg80211:   (57240000 KHz - 63720000 KHz @ 2160000 KHz), (N/A, 0 mBm), (N/A)
[29193.057763] cfg80211: Regulatory domain changed to country: JP
[29193.057766] cfg80211:  DFS Master region: JP
[29193.057767] cfg80211:   (start_freq - end_freq @ bandwidth), (max_antenna_gain, max_eirp), (dfs_cac_time)
[29193.057770] cfg80211:   (2402000 KHz - 2482000 KHz @ 40000 KHz), (N/A, 2000 mBm), (N/A)
[29193.057772] cfg80211:   (2474000 KHz - 2494000 KHz @ 20000 KHz), (N/A, 2000 mBm), (N/A)
[29193.057774] cfg80211:   (4910000 KHz - 4990000 KHz @ 40000 KHz), (N/A, 2300 mBm), (N/A)
[29193.057776] cfg80211:   (5030000 KHz - 5090000 KHz @ 40000 KHz), (N/A, 2300 mBm), (N/A)
[29193.057803] cfg80211:   (5170000 KHz - 5250000 KHz @ 80000 KHz, 160000 KHz AUTO), (N/A, 2000 mBm), (N/A)
[29193.057805] cfg80211:   (5250000 KHz - 5330000 KHz @ 80000 KHz, 160000 KHz AUTO), (N/A, 2000 mBm), (0 s)
[29193.057806] cfg80211:   (5490000 KHz - 5710000 KHz @ 160000 KHz), (N/A, 2300 mBm), (0 s)
[29193.166636] device virbr0-nic left promiscuous mode
[29193.166681] virbr0: port 1(virbr0-nic) entered disabled state
[29193.439614] PM: Hibernation mode set to 'platform'
[29193.656568] PM: Syncing filesystems ... done.
[29194.955912] Freezing user space processes ... (elapsed 0.002 seconds) done.
[29194.958461] PM: Marking nosave pages: [mem 0x00000000-0x00000fff]
[29194.958463] PM: Marking nosave pages: [mem 0x0009d000-0x000fffff]
[29194.958466] PM: Marking nosave pages: [mem 0x20000000-0x201fffff]
[29194.958472] PM: Marking nosave pages: [mem 0x40004000-0x40004fff]
[29194.958474] PM: Marking nosave pages: [mem 0xcee0c000-0xffffffff]
[29194.958843] PM: Basic memory bitmaps created
[29194.958905] PM: Preallocating image memory... done (allocated 1606130 pages)
[29199.370426] PM: Allocated 6424520 kbytes in 4.40 seconds (1460.11 MB/s)
[29199.370428] Freezing remaining freezable tasks ... (elapsed 0.001 seconds) done.
[29199.372597] Suspending console(s) (use no_console_suspend to debug)
[29199.810831] PM: freeze of devices complete after 437.930 msecs
[29199.822219] PM: late freeze of devices complete after 11.374 msecs
[29199.827909] PM: noirq freeze of devices complete after 5.682 msecs
[29199.828239] ACPI: Preparing to enter system sleep state S4
[29199.869114] ACPI : EC: EC stopped
[29199.869114] PM: Saving platform NVS memory
[29199.869783] Disabling non-boot CPUs ...
[29199.870063] Broke affinity for irq 29
[29199.871363] smpboot: CPU 1 is now offline
[29199.872197] Broke affinity for irq 26
[29199.872205] Broke affinity for irq 29
[29199.873254] smpboot: CPU 2 is now offline
[29199.874451] Broke affinity for irq 16
[29199.874455] Broke affinity for irq 18
[29199.874462] Broke affinity for irq 26
[29199.874465] Broke affinity for irq 27
[29199.874469] Broke affinity for irq 29
[29199.875528] smpboot: CPU 3 is now offline
[29199.876586] PM: Creating hibernation image:
[29200.349324] PM: Need to copy 1582915 pages
[29200.349328] PM: Normal pages needed: 1582915 + 1024, available pages: 2533700
[29199.877283] PM: Restoring platform NVS memory
[29199.877416] ACPI : EC: EC started
[29199.877812] Enabling non-boot CPUs ...
[29199.877859] x86: Booting SMP configuration:
[29199.877860] smpboot: Booting Node 0 Processor 1 APIC 0x1
[29199.905386]  cache: parent cpu1 should not be sleeping
[29199.905471] CPU1 is up
[29199.905498] smpboot: Booting Node 0 Processor 2 APIC 0x2
[29199.932408]  cache: parent cpu2 should not be sleeping
[29199.932497] CPU2 is up
[29199.932517] smpboot: Booting Node 0 Processor 3 APIC 0x3
[29199.959423]  cache: parent cpu3 should not be sleeping
[29199.959516] CPU3 is up
[29199.962263] ACPI: Waking up from system sleep state S4
[29200.007535] thinkpad_acpi: EC reports that Thermal Table has changed
[29200.059467] sdhci-pci 0000:02:00.0: MMC controller base frequency changed to 50Mhz.
[29200.070478] PM: noirq restore of devices complete after 14.035 msecs
[29200.070843] PM: early restore of devices complete after 0.349 msecs
[29200.256023] usb usb1: root hub lost power or was reset
[29200.256025] usb usb2: root hub lost power or was reset
[29200.256397] usb usb3: root hub lost power or was reset
[29200.256714] usb usb4: root hub lost power or was reset
[29200.260305] ehci-pci 0000:00:1a.0: cache line size of 64 is not supported
[29200.260367] iwlwifi 0000:03:00.0: RF_KILL bit toggled to enable radio.
[29200.260468] sd 0:0:0:0: [sda] Starting disk
[29200.260496] rtc_cmos 00:02: System wakeup disabled by ACPI
[29200.260606] ehci-pci 0000:00:1d.0: cache line size of 64 is not supported
[29200.289662] tpm_tis 00:05: TPM is disabled/deactivated (0x6)
[29200.563794] ata1: SATA link up 6.0 Gbps (SStatus 133 SControl 300)
[29200.564818] usb 4-1: reset high-speed USB device number 2 using ehci-pci
[29200.565028] ata1.00: ACPI cmd ef/02:00:00:00:00:a0 (SET FEATURES) succeeded
[29200.565031] ata1.00: ACPI cmd f5/00:00:00:00:00:a0 (SECURITY FREEZE LOCK) filtered out
[29200.565034] ata1.00: ACPI cmd ef/10:03:00:00:00:a0 (SET FEATURES) filtered out
[29200.565783] ata5: SATA link down (SStatus 0 SControl 300)
[29200.567529] ata1.00: ACPI cmd ef/02:00:00:00:00:a0 (SET FEATURES) succeeded
[29200.567533] ata1.00: ACPI cmd f5/00:00:00:00:00:a0 (SECURITY FREEZE LOCK) filtered out
[29200.567550] ata1.00: ACPI cmd ef/10:03:00:00:00:a0 (SET FEATURES) filtered out
[29200.567786] ata2: SATA link up 1.5 Gbps (SStatus 113 SControl 300)
[29200.568679] ata1.00: configured for UDMA/133
[29200.570236] ata2.00: ACPI cmd e3/00:1f:00:00:00:a0 (IDLE) succeeded
[29200.570904] ata2.00: ACPI cmd e3/00:02:00:00:00:a0 (IDLE) succeeded
[29200.570907] ata2.00: ACPI cmd ef/10:03:00:00:00:a0 (SET FEATURES) filtered out
[29200.574810] usb 3-1: reset high-speed USB device number 2 using ehci-pci
[29200.575641] ata2.00: ACPI cmd e3/00:1f:00:00:00:a0 (IDLE) succeeded
[29200.576314] ata2.00: ACPI cmd e3/00:02:00:00:00:a0 (IDLE) succeeded
[29200.576318] ata2.00: ACPI cmd ef/10:03:00:00:00:a0 (SET FEATURES) filtered out
[29200.578082] ata2.00: configured for UDMA/100
[29200.915136] psmouse serio1: synaptics: queried max coordinates: x [..5470], y [..4498]
[29200.968083] usb 3-1.1: reset full-speed USB device number 3 using ehci-pci
[29201.296267] usb 3-1.2: reset low-speed USB device number 4 using ehci-pci
[29201.623515] usb 3-1.4: reset full-speed USB device number 5 using ehci-pci
[29201.771622] usb 3-1.6: reset high-speed USB device number 6 using ehci-pci
[29201.854661] PM: restore of devices complete after 1597.711 msecs
[29201.856072] PM: Image restored successfully.
[29201.856172] PM: Basic memory bitmaps freed
[29201.856179] Restarting tasks ... done.
[29201.871913] Bluetooth: hci0: BCM: chip id 63
[29201.872781] Bluetooth: hci0: BCM20702A1 (001.002.014) build 0000
[29202.713708] e1000e: em1 NIC Link is Down
[29203.063314] IPv6: ADDRCONF(NETDEV_UP): wlp3s0: link is not ready
[29203.190805] iwlwifi 0000:03:00.0: L1 Enabled - LTR Disabled
[29203.197359] iwlwifi 0000:03:00.0: Radio type=0x1-0x2-0x0
[29203.462990] iwlwifi 0000:03:00.0: L1 Enabled - LTR Disabled
[29203.469542] iwlwifi 0000:03:00.0: Radio type=0x1-0x2-0x0
[29203.543429] IPv6: ADDRCONF(NETDEV_UP): wlp3s0: link is not ready
[29203.544980] IPv6: ADDRCONF(NETDEV_UP): em1: link is not ready
[29203.775009] IPv6: ADDRCONF(NETDEV_UP): em1: link is not ready
[29204.995310] bluetooth hci0: Direct firmware load for brcm/BCM20702A1-0a5c-21e6.hcd failed with error -2
[29204.995317] Bluetooth: hci0: BCM: Patch brcm/BCM20702A1-0a5c-21e6.hcd not found
[29207.020869] systemd[1]: Unit bluetooth.target is not needed anymore. Stopping.
[29212.326357] IPv6: ADDRCONF(NETDEV_UP): virbr0-nic: link is not ready
[29212.326446] IPv6: ADDRCONF(NETDEV_UP): virbr0-nic: link is not ready
[29215.184079] IPv6: ADDRCONF(NETDEV_UP): wlp3s0: link is not ready
[29217.684896] IPv6: ADDRCONF(NETDEV_UP): wlp3s0: link is not ready
[29218.622283] EXT4-fs error (device dm-1): __ext4_new_inode:1023: comm smbd: failed to insert inode 4460239: doubly allocated?
[29230.284810] wlp3s0: authenticate with 74:a2:e6:ab:b5:ef
[29230.287340] wlp3s0: send auth to 74:a2:e6:ab:b5:ef (try 1/3)
[29230.310852] wlp3s0: authenticated
[29232.160318] wlp3s0: associate with 74:a2:e6:ab:b5:ef (try 1/3)
[29232.174934] wlp3s0: RX AssocResp from 74:a2:e6:ab:b5:ef (capab=0x11 status=0 aid=10)
[29232.193301] wlp3s0: associated
[29232.193342] IPv6: ADDRCONF(NETDEV_CHANGE): wlp3s0: link becomes ready
[29232.252650] EXT4-fs error (device dm-1): ext4_mb_generate_buddy:758: group 229, block bitmap and bg descriptor inconsistent: 22687 vs 24778 free clusters
[29232.252673] JBD2: Spotted dirty metadata buffer (dev = dm-1, blocknr = 0). There's a risk of filesystem corruption in case of system crash.
[29232.295123] wlp3s0: Limiting TX power to 20 (20 - 0) dBm as advertised by 74:a2:e6:ab:b5:ef
[29233.095763] cfg80211: Regulatory domain changed to country: JP
[29233.095768] cfg80211:  DFS Master region: JP
[29233.095769] cfg80211:   (start_freq - end_freq @ bandwidth), (max_antenna_gain, max_eirp), (dfs_cac_time)
[29233.095772] cfg80211:   (2402000 KHz - 2482000 KHz @ 40000 KHz), (N/A, 2000 mBm), (N/A)
[29233.095774] cfg80211:   (2474000 KHz - 2494000 KHz @ 20000 KHz), (N/A, 2000 mBm), (N/A)
[29233.095776] cfg80211:   (4910000 KHz - 4990000 KHz @ 40000 KHz), (N/A, 2300 mBm), (N/A)
[29233.095778] cfg80211:   (5030000 KHz - 5090000 KHz @ 40000 KHz), (N/A, 2300 mBm), (N/A)
[29233.095780] cfg80211:   (5170000 KHz - 5250000 KHz @ 80000 KHz, 160000 KHz AUTO), (N/A, 2000 mBm), (N/A)
[29233.095783] cfg80211:   (5250000 KHz - 5330000 KHz @ 80000 KHz, 160000 KHz AUTO), (N/A, 2000 mBm), (0 s)
[29233.095785] cfg80211:   (5490000 KHz - 5710000 KHz @ 160000 KHz), (N/A, 2300 mBm), (0 s)
[29268.891592] EXT4-fs error (device dm-1): __ext4_new_inode:1023: comm Chrome_CacheThr: failed to insert inode 1579720: doubly allocated?
[29344.703407] EXT4-fs error (device dm-1): ext4_mb_generate_buddy:758: group 209, block bitmap and bg descriptor inconsistent: 1 vs 0 free clusters
[29344.703427] JBD2: Spotted dirty metadata buffer (dev = dm-1, blocknr = 0). There's a risk of filesystem corruption in case of system crash.
[29357.071995] EXT4-fs error (device dm-1): ext4_mb_generate_buddy:758: group 301, block bitmap and bg descriptor inconsistent: 19596 vs 21910 free clusters
[29357.072016] JBD2: Spotted dirty metadata buffer (dev = dm-1, blocknr = 0). There's a risk of filesystem corruption in case of system crash.
[29378.532937] EXT4-fs error (device dm-1): ext4_mb_generate_buddy:758: group 302, block bitmap and bg descriptor inconsistent: 29119 vs 29069 free clusters
[29378.534049] JBD2: Spotted dirty metadata buffer (dev = dm-1, blocknr = 0). There's a risk of filesystem corruption in case of system crash.
[29652.919812] EXT4-fs error (device dm-1): ext4_free_inode:339: comm soffice.bin: bit already cleared for inode 1842809
[29846.530690] wlp3s0: Limiting TX power to 20 (20 - 0) dBm as advertised by 74:a2:e6:ab:b5:ef
[29909.488358] EXT4-fs error (device dm-1): mb_free_blocks:1454: group 219, block 7200429:freeing already freed block (bit 24237); block bitmap corrupt.
[29909.488386] EXT4-fs error (device dm-1): ext4_mb_generate_buddy:758: group 219, block bitmap and bg descriptor inconsistent: 29042 vs 29043 free clusters
[30048.976309] wlp3s0: Limiting TX power to 20 (20 - 0) dBm as advertised by 74:a2:e6:ab:b5:ef
[30078.972128] wlp3s0: Limiting TX power to 20 (20 - 0) dBm as advertised by 74:a2:e6:ab:b5:ef
[30082.107563] wlp3s0: Limiting TX power to 20 (20 - 0) dBm as advertised by 74:a2:e6:ab:b5:ef
[30299.677107] kvm: zapping shadow pages for mmio generation wraparound
[32453.178609] EXT4-fs error (device dm-1): ext4_lookup:1584: inode #1704133: comm StreamT~ns #105: deleted inode referenced: 1713318
[32458.197566] EXT4-fs error (device dm-1): ext4_lookup:1584: inode #1704133: comm StreamT~ns #105: deleted inode referenced: 1713318
[32944.979345] EXT4-fs error (device dm-1): ext4_lookup:1584: inode #1704133: comm StreamT~ns #105: deleted inode referenced: 1713318
[32949.990048] EXT4-fs error (device dm-1): ext4_lookup:1584: inode #1704133: comm StreamT~ns #105: deleted inode referenced: 1713318
[32955.016030] EXT4-fs error (device dm-1): ext4_lookup:1584: inode #1704133: comm StreamT~ns #105: deleted inode referenced: 1713318
[32960.188234] ------------[ cut here ]------------
[32960.188244] WARNING: CPU: 0 PID: 2413 at fs/inode.c:275 drop_nlink+0x46/0x50()
[32960.188245] Modules linked in: vhost_net vhost macvtap macvlan xt_CHECKSUM ipt_MASQUERADE nf_nat_masquerade_ipv4 rpcsec_gss_krb5 ccm fuse ip6t_rpfilter ip6t_REJECT nf_reject_ipv6 xt_conntrack ebtable_nat ebtable_broute bridge ebtable_filter ebtables ip6table_nat nf_conntrack_ipv6 nf_defrag_ipv6 nf_nat_ipv6 ip6table_mangle ip6table_security ip6table_raw ip6table_filter ip6_tables iptable_nat nf_conntrack_ipv4 nf_defrag_ipv4 nf_nat_ipv4 nf_nat nf_conntrack iptable_mangle iptable_security iptable_raw tun toshiba_acpi sparse_keymap toshiba_haps hp_accel lis3lv02d input_polldev btusb btrtl btbcm btintel bluetooth uvcvideo videobuf2_vmalloc videobuf2_core videobuf2_memops v4l2_common videodev media intel_rapl iosf_mbi x86_pkg_temp_thermal snd_hda_codec_hdmi coretemp snd_hda_codec_realtek snd_hda_codec_generic
