[    0.000000] microcode: CPU0 microcode updated early to revision 0x1b, date = 2014-05-29
[    0.000000] Initializing cgroup subsys cpuset
[    0.000000] Initializing cgroup subsys cpu
[    0.000000] Initializing cgroup subsys cpuacct
[    0.000000] Linux version 4.3.3-300.fc23.x86_64 (mockbuild@bkernel01.phx2.fedoraproject.org) (gcc version 5.3.1 20151207 (Red Hat 5.3.1-2) (GCC) ) #1 SMP Tue Jan 5 23:31:01 UTC 2016
[    0.000000] Command line: BOOT_IMAGE=/vmlinuz-4.3.3-300.fc23.x86_64 root=/dev/mapper/luks-e259d50f-c2c4-48f5-9d6d-98bb4fe5a799 ro rd.md=0 rd.lvm=0 rd.dm=0 rd.luks.uuid=luks-e259d50f-c2c4-48f5-9d6d-98bb4fe5a799 rd.luks.uuid=luks-6be537c0-4f4b-4197-b762-814e56b40760 vconsole.keymap=de rhgb quiet LANG=en_US.UTF-8
[    0.000000] x86/fpu: xstate_offset[2]: 0240, xstate_sizes[2]: 0100
[    0.000000] x86/fpu: Supporting XSAVE feature 0x01: 'x87 floating point registers'
[    0.000000] x86/fpu: Supporting XSAVE feature 0x02: 'SSE registers'
[    0.000000] x86/fpu: Supporting XSAVE feature 0x04: 'AVX registers'
[    0.000000] x86/fpu: Enabled xstate features 0x7, context size is 0x340 bytes, using 'standard' format.
[    0.000000] x86/fpu: Using 'eager' FPU context switches.
[    0.000000] e820: BIOS-provided physical RAM map:
[    0.000000] BIOS-e820: [mem 0x0000000000000000-0x000000000009d7ff] usable
[    0.000000] BIOS-e820: [mem 0x000000000009d800-0x000000000009ffff] reserved
[    0.000000] BIOS-e820: [mem 0x00000000000e0000-0x00000000000fffff] reserved
[    0.000000] BIOS-e820: [mem 0x0000000000100000-0x000000001fffffff] usable
[    0.000000] BIOS-e820: [mem 0x0000000020000000-0x00000000201fffff] reserved
[    0.000000] BIOS-e820: [mem 0x0000000020200000-0x0000000040003fff] usable
[    0.000000] BIOS-e820: [mem 0x0000000040004000-0x0000000040004fff] reserved
[    0.000000] BIOS-e820: [mem 0x0000000040005000-0x00000000cec30fff] usable
[    0.000000] BIOS-e820: [mem 0x00000000cec31000-0x00000000dae9efff] reserved
[    0.000000] BIOS-e820: [mem 0x00000000dae9f000-0x00000000daf9efff] ACPI NVS
[    0.000000] BIOS-e820: [mem 0x00000000daf9f000-0x00000000daffefff] ACPI data
[    0.000000] BIOS-e820: [mem 0x00000000dafff000-0x00000000df9fffff] reserved
[    0.000000] BIOS-e820: [mem 0x00000000f8000000-0x00000000fbffffff] reserved
[    0.000000] BIOS-e820: [mem 0x00000000fec00000-0x00000000fec00fff] reserved
[    0.000000] BIOS-e820: [mem 0x00000000fed08000-0x00000000fed08fff] reserved
[    0.000000] BIOS-e820: [mem 0x00000000fed10000-0x00000000fed19fff] reserved
[    0.000000] BIOS-e820: [mem 0x00000000fed1c000-0x00000000fed1ffff] reserved
[    0.000000] BIOS-e820: [mem 0x00000000fee00000-0x00000000fee00fff] reserved
[    0.000000] BIOS-e820: [mem 0x00000000ffc00000-0x00000000ffffffff] reserved
[    0.000000] BIOS-e820: [mem 0x0000000100000000-0x000000021e5fffff] usable
[    0.000000] BIOS-e820: [mem 0x000000021e600000-0x000000021e7fffff] reserved
[    0.000000] NX (Execute Disable) protection: active
[    0.000000] SMBIOS 2.7 present.
[    0.000000] DMI: LENOVO 2325CN3/2325CN3, BIOS G2ET91WW (2.51 ) 01/14/2013
[    0.000000] e820: update [mem 0x00000000-0x00000fff] usable ==> reserved
[    0.000000] e820: remove [mem 0x000a0000-0x000fffff] usable
[    0.000000] e820: last_pfn = 0x21e600 max_arch_pfn = 0x400000000
[    0.000000] MTRR default type: uncachable
[    0.000000] MTRR fixed ranges enabled:
[    0.000000]   00000-9FFFF write-back
[    0.000000]   A0000-BFFFF uncachable
[    0.000000]   C0000-FFFFF write-protect
[    0.000000] MTRR variable ranges enabled:
[    0.000000]   0 base 0FFC00000 mask FFFC00000 write-protect
[    0.000000]   1 base 000000000 mask F80000000 write-back
[    0.000000]   2 base 080000000 mask FC0000000 write-back
[    0.000000]   3 base 0C0000000 mask FE0000000 write-back
[    0.000000]   4 base 0DC000000 mask FFC000000 uncachable
[    0.000000]   5 base 0DB000000 mask FFF000000 uncachable
[    0.000000]   6 base 100000000 mask F00000000 write-back
[    0.000000]   7 base 200000000 mask FE0000000 write-back
[    0.000000]   8 base 21F000000 mask FFF000000 uncachable
[    0.000000]   9 base 21E800000 mask FFF800000 uncachable
[    0.000000] x86/PAT: Configuration [0-7]: WB  WC  UC- UC  WB  WC  UC- WT  
[    0.000000] e820: last_pfn = 0xcec31 max_arch_pfn = 0x400000000
[    0.000000] found SMP MP-table at [mem 0x000f0100-0x000f010f] mapped at [ffff8800000f0100]
[    0.000000] Base memory trampoline at [ffff880000097000] 97000 size 24576
[    0.000000] init_memory_mapping: [mem 0x00000000-0x000fffff]
[    0.000000]  [mem 0x00000000-0x000fffff] page 4k
[    0.000000] BRK [0x0204b000, 0x0204bfff] PGTABLE
[    0.000000] BRK [0x0204c000, 0x0204cfff] PGTABLE
[    0.000000] BRK [0x0204d000, 0x0204dfff] PGTABLE
[    0.000000] init_memory_mapping: [mem 0x21e400000-0x21e5fffff]
[    0.000000]  [mem 0x21e400000-0x21e5fffff] page 2M
[    0.000000] BRK [0x0204e000, 0x0204efff] PGTABLE
[    0.000000] init_memory_mapping: [mem 0x200000000-0x21e3fffff]
[    0.000000]  [mem 0x200000000-0x21e3fffff] page 2M
[    0.000000] init_memory_mapping: [mem 0x1e0000000-0x1ffffffff]
[    0.000000]  [mem 0x1e0000000-0x1ffffffff] page 2M
[    0.000000] BRK [0x0204f000, 0x0204ffff] PGTABLE
[    0.000000] init_memory_mapping: [mem 0x00100000-0x1fffffff]
[    0.000000]  [mem 0x00100000-0x001fffff] page 4k
[    0.000000]  [mem 0x00200000-0x1fffffff] page 2M
[    0.000000] init_memory_mapping: [mem 0x20200000-0x40003fff]
[    0.000000]  [mem 0x20200000-0x3fffffff] page 2M
[    0.000000]  [mem 0x40000000-0x40003fff] page 4k
[    0.000000] BRK [0x02050000, 0x02050fff] PGTABLE
[    0.000000] init_memory_mapping: [mem 0x40005000-0xcec30fff]
[    0.000000]  [mem 0x40005000-0x401fffff] page 4k
[    0.000000]  [mem 0x40200000-0xcebfffff] page 2M
[    0.000000]  [mem 0xcec00000-0xcec30fff] page 4k
[    0.000000] init_memory_mapping: [mem 0x100000000-0x1dfffffff]
[    0.000000]  [mem 0x100000000-0x1dfffffff] page 2M
[    0.000000] RAMDISK: [mem 0x35db2000-0x36ed0fff]
[    0.000000] ACPI: Early table checksum verification disabled
[    0.000000] ACPI: RSDP 0x00000000000F0120 000024 (v02 LENOVO)
[    0.000000] ACPI: XSDT 0x00000000DAFFE170 0000BC (v01 LENOVO TP-G2    00002510 PTL  00000002)
[    0.000000] ACPI: FACP 0x00000000DAFE7000 00010C (v05 LENOVO TP-G2    00002510 PTL  00000002)
[    0.000000] ACPI: DSDT 0x00000000DAFE9000 010E11 (v01 LENOVO TP-G2    00002510 INTL 20061109)
[    0.000000] ACPI: FACS 0x00000000DAF5A000 000040
[    0.000000] ACPI: TCPA 0x00000000DAFFD000 000032 (v02 PTL    LENOVO   06040000 LNVO 00000001)
[    0.000000] ACPI: SSDT 0x00000000DAFFC000 000408 (v01 LENOVO TP-SSDT2 00000200 INTL 20061109)
[    0.000000] ACPI: SSDT 0x00000000DAFFB000 000033 (v01 LENOVO TP-SSDT1 00000100 INTL 20061109)
[    0.000000] ACPI: SSDT 0x00000000DAFFA000 0007A8 (v01 LENOVO SataAhci 00001000 INTL 20061109)
[    0.000000] ACPI: HPET 0x00000000DAFE5000 000038 (v01 LENOVO TP-G2    00002510 PTL  00000002)
[    0.000000] ACPI: APIC 0x00000000DAFE4000 000098 (v01 LENOVO TP-G2    00002510 PTL  00000002)
[    0.000000] ACPI: MCFG 0x00000000DAFE3000 00003C (v01 LENOVO TP-G2    00002510 PTL  00000002)
[    0.000000] ACPI: ECDT 0x00000000DAFE2000 000052 (v01 LENOVO TP-G2    00002510 PTL  00000002)
[    0.000000] ACPI: FPDT 0x00000000DAFE1000 000064 (v01 LENOVO TP-G2    00002510 PTL  00000002)
[    0.000000] ACPI: ASF! 0x00000000DAFE8000 0000A5 (v32 LENOVO TP-G2    00002510 PTL  00000002)
[    0.000000] ACPI: UEFI 0x00000000DAFE0000 00003E (v01 LENOVO TP-G2    00002510 PTL  00000002)
[    0.000000] ACPI: UEFI 0x00000000DAFDF000 000042 (v01 PTL    COMBUF   00000001 PTL  00000001)
[    0.000000] ACPI: POAT 0x00000000DAFDE000 000055 (v03 LENOVO TP-G2    00002510 PTL  00000002)
[    0.000000] ACPI: SSDT 0x00000000DAFDD000 000C79 (v01 PmRef  Cpu0Ist  00003000 INTL 20061109)
[    0.000000] ACPI: SSDT 0x00000000DAFDC000 000A83 (v01 PmRef  CpuPm    00003000 INTL 20061109)
[    0.000000] ACPI: DMAR 0x00000000DAFDB000 0000B8 (v01 INTEL  SNB      00000001 INTL 00000001)
[    0.000000] ACPI: UEFI 0x00000000DAFDA000 0002A6 (v01 LENOVO TP-G2    00002510 PTL  00000002)
[    0.000000] ACPI: DBG2 0x00000000DAFD9000 0000E9 (v00 LENOVO TP-G2    00002510 PTL  00000002)
[    0.000000] ACPI: Local APIC address 0xfee00000
[    0.000000] No NUMA configuration found
[    0.000000] Faking a node at [mem 0x0000000000000000-0x000000021e5fffff]
[    0.000000] NODE_DATA(0) allocated [mem 0x21e5e5000-0x21e5f8fff]
[    0.000000]  [ffffea0000000000-ffffea00087fffff] PMD -> [ffff880216000000-ffff88021dbfffff] on node 0
[    0.000000] Zone ranges:
[    0.000000]   DMA      [mem 0x0000000000001000-0x0000000000ffffff]
[    0.000000]   DMA32    [mem 0x0000000001000000-0x00000000ffffffff]
[    0.000000]   Normal   [mem 0x0000000100000000-0x000000021e5fffff]
[    0.000000] Movable zone start for each node
[    0.000000] Early memory node ranges
[    0.000000]   node   0: [mem 0x0000000000001000-0x000000000009cfff]
[    0.000000]   node   0: [mem 0x0000000000100000-0x000000001fffffff]
[    0.000000]   node   0: [mem 0x0000000020200000-0x0000000040003fff]
[    0.000000]   node   0: [mem 0x0000000040005000-0x00000000cec30fff]
[    0.000000]   node   0: [mem 0x0000000100000000-0x000000021e5fffff]
[    0.000000] Initmem setup node 0 [mem 0x0000000000001000-0x000000021e5fffff]
[    0.000000] On node 0 totalpages: 2019276
[    0.000000]   DMA zone: 64 pages used for memmap
[    0.000000]   DMA zone: 21 pages reserved
[    0.000000]   DMA zone: 3996 pages, LIFO batch:0
[    0.000000]   DMA32 zone: 13161 pages used for memmap
[    0.000000]   DMA32 zone: 842288 pages, LIFO batch:31
[    0.000000]   Normal zone: 18328 pages used for memmap
[    0.000000]   Normal zone: 1172992 pages, LIFO batch:31
[    0.000000] Reserving Intel graphics stolen memory at 0xdba00000-0xdf9fffff
[    0.000000] ACPI: PM-Timer IO Port: 0x408
[    0.000000] ACPI: Local APIC address 0xfee00000
[    0.000000] ACPI: LAPIC_NMI (acpi_id[0x00] high edge lint[0x1])
[    0.000000] ACPI: LAPIC_NMI (acpi_id[0x01] high edge lint[0x1])
[    0.000000] IOAPIC[0]: apic_id 2, version 32, address 0xfec00000, GSI 0-23
[    0.000000] ACPI: INT_SRC_OVR (bus 0 bus_irq 0 global_irq 2 dfl dfl)
[    0.000000] ACPI: INT_SRC_OVR (bus 0 bus_irq 9 global_irq 9 high level)
[    0.000000] ACPI: IRQ0 used by override.
[    0.000000] ACPI: IRQ9 used by override.
[    0.000000] Using ACPI (MADT) for SMP configuration information
[    0.000000] ACPI: HPET id: 0x8086a301 base: 0xfed00000
[    0.000000] smpboot: Allowing 8 CPUs, 4 hotplug CPUs
[    0.000000] PM: Registered nosave memory: [mem 0x00000000-0x00000fff]
[    0.000000] PM: Registered nosave memory: [mem 0x0009d000-0x0009dfff]
[    0.000000] PM: Registered nosave memory: [mem 0x0009e000-0x0009ffff]
[    0.000000] PM: Registered nosave memory: [mem 0x000a0000-0x000dffff]
[    0.000000] PM: Registered nosave memory: [mem 0x000e0000-0x000fffff]
[    0.000000] PM: Registered nosave memory: [mem 0x20000000-0x201fffff]
[    0.000000] PM: Registered nosave memory: [mem 0x40004000-0x40004fff]
[    0.000000] PM: Registered nosave memory: [mem 0xcec31000-0xdae9efff]
[    0.000000] PM: Registered nosave memory: [mem 0xdae9f000-0xdaf9efff]
[    0.000000] PM: Registered nosave memory: [mem 0xdaf9f000-0xdaffefff]
[    0.000000] PM: Registered nosave memory: [mem 0xdafff000-0xdf9fffff]
[    0.000000] PM: Registered nosave memory: [mem 0xdfa00000-0xf7ffffff]
[    0.000000] PM: Registered nosave memory: [mem 0xf8000000-0xfbffffff]
[    0.000000] PM: Registered nosave memory: [mem 0xfc000000-0xfebfffff]
[    0.000000] PM: Registered nosave memory: [mem 0xfec00000-0xfec00fff]
[    0.000000] PM: Registered nosave memory: [mem 0xfec01000-0xfed07fff]
[    0.000000] PM: Registered nosave memory: [mem 0xfed08000-0xfed08fff]
[    0.000000] PM: Registered nosave memory: [mem 0xfed09000-0xfed0ffff]
[    0.000000] PM: Registered nosave memory: [mem 0xfed10000-0xfed19fff]
[    0.000000] PM: Registered nosave memory: [mem 0xfed1a000-0xfed1bfff]
[    0.000000] PM: Registered nosave memory: [mem 0xfed1c000-0xfed1ffff]
[    0.000000] PM: Registered nosave memory: [mem 0xfed20000-0xfedfffff]
[    0.000000] PM: Registered nosave memory: [mem 0xfee00000-0xfee00fff]
[    0.000000] PM: Registered nosave memory: [mem 0xfee01000-0xffbfffff]
[    0.000000] PM: Registered nosave memory: [mem 0xffc00000-0xffffffff]
[    0.000000] e820: [mem 0xdfa00000-0xf7ffffff] available for PCI devices
[    0.000000] Booting paravirtualized kernel on bare hardware
[    0.000000] clocksource: refined-jiffies: mask: 0xffffffff max_cycles: 0xffffffff, max_idle_ns: 1910969940391419 ns
[    0.000000] setup_percpu: NR_CPUS:1024 nr_cpumask_bits:8 nr_cpu_ids:8 nr_node_ids:1
[    0.000000] PERCPU: Embedded 34 pages/cpu @ffff88021e200000 s98328 r8192 d32744 u262144
[    0.000000] pcpu-alloc: s98328 r8192 d32744 u262144 alloc=1*2097152
[    0.000000] pcpu-alloc: [0] 0 1 2 3 4 5 6 7 
[    0.000000] Built 1 zonelists in Node order, mobility grouping on.  Total pages: 1987702
[    0.000000] Policy zone: Normal
[    0.000000] Kernel command line: BOOT_IMAGE=/vmlinuz-4.3.3-300.fc23.x86_64 root=/dev/mapper/luks-e259d50f-c2c4-48f5-9d6d-98bb4fe5a799 ro rd.md=0 rd.lvm=0 rd.dm=0 rd.luks.uuid=luks-e259d50f-c2c4-48f5-9d6d-98bb4fe5a799 rd.luks.uuid=luks-6be537c0-4f4b-4197-b762-814e56b40760 vconsole.keymap=de rhgb quiet LANG=en_US.UTF-8
[    0.000000] PID hash table entries: 4096 (order: 3, 32768 bytes)
[    0.000000] Memory: 7848304K/8077104K available (7705K kernel code, 1283K rwdata, 3376K rodata, 1520K init, 1552K bss, 228800K reserved, 0K cma-reserved)
[    0.000000] SLUB: HWalign=64, Order=0-3, MinObjects=0, CPUs=8, Nodes=1
[    0.000000] Hierarchical RCU implementation.
[    0.000000] 	Build-time adjustment of leaf fanout to 64.
[    0.000000] 	RCU restricting CPUs from NR_CPUS=1024 to nr_cpu_ids=8.
[    0.000000] RCU: Adjusting geometry for rcu_fanout_leaf=64, nr_cpu_ids=8
[    0.000000] NR_IRQS:65792 nr_irqs:488 16
[    0.000000] 	Offload RCU callbacks from all CPUs
[    0.000000] 	Offload RCU callbacks from CPUs: 0-7.
[    0.000000] Console: colour dummy device 80x25
[    0.000000] console [tty0] enabled
[    0.000000] clocksource: hpet: mask: 0xffffffff max_cycles: 0xffffffff, max_idle_ns: 133484882848 ns
[    0.000000] hpet clockevent registered
[    0.000000] tsc: Fast TSC calibration using PIT
[    0.000000] tsc: Detected 2594.000 MHz processor
[    0.000066] Calibrating delay loop (skipped), value calculated using timer frequency.. 5188.00 BogoMIPS (lpj=2594000)
[    0.000071] pid_max: default: 32768 minimum: 301
[    0.000082] ACPI: Core revision 20150818
[    0.024198] ACPI: 6 ACPI AML tables successfully acquired and loaded
[    0.024239] Security Framework initialized
[    0.024242] Yama: becoming mindful.
[    0.024248] SELinux:  Initializing.
[    0.024262] SELinux:  Starting in permissive mode
[    0.025432] Dentry cache hash table entries: 1048576 (order: 11, 8388608 bytes)
[    0.029634] Inode-cache hash table entries: 524288 (order: 10, 4194304 bytes)
[    0.031485] Mount-cache hash table entries: 16384 (order: 5, 131072 bytes)
[    0.031507] Mountpoint-cache hash table entries: 16384 (order: 5, 131072 bytes)
[    0.031901] Initializing cgroup subsys io
[    0.031909] Initializing cgroup subsys memory
[    0.031921] Initializing cgroup subsys devices
[    0.031925] Initializing cgroup subsys freezer
[    0.031929] Initializing cgroup subsys net_cls
[    0.031932] Initializing cgroup subsys perf_event
[    0.031936] Initializing cgroup subsys net_prio
[    0.031940] Initializing cgroup subsys hugetlb
[    0.031945] Initializing cgroup subsys pids
[    0.031985] CPU: Physical Processor ID: 0
[    0.031987] CPU: Processor Core ID: 0
[    0.031995] ENERGY_PERF_BIAS: Set to 'normal', was 'performance'
[    0.031997] ENERGY_PERF_BIAS: View and update with x86_energy_perf_policy(8)
[    0.032736] mce: CPU supports 7 MCE banks
[    0.032756] CPU0: Thermal monitoring enabled (TM1)
[    0.032768] process: using mwait in idle threads
[    0.032774] Last level iTLB entries: 4KB 512, 2MB 8, 4MB 8
[    0.032776] Last level dTLB entries: 4KB 512, 2MB 32, 4MB 32, 1GB 0
[    0.033591] Freeing SMP alternatives memory: 28K (ffffffff81ebe000 - ffffffff81ec5000)
[    0.036756] ftrace: allocating 29064 entries in 114 pages
[    0.062956] DMAR: Host address width 36
[    0.062962] DMAR: DRHD base: 0x000000fed90000 flags: 0x0
[    0.062971] DMAR: dmar0: reg_base_addr fed90000 ver 1:0 cap c0000020e60262 ecap f0101a
[    0.062974] DMAR: DRHD base: 0x000000fed91000 flags: 0x1
[    0.062981] DMAR: dmar1: reg_base_addr fed91000 ver 1:0 cap c9008020660262 ecap f0105a
[    0.062983] DMAR: RMRR base: 0x000000da2ba000 end: 0x000000da2d0fff
[    0.062986] DMAR: RMRR base: 0x000000db800000 end: 0x000000df9fffff
[    0.062990] DMAR-IR: IOAPIC id 2 under DRHD base  0xfed91000 IOMMU 1
[    0.062992] DMAR-IR: HPET id 0 under DRHD base 0xfed91000
[    0.062994] DMAR-IR: Queued invalidation will be enabled to support x2apic and Intr-remapping.
[    0.063508] DMAR-IR: Enabled IRQ remapping in x2apic mode
[    0.063512] x2apic enabled
[    0.063521] Switched APIC routing to cluster x2apic.
[    0.064036] ..TIMER: vector=0x30 apic1=0 pin1=2 apic2=-1 pin2=-1
[    0.074057] TSC deadline timer enabled
[    0.074065] smpboot: CPU0: Intel(R) Core(TM) i5-3320M CPU @ 2.60GHz (family: 0x6, model: 0x3a, stepping: 0x9)
[    0.074109] Performance Events: PEBS fmt1+, 16-deep LBR, IvyBridge events, full-width counters, Intel PMU driver.
[    0.074148] ... version:                3
[    0.074150] ... bit width:              48
[    0.074151] ... generic registers:      4
[    0.074153] ... value mask:             0000ffffffffffff
[    0.074155] ... max period:             0000ffffffffffff
[    0.074156] ... fixed-purpose events:   3
[    0.074158] ... event mask:             000000070000000f
[    0.075547] x86: Booting SMP configuration:
[    0.075550] .... node  #0, CPUs:      #1
[    0.089885] NMI watchdog: enabled on all CPUs, permanently consumes one hw-PMU counter.
[    0.090076]  #2
[    0.101829] microcode: CPU2 microcode updated early to revision 0x1b, date = 2014-05-29
[    0.104889]  #3
[    0.118808] x86: Booted up 1 node, 4 CPUs
[    0.118813] smpboot: Total of 4 processors activated (20752.00 BogoMIPS)
[    0.124809] devtmpfs: initialized
[    0.130207] PM: Registering ACPI NVS region [mem 0xdae9f000-0xdaf9efff] (1048576 bytes)
[    0.130388] clocksource: jiffies: mask: 0xffffffff max_cycles: 0xffffffff, max_idle_ns: 1911260446275000 ns
[    0.130557] atomic64_test: passed for x86-64 platform with CX8 and with SSE
[    0.130563] pinctrl core: initialized pinctrl subsystem
[    0.130630] RTC time: 10:18:22, date: 01/20/16
[    0.130837] NET: Registered protocol family 16
[    0.133498] cpuidle: using governor menu
[    0.133726] ACPI FADT declares the system doesn't support PCIe ASPM, so disable it
[    0.133729] ACPI: bus type PCI registered
[    0.133731] acpiphp: ACPI Hot Plug PCI Controller Driver version: 0.5
[    0.134024] PCI: MMCONFIG for domain 0000 [bus 00-3f] at [mem 0xf8000000-0xfbffffff] (base 0xf8000000)
[    0.134028] PCI: MMCONFIG at [mem 0xf8000000-0xfbffffff] reserved in E820
[    0.134039] PCI: Using configuration type 1 for base access
[    0.134572] perf_event_intel: PMU erratum BJ122, BV98, HSD29 worked around, HT is on
[    0.139078] ACPI: Added _OSI(Module Device)
[    0.139082] ACPI: Added _OSI(Processor Device)
[    0.139084] ACPI: Added _OSI(3.0 _SCP Extensions)
[    0.139087] ACPI: Added _OSI(Processor Aggregator Device)
[    0.141775] ACPI : EC: EC description table is found, configuring boot EC
[    0.141794] ACPI : EC: EC started
[    0.149620] [Firmware Bug]: ACPI: BIOS _OSI(Linux) query ignored
[    0.153693] ACPI: Dynamic OEM Table Load:
[    0.153716] ACPI: SSDT 0xFFFF880214BEE000 000A01 (v01 PmRef  Cpu0Cst  00003001 INTL 20061109)
[    0.154772] ACPI: Dynamic OEM Table Load:
[    0.154787] ACPI: SSDT 0xFFFF8802144C3400 000303 (v01 PmRef  ApIst    00003000 INTL 20061109)
[    0.155712] ACPI: Dynamic OEM Table Load:
[    0.155725] ACPI: SSDT 0xFFFF8802144BB000 000119 (v01 PmRef  ApCst    00003000 INTL 20061109)
[    0.157455] ACPI: Interpreter enabled
[    0.157467] ACPI Exception: AE_NOT_FOUND, While evaluating Sleep State [\_S1_] (20150818/hwxface-580)
[    0.157475] ACPI Exception: AE_NOT_FOUND, While evaluating Sleep State [\_S2_] (20150818/hwxface-580)
[    0.157498] ACPI: (supports S0 S3 S4 S5)
[    0.157501] ACPI: Using IOAPIC for interrupt routing
[    0.157541] PCI: Using host bridge windows from ACPI; if necessary, use "pci=nocrs" and report a bug
[    0.162193] ACPI: Power Resource [PUBS] (on)
[    0.162905] acpi PNP0C0A:01: ACPI dock station (docks/bays count: 1)
[    0.164770] acpi LNXIOBAY:00: ACPI dock station (docks/bays count: 2)
[    0.168229] acpi IBM0079:00: ACPI dock station (docks/bays count: 3)
[    0.169018] ACPI: PCI Interrupt Link [LNKA] (IRQs 3 4 5 6 7 9 10 *11)
[    0.169165] ACPI: PCI Interrupt Link [LNKB] (IRQs 3 4 5 6 *7 9 10 11)
[    0.169306] ACPI: PCI Interrupt Link [LNKC] (IRQs 3 4 5 6 7 9 10 *11)
[    0.169445] ACPI: PCI Interrupt Link [LNKD] (IRQs 3 4 5 6 7 9 *10 11)
[    0.169580] ACPI: PCI Interrupt Link [LNKE] (IRQs 3 4 5 6 7 9 10 *11)
[    0.169729] ACPI: PCI Interrupt Link [LNKF] (IRQs 3 4 5 6 *7 9 10 11)
[    0.169869] ACPI: PCI Interrupt Link [LNKG] (IRQs 3 4 5 6 7 9 *10 11)
[    0.170008] ACPI: PCI Interrupt Link [LNKH] (IRQs 3 4 5 6 7 9 *10 11)
[    0.170165] ACPI: PCI Root Bridge [PCI0] (domain 0000 [bus 00-3f])
[    0.170173] acpi PNP0A08:00: _OSC: OS supports [ExtendedConfig ASPM ClockPM Segments MSI]
[    0.170374] acpi PNP0A08:00: _OSC: platform does not support [PCIeCapability]
[    0.170463] acpi PNP0A08:00: _OSC: not requesting control; platform does not support [PCIeCapability]
[    0.170467] acpi PNP0A08:00: _OSC: OS requested [PCIeHotplug PME AER PCIeCapability]
[    0.170471] acpi PNP0A08:00: _OSC: platform willing to grant [PCIeHotplug PME AER]
[    0.170474] acpi PNP0A08:00: _OSC failed (AE_SUPPORT); disabling ASPM
[    0.170772] PCI host bridge to bus 0000:00
[    0.170777] pci_bus 0000:00: root bus resource [bus 00-3f]
[    0.170782] pci_bus 0000:00: root bus resource [io  0x0000-0x0cf7 window]
[    0.170785] pci_bus 0000:00: root bus resource [io  0x0d00-0xffff window]
[    0.170788] pci_bus 0000:00: root bus resource [mem 0x000a0000-0x000bffff window]
[    0.170792] pci_bus 0000:00: root bus resource [mem 0xdfa00000-0xfebfffff window]
[    0.170795] pci_bus 0000:00: root bus resource [mem 0xfed40000-0xfed4bfff window]
[    0.170808] pci 0000:00:00.0: [8086:0154] type 00 class 0x060000
[    0.170952] pci 0000:00:02.0: [8086:0166] type 00 class 0x030000
[    0.170976] pci 0000:00:02.0: reg 0x10: [mem 0xf0000000-0xf03fffff 64bit]
[    0.170987] pci 0000:00:02.0: reg 0x18: [mem 0xe0000000-0xefffffff 64bit pref]
[    0.170995] pci 0000:00:02.0: reg 0x20: [io  0x5000-0x503f]
[    0.171163] pci 0000:00:14.0: [8086:1e31] type 00 class 0x0c0330
[    0.171225] pci 0000:00:14.0: reg 0x10: [mem 0xf2520000-0xf252ffff 64bit]
[    0.171334] pci 0000:00:14.0: PME# supported from D3hot D3cold
[    0.171388] pci 0000:00:14.0: System wakeup disabled by ACPI
[    0.171464] pci 0000:00:16.0: [8086:1e3a] type 00 class 0x078000
[    0.171524] pci 0000:00:16.0: reg 0x10: [mem 0xf2535000-0xf253500f 64bit]
[    0.171634] pci 0000:00:16.0: PME# supported from D0 D3hot D3cold
[    0.171757] pci 0000:00:16.3: [8086:1e3d] type 00 class 0x070002
[    0.171805] pci 0000:00:16.3: reg 0x10: [io  0x50b0-0x50b7]
[    0.171821] pci 0000:00:16.3: reg 0x14: [mem 0xf253c000-0xf253cfff]
[    0.172018] pci 0000:00:19.0: [8086:1502] type 00 class 0x020000
[    0.172067] pci 0000:00:19.0: reg 0x10: [mem 0xf2500000-0xf251ffff]
[    0.172083] pci 0000:00:19.0: reg 0x14: [mem 0xf253b000-0xf253bfff]
[    0.172099] pci 0000:00:19.0: reg 0x18: [io  0x5080-0x509f]
[    0.172189] pci 0000:00:19.0: PME# supported from D0 D3hot D3cold
[    0.172243] pci 0000:00:19.0: System wakeup disabled by ACPI
[    0.172318] pci 0000:00:1a.0: [8086:1e2d] type 00 class 0x0c0320
[    0.172370] pci 0000:00:1a.0: reg 0x10: [mem 0xf253a000-0xf253a3ff]
[    0.172496] pci 0000:00:1a.0: PME# supported from D0 D3hot D3cold
[    0.172550] pci 0000:00:1a.0: System wakeup disabled by ACPI
[    0.172626] pci 0000:00:1b.0: [8086:1e20] type 00 class 0x040300
[    0.172678] pci 0000:00:1b.0: reg 0x10: [mem 0xf2530000-0xf2533fff 64bit]
[    0.172795] pci 0000:00:1b.0: PME# supported from D0 D3hot D3cold
[    0.172864] pci 0000:00:1b.0: System wakeup disabled by ACPI
[    0.172944] pci 0000:00:1c.0: [8086:1e10] type 01 class 0x060400
[    0.173087] pci 0000:00:1c.0: PME# supported from D0 D3hot D3cold
[    0.173216] pci 0000:00:1c.1: [8086:1e12] type 01 class 0x060400
[    0.173354] pci 0000:00:1c.1: PME# supported from D0 D3hot D3cold
[    0.173478] pci 0000:00:1c.2: [8086:1e14] type 01 class 0x060400
[    0.173614] pci 0000:00:1c.2: PME# supported from D0 D3hot D3cold
[    0.173672] pci 0000:00:1c.2: System wakeup disabled by ACPI
[    0.173762] pci 0000:00:1d.0: [8086:1e26] type 00 class 0x0c0320
[    0.173816] pci 0000:00:1d.0: reg 0x10: [mem 0xf2539000-0xf25393ff]
[    0.173948] pci 0000:00:1d.0: PME# supported from D0 D3hot D3cold
[    0.174004] pci 0000:00:1d.0: System wakeup disabled by ACPI
[    0.174074] pci 0000:00:1f.0: [8086:1e55] type 00 class 0x060100
[    0.174337] pci 0000:00:1f.2: [8086:1e03] type 00 class 0x010601
[    0.174394] pci 0000:00:1f.2: reg 0x10: [io  0x50a8-0x50af]
[    0.174411] pci 0000:00:1f.2: reg 0x14: [io  0x50bc-0x50bf]
[    0.174428] pci 0000:00:1f.2: reg 0x18: [io  0x50a0-0x50a7]
[    0.174446] pci 0000:00:1f.2: reg 0x1c: [io  0x50b8-0x50bb]
[    0.174463] pci 0000:00:1f.2: reg 0x20: [io  0x5060-0x507f]
[    0.174480] pci 0000:00:1f.2: reg 0x24: [mem 0xf2538000-0xf25387ff]
[    0.174542] pci 0000:00:1f.2: PME# supported from D3hot
[    0.174654] pci 0000:00:1f.3: [8086:1e22] type 00 class 0x0c0500
[    0.174691] pci 0000:00:1f.3: reg 0x10: [mem 0xf2534000-0xf25340ff 64bit]
[    0.174746] pci 0000:00:1f.3: reg 0x20: [io  0xefa0-0xefbf]
[    0.175156] pci 0000:02:00.0: [1180:e823] type 00 class 0x088001
[    0.175209] pci 0000:02:00.0: MMC controller base frequency changed to 50Mhz.
[    0.175239] pci 0000:02:00.0: reg 0x10: [mem 0xf1d00000-0xf1d000ff]
[    0.175477] pci 0000:02:00.0: supports D1 D2
[    0.175480] pci 0000:02:00.0: PME# supported from D0 D1 D2 D3hot D3cold
[    0.177897] pci 0000:00:1c.0: PCI bridge to [bus 02]
[    0.177906] pci 0000:00:1c.0:   bridge window [io  0x4000-0x4fff]
[    0.177913] pci 0000:00:1c.0:   bridge window [mem 0xf1d00000-0xf24fffff]
[    0.177925] pci 0000:00:1c.0:   bridge window [mem 0xf0400000-0xf0bfffff 64bit pref]
[    0.178273] pci 0000:03:00.0: [8086:0085] type 00 class 0x028000
[    0.178904] pci 0000:03:00.0: reg 0x10: [mem 0xf1c00000-0xf1c01fff 64bit]
[    0.180244] pci 0000:03:00.0: PME# supported from D0 D3hot D3cold
[    0.181990] pci 0000:00:1c.1: PCI bridge to [bus 03]
[    0.182003] pci 0000:00:1c.1:   bridge window [mem 0xf1c00000-0xf1cfffff]
[    0.182144] acpiphp: Slot [1] registered
[    0.182157] pci 0000:00:1c.2: PCI bridge to [bus 04-0b]
[    0.182166] pci 0000:00:1c.2:   bridge window [io  0x3000-0x3fff]
[    0.182173] pci 0000:00:1c.2:   bridge window [mem 0xf1400000-0xf1bfffff]
[    0.182184] pci 0000:00:1c.2:   bridge window [mem 0xf0c00000-0xf13fffff 64bit pref]
[    0.183630] ACPI: Enabled 4 GPEs in block 00 to 3F
[    0.183755] ACPI : EC: GPE = 0x11, I/O: command/status = 0x66, data = 0x62
[    0.183946] vgaarb: setting as boot device: PCI:0000:00:02.0
[    0.183950] vgaarb: device added: PCI:0000:00:02.0,decodes=io+mem,owns=io+mem,locks=none
[    0.183955] vgaarb: loaded
[    0.183957] vgaarb: bridge control possible 0000:00:02.0
[    0.184134] SCSI subsystem initialized
[    0.184215] libata version 3.00 loaded.
[    0.184271] ACPI: bus type USB registered
[    0.184304] usbcore: registered new interface driver usbfs
[    0.184319] usbcore: registered new interface driver hub
[    0.184354] usbcore: registered new device driver usb
[    0.184544] PCI: Using ACPI for IRQ routing
[    0.188314] PCI: pci_cache_line_size set to 64 bytes
[    0.188757] e820: reserve RAM buffer [mem 0x0009d800-0x0009ffff]
[    0.188761] e820: reserve RAM buffer [mem 0x40004000-0x43ffffff]
[    0.188763] e820: reserve RAM buffer [mem 0xcec31000-0xcfffffff]
[    0.188765] e820: reserve RAM buffer [mem 0x21e600000-0x21fffffff]
[    0.188993] NetLabel: Initializing
[    0.188996] NetLabel:  domain hash size = 128
[    0.188997] NetLabel:  protocols = UNLABELED CIPSOv4
[    0.189018] NetLabel:  unlabeled traffic allowed by default
[    0.189174] hpet0: at MMIO 0xfed00000, IRQs 2, 8, 0, 0, 0, 0, 0, 0
[    0.189183] hpet0: 8 comparators, 64-bit 14.318180 MHz counter
[    0.191245] clocksource: Switched to clocksource hpet
[    0.203452] pnp: PnP ACPI init
[    0.204165] system 00:00: [mem 0x00000000-0x0009ffff] could not be reserved
[    0.204171] system 00:00: [mem 0x000c0000-0x000c3fff] could not be reserved
[    0.204174] system 00:00: [mem 0x000c4000-0x000c7fff] could not be reserved
[    0.204178] system 00:00: [mem 0x000c8000-0x000cbfff] has been reserved
[    0.204181] system 00:00: [mem 0x000cc000-0x000cffff] has been reserved
[    0.204184] system 00:00: [mem 0x000d0000-0x000d3fff] has been reserved
[    0.204188] system 00:00: [mem 0x000d4000-0x000d7fff] has been reserved
[    0.204191] system 00:00: [mem 0x000d8000-0x000dbfff] has been reserved
[    0.204194] system 00:00: [mem 0x000dc000-0x000dffff] has been reserved
[    0.204198] system 00:00: [mem 0x000e0000-0x000e3fff] could not be reserved
[    0.204201] system 00:00: [mem 0x000e4000-0x000e7fff] could not be reserved
[    0.204204] system 00:00: [mem 0x000e8000-0x000ebfff] could not be reserved
[    0.204208] system 00:00: [mem 0x000ec000-0x000effff] could not be reserved
[    0.204211] system 00:00: [mem 0x000f0000-0x000fffff] could not be reserved
[    0.204215] system 00:00: [mem 0x00100000-0xdf9fffff] could not be reserved
[    0.204218] system 00:00: [mem 0xfec00000-0xfed3ffff] could not be reserved
[    0.204222] system 00:00: [mem 0xfed4c000-0xffffffff] could not be reserved
[    0.204229] system 00:00: Plug and Play ACPI device, IDs PNP0c01 (active)
[    0.204396] pnp 00:01: [Firmware Bug]: PNP resource [mem 0xfed10000-0xfed13fff] covers only part of 0000:00:00.0 Intel MCH; extending to [mem 0xfed10000-0xfed17fff]
[    0.204436] system 00:01: [io  0x0400-0x047f] could not be reserved
[    0.204440] system 00:01: [io  0x0500-0x057f] has been reserved
[    0.204443] system 00:01: [io  0x0800-0x080f] has been reserved
[    0.204447] system 00:01: [io  0x15e0-0x15ef] has been reserved
[    0.204450] system 00:01: [io  0x1600-0x167f] has been reserved
[    0.204455] system 00:01: [mem 0xf8000000-0xfbffffff] has been reserved
[    0.204458] system 00:01: [mem 0xfffff000-0xffffffff] has been reserved
[    0.204462] system 00:01: [mem 0xfed1c000-0xfed1ffff] has been reserved
[    0.204465] system 00:01: [mem 0xfed10000-0xfed17fff] has been reserved
[    0.204469] system 00:01: [mem 0xfed18000-0xfed18fff] has been reserved
[    0.204472] system 00:01: [mem 0xfed19000-0xfed19fff] has been reserved
[    0.204476] system 00:01: [mem 0xfed45000-0xfed4bfff] has been reserved
[    0.204481] system 00:01: Plug and Play ACPI device, IDs PNP0c02 (active)
[    0.204573] pnp 00:02: Plug and Play ACPI device, IDs PNP0b00 (active)
[    0.204615] pnp 00:03: Plug and Play ACPI device, IDs LEN0071 PNP0303 (active)
[    0.204657] pnp 00:04: Plug and Play ACPI device, IDs LEN0020 PNP0f13 (active)
[    0.204740] pnp 00:05: Plug and Play ACPI device, IDs SMO1200 PNP0c31 (active)
[    0.205495] pnp: PnP ACPI: found 6 devices
[    0.214143] clocksource: acpi_pm: mask: 0xffffff max_cycles: 0xffffff, max_idle_ns: 2085701024 ns
[    0.214210] pci 0000:00:1c.0: PCI bridge to [bus 02]
[    0.214219] pci 0000:00:1c.0:   bridge window [io  0x4000-0x4fff]
[    0.214229] pci 0000:00:1c.0:   bridge window [mem 0xf1d00000-0xf24fffff]
[    0.214237] pci 0000:00:1c.0:   bridge window [mem 0xf0400000-0xf0bfffff 64bit pref]
[    0.214248] pci 0000:00:1c.1: PCI bridge to [bus 03]
[    0.214266] pci 0000:00:1c.1:   bridge window [mem 0xf1c00000-0xf1cfffff]
[    0.214282] pci 0000:00:1c.2: PCI bridge to [bus 04-0b]
[    0.214287] pci 0000:00:1c.2:   bridge window [io  0x3000-0x3fff]
[    0.214296] pci 0000:00:1c.2:   bridge window [mem 0xf1400000-0xf1bfffff]
[    0.214304] pci 0000:00:1c.2:   bridge window [mem 0xf0c00000-0xf13fffff 64bit pref]
[    0.214317] pci_bus 0000:00: resource 4 [io  0x0000-0x0cf7 window]
[    0.214321] pci_bus 0000:00: resource 5 [io  0x0d00-0xffff window]
[    0.214324] pci_bus 0000:00: resource 6 [mem 0x000a0000-0x000bffff window]
[    0.214327] pci_bus 0000:00: resource 7 [mem 0xdfa00000-0xfebfffff window]
[    0.214331] pci_bus 0000:00: resource 8 [mem 0xfed40000-0xfed4bfff window]
[    0.214334] pci_bus 0000:02: resource 0 [io  0x4000-0x4fff]
[    0.214337] pci_bus 0000:02: resource 1 [mem 0xf1d00000-0xf24fffff]
[    0.214340] pci_bus 0000:02: resource 2 [mem 0xf0400000-0xf0bfffff 64bit pref]
[    0.214344] pci_bus 0000:03: resource 1 [mem 0xf1c00000-0xf1cfffff]
[    0.214347] pci_bus 0000:04: resource 0 [io  0x3000-0x3fff]
[    0.214350] pci_bus 0000:04: resource 1 [mem 0xf1400000-0xf1bfffff]
[    0.214353] pci_bus 0000:04: resource 2 [mem 0xf0c00000-0xf13fffff 64bit pref]
[    0.214420] NET: Registered protocol family 2
[    0.214732] TCP established hash table entries: 65536 (order: 7, 524288 bytes)
[    0.215034] TCP bind hash table entries: 65536 (order: 8, 1048576 bytes)
[    0.215223] TCP: Hash tables configured (established 65536 bind 65536)
[    0.215290] UDP hash table entries: 4096 (order: 5, 131072 bytes)
[    0.215345] UDP-Lite hash table entries: 4096 (order: 5, 131072 bytes)
[    0.215466] NET: Registered protocol family 1
[    0.215498] pci 0000:00:02.0: Video device with shadowed ROM
[    0.215834] PCI: CLS 64 bytes, default 64
[    0.215930] Unpacking initramfs...
[    0.763236] Freeing initrd memory: 17532K (ffff880035db2000 - ffff880036ed1000)
[    0.763296] PCI-DMA: Using software bounce buffering for IO (SWIOTLB)
[    0.763301] software IO TLB [mem 0xcac31000-0xcec31000] (64MB) mapped at [ffff8800cac31000-ffff8800cec30fff]
[    0.763498] RAPL PMU detected, API unit is 2^-32 Joules, 3 fixed counters 163840 ms ovfl timer
[    0.763501] hw unit of domain pp0-core 2^-16 Joules
[    0.763503] hw unit of domain package 2^-16 Joules
[    0.763505] hw unit of domain pp1-gpu 2^-16 Joules
[    0.763730] microcode: CPU0 sig=0x306a9, pf=0x10, revision=0x1b
[    0.763746] microcode: CPU1 sig=0x306a9, pf=0x10, revision=0x1b
[    0.763769] microcode: CPU2 sig=0x306a9, pf=0x10, revision=0x1b
[    0.763784] microcode: CPU3 sig=0x306a9, pf=0x10, revision=0x1b
[    0.763883] microcode: Microcode Update Driver: v2.00 <tigran@aivazian.fsnet.co.uk>, Peter Oruba
[    0.765154] futex hash table entries: 2048 (order: 5, 131072 bytes)
[    0.765225] audit: initializing netlink subsys (disabled)
[    0.765250] audit: type=2000 audit(1453285102.742:1): initialized
[    0.765932] Initialise system trusted keyring
[    0.766089] HugeTLB registered 2 MB page size, pre-allocated 0 pages
[    0.768849] zbud: loaded
[    0.769234] VFS: Disk quotas dquot_6.6.0
[    0.769296] VFS: Dquot-cache hash table entries: 512 (order 0, 4096 bytes)
[    0.770058] Key type big_key registered
[    0.770063] SELinux:  Registering netfilter hooks
[    0.778846] NET: Registered protocol family 38
[    0.778864] Key type asymmetric registered
[    0.778869] Asymmetric key parser 'x509' registered
[    0.778916] Block layer SCSI generic (bsg) driver version 0.4 loaded (major 250)
[    0.778983] io scheduler noop registered
[    0.778990] io scheduler deadline registered
[    0.779056] io scheduler cfq registered (default)
[    0.779830] pci_hotplug: PCI Hot Plug PCI Core version: 0.5
[    0.779843] pciehp: PCI Express Hot Plug Controller Driver version: 0.4
[    0.779887] vesafb: mode is 1366x768x32, linelength=5504, pages=0
[    0.779889] vesafb: scrolling: redraw
[    0.779893] vesafb: Truecolor: size=8:8:8:8, shift=24:16:8:0
[    0.779913] vesafb: framebuffer at 0xe0000000, mapped to 0xffffc90001000000, using 4160k, total 4160k
[    0.780118] Console: switching to colour frame buffer device 170x48
[    0.913938] fb0: VESA VGA frame buffer device
[    0.914005] intel_idle: MWAIT substates: 0x21120
[    0.914009] intel_idle: v0.4 model 0x3A
[    0.914011] intel_idle: lapic_timer_reliable_states 0xffffffff
[    0.914526] ACPI: AC Adapter [AC] (off-line)
[    0.914631] input: Lid Switch as /devices/LNXSYSTM:00/LNXSYBUS:00/PNP0C0D:00/input/input0
[    0.914779] ACPI: Lid Switch [LID]
[    0.914849] input: Sleep Button as /devices/LNXSYSTM:00/LNXSYBUS:00/PNP0C0E:00/input/input1
[    0.914854] ACPI: Sleep Button [SLPB]
[    0.914929] input: Power Button as /devices/LNXSYSTM:00/LNXPWRBN:00/input/input2
[    0.914932] ACPI: Power Button [PWRF]
[    0.916952] thermal LNXTHERM:00: registered as thermal_zone0
[    0.916957] ACPI: Thermal Zone [THM0] (31 C)
[    0.917010] GHES: HEST is not enabled!
[    0.917164] Serial: 8250/16550 driver, 32 ports, IRQ sharing enabled
[    0.926261] ACPI: Battery Slot [BAT0] (battery present)
[    0.940777] 0000:00:16.3: ttyS4 at I/O 0x50b0 (irq = 19, base_baud = 115200) is a 16550A
[    0.941383] Non-volatile memory driver v1.3
[    0.941493] Linux agpgart interface v0.103
[    0.942611] ahci 0000:00:1f.2: version 3.0
[    0.942825] ahci 0000:00:1f.2: SSS flag set, parallel bus scan disabled
[    0.953861] ahci 0000:00:1f.2: AHCI 0001.0300 32 slots 6 ports 6 Gbps 0x13 impl SATA mode
[    0.953871] ahci 0000:00:1f.2: flags: 64bit ncq stag pm led clo pio slum part ems sxs apst 
[    0.959148] scsi host0: ahci
[    0.959446] scsi host1: ahci
[    0.959791] scsi host2: ahci
[    0.960056] scsi host3: ahci
[    0.960298] scsi host4: ahci
[    0.960499] scsi host5: ahci
[    0.960582] ata1: SATA max UDMA/133 abar m2048@0xf2538000 port 0xf2538100 irq 26
[    0.960589] ata2: SATA max UDMA/133 abar m2048@0xf2538000 port 0xf2538180 irq 26
[    0.960591] ata3: DUMMY
[    0.960593] ata4: DUMMY
[    0.960597] ata5: SATA max UDMA/133 abar m2048@0xf2538000 port 0xf2538300 irq 26
[    0.960599] ata6: DUMMY
[    0.960827] libphy: Fixed MDIO Bus: probed
[    0.961190] xhci_hcd 0000:00:14.0: xHCI Host Controller
[    0.961264] xhci_hcd 0000:00:14.0: new USB bus registered, assigned bus number 1
[    0.962386] xhci_hcd 0000:00:14.0: hcc params 0x20007181 hci version 0x100 quirks 0x0000b930
[    0.962400] xhci_hcd 0000:00:14.0: cache line size of 64 is not supported
[    0.962647] usb usb1: New USB device found, idVendor=1d6b, idProduct=0002
[    0.962651] usb usb1: New USB device strings: Mfr=3, Product=2, SerialNumber=1
[    0.962655] usb usb1: Product: xHCI Host Controller
[    0.962658] usb usb1: Manufacturer: Linux 4.3.3-300.fc23.x86_64 xhci-hcd
[    0.962660] usb usb1: SerialNumber: 0000:00:14.0
[    0.962892] hub 1-0:1.0: USB hub found
[    0.962910] hub 1-0:1.0: 4 ports detected
[    0.963625] xhci_hcd 0000:00:14.0: xHCI Host Controller
[    0.963744] xhci_hcd 0000:00:14.0: new USB bus registered, assigned bus number 2
[    0.963818] usb usb2: New USB device found, idVendor=1d6b, idProduct=0003
[    0.963821] usb usb2: New USB device strings: Mfr=3, Product=2, SerialNumber=1
[    0.963824] usb usb2: Product: xHCI Host Controller
[    0.963827] usb usb2: Manufacturer: Linux 4.3.3-300.fc23.x86_64 xhci-hcd
[    0.963830] usb usb2: SerialNumber: 0000:00:14.0
[    0.964074] hub 2-0:1.0: USB hub found
[    0.964091] hub 2-0:1.0: 4 ports detected
[    0.964418] usb: failed to peer usb2-port2 and usb1-port1 by location (usb2-port2:none) (usb1-port1:usb2-port1)
[    0.964422] usb usb2-port2: failed to peer to usb1-port1 (-16)
[    0.964424] usb: port power management may be unreliable
[    0.964570] usb: failed to peer usb2-port3 and usb1-port1 by location (usb2-port3:none) (usb1-port1:usb2-port1)
[    0.964573] usb usb2-port3: failed to peer to usb1-port1 (-16)
[    0.964723] usb: failed to peer usb2-port4 and usb1-port1 by location (usb2-port4:none) (usb1-port1:usb2-port1)
[    0.964726] usb usb2-port4: failed to peer to usb1-port1 (-16)
[    0.964866] ehci_hcd: USB 2.0 'Enhanced' Host Controller (EHCI) Driver
[    0.964875] ehci-pci: EHCI PCI platform driver
[    0.965008] ehci-pci 0000:00:1a.0: EHCI Host Controller
[    0.965137] ehci-pci 0000:00:1a.0: new USB bus registered, assigned bus number 3
[    0.965156] ehci-pci 0000:00:1a.0: debug port 2
[    0.969079] ehci-pci 0000:00:1a.0: cache line size of 64 is not supported
[    0.969103] ehci-pci 0000:00:1a.0: irq 16, io mem 0xf253a000
[    0.974787] ehci-pci 0000:00:1a.0: USB 2.0 started, EHCI 1.00
[    0.974857] usb usb3: New USB device found, idVendor=1d6b, idProduct=0002
[    0.974861] usb usb3: New USB device strings: Mfr=3, Product=2, SerialNumber=1
[    0.974864] usb usb3: Product: EHCI Host Controller
[    0.974867] usb usb3: Manufacturer: Linux 4.3.3-300.fc23.x86_64 ehci_hcd
[    0.974869] usb usb3: SerialNumber: 0000:00:1a.0
[    0.975111] hub 3-0:1.0: USB hub found
[    0.975122] hub 3-0:1.0: 3 ports detected
[    0.975468] ehci-pci 0000:00:1d.0: EHCI Host Controller
[    0.975586] ehci-pci 0000:00:1d.0: new USB bus registered, assigned bus number 4
[    0.975607] ehci-pci 0000:00:1d.0: debug port 2
[    0.979523] ehci-pci 0000:00:1d.0: cache line size of 64 is not supported
[    0.979548] ehci-pci 0000:00:1d.0: irq 23, io mem 0xf2539000
[    0.984859] ehci-pci 0000:00:1d.0: USB 2.0 started, EHCI 1.00
[    0.984978] usb usb4: New USB device found, idVendor=1d6b, idProduct=0002
[    0.984983] usb usb4: New USB device strings: Mfr=3, Product=2, SerialNumber=1
[    0.984986] usb usb4: Product: EHCI Host Controller
[    0.984989] usb usb4: Manufacturer: Linux 4.3.3-300.fc23.x86_64 ehci_hcd
[    0.984992] usb usb4: SerialNumber: 0000:00:1d.0
[    0.985374] hub 4-0:1.0: USB hub found
[    0.985393] hub 4-0:1.0: 3 ports detected
[    0.985801] ohci_hcd: USB 1.1 'Open' Host Controller (OHCI) Driver
[    0.985831] ohci-pci: OHCI PCI platform driver
[    0.985860] uhci_hcd: USB Universal Host Controller Interface driver
[    0.985945] usbcore: registered new interface driver usbserial
[    0.985963] usbcore: registered new interface driver usbserial_generic
[    0.985976] usbserial: USB Serial support registered for generic
[    0.986048] i8042: PNP: PS/2 Controller [PNP0303:KBD,PNP0f13:MOU] at 0x60,0x64 irq 1,12
[    0.987761] serio: i8042 KBD port at 0x60,0x64 irq 1
[    0.987780] serio: i8042 AUX port at 0x60,0x64 irq 12
[    0.988039] mousedev: PS/2 mouse device common for all mice
[    0.988875] rtc_cmos 00:02: RTC can wake from S4
[    0.989118] rtc_cmos 00:02: rtc core: registered rtc_cmos as rtc0
[    0.989171] rtc_cmos 00:02: alarms up to one month, y3k, 114 bytes nvram, hpet irqs
[    0.989265] device-mapper: uevent: version 1.0.3
[    0.989417] device-mapper: ioctl: 4.33.0-ioctl (2015-8-18) initialised: dm-devel@redhat.com
[    0.989536] Intel P-state driver initializing.
[    0.989916] input: AT Translated Set 2 keyboard as /devices/platform/i8042/serio0/input/input3
[    0.990609] hidraw: raw HID events driver (C) Jiri Kosina
[    0.990692] usbcore: registered new interface driver usbhid
[    0.990694] usbhid: USB HID core driver
[    0.990871] drop_monitor: Initializing network drop monitor service
[    0.991019] ip_tables: (C) 2000-2006 Netfilter Core Team
[    0.991124] Initializing XFRM netlink socket
[    0.991318] NET: Registered protocol family 10
[    0.991709] mip6: Mobile IPv6
[    0.991718] NET: Registered protocol family 17
[    0.992213] AVX version of gcm_enc/dec engaged.
[    0.992216] AES CTR mode by8 optimization enabled
[    1.043629] registered taskstats version 1
[    1.043657] Loading compiled-in X.509 certificates
[    1.045111] Loaded X.509 cert 'Fedora kernel signing key: 703694d4f6e20d93ac1e25efb30b6fc8c7f9cc80'
[    1.045158] zswap: loaded using pool lzo/zbud
[    1.045813]   Magic number: 0:801:325
[    1.045968] rtc_cmos 00:02: setting system clock to 2016-01-20 10:18:23 UTC (1453285103)
[    1.046083] PM: Hibernation image not present or could not be loaded.
[    1.265060] ata1: SATA link up 6.0 Gbps (SStatus 133 SControl 300)
[    1.265598] ata1.00: ACPI cmd ef/02:00:00:00:00:a0 (SET FEATURES) succeeded
[    1.265604] ata1.00: ACPI cmd f5/00:00:00:00:00:a0 (SECURITY FREEZE LOCK) filtered out
[    1.266016] ata1.00: supports DRM functions and may not be fully accessible
[    1.266108] ata1.00: ATA-8: C400-MTFDDAK256MAM, 04TH, max UDMA/100
[    1.266112] ata1.00: 500118192 sectors, multi 1: LBA48 NCQ (depth 31/32), AA
[    1.266696] ata1.00: ACPI cmd ef/02:00:00:00:00:a0 (SET FEATURES) succeeded
[    1.266702] ata1.00: ACPI cmd f5/00:00:00:00:00:a0 (SECURITY FREEZE LOCK) filtered out
[    1.267126] ata1.00: supports DRM functions and may not be fully accessible
[    1.267238] ata1.00: configured for UDMA/100
[    1.267713] scsi 0:0:0:0: Direct-Access     ATA      C400-MTFDDAK256M 04TH PQ: 0 ANSI: 5
[    1.268215] sd 0:0:0:0: [sda] 500118192 512-byte logical blocks: (256 GB/238 GiB)
[    1.268303] sd 0:0:0:0: Attached scsi generic sg0 type 0
[    1.268442] sd 0:0:0:0: [sda] Write Protect is off
[    1.268446] sd 0:0:0:0: [sda] Mode Sense: 00 3a 00 00
[    1.268538] sd 0:0:0:0: [sda] Write cache: enabled, read cache: enabled, doesn't support DPO or FUA
[    1.269568]  sda: sda1 sda2 sda3 sda4 < sda5 >
[    1.270252] sd 0:0:0:0: [sda] Attached SCSI disk
[    1.276982] usb 3-1: new high-speed USB device number 2 using ehci-pci
[    1.287057] usb 4-1: new high-speed USB device number 2 using ehci-pci
[    1.391957] usb 3-1: New USB device found, idVendor=8087, idProduct=0024
[    1.391964] usb 3-1: New USB device strings: Mfr=0, Product=0, SerialNumber=0
[    1.392632] hub 3-1:1.0: USB hub found
[    1.392930] hub 3-1:1.0: 6 ports detected
[    1.401696] usb 4-1: New USB device found, idVendor=8087, idProduct=0024
[    1.401703] usb 4-1: New USB device strings: Mfr=0, Product=0, SerialNumber=0
[    1.402249] hub 4-1:1.0: USB hub found
[    1.402396] hub 4-1:1.0: 8 ports detected
[    1.573259] ata2: SATA link down (SStatus 0 SControl 300)
[    1.668307] usb 3-1.3: new full-speed USB device number 3 using ehci-pci
[    1.755145] usb 3-1.3: New USB device found, idVendor=147e, idProduct=2020
[    1.755156] usb 3-1.3: New USB device strings: Mfr=1, Product=2, SerialNumber=0
[    1.755162] usb 3-1.3: Product: Biometric Coprocessor
[    1.755167] usb 3-1.3: Manufacturer: Auth
[    1.763368] tsc: Refined TSC clocksource calibration: 2594.118 MHz
[    1.763376] clocksource: tsc: mask: 0xffffffffffffffff max_cycles: 0x25648795e0a, max_idle_ns: 440795308372 ns
[    1.772754] psmouse serio1: synaptics: queried max coordinates: x [..5768], y [..5062]
[    1.804144] psmouse serio1: synaptics: queried min coordinates: x [1174..], y [790..]
[    1.818390] usb 3-1.4: new full-speed USB device number 4 using ehci-pci
[    1.865870] psmouse serio1: synaptics: Touchpad model: 1, fw: 8.1, id: 0x1e2b1, caps: 0xd002a3/0x940300/0x123800/0x0, board id: 1611, fw id: 1099905
[    1.865895] psmouse serio1: synaptics: serio: Synaptics pass-through port at isa0060/serio1/input0
[    1.880457] ata5: SATA link down (SStatus 0 SControl 300)
[    1.881186] Freeing unused kernel memory: 1520K (ffffffff81d42000 - ffffffff81ebe000)
[    1.881191] Write protecting the kernel read-only data: 12288k
[    1.881585] Freeing unused kernel memory: 476K (ffff880001789000 - ffff880001800000)
[    1.881813] Freeing unused kernel memory: 720K (ffff880001b4c000 - ffff880001c00000)
[    1.886063] random: systemd urandom read with 13 bits of entropy available
[    1.887339] systemd[1]: systemd 222 running in system mode. (+PAM +AUDIT +SELINUX +IMA -APPARMOR +SMACK +SYSVINIT +UTMP +LIBCRYPTSETUP +GCRYPT +GNUTLS +ACL +XZ -LZ4 +SECCOMP +BLKID +ELFUTILS +KMOD +IDN)
[    1.887625] systemd[1]: Detected architecture x86-64.
[    1.887631] systemd[1]: Running in initial RAM disk.
[    1.887662] systemd[1]: Set hostname to <bright>.
[    1.905422] input: SynPS/2 Synaptics TouchPad as /devices/platform/i8042/serio1/input/input5
[    1.908309] usb 3-1.4: New USB device found, idVendor=0a5c, idProduct=21e6
[    1.908316] usb 3-1.4: New USB device strings: Mfr=1, Product=2, SerialNumber=3
[    1.908320] usb 3-1.4: Product: BCM20702A0
[    1.908323] usb 3-1.4: Manufacturer: Broadcom Corp
[    1.908326] usb 3-1.4: SerialNumber: 9C2A7085EBF1
[    1.944417] systemd[1]: Created slice -.slice.
[    1.944432] systemd[1]: Starting -.slice.
[    1.944508] systemd[1]: Created slice System Slice.
[    1.944519] systemd[1]: Starting System Slice.
[    1.944595] systemd[1]: Created slice system-systemd\x2dcryptsetup.slice.
[    1.944604] systemd[1]: Starting system-systemd\x2dcryptsetup.slice.
[    1.944620] systemd[1]: Reached target Timers.
[    1.944627] systemd[1]: Starting Timers.
[    1.944678] systemd[1]: Listening on udev Control Socket.
[    1.944687] systemd[1]: Starting udev Control Socket.
[    1.944791] systemd[1]: Listening on Journal Audit Socket.
[    1.944801] systemd[1]: Starting Journal Audit Socket.
[    1.944842] systemd[1]: Listening on Journal Socket (/dev/log).
[    1.944850] systemd[1]: Starting Journal Socket (/dev/log).
[    1.944893] systemd[1]: Listening on Journal Socket.
[    1.944904] systemd[1]: Starting Journal Socket.
[    1.945338] systemd[1]: Starting Setup Virtual Console...
[    1.945836] systemd[1]: Starting Journal Service...
[    1.945903] systemd[1]: Listening on udev Kernel Socket.
[    1.945928] systemd[1]: Starting udev Kernel Socket.
[    1.945952] systemd[1]: Reached target Sockets.
[    1.945968] systemd[1]: Starting Sockets.
[    1.945990] systemd[1]: Reached target Swap.
[    1.946004] systemd[1]: Starting Swap.
[    1.946023] systemd[1]: Reached target Slices.
[    1.946036] systemd[1]: Starting Slices.
[    1.946236] systemd[1]: Started Load Kernel Modules.
[    1.946917] systemd[1]: Starting Apply Kernel Variables...
[    1.946945] systemd[1]: Reached target Local File Systems.
[    1.946968] systemd[1]: Starting Local File Systems.
[    1.947054] systemd[1]: Started dracut ask for additional cmdline parameters.
[    1.947973] systemd[1]: Starting dracut cmdline hook...
[    1.950003] systemd[1]: Starting Create list of required static device nodes for the current kernel...
[    1.951806] systemd[1]: Started Apply Kernel Variables.
[    1.951908] audit: type=1130 audit(1453285104.403:2): pid=1 uid=0 auid=4294967295 ses=4294967295 subj=kernel msg='unit=systemd-sysctl comm="systemd" exe="/usr/lib/systemd/systemd" hostname=? addr=? terminal=? res=success'
[    1.952290] systemd[1]: Started Create list of required static device nodes for the current kernel.
[    1.952335] audit: type=1130 audit(1453285104.403:3): pid=1 uid=0 auid=4294967295 ses=4294967295 subj=kernel msg='unit=kmod-static-nodes comm="systemd" exe="/usr/lib/systemd/systemd" hostname=? addr=? terminal=? res=success'
[    1.959370] systemd[1]: Starting Create Static Device Nodes in /dev...
[    1.962652] systemd[1]: Started Create Static Device Nodes in /dev.
[    1.962711] audit: type=1130 audit(1453285104.414:4): pid=1 uid=0 auid=4294967295 ses=4294967295 subj=kernel msg='unit=systemd-tmpfiles-setup-dev comm="systemd" exe="/usr/lib/systemd/systemd" hostname=? addr=? terminal=? res=success'
[    1.981431] usb 3-1.6: new high-speed USB device number 5 using ehci-pci
[    1.992930] systemd[1]: Started Journal Service.
[    1.993017] audit: type=1130 audit(1453285104.444:5): pid=1 uid=0 auid=4294967295 ses=4294967295 subj=kernel msg='unit=systemd-journald comm="systemd" exe="/usr/lib/systemd/systemd" hostname=? addr=? terminal=? res=success'
[    2.014557] audit: type=1130 audit(1453285104.466:6): pid=1 uid=0 auid=4294967295 ses=4294967295 subj=kernel msg='unit=systemd-vconsole-setup comm="systemd" exe="/usr/lib/systemd/systemd" hostname=? addr=? terminal=? res=success'
[    2.073766] usb 3-1.6: New USB device found, idVendor=04f2, idProduct=b2eb
[    2.073770] usb 3-1.6: New USB device strings: Mfr=1, Product=2, SerialNumber=0
[    2.073772] usb 3-1.6: Product: Integrated Camera
[    2.073773] usb 3-1.6: Manufacturer: Chicony Electronics Co., Ltd.
[    2.079147] audit: type=1130 audit(1453285104.530:7): pid=1 uid=0 auid=4294967295 ses=4294967295 subj=kernel msg='unit=dracut-cmdline comm="systemd" exe="/usr/lib/systemd/systemd" hostname=? addr=? terminal=? res=success'
[    2.101113] audit: type=1130 audit(1453285104.552:8): pid=1 uid=0 auid=4294967295 ses=4294967295 subj=kernel msg='unit=dracut-pre-udev comm="systemd" exe="/usr/lib/systemd/systemd" hostname=? addr=? terminal=? res=success'
[    2.105116] audit: type=1130 audit(1453285104.556:9): pid=1 uid=0 auid=4294967295 ses=4294967295 subj=kernel msg='unit=systemd-udevd comm="systemd" exe="/usr/lib/systemd/systemd" hostname=? addr=? terminal=? res=success'
[    2.145995] audit: type=1130 audit(1453285104.597:10): pid=1 uid=0 auid=4294967295 ses=4294967295 subj=kernel msg='unit=systemd-udev-trigger comm="systemd" exe="/usr/lib/systemd/systemd" hostname=? addr=? terminal=? res=success'
[    2.155158] FUJITSU Extended Socket Network Device Driver - version 1.0 - Copyright (c) 2015 FUJITSU LIMITED
[    2.170069] pps_core: LinuxPPS API ver. 1 registered
[    2.170071] pps_core: Software ver. 5.3.6 - Copyright 2005-2007 Rodolfo Giometti <giometti@linux.it>
[    2.172413] PTP clock support registered
[    2.188718] [drm] Initialized drm 1.1.0 20060810
[    2.190192] e1000e: Intel(R) PRO/1000 Network Driver - 3.2.6-k
[    2.190194] e1000e: Copyright(c) 1999 - 2015 Intel Corporation.
[    2.190346] e1000e 0000:00:19.0: Interrupt Throttling Rate (ints/sec) set to dynamic conservative mode
[    2.191485] sdhci: Secure Digital Host Controller Interface driver
[    2.191488] sdhci: Copyright(c) Pierre Ossman
[    2.194199] sdhci-pci 0000:02:00.0: SDHCI controller found [1180:e823] (rev 4)
[    2.194344] sdhci-pci 0000:02:00.0: No vmmc regulator found
[    2.194347] sdhci-pci 0000:02:00.0: No vqmmc regulator found
[    2.196766] mmc0: SDHCI controller on PCI [0000:02:00.0] using DMA
[    2.377298] e1000e 0000:00:19.0 eth0: registered PHC clock
[    2.377302] e1000e 0000:00:19.0 eth0: (PCI Express:2.5GT/s:Width x1) 3c:97:0e:80:1b:90
[    2.377304] e1000e 0000:00:19.0 eth0: Intel(R) PRO/1000 Network Connection
[    2.377357] e1000e 0000:00:19.0 eth0: MAC: 10, PHY: 11, PBA No: 1000FF-0FF
[    2.378385] e1000e 0000:00:19.0 enp0s25: renamed from eth0
[    2.378712] [drm] Memory usable by graphics device = 2048M
[    2.378716] checking generic (e0000000 410000) vs hw (e0000000 10000000)
[    2.378717] fb: switching to inteldrmfb from VESA VGA
[    2.378735] Console: switching to colour dummy device 80x25
[    2.378845] [drm] Replacing VGA console driver
[    2.385544] [drm] Supports vblank timestamp caching Rev 2 (21.10.2013).
[    2.385548] [drm] Driver supports precise vblank timestamp query.
[    2.385678] vgaarb: device changed decodes: PCI:0000:00:02.0,olddecodes=io+mem,decodes=io+mem:owns=io+mem
[    2.414368] ACPI: Video Device [VID] (multi-head: yes  rom: no  post: no)
[    2.414626] input: Video Bus as /devices/LNXSYSTM:00/LNXSYBUS:00/PNP0A08:00/LNXVIDEO:00/input/input7
[    2.414880] [drm] Initialized i915 1.6.0 20150731 for 0000:00:02.0 on minor 0
[    2.475798] [drm] GMBUS [i915 gmbus dpb] timed out, falling back to bit banging on pin 5
[    2.485730] fbcon: inteldrmfb (fb0) is primary device
[    2.741547] [drm:intel_set_pch_fifo_underrun_reporting [i915]] *ERROR* uncleared pch fifo underrun on pch transcoder A
[    2.741591] [drm:intel_pch_fifo_underrun_irq_handler [i915]] *ERROR* PCH transcoder A FIFO underrun
[    2.764299] clocksource: Switched to clocksource tsc
[    3.285127] Console: switching to colour frame buffer device 170x48
[    3.290070] i915 0000:00:02.0: fb0: inteldrmfb frame buffer device
[    5.411389] random: nonblocking pool is initialized
[    6.108409] psmouse serio2: trackpoint: IBM TrackPoint firmware: 0x0e, buttons: 3/3
[    6.307747] input: TPPS/2 IBM TrackPoint as /devices/platform/i8042/serio1/serio2/input/input6
[    9.844886] audit_printk_skb: 6 callbacks suppressed
[    9.844889] audit: type=1130 audit(1453285112.292:13): pid=1 uid=0 auid=4294967295 ses=4294967295 subj=kernel msg='unit=systemd-cryptsetup@luks\x2de259d50f\x2dc2c4\x2d48f5\x2d9d6d\x2d98bb4fe5a799 comm="systemd" exe="/usr/lib/systemd/systemd" hostname=? addr=? terminal=? res=success'
[    9.941557] audit: type=1130 audit(1453285112.388:14): pid=1 uid=0 auid=4294967295 ses=4294967295 subj=kernel msg='unit=systemd-cryptsetup@luks\x2d6be537c0\x2d4f4b\x2d4197\x2db762\x2d814e56b40760 comm="systemd" exe="/usr/lib/systemd/systemd" hostname=? addr=? terminal=? res=success'
[   10.037554] audit: type=1130 audit(1453285112.484:15): pid=1 uid=0 auid=4294967295 ses=4294967295 subj=kernel msg='unit=dracut-initqueue comm="systemd" exe="/usr/lib/systemd/systemd" hostname=? addr=? terminal=? res=success'
[   10.066743] audit: type=1130 audit(1453285112.513:16): pid=1 uid=0 auid=4294967295 ses=4294967295 subj=kernel msg='unit=systemd-fsck-root comm="systemd" exe="/usr/lib/systemd/systemd" hostname=? addr=? terminal=? res=success'
[   10.083449] EXT4-fs (dm-0): mounted filesystem with ordered data mode. Opts: (null)
[   10.161881] audit: type=1130 audit(1453285112.609:17): pid=1 uid=0 auid=4294967295 ses=4294967295 subj=kernel msg='unit=initrd-parse-etc comm="systemd" exe="/usr/lib/systemd/systemd" hostname=? addr=? terminal=? res=success'
[   10.161898] audit: type=1131 audit(1453285112.609:18): pid=1 uid=0 auid=4294967295 ses=4294967295 subj=kernel msg='unit=initrd-parse-etc comm="systemd" exe="/usr/lib/systemd/systemd" hostname=? addr=? terminal=? res=success'
[   10.301680] audit: type=1130 audit(1453285112.748:19): pid=1 uid=0 auid=4294967295 ses=4294967295 subj=kernel msg='unit=dracut-pre-pivot comm="systemd" exe="/usr/lib/systemd/systemd" hostname=? addr=? terminal=? res=success'
[   10.312842] audit: type=1130 audit(1453285112.759:20): pid=1 uid=0 auid=4294967295 ses=4294967295 subj=kernel msg='unit=systemd-ask-password-plymouth comm="systemd" exe="/usr/lib/systemd/systemd" hostname=? addr=? terminal=? res=success'
[   10.312869] audit: type=1131 audit(1453285112.759:21): pid=1 uid=0 auid=4294967295 ses=4294967295 subj=kernel msg='unit=systemd-ask-password-plymouth comm="systemd" exe="/usr/lib/systemd/systemd" hostname=? addr=? terminal=? res=success'
[   10.313316] audit: type=1130 audit(1453285112.760:22): pid=1 uid=0 auid=4294967295 ses=4294967295 subj=kernel msg='unit=initrd-cleanup comm="systemd" exe="/usr/lib/systemd/systemd" hostname=? addr=? terminal=? res=success'
[   10.367925] systemd-journald[189]: Received SIGTERM from PID 1 (systemd).
[   10.485365] SELinux: 32768 avtab hash slots, 103318 rules.
[   10.501586] SELinux: 32768 avtab hash slots, 103318 rules.
[   10.525546] SELinux:  8 users, 14 roles, 4901 types, 306 bools, 1 sens, 1024 cats
[   10.525550] SELinux:  92 classes, 103318 rules
[   10.528548] SELinux:  Completing initialization.
[   10.528551] SELinux:  Setting up existing superblocks.
[   10.539874] systemd[1]: Successfully loaded SELinux policy in 75.820ms.
[   10.573207] systemd[1]: Relabelled /dev and /run in 16.969ms.
[   10.818984] EXT4-fs (dm-0): re-mounted. Opts: (null)
[   10.860988] systemd-journald[678]: Received request to flush runtime journal from PID 1
[   10.863823] RPC: Registered named UNIX socket transport module.
[   10.863826] RPC: Registered udp transport module.
[   10.863827] RPC: Registered tcp transport module.
[   10.863829] RPC: Registered tcp NFSv4.1 backchannel transport module.
[   10.910907] Installing knfsd (copyright (C) 1996 okir@monad.swb.de).
[   11.100475] shpchp: Standard Hot Plug PCI Controller Driver version: 0.4
[   11.155820] ACPI Warning: SystemIO range 0x0000000000000428-0x000000000000042F conflicts with OpRegion 0x0000000000000400-0x000000000000047F (\_SB_.PCI0.LPC_.PMIO) (20150818/utaddress-254)
[   11.155826] ACPI: If an ACPI driver is available for this device, you should use it instead of the native driver
[   11.155834] ACPI Warning: SystemIO range 0x0000000000000540-0x000000000000054F conflicts with OpRegion 0x0000000000000500-0x000000000000057F (\_SB_.PCI0.LPC_.LPIO) (20150818/utaddress-254)
[   11.155838] ACPI: If an ACPI driver is available for this device, you should use it instead of the native driver
[   11.155840] ACPI Warning: SystemIO range 0x0000000000000530-0x000000000000053F conflicts with OpRegion 0x0000000000000500-0x000000000000057F (\_SB_.PCI0.LPC_.LPIO) (20150818/utaddress-254)
[   11.155844] ACPI: If an ACPI driver is available for this device, you should use it instead of the native driver
[   11.155846] ACPI Warning: SystemIO range 0x0000000000000500-0x000000000000052F conflicts with OpRegion 0x0000000000000500-0x000000000000057F (\_SB_.PCI0.LPC_.LPIO) (20150818/utaddress-254)
[   11.155849] ACPI: If an ACPI driver is available for this device, you should use it instead of the native driver
[   11.155851] lpc_ich: Resource conflict(s) found affecting gpio_ich
[   11.159692] wmi: Mapper loaded
[   11.162513] thinkpad_acpi: ThinkPad ACPI Extras v0.25
[   11.162516] thinkpad_acpi: http://ibm-acpi.sf.net/
[   11.162518] thinkpad_acpi: ThinkPad BIOS G2ET91WW (2.51 ), EC unknown
[   11.162519] thinkpad_acpi: Lenovo ThinkPad X230, model 2325CN3
[   11.168546] thinkpad_acpi: Unsupported brightness interface, please contact ibm-acpi-devel@lists.sourceforge.net
[   11.171524] tpm_tis 00:05: 1.2 TPM (device-id 0x0, rev-id 78)
[   11.173172] thinkpad_acpi: radio switch found; radios are enabled
[   11.173193] thinkpad_acpi: This ThinkPad has standard ACPI backlight brightness control, supported by the ACPI video driver
[   11.173193] thinkpad_acpi: Disabling thinkpad-acpi brightness events by default...
[   11.177047] thinkpad_acpi: rfkill switch tpacpi_bluetooth_sw: radio is unblocked
[   11.179248] input: ThinkPad Extra Buttons as /devices/platform/thinkpad_acpi/input/input8
[   11.207342] i801_smbus 0000:00:1f.3: SMBus using PCI interrupt
[   11.225487] tpm_tis 00:05: TPM is disabled/deactivated (0x6)
[   11.239317] Intel(R) Wireless WiFi driver for Linux
[   11.239320] Copyright(c) 2003- 2015 Intel Corporation
[   11.239518] iwlwifi 0000:03:00.0: can't disable ASPM; OS doesn't have ASPM control
[   11.256775] iwlwifi 0000:03:00.0: loaded firmware version 18.168.6.1 op_mode iwldvm
[   11.331193] iwlwifi 0000:03:00.0: CONFIG_IWLWIFI_DEBUG enabled
[   11.331197] iwlwifi 0000:03:00.0: CONFIG_IWLWIFI_DEBUGFS enabled
[   11.331199] iwlwifi 0000:03:00.0: CONFIG_IWLWIFI_DEVICE_TRACING disabled
[   11.331202] iwlwifi 0000:03:00.0: Detected Intel(R) Centrino(R) Advanced-N 6205 AGN, REV=0xB0
[   11.331385] iwlwifi 0000:03:00.0: L1 Enabled - LTR Disabled
[   11.356250] media: Linux media interface: v0.10
[   11.361978] ieee80211 phy0: Selected rate control algorithm 'iwl-agn-rs'
[   11.413168] Bluetooth: Core ver 2.20
[   11.413186] NET: Registered protocol family 31
[   11.413187] Bluetooth: HCI device and connection manager initialized
[   11.413192] Bluetooth: HCI socket layer initialized
[   11.413194] Bluetooth: L2CAP socket layer initialized
[   11.413204] Bluetooth: SCO socket layer initialized
[   11.414639] intel_rapl: Found RAPL domain package
[   11.414650] intel_rapl: Found RAPL domain core
[   11.414653] intel_rapl: Found RAPL domain uncore
[   11.419026] Linux video capture interface: v2.00
[   11.423934] snd_hda_codec_realtek hdaudioC0D0: autoconfig for ALC269VC: line_outs=1 (0x14/0x0/0x0/0x0/0x0) type:speaker
[   11.423937] snd_hda_codec_realtek hdaudioC0D0:    speaker_outs=0 (0x0/0x0/0x0/0x0/0x0)
[   11.423939] snd_hda_codec_realtek hdaudioC0D0:    hp_outs=2 (0x15/0x1b/0x0/0x0/0x0)
[   11.423940] snd_hda_codec_realtek hdaudioC0D0:    mono: mono_out=0x0
[   11.423941] snd_hda_codec_realtek hdaudioC0D0:    inputs:
[   11.423943] snd_hda_codec_realtek hdaudioC0D0:      Mic=0x18
[   11.423945] snd_hda_codec_realtek hdaudioC0D0:      Dock Mic=0x19
[   11.423946] snd_hda_codec_realtek hdaudioC0D0:      Internal Mic=0x12
[   11.452317] input: HDA Intel PCH Mic as /devices/pci0000:00/0000:00:1b.0/sound/card0/input9
[   11.452392] input: HDA Intel PCH Dock Mic as /devices/pci0000:00/0000:00:1b.0/sound/card0/input10
[   11.452473] input: HDA Intel PCH Headphone as /devices/pci0000:00/0000:00:1b.0/sound/card0/input11
[   11.452551] input: HDA Intel PCH Dock Headphone as /devices/pci0000:00/0000:00:1b.0/sound/card0/input12
[   11.452620] input: HDA Intel PCH HDMI/DP,pcm=3 as /devices/pci0000:00/0000:00:1b.0/sound/card0/input13
[   11.452690] input: HDA Intel PCH HDMI/DP,pcm=7 as /devices/pci0000:00/0000:00:1b.0/sound/card0/input14
[   11.452756] input: HDA Intel PCH HDMI/DP,pcm=8 as /devices/pci0000:00/0000:00:1b.0/sound/card0/input15
[   11.453619] usbcore: registered new interface driver btusb
[   11.457034] iTCO_vendor_support: vendor-support=0
[   11.458327] Bluetooth: hci0: BCM: chip id 63
[   11.459343] Bluetooth: hci0: BCM20702A1 (001.002.014) build 0000
[   11.459573] iTCO_wdt: Intel TCO WatchDog Timer Driver v1.11
[   11.459615] iTCO_wdt: Found a Panther Point TCO device (Version=2, TCOBASE=0x0460)
[   11.460296] iTCO_wdt: initialized. heartbeat=30 sec (nowayout=0)
[   11.461126] bluetooth hci0: Direct firmware load for brcm/BCM20702A1-0a5c-21e6.hcd failed with error -2
[   11.461131] Bluetooth: hci0: BCM: Patch brcm/BCM20702A1-0a5c-21e6.hcd not found
[   11.481451] uvcvideo: Found UVC 1.00 device Integrated Camera (04f2:b2eb)
[   11.485455] input: Integrated Camera as /devices/pci0000:00/0000:00:1a.0/usb3/3-1/3-1.6/3-1.6:1.0/input/input16
[   11.485555] usbcore: registered new interface driver uvcvideo
[   11.485557] USB Video Class driver (1.1.1)
[   11.491094] iwlwifi 0000:03:00.0 wlp3s0: renamed from wlan0
[   11.498742] cfg80211: World regulatory domain updated:
[   11.498745] cfg80211:  DFS Master region: unset
[   11.498747] cfg80211:   (start_freq - end_freq @ bandwidth), (max_antenna_gain, max_eirp), (dfs_cac_time)
[   11.498750] cfg80211:   (2402000 KHz - 2472000 KHz @ 40000 KHz), (N/A, 2000 mBm), (N/A)
[   11.498752] cfg80211:   (2457000 KHz - 2482000 KHz @ 40000 KHz), (N/A, 2000 mBm), (N/A)
[   11.498754] cfg80211:   (2474000 KHz - 2494000 KHz @ 20000 KHz), (N/A, 2000 mBm), (N/A)
[   11.498757] cfg80211:   (5170000 KHz - 5250000 KHz @ 80000 KHz, 160000 KHz AUTO), (N/A, 2000 mBm), (N/A)
[   11.498759] cfg80211:   (5250000 KHz - 5330000 KHz @ 80000 KHz, 160000 KHz AUTO), (N/A, 2000 mBm), (0 s)
[   11.498761] cfg80211:   (5490000 KHz - 5730000 KHz @ 160000 KHz), (N/A, 2000 mBm), (0 s)
[   11.498763] cfg80211:   (5735000 KHz - 5835000 KHz @ 80000 KHz), (N/A, 2000 mBm), (N/A)
[   11.498765] cfg80211:   (57240000 KHz - 63720000 KHz @ 2160000 KHz), (N/A, 0 mBm), (N/A)
[   11.601964] cfg80211: Regulatory domain changed to country: DE
[   11.601967] cfg80211:  DFS Master region: ETSI
[   11.601968] cfg80211:   (start_freq - end_freq @ bandwidth), (max_antenna_gain, max_eirp), (dfs_cac_time)
[   11.601970] cfg80211:   (2400000 KHz - 2483500 KHz @ 40000 KHz), (N/A, 2000 mBm), (N/A)
[   11.601971] cfg80211:   (5150000 KHz - 5250000 KHz @ 80000 KHz, 200000 KHz AUTO), (N/A, 2000 mBm), (N/A)
[   11.601973] cfg80211:   (5250000 KHz - 5350000 KHz @ 80000 KHz, 200000 KHz AUTO), (N/A, 2000 mBm), (0 s)
[   11.601974] cfg80211:   (5470000 KHz - 5725000 KHz @ 160000 KHz), (N/A, 2698 mBm), (0 s)
[   11.601975] cfg80211:   (57000000 KHz - 66000000 KHz @ 2160000 KHz), (N/A, 4000 mBm), (N/A)
[   11.716861] Adding 7878652k swap on /dev/mapper/luks-6be537c0-4f4b-4197-b762-814e56b40760.  Priority:-1 extents:1 across:7878652k SSFS
[   11.737229] EXT4-fs (sda1): mounted filesystem with ordered data mode. Opts: (null)
[   12.814579] EXT4-fs (dm-2): mounted filesystem with ordered data mode. Opts: (null)
[   13.183129] Bluetooth: BNEP (Ethernet Emulation) ver 1.3
[   13.183132] Bluetooth: BNEP filters: protocol multicast
[   13.183136] Bluetooth: BNEP socket layer initialized
[   13.575315] nf_conntrack version 0.5.0 (65536 buckets, 262144 max)
[   13.660893] ip6_tables: (C) 2000-2006 Netfilter Core Team
[   13.799053] Ebtables v2.0 registered
[   13.825646] bridge: automatic filtering via arp/ip/ip6tables has been deprecated. Update your scripts to load br_netfilter if you need this.
[   14.560195] IPv6: ADDRCONF(NETDEV_UP): wlp3s0: link is not ready
[   14.560452] iwlwifi 0000:03:00.0: L1 Enabled - LTR Disabled
[   14.567273] iwlwifi 0000:03:00.0: L1 Enabled - LTR Disabled
[   14.567371] iwlwifi 0000:03:00.0: Radio type=0x1-0x2-0x0
[   14.833710] iwlwifi 0000:03:00.0: L1 Enabled - LTR Disabled
[   14.840495] iwlwifi 0000:03:00.0: L1 Enabled - LTR Disabled
[   14.840585] iwlwifi 0000:03:00.0: Radio type=0x1-0x2-0x0
[   14.920208] IPv6: ADDRCONF(NETDEV_UP): wlp3s0: link is not ready
[   14.922805] IPv6: ADDRCONF(NETDEV_UP): enp0s25: link is not ready
[   15.151453] IPv6: ADDRCONF(NETDEV_UP): enp0s25: link is not ready
[   15.212357] IPv6: ADDRCONF(NETDEV_UP): wlp3s0: link is not ready
[   17.845039] wlp3s0: authenticate with 80:3f:5d:81:96:d1
[   17.848489] wlp3s0: send auth to 80:3f:5d:81:96:d1 (try 1/3)
[   17.850828] wlp3s0: authenticated
[   17.851891] wlp3s0: associate with 80:3f:5d:81:96:d1 (try 1/3)
[   17.865092] wlp3s0: RX AssocResp from 80:3f:5d:81:96:d1 (capab=0x411 status=0 aid=1)
[   17.873929] wlp3s0: associated
[   17.874001] IPv6: ADDRCONF(NETDEV_CHANGE): wlp3s0: link becomes ready
[   20.888862] tun: Universal TUN/TAP device driver, 1.6
[   20.888865] tun: (C) 1999-2004 Max Krasnyansky <maxk@qualcomm.com>
[   20.926203] device virbr0-nic entered promiscuous mode
[   21.061706] virbr0: port 1(virbr0-nic) entered listening state
[   21.061721] virbr0: port 1(virbr0-nic) entered listening state
[   21.115875] virbr0: port 1(virbr0-nic) entered disabled state
[   22.492968] fuse init (API version 7.23)
[   23.062350] Bluetooth: RFCOMM TTY layer initialized
[   23.062358] Bluetooth: RFCOMM socket layer initialized
[   23.062409] Bluetooth: RFCOMM ver 1.11
[   26.004236] Adjusting tsc more than 11% (5418852 vs 7178821)
[  939.181146] wlp3s0: authenticate with d4:21:22:ad:86:33
[  939.182888] wlp3s0: send auth to d4:21:22:ad:86:33 (try 1/3)
[  939.185254] wlp3s0: authenticated
[  939.192404] wlp3s0: associate with d4:21:22:ad:86:33 (try 1/3)
[  939.192856] cfg80211: World regulatory domain updated:
[  939.192861] cfg80211:  DFS Master region: unset
[  939.192863] cfg80211:   (start_freq - end_freq @ bandwidth), (max_antenna_gain, max_eirp), (dfs_cac_time)
[  939.192868] cfg80211:   (2402000 KHz - 2472000 KHz @ 40000 KHz), (N/A, 2000 mBm), (N/A)
[  939.192871] cfg80211:   (2457000 KHz - 2482000 KHz @ 40000 KHz), (N/A, 2000 mBm), (N/A)
[  939.192874] cfg80211:   (2474000 KHz - 2494000 KHz @ 20000 KHz), (N/A, 2000 mBm), (N/A)
[  939.192878] cfg80211:   (5170000 KHz - 5250000 KHz @ 80000 KHz, 160000 KHz AUTO), (N/A, 2000 mBm), (N/A)
[  939.192882] cfg80211:   (5250000 KHz - 5330000 KHz @ 80000 KHz, 160000 KHz AUTO), (N/A, 2000 mBm), (0 s)
[  939.192885] cfg80211:   (5490000 KHz - 5730000 KHz @ 160000 KHz), (N/A, 2000 mBm), (0 s)
[  939.192887] cfg80211:   (5735000 KHz - 5835000 KHz @ 80000 KHz), (N/A, 2000 mBm), (N/A)
[  939.192890] cfg80211:   (57240000 KHz - 63720000 KHz @ 2160000 KHz), (N/A, 0 mBm), (N/A)
[  939.196344] wlp3s0: RX AssocResp from d4:21:22:ad:86:33 (capab=0x411 status=0 aid=2)
[  939.199284] cfg80211: Regulatory domain changed to country: DE
[  939.199290] cfg80211:  DFS Master region: ETSI
[  939.199292] cfg80211:   (start_freq - end_freq @ bandwidth), (max_antenna_gain, max_eirp), (dfs_cac_time)
[  939.199295] cfg80211:   (2400000 KHz - 2483500 KHz @ 40000 KHz), (N/A, 2000 mBm), (N/A)
[  939.199299] cfg80211:   (5150000 KHz - 5250000 KHz @ 80000 KHz, 200000 KHz AUTO), (N/A, 2000 mBm), (N/A)
[  939.199302] cfg80211:   (5250000 KHz - 5350000 KHz @ 80000 KHz, 200000 KHz AUTO), (N/A, 2000 mBm), (0 s)
[  939.199305] cfg80211:   (5470000 KHz - 5725000 KHz @ 160000 KHz), (N/A, 2698 mBm), (0 s)
[  939.199308] cfg80211:   (57000000 KHz - 66000000 KHz @ 2160000 KHz), (N/A, 4000 mBm), (N/A)
[  939.217272] wlp3s0: associated
[  939.220778] cfg80211: Regulatory domain changed to country: DE
[  939.220782] cfg80211:  DFS Master region: ETSI
[  939.220784] cfg80211:   (start_freq - end_freq @ bandwidth), (max_antenna_gain, max_eirp), (dfs_cac_time)
[  939.220786] cfg80211:   (2400000 KHz - 2483500 KHz @ 40000 KHz), (N/A, 2000 mBm), (N/A)
[  939.220788] cfg80211:   (5150000 KHz - 5250000 KHz @ 80000 KHz, 200000 KHz AUTO), (N/A, 2000 mBm), (N/A)
[  939.220790] cfg80211:   (5250000 KHz - 5350000 KHz @ 80000 KHz, 200000 KHz AUTO), (N/A, 2000 mBm), (0 s)
[  939.220792] cfg80211:   (5470000 KHz - 5725000 KHz @ 160000 KHz), (N/A, 2698 mBm), (0 s)
[  939.220794] cfg80211:   (57000000 KHz - 66000000 KHz @ 2160000 KHz), (N/A, 4000 mBm), (N/A)
[ 1178.631950] wlp3s0: authenticate with 80:3f:5d:81:96:d1
[ 1178.634195] wlp3s0: send auth to 80:3f:5d:81:96:d1 (try 1/3)
[ 1178.636344] wlp3s0: authenticated
[ 1178.637466] wlp3s0: associate with 80:3f:5d:81:96:d1 (try 1/3)
[ 1178.639294] cfg80211: World regulatory domain updated:
[ 1178.639298] cfg80211:  DFS Master region: unset
[ 1178.639299] cfg80211:   (start_freq - end_freq @ bandwidth), (max_antenna_gain, max_eirp), (dfs_cac_time)
[ 1178.639302] cfg80211:   (2402000 KHz - 2472000 KHz @ 40000 KHz), (N/A, 2000 mBm), (N/A)
[ 1178.639304] cfg80211:   (2457000 KHz - 2482000 KHz @ 40000 KHz), (N/A, 2000 mBm), (N/A)
[ 1178.639305] cfg80211:   (2474000 KHz - 2494000 KHz @ 20000 KHz), (N/A, 2000 mBm), (N/A)
[ 1178.639307] cfg80211:   (5170000 KHz - 5250000 KHz @ 80000 KHz, 160000 KHz AUTO), (N/A, 2000 mBm), (N/A)
[ 1178.639309] cfg80211:   (5250000 KHz - 5330000 KHz @ 80000 KHz, 160000 KHz AUTO), (N/A, 2000 mBm), (0 s)
[ 1178.639311] cfg80211:   (5490000 KHz - 5730000 KHz @ 160000 KHz), (N/A, 2000 mBm), (0 s)
[ 1178.639313] cfg80211:   (5735000 KHz - 5835000 KHz @ 80000 KHz), (N/A, 2000 mBm), (N/A)
[ 1178.639314] cfg80211:   (57240000 KHz - 63720000 KHz @ 2160000 KHz), (N/A, 0 mBm), (N/A)
[ 1178.642175] cfg80211: Regulatory domain changed to country: DE
[ 1178.642179] cfg80211:  DFS Master region: ETSI
[ 1178.642180] cfg80211:   (start_freq - end_freq @ bandwidth), (max_antenna_gain, max_eirp), (dfs_cac_time)
[ 1178.642183] cfg80211:   (2400000 KHz - 2483500 KHz @ 40000 KHz), (N/A, 2000 mBm), (N/A)
[ 1178.642185] cfg80211:   (5150000 KHz - 5250000 KHz @ 80000 KHz, 200000 KHz AUTO), (N/A, 2000 mBm), (N/A)
[ 1178.642188] cfg80211:   (5250000 KHz - 5350000 KHz @ 80000 KHz, 200000 KHz AUTO), (N/A, 2000 mBm), (0 s)
[ 1178.642190] cfg80211:   (5470000 KHz - 5725000 KHz @ 160000 KHz), (N/A, 2698 mBm), (0 s)
[ 1178.642192] cfg80211:   (57000000 KHz - 66000000 KHz @ 2160000 KHz), (N/A, 4000 mBm), (N/A)
[ 1178.644454] wlp3s0: RX AssocResp from 80:3f:5d:81:96:d1 (capab=0x411 status=0 aid=1)
[ 1178.650526] wlp3s0: associated
[ 1419.354323] wlp3s0: authenticate with d4:21:22:ad:86:33
[ 1419.355817] wlp3s0: send auth to d4:21:22:ad:86:33 (try 1/3)
[ 1419.358026] wlp3s0: authenticated
[ 1419.359153] wlp3s0: associate with d4:21:22:ad:86:33 (try 1/3)
[ 1419.362806] wlp3s0: RX AssocResp from d4:21:22:ad:86:33 (capab=0x411 status=0 aid=2)
[ 1419.364440] cfg80211: World regulatory domain updated:
[ 1419.364444] cfg80211:  DFS Master region: unset
[ 1419.364445] cfg80211:   (start_freq - end_freq @ bandwidth), (max_antenna_gain, max_eirp), (dfs_cac_time)
[ 1419.364448] cfg80211:   (2402000 KHz - 2472000 KHz @ 40000 KHz), (N/A, 2000 mBm), (N/A)
[ 1419.364450] cfg80211:   (2457000 KHz - 2482000 KHz @ 40000 KHz), (N/A, 2000 mBm), (N/A)
[ 1419.364452] cfg80211:   (2474000 KHz - 2494000 KHz @ 20000 KHz), (N/A, 2000 mBm), (N/A)
[ 1419.364455] cfg80211:   (5170000 KHz - 5250000 KHz @ 80000 KHz, 160000 KHz AUTO), (N/A, 2000 mBm), (N/A)
[ 1419.364457] cfg80211:   (5250000 KHz - 5330000 KHz @ 80000 KHz, 160000 KHz AUTO), (N/A, 2000 mBm), (0 s)
[ 1419.364459] cfg80211:   (5490000 KHz - 5730000 KHz @ 160000 KHz), (N/A, 2000 mBm), (0 s)
[ 1419.364461] cfg80211:   (5735000 KHz - 5835000 KHz @ 80000 KHz), (N/A, 2000 mBm), (N/A)
[ 1419.364463] cfg80211:   (57240000 KHz - 63720000 KHz @ 2160000 KHz), (N/A, 0 mBm), (N/A)
[ 1419.374291] cfg80211: Regulatory domain changed to country: DE
[ 1419.374294] cfg80211:  DFS Master region: ETSI
[ 1419.374295] cfg80211:   (start_freq - end_freq @ bandwidth), (max_antenna_gain, max_eirp), (dfs_cac_time)
[ 1419.374297] cfg80211:   (2400000 KHz - 2483500 KHz @ 40000 KHz), (N/A, 2000 mBm), (N/A)
[ 1419.374299] cfg80211:   (5150000 KHz - 5250000 KHz @ 80000 KHz, 200000 KHz AUTO), (N/A, 2000 mBm), (N/A)
[ 1419.374300] cfg80211:   (5250000 KHz - 5350000 KHz @ 80000 KHz, 200000 KHz AUTO), (N/A, 2000 mBm), (0 s)
[ 1419.374302] cfg80211:   (5470000 KHz - 5725000 KHz @ 160000 KHz), (N/A, 2698 mBm), (0 s)
[ 1419.374303] cfg80211:   (57000000 KHz - 66000000 KHz @ 2160000 KHz), (N/A, 4000 mBm), (N/A)
[ 1419.382501] wlp3s0: associated
[ 1419.386337] cfg80211: Regulatory domain changed to country: DE
[ 1419.386340] cfg80211:  DFS Master region: ETSI
[ 1419.386341] cfg80211:   (start_freq - end_freq @ bandwidth), (max_antenna_gain, max_eirp), (dfs_cac_time)
[ 1419.386343] cfg80211:   (2400000 KHz - 2483500 KHz @ 40000 KHz), (N/A, 2000 mBm), (N/A)
[ 1419.386345] cfg80211:   (5150000 KHz - 5250000 KHz @ 80000 KHz, 200000 KHz AUTO), (N/A, 2000 mBm), (N/A)
[ 1419.386346] cfg80211:   (5250000 KHz - 5350000 KHz @ 80000 KHz, 200000 KHz AUTO), (N/A, 2000 mBm), (0 s)
[ 1419.386348] cfg80211:   (5470000 KHz - 5725000 KHz @ 160000 KHz), (N/A, 2698 mBm), (0 s)
[ 1419.386349] cfg80211:   (57000000 KHz - 66000000 KHz @ 2160000 KHz), (N/A, 4000 mBm), (N/A)
[ 1538.701511] wlp3s0: authenticate with 80:3f:5d:81:96:d1
[ 1538.703957] wlp3s0: send auth to 80:3f:5d:81:96:d1 (try 1/3)
[ 1538.706296] wlp3s0: authenticated
[ 1538.708270] wlp3s0: waiting for beacon from 80:3f:5d:81:96:d1
[ 1538.712230] cfg80211: World regulatory domain updated:
[ 1538.712234] cfg80211:  DFS Master region: unset
[ 1538.712235] cfg80211:   (start_freq - end_freq @ bandwidth), (max_antenna_gain, max_eirp), (dfs_cac_time)
[ 1538.712237] cfg80211:   (2402000 KHz - 2472000 KHz @ 40000 KHz), (N/A, 2000 mBm), (N/A)
[ 1538.712239] cfg80211:   (2457000 KHz - 2482000 KHz @ 40000 KHz), (N/A, 2000 mBm), (N/A)
[ 1538.712241] cfg80211:   (2474000 KHz - 2494000 KHz @ 20000 KHz), (N/A, 2000 mBm), (N/A)
[ 1538.712243] cfg80211:   (5170000 KHz - 5250000 KHz @ 80000 KHz, 160000 KHz AUTO), (N/A, 2000 mBm), (N/A)
[ 1538.712244] cfg80211:   (5250000 KHz - 5330000 KHz @ 80000 KHz, 160000 KHz AUTO), (N/A, 2000 mBm), (0 s)
[ 1538.712246] cfg80211:   (5490000 KHz - 5730000 KHz @ 160000 KHz), (N/A, 2000 mBm), (0 s)
[ 1538.712247] cfg80211:   (5735000 KHz - 5835000 KHz @ 80000 KHz), (N/A, 2000 mBm), (N/A)
[ 1538.712249] cfg80211:   (57240000 KHz - 63720000 KHz @ 2160000 KHz), (N/A, 0 mBm), (N/A)
[ 1538.716595] cfg80211: Regulatory domain changed to country: DE
[ 1538.716600] cfg80211:  DFS Master region: ETSI
[ 1538.716601] cfg80211:   (start_freq - end_freq @ bandwidth), (max_antenna_gain, max_eirp), (dfs_cac_time)
[ 1538.716604] cfg80211:   (2400000 KHz - 2483500 KHz @ 40000 KHz), (N/A, 2000 mBm), (N/A)
[ 1538.716606] cfg80211:   (5150000 KHz - 5250000 KHz @ 80000 KHz, 200000 KHz AUTO), (N/A, 2000 mBm), (N/A)
[ 1538.716608] cfg80211:   (5250000 KHz - 5350000 KHz @ 80000 KHz, 200000 KHz AUTO), (N/A, 2000 mBm), (0 s)
[ 1538.716610] cfg80211:   (5470000 KHz - 5725000 KHz @ 160000 KHz), (N/A, 2698 mBm), (0 s)
[ 1538.716612] cfg80211:   (57000000 KHz - 66000000 KHz @ 2160000 KHz), (N/A, 4000 mBm), (N/A)
[ 1538.719068] wlp3s0: associate with 80:3f:5d:81:96:d1 (try 1/3)
[ 1538.723304] wlp3s0: RX AssocResp from 80:3f:5d:81:96:d1 (capab=0x411 status=0 aid=1)
[ 1538.729895] wlp3s0: associated
[ 2980.269520] wlp3s0: authenticate with d4:21:22:ad:86:33
[ 2980.271458] wlp3s0: send auth to d4:21:22:ad:86:33 (try 1/3)
[ 2980.273508] wlp3s0: authenticated
[ 2980.280751] wlp3s0: waiting for beacon from d4:21:22:ad:86:33
[ 2980.289032] cfg80211: World regulatory domain updated:
[ 2980.289040] cfg80211:  DFS Master region: unset
[ 2980.289043] cfg80211:   (start_freq - end_freq @ bandwidth), (max_antenna_gain, max_eirp), (dfs_cac_time)
[ 2980.289048] cfg80211:   (2402000 KHz - 2472000 KHz @ 40000 KHz), (N/A, 2000 mBm), (N/A)
[ 2980.289052] cfg80211:   (2457000 KHz - 2482000 KHz @ 40000 KHz), (N/A, 2000 mBm), (N/A)
[ 2980.289055] cfg80211:   (2474000 KHz - 2494000 KHz @ 20000 KHz), (N/A, 2000 mBm), (N/A)
[ 2980.289060] cfg80211:   (5170000 KHz - 5250000 KHz @ 80000 KHz, 160000 KHz AUTO), (N/A, 2000 mBm), (N/A)
[ 2980.289082] cfg80211:   (5250000 KHz - 5330000 KHz @ 80000 KHz, 160000 KHz AUTO), (N/A, 2000 mBm), (0 s)
[ 2980.289086] cfg80211:   (5490000 KHz - 5730000 KHz @ 160000 KHz), (N/A, 2000 mBm), (0 s)
[ 2980.289090] cfg80211:   (5735000 KHz - 5835000 KHz @ 80000 KHz), (N/A, 2000 mBm), (N/A)
[ 2980.289094] cfg80211:   (57240000 KHz - 63720000 KHz @ 2160000 KHz), (N/A, 0 mBm), (N/A)
[ 2980.299547] cfg80211: Regulatory domain changed to country: DE
[ 2980.299552] cfg80211:  DFS Master region: ETSI
[ 2980.299555] cfg80211:   (start_freq - end_freq @ bandwidth), (max_antenna_gain, max_eirp), (dfs_cac_time)
[ 2980.299559] cfg80211:   (2400000 KHz - 2483500 KHz @ 40000 KHz), (N/A, 2000 mBm), (N/A)
[ 2980.299563] cfg80211:   (5150000 KHz - 5250000 KHz @ 80000 KHz, 200000 KHz AUTO), (N/A, 2000 mBm), (N/A)
[ 2980.299566] cfg80211:   (5250000 KHz - 5350000 KHz @ 80000 KHz, 200000 KHz AUTO), (N/A, 2000 mBm), (0 s)
[ 2980.299569] cfg80211:   (5470000 KHz - 5725000 KHz @ 160000 KHz), (N/A, 2698 mBm), (0 s)
[ 2980.299572] cfg80211:   (57000000 KHz - 66000000 KHz @ 2160000 KHz), (N/A, 4000 mBm), (N/A)
[ 2980.341124] wlp3s0: associate with d4:21:22:ad:86:33 (try 1/3)
[ 2980.344786] wlp3s0: RX AssocResp from d4:21:22:ad:86:33 (capab=0x411 status=0 aid=2)
[ 2980.363968] wlp3s0: associated
[ 2980.368099] cfg80211: Regulatory domain changed to country: DE
[ 2980.368104] cfg80211:  DFS Master region: ETSI
[ 2980.368106] cfg80211:   (start_freq - end_freq @ bandwidth), (max_antenna_gain, max_eirp), (dfs_cac_time)
[ 2980.368109] cfg80211:   (2400000 KHz - 2483500 KHz @ 40000 KHz), (N/A, 2000 mBm), (N/A)
[ 2980.368111] cfg80211:   (5150000 KHz - 5250000 KHz @ 80000 KHz, 200000 KHz AUTO), (N/A, 2000 mBm), (N/A)
[ 2980.368113] cfg80211:   (5250000 KHz - 5350000 KHz @ 80000 KHz, 200000 KHz AUTO), (N/A, 2000 mBm), (0 s)
[ 2980.368130] cfg80211:   (5470000 KHz - 5725000 KHz @ 160000 KHz), (N/A, 2698 mBm), (0 s)
[ 2980.368132] cfg80211:   (57000000 KHz - 66000000 KHz @ 2160000 KHz), (N/A, 4000 mBm), (N/A)
[ 3099.897680] wlp3s0: authenticate with 80:3f:5d:81:96:d1
[ 3099.900471] wlp3s0: send auth to 80:3f:5d:81:96:d1 (try 1/3)
[ 3099.903537] wlp3s0: authenticated
[ 3099.903769] cfg80211: World regulatory domain updated:
[ 3099.903772] cfg80211:  DFS Master region: unset
[ 3099.903774] cfg80211:   (start_freq - end_freq @ bandwidth), (max_antenna_gain, max_eirp), (dfs_cac_time)
[ 3099.903776] cfg80211:   (2402000 KHz - 2472000 KHz @ 40000 KHz), (N/A, 2000 mBm), (N/A)
[ 3099.903777] cfg80211:   (2457000 KHz - 2482000 KHz @ 40000 KHz), (N/A, 2000 mBm), (N/A)
[ 3099.903778] cfg80211:   (2474000 KHz - 2494000 KHz @ 20000 KHz), (N/A, 2000 mBm), (N/A)
[ 3099.903780] cfg80211:   (5170000 KHz - 5250000 KHz @ 80000 KHz, 160000 KHz AUTO), (N/A, 2000 mBm), (N/A)
[ 3099.903781] cfg80211:   (5250000 KHz - 5330000 KHz @ 80000 KHz, 160000 KHz AUTO), (N/A, 2000 mBm), (0 s)
[ 3099.903783] cfg80211:   (5490000 KHz - 5730000 KHz @ 160000 KHz), (N/A, 2000 mBm), (0 s)
[ 3099.903784] cfg80211:   (5735000 KHz - 5835000 KHz @ 80000 KHz), (N/A, 2000 mBm), (N/A)
[ 3099.903785] cfg80211:   (57240000 KHz - 63720000 KHz @ 2160000 KHz), (N/A, 0 mBm), (N/A)
[ 3099.903873] wlp3s0: waiting for beacon from 80:3f:5d:81:96:d1
[ 3099.906725] cfg80211: Regulatory domain changed to country: DE
[ 3099.906729] cfg80211:  DFS Master region: ETSI
[ 3099.906731] cfg80211:   (start_freq - end_freq @ bandwidth), (max_antenna_gain, max_eirp), (dfs_cac_time)
[ 3099.906733] cfg80211:   (2400000 KHz - 2483500 KHz @ 40000 KHz), (N/A, 2000 mBm), (N/A)
[ 3099.906735] cfg80211:   (5150000 KHz - 5250000 KHz @ 80000 KHz, 200000 KHz AUTO), (N/A, 2000 mBm), (N/A)
[ 3099.906737] cfg80211:   (5250000 KHz - 5350000 KHz @ 80000 KHz, 200000 KHz AUTO), (N/A, 2000 mBm), (0 s)
[ 3099.906739] cfg80211:   (5470000 KHz - 5725000 KHz @ 160000 KHz), (N/A, 2698 mBm), (0 s)
[ 3099.906740] cfg80211:   (57000000 KHz - 66000000 KHz @ 2160000 KHz), (N/A, 4000 mBm), (N/A)
[ 3099.941303] wlp3s0: associate with 80:3f:5d:81:96:d1 (try 1/3)
[ 3099.945608] wlp3s0: RX AssocResp from 80:3f:5d:81:96:d1 (capab=0x411 status=0 aid=1)
[ 3099.955519] wlp3s0: associated
[ 3220.769285] wlp3s0: authenticate with d4:21:22:ad:86:33
[ 3220.774472] wlp3s0: send auth to d4:21:22:ad:86:33 (try 1/3)
[ 3220.778534] wlp3s0: authenticated
[ 3220.778755] wlp3s0: waiting for beacon from d4:21:22:ad:86:33
[ 3220.780207] cfg80211: World regulatory domain updated:
[ 3220.780213] cfg80211:  DFS Master region: unset
[ 3220.780215] cfg80211:   (start_freq - end_freq @ bandwidth), (max_antenna_gain, max_eirp), (dfs_cac_time)
[ 3220.780235] cfg80211:   (2402000 KHz - 2472000 KHz @ 40000 KHz), (N/A, 2000 mBm), (N/A)
[ 3220.780238] cfg80211:   (2457000 KHz - 2482000 KHz @ 40000 KHz), (N/A, 2000 mBm), (N/A)
[ 3220.780241] cfg80211:   (2474000 KHz - 2494000 KHz @ 20000 KHz), (N/A, 2000 mBm), (N/A)
[ 3220.780244] cfg80211:   (5170000 KHz - 5250000 KHz @ 80000 KHz, 160000 KHz AUTO), (N/A, 2000 mBm), (N/A)
[ 3220.780247] cfg80211:   (5250000 KHz - 5330000 KHz @ 80000 KHz, 160000 KHz AUTO), (N/A, 2000 mBm), (0 s)
[ 3220.780249] cfg80211:   (5490000 KHz - 5730000 KHz @ 160000 KHz), (N/A, 2000 mBm), (0 s)
[ 3220.780251] cfg80211:   (5735000 KHz - 5835000 KHz @ 80000 KHz), (N/A, 2000 mBm), (N/A)
[ 3220.780253] cfg80211:   (57240000 KHz - 63720000 KHz @ 2160000 KHz), (N/A, 0 mBm), (N/A)
[ 3220.786001] cfg80211: Regulatory domain changed to country: DE
[ 3220.786007] cfg80211:  DFS Master region: ETSI
[ 3220.786009] cfg80211:   (start_freq - end_freq @ bandwidth), (max_antenna_gain, max_eirp), (dfs_cac_time)
[ 3220.786012] cfg80211:   (2400000 KHz - 2483500 KHz @ 40000 KHz), (N/A, 2000 mBm), (N/A)
[ 3220.786015] cfg80211:   (5150000 KHz - 5250000 KHz @ 80000 KHz, 200000 KHz AUTO), (N/A, 2000 mBm), (N/A)
[ 3220.786018] cfg80211:   (5250000 KHz - 5350000 KHz @ 80000 KHz, 200000 KHz AUTO), (N/A, 2000 mBm), (0 s)
[ 3220.786021] cfg80211:   (5470000 KHz - 5725000 KHz @ 160000 KHz), (N/A, 2698 mBm), (0 s)
[ 3220.786023] cfg80211:   (57000000 KHz - 66000000 KHz @ 2160000 KHz), (N/A, 4000 mBm), (N/A)
[ 3220.832287] wlp3s0: associate with d4:21:22:ad:86:33 (try 1/3)
[ 3220.837362] wlp3s0: RX AssocResp from d4:21:22:ad:86:33 (capab=0x411 status=0 aid=2)
[ 3220.860556] wlp3s0: associated
[ 3220.863340] cfg80211: Regulatory domain changed to country: DE
[ 3220.863343] cfg80211:  DFS Master region: ETSI
[ 3220.863344] cfg80211:   (start_freq - end_freq @ bandwidth), (max_antenna_gain, max_eirp), (dfs_cac_time)
[ 3220.863346] cfg80211:   (2400000 KHz - 2483500 KHz @ 40000 KHz), (N/A, 2000 mBm), (N/A)
[ 3220.863348] cfg80211:   (5150000 KHz - 5250000 KHz @ 80000 KHz, 200000 KHz AUTO), (N/A, 2000 mBm), (N/A)
[ 3220.863350] cfg80211:   (5250000 KHz - 5350000 KHz @ 80000 KHz, 200000 KHz AUTO), (N/A, 2000 mBm), (0 s)
[ 3220.863351] cfg80211:   (5470000 KHz - 5725000 KHz @ 160000 KHz), (N/A, 2698 mBm), (0 s)
[ 3220.863352] cfg80211:   (57000000 KHz - 66000000 KHz @ 2160000 KHz), (N/A, 4000 mBm), (N/A)
[ 3340.095643] wlp3s0: authenticate with 80:3f:5d:81:96:d1
[ 3340.098096] wlp3s0: direct probe to 80:3f:5d:81:96:d1 (try 1/3)
[ 3340.105674] cfg80211: World regulatory domain updated:
[ 3340.105680] cfg80211:  DFS Master region: unset
[ 3340.105683] cfg80211:   (start_freq - end_freq @ bandwidth), (max_antenna_gain, max_eirp), (dfs_cac_time)
[ 3340.105688] cfg80211:   (2402000 KHz - 2472000 KHz @ 40000 KHz), (N/A, 2000 mBm), (N/A)
[ 3340.105692] cfg80211:   (2457000 KHz - 2482000 KHz @ 40000 KHz), (N/A, 2000 mBm), (N/A)
[ 3340.105696] cfg80211:   (2474000 KHz - 2494000 KHz @ 20000 KHz), (N/A, 2000 mBm), (N/A)
[ 3340.105700] cfg80211:   (5170000 KHz - 5250000 KHz @ 80000 KHz, 160000 KHz AUTO), (N/A, 2000 mBm), (N/A)
[ 3340.105704] cfg80211:   (5250000 KHz - 5330000 KHz @ 80000 KHz, 160000 KHz AUTO), (N/A, 2000 mBm), (0 s)
[ 3340.105708] cfg80211:   (5490000 KHz - 5730000 KHz @ 160000 KHz), (N/A, 2000 mBm), (0 s)
[ 3340.105711] cfg80211:   (5735000 KHz - 5835000 KHz @ 80000 KHz), (N/A, 2000 mBm), (N/A)
[ 3340.105714] cfg80211:   (57240000 KHz - 63720000 KHz @ 2160000 KHz), (N/A, 0 mBm), (N/A)
[ 3340.114297] cfg80211: Regulatory domain changed to country: DE
[ 3340.114303] cfg80211:  DFS Master region: ETSI
[ 3340.114305] cfg80211:   (start_freq - end_freq @ bandwidth), (max_antenna_gain, max_eirp), (dfs_cac_time)
[ 3340.114309] cfg80211:   (2400000 KHz - 2483500 KHz @ 40000 KHz), (N/A, 2000 mBm), (N/A)
[ 3340.114313] cfg80211:   (5150000 KHz - 5250000 KHz @ 80000 KHz, 200000 KHz AUTO), (N/A, 2000 mBm), (N/A)
[ 3340.114316] cfg80211:   (5250000 KHz - 5350000 KHz @ 80000 KHz, 200000 KHz AUTO), (N/A, 2000 mBm), (0 s)
[ 3340.114319] cfg80211:   (5470000 KHz - 5725000 KHz @ 160000 KHz), (N/A, 2698 mBm), (0 s)
[ 3340.114322] cfg80211:   (57000000 KHz - 66000000 KHz @ 2160000 KHz), (N/A, 4000 mBm), (N/A)
[ 3340.298342] wlp3s0: send auth to 80:3f:5d:81:96:d1 (try 2/3)
[ 3340.300134] wlp3s0: authenticated
[ 3340.301376] wlp3s0: associate with 80:3f:5d:81:96:d1 (try 1/3)
[ 3340.305634] wlp3s0: RX AssocResp from 80:3f:5d:81:96:d1 (capab=0x411 status=0 aid=3)
[ 3340.315978] wlp3s0: associated
[ 4068.792898] nf_conntrack: automatic helper assignment is deprecated and it will be removed soon. Use the iptables CT target to attach helpers instead.
[ 7348.824611] thinkpad_acpi: EC reports that Thermal Table has changed
[ 7348.968395] NMI watchdog: enabled on all CPUs, permanently consumes one hw-PMU counter.
[ 7903.617750] wlp3s0: authenticate with d4:21:22:ad:86:33
[ 7903.622100] wlp3s0: send auth to d4:21:22:ad:86:33 (try 1/3)
[ 7903.625081] wlp3s0: authenticated
[ 7903.625832] wlp3s0: waiting for beacon from d4:21:22:ad:86:33
[ 7903.641083] cfg80211: World regulatory domain updated:
[ 7903.641088] cfg80211:  DFS Master region: unset
[ 7903.641090] cfg80211:   (start_freq - end_freq @ bandwidth), (max_antenna_gain, max_eirp), (dfs_cac_time)
[ 7903.641094] cfg80211:   (2402000 KHz - 2472000 KHz @ 40000 KHz), (N/A, 2000 mBm), (N/A)
[ 7903.641097] cfg80211:   (2457000 KHz - 2482000 KHz @ 40000 KHz), (N/A, 2000 mBm), (N/A)
[ 7903.641099] cfg80211:   (2474000 KHz - 2494000 KHz @ 20000 KHz), (N/A, 2000 mBm), (N/A)
[ 7903.641103] cfg80211:   (5170000 KHz - 5250000 KHz @ 80000 KHz, 160000 KHz AUTO), (N/A, 2000 mBm), (N/A)
[ 7903.641106] cfg80211:   (5250000 KHz - 5330000 KHz @ 80000 KHz, 160000 KHz AUTO), (N/A, 2000 mBm), (0 s)
[ 7903.641108] cfg80211:   (5490000 KHz - 5730000 KHz @ 160000 KHz), (N/A, 2000 mBm), (0 s)
[ 7903.641111] cfg80211:   (5735000 KHz - 5835000 KHz @ 80000 KHz), (N/A, 2000 mBm), (N/A)
[ 7903.641113] cfg80211:   (57240000 KHz - 63720000 KHz @ 2160000 KHz), (N/A, 0 mBm), (N/A)
[ 7903.653353] cfg80211: Regulatory domain changed to country: DE
[ 7903.653358] cfg80211:  DFS Master region: ETSI
[ 7903.653359] cfg80211:   (start_freq - end_freq @ bandwidth), (max_antenna_gain, max_eirp), (dfs_cac_time)
[ 7903.653362] cfg80211:   (2400000 KHz - 2483500 KHz @ 40000 KHz), (N/A, 2000 mBm), (N/A)
[ 7903.653365] cfg80211:   (5150000 KHz - 5250000 KHz @ 80000 KHz, 200000 KHz AUTO), (N/A, 2000 mBm), (N/A)
[ 7903.653368] cfg80211:   (5250000 KHz - 5350000 KHz @ 80000 KHz, 200000 KHz AUTO), (N/A, 2000 mBm), (0 s)
[ 7903.653371] cfg80211:   (5470000 KHz - 5725000 KHz @ 160000 KHz), (N/A, 2698 mBm), (0 s)
[ 7903.653373] cfg80211:   (57000000 KHz - 66000000 KHz @ 2160000 KHz), (N/A, 4000 mBm), (N/A)
[ 7903.679134] wlp3s0: associate with d4:21:22:ad:86:33 (try 1/3)
[ 7903.682784] wlp3s0: RX AssocResp from d4:21:22:ad:86:33 (capab=0x411 status=0 aid=3)
[ 7903.706297] wlp3s0: associated
[ 7903.709123] cfg80211: Regulatory domain changed to country: DE
[ 7903.709127] cfg80211:  DFS Master region: ETSI
[ 7903.709129] cfg80211:   (start_freq - end_freq @ bandwidth), (max_antenna_gain, max_eirp), (dfs_cac_time)
[ 7903.709131] cfg80211:   (2400000 KHz - 2483500 KHz @ 40000 KHz), (N/A, 2000 mBm), (N/A)
[ 7903.709134] cfg80211:   (5150000 KHz - 5250000 KHz @ 80000 KHz, 200000 KHz AUTO), (N/A, 2000 mBm), (N/A)
[ 7903.709136] cfg80211:   (5250000 KHz - 5350000 KHz @ 80000 KHz, 200000 KHz AUTO), (N/A, 2000 mBm), (0 s)
[ 7903.709138] cfg80211:   (5470000 KHz - 5725000 KHz @ 160000 KHz), (N/A, 2698 mBm), (0 s)
[ 7903.709140] cfg80211:   (57000000 KHz - 66000000 KHz @ 2160000 KHz), (N/A, 4000 mBm), (N/A)
[ 8623.450573] wlp3s0: authenticate with 80:3f:5d:81:96:d1
[ 8623.452954] wlp3s0: send auth to 80:3f:5d:81:96:d1 (try 1/3)
[ 8623.454711] wlp3s0: authenticated
[ 8623.455906] wlp3s0: waiting for beacon from 80:3f:5d:81:96:d1
[ 8623.459404] cfg80211: World regulatory domain updated:
[ 8623.459408] cfg80211:  DFS Master region: unset
[ 8623.459409] cfg80211:   (start_freq - end_freq @ bandwidth), (max_antenna_gain, max_eirp), (dfs_cac_time)
[ 8623.459411] cfg80211:   (2402000 KHz - 2472000 KHz @ 40000 KHz), (N/A, 2000 mBm), (N/A)
[ 8623.459413] cfg80211:   (2457000 KHz - 2482000 KHz @ 40000 KHz), (N/A, 2000 mBm), (N/A)
[ 8623.459415] cfg80211:   (2474000 KHz - 2494000 KHz @ 20000 KHz), (N/A, 2000 mBm), (N/A)
[ 8623.459417] cfg80211:   (5170000 KHz - 5250000 KHz @ 80000 KHz, 160000 KHz AUTO), (N/A, 2000 mBm), (N/A)
[ 8623.459419] cfg80211:   (5250000 KHz - 5330000 KHz @ 80000 KHz, 160000 KHz AUTO), (N/A, 2000 mBm), (0 s)
[ 8623.459421] cfg80211:   (5490000 KHz - 5730000 KHz @ 160000 KHz), (N/A, 2000 mBm), (0 s)
[ 8623.459422] cfg80211:   (5735000 KHz - 5835000 KHz @ 80000 KHz), (N/A, 2000 mBm), (N/A)
[ 8623.459424] cfg80211:   (57240000 KHz - 63720000 KHz @ 2160000 KHz), (N/A, 0 mBm), (N/A)
[ 8623.463992] cfg80211: Regulatory domain changed to country: DE
[ 8623.463996] cfg80211:  DFS Master region: ETSI
[ 8623.463998] cfg80211:   (start_freq - end_freq @ bandwidth), (max_antenna_gain, max_eirp), (dfs_cac_time)
[ 8623.464000] cfg80211:   (2400000 KHz - 2483500 KHz @ 40000 KHz), (N/A, 2000 mBm), (N/A)
[ 8623.464002] cfg80211:   (5150000 KHz - 5250000 KHz @ 80000 KHz, 200000 KHz AUTO), (N/A, 2000 mBm), (N/A)
[ 8623.464004] cfg80211:   (5250000 KHz - 5350000 KHz @ 80000 KHz, 200000 KHz AUTO), (N/A, 2000 mBm), (0 s)
[ 8623.464006] cfg80211:   (5470000 KHz - 5725000 KHz @ 160000 KHz), (N/A, 2698 mBm), (0 s)
[ 8623.464008] cfg80211:   (57000000 KHz - 66000000 KHz @ 2160000 KHz), (N/A, 4000 mBm), (N/A)
[ 8623.552480] wlp3s0: associate with 80:3f:5d:81:96:d1 (try 1/3)
[ 8623.565759] wlp3s0: RX AssocResp from 80:3f:5d:81:96:d1 (capab=0x411 status=0 aid=3)
[ 8623.571188] wlp3s0: associated
[ 8711.244858] ------------[ cut here ]------------
[ 8711.244888] WARNING: CPU: 2 PID: 3629 at drivers/gpu/drm/i915/intel_ringbuffer.c:2216 intel_ring_reserved_space_reserve+0x40/0x70 [i915]()
[ 8711.244889] WARN_ON(ringbuf->reserved_size)
[ 8711.244891] Modules linked in:
[ 8711.244893]  rfcomm fuse xt_CHECKSUM ipt_MASQUERADE nf_nat_masquerade_ipv4 tun ccm cmac nf_conntrack_netbios_ns nf_conntrack_broadcast ip6t_rpfilter ip6t_REJECT nf_reject_ipv6 xt_conntrack ebtable_nat ebtable_broute bridge stp llc ebtable_filter ebtables ip6table_raw ip6table_mangle ip6table_security ip6table_nat nf_conntrack_ipv6 nf_defrag_ipv6 nf_nat_ipv6 ip6table_filter ip6_tables iptable_raw iptable_mangle iptable_security iptable_nat nf_conntrack_ipv4 nf_defrag_ipv4 nf_nat_ipv4 nf_nat nf_conntrack bnep uvcvideo iTCO_wdt iTCO_vendor_support videobuf2_vmalloc snd_hda_codec_hdmi videobuf2_core btusb btrtl videobuf2_memops snd_hda_codec_realtek v4l2_common btbcm snd_hda_codec_generic btintel intel_rapl bluetooth iosf_mbi snd_hda_intel videodev snd_hda_codec x86_pkg_temp_thermal coretemp kvm_intel
[ 8711.244928]  media arc4 kvm iwldvm mac80211 snd_hda_core snd_hwdep snd_seq snd_seq_device iwlwifi snd_pcm cfg80211 i2c_i801 joydev thinkpad_acpi tpm_tis lpc_ich snd_timer wmi mei_me tpm rfkill snd mei shpchp soundcore nfsd auth_rpcgss nfs_acl lockd grace sunrpc dm_crypt i915 crct10dif_pclmul crc32_pclmul crc32c_intel serio_raw i2c_algo_bit drm_kms_helper sdhci_pci sdhci e1000e drm mmc_core ptp pps_core fjes video
[ 8711.244956] CPU: 2 PID: 3629 Comm: chrome Not tainted 4.3.3-300.fc23.x86_64 #1
[ 8711.244958] Hardware name: LENOVO 2325CN3/2325CN3, BIOS G2ET91WW (2.51 ) 01/14/2013
[ 8711.244959]  0000000000000000 000000007257f337 ffff8801e8473820 ffffffff813a626f
[ 8711.244962]  ffff8801e8473868 ffff8801e8473858 ffffffff810a07c2 ffff880212487b80
[ 8711.244964]  00000000000000a0 ffff8801e8473950 ffff880211c19700 ffff880036a20000
[ 8711.244967] Call Trace:
[ 8711.244972]  [<ffffffff813a626f>] dump_stack+0x44/0x55
[ 8711.244976]  [<ffffffff810a07c2>] warn_slowpath_common+0x82/0xc0
[ 8711.244978]  [<ffffffff810a085c>] warn_slowpath_fmt+0x5c/0x80
[ 8711.244995]  [<ffffffffa01a4470>] intel_ring_reserved_space_reserve+0x40/0x70 [i915]
[ 8711.245009]  [<ffffffffa01a484b>] intel_ring_reserve_space+0x1b/0x30 [i915]
[ 8711.245022]  [<ffffffffa018d2a3>] i915_gem_request_alloc+0xb3/0x1b0 [i915]
[ 8711.245034]  [<ffffffffa018d9eb>] i915_gpu_idle+0x5b/0x110 [i915]
[ 8711.245046]  [<ffffffffa0180b50>] i915_gem_evict_everything+0x90/0x150 [i915]
[ 8711.245059]  [<ffffffffa01934c5>] i915_gem_shrink_all+0x15/0x30 [i915]
[ 8711.245070]  [<ffffffffa018ae30>] i915_gem_object_get_pages_gtt+0x2e0/0x3f0 [i915]
[ 8711.245082]  [<ffffffffa0185c30>] ? gen6_ggtt_insert_entries+0xe0/0x150 [i915]
[ 8711.245094]  [<ffffffffa018c074>] i915_gem_object_get_pages+0x44/0xc0 [i915]
[ 8711.245106]  [<ffffffffa01910db>] i915_gem_object_do_pin+0x5bb/0xa80 [i915]
[ 8711.245118]  [<ffffffffa01915da>] i915_gem_object_pin+0x3a/0x40 [i915]
[ 8711.245128]  [<ffffffffa017f3a2>] i915_switch_context+0x312/0x9d0 [i915]
[ 8711.245139]  [<ffffffffa0182ce0>] i915_gem_ringbuffer_submission+0x280/0xaa0 [i915]
[ 8711.245150]  [<ffffffffa0181fb4>] i915_gem_do_execbuffer.isra.26+0xb34/0x12a0 [i915]
[ 8711.245155]  [<ffffffff8177cb8d>] ? io_schedule_timeout+0xdd/0x110
[ 8711.245157]  [<ffffffff8177d9b4>] ? __wait_on_bit+0x74/0x90
[ 8711.245168]  [<ffffffffa01838c2>] i915_gem_execbuffer2+0xb2/0x240 [i915]
[ 8711.245172]  [<ffffffff811a6b45>] ? filemap_map_pages+0x295/0x2b0
[ 8711.245181]  [<ffffffffa005a408>] drm_ioctl+0x138/0x500 [drm]
[ 8711.245192]  [<ffffffffa0183810>] ? i915_gem_execbuffer+0x310/0x310 [i915]
[ 8711.245195]  [<ffffffff8133572c>] ? ioctl_has_perm+0xbc/0xf0
[ 8711.245198]  [<ffffffff81236bd5>] do_vfs_ioctl+0x295/0x470
[ 8711.245201]  [<ffffffff813357b0>] ? selinux_file_ioctl+0x50/0xd0
[ 8711.245203]  [<ffffffff813298e3>] ? security_file_ioctl+0x43/0x60
[ 8711.245205]  [<ffffffff81236e29>] SyS_ioctl+0x79/0x90
[ 8711.245208]  [<ffffffff8178162e>] entry_SYSCALL_64_fastpath+0x12/0x71
[ 8711.245210] ---[ end trace 2ad2ab623604b7ff ]---
[ 8723.724221] ------------[ cut here ]------------
[ 8723.724258] WARNING: CPU: 2 PID: 3629 at drivers/gpu/drm/i915/intel_ringbuffer.c:2244 intel_ring_reserved_space_end+0x6b/0x70 [i915]()
[ 8723.724261] request reserved size too small: 56 vs 0!
