[    0.000000] microcode: microcode updated early to revision 0x29, date = 2013-06-12
[    0.000000] Linux version 4.6.3-300.fc24.x86_64 (mockbuild@bkernel02.phx2.fedoraproject.org) (gcc version 6.1.1 20160510 (Red Hat 6.1.1-2) (GCC) ) #1 SMP Fri Jun 24 20:52:41 UTC 2016
[    0.000000] Command line: BOOT_IMAGE=/vmlinuz-4.6.3-300.fc24.x86_64 root=/dev/mapper/vg_ssd-root ro rd.lvm.lv=vg_ssd/root rd.lvm.lv=vg_ssd/swap rhgb quiet resume=/dev/mapper/vg_ssd-swap crashkernel=128M zswap.enabled=1
[    0.000000] x86/fpu: xstate_offset[2]:  576, xstate_sizes[2]:  256
[    0.000000] x86/fpu: Supporting XSAVE feature 0x001: 'x87 floating point registers'
[    0.000000] x86/fpu: Supporting XSAVE feature 0x002: 'SSE registers'
[    0.000000] x86/fpu: Supporting XSAVE feature 0x004: 'AVX registers'
[    0.000000] x86/fpu: Enabled xstate features 0x7, context size is 832 bytes, using 'standard' format.
[    0.000000] x86/fpu: Using 'eager' FPU context switches.
[    0.000000] e820: BIOS-provided physical RAM map:
[    0.000000] BIOS-e820: [mem 0x0000000000000000-0x000000000009efff] usable
[    0.000000] BIOS-e820: [mem 0x000000000009f000-0x000000000009ffff] reserved
[    0.000000] BIOS-e820: [mem 0x0000000000100000-0x00000000de94cfff] usable
[    0.000000] BIOS-e820: [mem 0x00000000de94d000-0x00000000df140fff] reserved
[    0.000000] BIOS-e820: [mem 0x00000000df141000-0x00000000df394fff] ACPI NVS
[    0.000000] BIOS-e820: [mem 0x00000000df395000-0x00000000df3a1fff] ACPI data
[    0.000000] BIOS-e820: [mem 0x00000000df3a2000-0x00000000df3c0fff] ACPI NVS
[    0.000000] BIOS-e820: [mem 0x00000000df3c1000-0x00000000df3c5fff] ACPI data
[    0.000000] BIOS-e820: [mem 0x00000000df3c6000-0x00000000df408fff] ACPI NVS
[    0.000000] BIOS-e820: [mem 0x00000000df409000-0x00000000df7fffff] usable
[    0.000000] BIOS-e820: [mem 0x00000000f8000000-0x00000000fbffffff] reserved
[    0.000000] BIOS-e820: [mem 0x00000000fec00000-0x00000000fec00fff] reserved
[    0.000000] BIOS-e820: [mem 0x00000000fed00000-0x00000000fed03fff] reserved
[    0.000000] BIOS-e820: [mem 0x00000000fed1c000-0x00000000fed1ffff] reserved
[    0.000000] BIOS-e820: [mem 0x00000000fee00000-0x00000000fee00fff] reserved
[    0.000000] BIOS-e820: [mem 0x00000000ff000000-0x00000000ffffffff] reserved
[    0.000000] BIOS-e820: [mem 0x0000000100000000-0x000000041effffff] usable
[    0.000000] NX (Execute Disable) protection: active
[    0.000000] e820: update [mem 0x0c57c018-0x0c58c057] usable ==> usable
[    0.000000] e820: update [mem 0x0c58d018-0x0c599857] usable ==> usable
[    0.000000] extended physical RAM map:
[    0.000000] reserve setup_data: [mem 0x0000000000000000-0x000000000009efff] usable
[    0.000000] reserve setup_data: [mem 0x000000000009f000-0x000000000009ffff] reserved
[    0.000000] reserve setup_data: [mem 0x0000000000100000-0x000000000c57c017] usable
[    0.000000] reserve setup_data: [mem 0x000000000c57c018-0x000000000c58c057] usable
[    0.000000] reserve setup_data: [mem 0x000000000c58c058-0x000000000c58d017] usable
[    0.000000] reserve setup_data: [mem 0x000000000c58d018-0x000000000c599857] usable
[    0.000000] reserve setup_data: [mem 0x000000000c599858-0x00000000de94cfff] usable
[    0.000000] reserve setup_data: [mem 0x00000000de94d000-0x00000000df140fff] reserved
[    0.000000] reserve setup_data: [mem 0x00000000df141000-0x00000000df394fff] ACPI NVS
[    0.000000] reserve setup_data: [mem 0x00000000df395000-0x00000000df3a1fff] ACPI data
[    0.000000] reserve setup_data: [mem 0x00000000df3a2000-0x00000000df3c0fff] ACPI NVS
[    0.000000] reserve setup_data: [mem 0x00000000df3c1000-0x00000000df3c5fff] ACPI data
[    0.000000] reserve setup_data: [mem 0x00000000df3c6000-0x00000000df408fff] ACPI NVS
[    0.000000] reserve setup_data: [mem 0x00000000df409000-0x00000000df7fffff] usable
[    0.000000] reserve setup_data: [mem 0x00000000f8000000-0x00000000fbffffff] reserved
[    0.000000] reserve setup_data: [mem 0x00000000fec00000-0x00000000fec00fff] reserved
[    0.000000] reserve setup_data: [mem 0x00000000fed00000-0x00000000fed03fff] reserved
[    0.000000] reserve setup_data: [mem 0x00000000fed1c000-0x00000000fed1ffff] reserved
[    0.000000] reserve setup_data: [mem 0x00000000fee00000-0x00000000fee00fff] reserved
[    0.000000] reserve setup_data: [mem 0x00000000ff000000-0x00000000ffffffff] reserved
[    0.000000] reserve setup_data: [mem 0x0000000100000000-0x000000041effffff] usable
[    0.000000] efi: EFI v2.31 by American Megatrends
[    0.000000] efi:  ACPI=0xdf395000  ACPI 2.0=0xdf395000  SMBIOS=0xdec29f18  MPS=0xfc9b0 
[    0.000000] SMBIOS 2.6 present.
[    0.000000] DMI: System manufacturer System Product Name/P8Z68-V LE, BIOS 4102 09/09/2013
[    0.000000] e820: update [mem 0x00000000-0x00000fff] usable ==> reserved
[    0.000000] e820: remove [mem 0x000a0000-0x000fffff] usable
[    0.000000] e820: last_pfn = 0x41f000 max_arch_pfn = 0x400000000
[    0.000000] MTRR default type: uncachable
[    0.000000] MTRR fixed ranges enabled:
[    0.000000]   00000-9FFFF write-back
[    0.000000]   A0000-BFFFF uncachable
[    0.000000]   C0000-CFFFF write-protect
[    0.000000]   D0000-DFFFF uncachable
[    0.000000]   E0000-E7FFF write-through
[    0.000000]   E8000-FFFFF write-protect
[    0.000000] MTRR variable ranges enabled:
[    0.000000]   0 base 000000000 mask C00000000 write-back
[    0.000000]   1 base 400000000 mask FF0000000 write-back
[    0.000000]   2 base 410000000 mask FF8000000 write-back
[    0.000000]   3 base 418000000 mask FFC000000 write-back
[    0.000000]   4 base 41C000000 mask FFE000000 write-back
[    0.000000]   5 base 41E000000 mask FFF000000 write-back
[    0.000000]   6 base 0E0000000 mask FE0000000 uncachable
[    0.000000]   7 disabled
[    0.000000]   8 disabled
[    0.000000]   9 disabled
[    0.000000] x86/PAT: Configuration [0-7]: WB  WC  UC- UC  WB  WC  UC- WT  
[    0.000000] e820: update [mem 0xe0000000-0xffffffff] usable ==> reserved
[    0.000000] e820: last_pfn = 0xdf800 max_arch_pfn = 0x400000000
[    0.000000] found SMP MP-table at [mem 0x000fcd80-0x000fcd8f] mapped at [ffff8800000fcd80]
[    0.000000] Base memory trampoline at [ffff880000097000] 97000 size 24576
[    0.000000] BRK [0x0e062000, 0x0e062fff] PGTABLE
[    0.000000] BRK [0x0e063000, 0x0e063fff] PGTABLE
[    0.000000] BRK [0x0e064000, 0x0e064fff] PGTABLE
[    0.000000] BRK [0x0e065000, 0x0e065fff] PGTABLE
[    0.000000] BRK [0x0e066000, 0x0e066fff] PGTABLE
[    0.000000] BRK [0x0e067000, 0x0e067fff] PGTABLE
[    0.000000] RAMDISK: [mem 0x3b9b2000-0x3ec1efff]
[    0.000000] ACPI: Early table checksum verification disabled
[    0.000000] ACPI: RSDP 0x00000000DF395000 000024 (v02 ALASKA)
[    0.000000] ACPI: XSDT 0x00000000DF395078 000064 (v01 ALASKA A M I    01072009 AMI  00010013)
[    0.000000] ACPI: FACP 0x00000000DF39F920 0000F4 (v04 ALASKA A M I    01072009 AMI  00010013)
[    0.000000] ACPI: DSDT 0x00000000DF395170 00A7B0 (v02 ALASKA A M I    00000015 INTL 20051117)
[    0.000000] ACPI: FACS 0x00000000DF3BFF80 000040
[    0.000000] ACPI: APIC 0x00000000DF39FA18 000092 (v03 ALASKA A M I    01072009 AMI  00010013)
[    0.000000] ACPI: MCFG 0x00000000DF39FAB0 00003C (v01 ALASKA A M I    01072009 MSFT 00000097)
[    0.000000] ACPI: HPET 0x00000000DF39FAF0 000038 (v01 ALASKA A M I    01072009 AMI. 00000005)
[    0.000000] ACPI: SSDT 0x00000000DF39FB28 00036D (v01 SataRe SataTabl 00001000 INTL 20091112)
[    0.000000] ACPI: SSDT 0x00000000DF39FE98 0009AA (v01 PmRef  Cpu0Ist  00003000 INTL 20051117)
[    0.000000] ACPI: SSDT 0x00000000DF3A0848 000A92 (v01 PmRef  CpuPm    00003000 INTL 20051117)
[    0.000000] ACPI: BGRT 0x00000000DF3A1338 000038 (v00 ALASKA A M I    01072009 AMI  00010013)
[    0.000000] ACPI: Local APIC address 0xfee00000
[    0.000000] No NUMA configuration found
[    0.000000] Faking a node at [mem 0x0000000000000000-0x000000041effffff]
[    0.000000] NODE_DATA(0) allocated [mem 0x41efda000-0x41eff0fff]
[    0.000000] Reserving 128MB of memory at 768MB for crashkernel (System RAM: 16348MB)
[    0.000000] Zone ranges:
[    0.000000]   DMA      [mem 0x0000000000001000-0x0000000000ffffff]
[    0.000000]   DMA32    [mem 0x0000000001000000-0x00000000ffffffff]
[    0.000000]   Normal   [mem 0x0000000100000000-0x000000041effffff]
[    0.000000]   Device   empty
[    0.000000] Movable zone start for each node
[    0.000000] Early memory node ranges
[    0.000000]   node   0: [mem 0x0000000000001000-0x000000000009efff]
[    0.000000]   node   0: [mem 0x0000000000100000-0x00000000de94cfff]
[    0.000000]   node   0: [mem 0x00000000df409000-0x00000000df7fffff]
[    0.000000]   node   0: [mem 0x0000000100000000-0x000000041effffff]
[    0.000000] Initmem setup node 0 [mem 0x0000000000001000-0x000000041effffff]
[    0.000000] On node 0 totalpages: 4185314
[    0.000000]   DMA zone: 64 pages used for memmap
[    0.000000]   DMA zone: 25 pages reserved
[    0.000000]   DMA zone: 3998 pages, LIFO batch:0
[    0.000000]   DMA32 zone: 14198 pages used for memmap
[    0.000000]   DMA32 zone: 908612 pages, LIFO batch:31
[    0.000000]   Normal zone: 51136 pages used for memmap
[    0.000000]   Normal zone: 3272704 pages, LIFO batch:31
[    0.000000] tboot: non-0 tboot_addr but it is not of type E820_RESERVED
[    0.000000] ACPI: PM-Timer IO Port: 0x408
[    0.000000] ACPI: Local APIC address 0xfee00000
[    0.000000] ACPI: LAPIC_NMI (acpi_id[0xff] high edge lint[0x1])
[    0.000000] IOAPIC[0]: apic_id 2, version 32, address 0xfec00000, GSI 0-23
[    0.000000] ACPI: INT_SRC_OVR (bus 0 bus_irq 0 global_irq 2 dfl dfl)
[    0.000000] ACPI: INT_SRC_OVR (bus 0 bus_irq 9 global_irq 9 high level)
[    0.000000] ACPI: IRQ0 used by override.
[    0.000000] ACPI: IRQ9 used by override.
[    0.000000] Using ACPI (MADT) for SMP configuration information
[    0.000000] ACPI: HPET id: 0x8086a701 base: 0xfed00000
[    0.000000] smpboot: Allowing 8 CPUs, 0 hotplug CPUs
[    0.000000] PM: Registered nosave memory: [mem 0x00000000-0x00000fff]
[    0.000000] PM: Registered nosave memory: [mem 0x0009f000-0x0009ffff]
[    0.000000] PM: Registered nosave memory: [mem 0x000a0000-0x000fffff]
[    0.000000] PM: Registered nosave memory: [mem 0x0c57c000-0x0c57cfff]
[    0.000000] PM: Registered nosave memory: [mem 0x0c58c000-0x0c58cfff]
[    0.000000] PM: Registered nosave memory: [mem 0x0c58d000-0x0c58dfff]
[    0.000000] PM: Registered nosave memory: [mem 0x0c599000-0x0c599fff]
[    0.000000] PM: Registered nosave memory: [mem 0xde94d000-0xdf140fff]
[    0.000000] PM: Registered nosave memory: [mem 0xdf141000-0xdf394fff]
[    0.000000] PM: Registered nosave memory: [mem 0xdf395000-0xdf3a1fff]
[    0.000000] PM: Registered nosave memory: [mem 0xdf3a2000-0xdf3c0fff]
[    0.000000] PM: Registered nosave memory: [mem 0xdf3c1000-0xdf3c5fff]
[    0.000000] PM: Registered nosave memory: [mem 0xdf3c6000-0xdf408fff]
[    0.000000] PM: Registered nosave memory: [mem 0xdf800000-0xf7ffffff]
[    0.000000] PM: Registered nosave memory: [mem 0xf8000000-0xfbffffff]
[    0.000000] PM: Registered nosave memory: [mem 0xfc000000-0xfebfffff]
[    0.000000] PM: Registered nosave memory: [mem 0xfec00000-0xfec00fff]
[    0.000000] PM: Registered nosave memory: [mem 0xfec01000-0xfecfffff]
[    0.000000] PM: Registered nosave memory: [mem 0xfed00000-0xfed03fff]
[    0.000000] PM: Registered nosave memory: [mem 0xfed04000-0xfed1bfff]
[    0.000000] PM: Registered nosave memory: [mem 0xfed1c000-0xfed1ffff]
[    0.000000] PM: Registered nosave memory: [mem 0xfed20000-0xfedfffff]
[    0.000000] PM: Registered nosave memory: [mem 0xfee00000-0xfee00fff]
[    0.000000] PM: Registered nosave memory: [mem 0xfee01000-0xfeffffff]
[    0.000000] PM: Registered nosave memory: [mem 0xff000000-0xffffffff]
[    0.000000] e820: [mem 0xdf800000-0xf7ffffff] available for PCI devices
[    0.000000] Booting paravirtualized kernel on bare hardware
[    0.000000] clocksource: refined-jiffies: mask: 0xffffffff max_cycles: 0xffffffff, max_idle_ns: 1910969940391419 ns
[    0.000000] setup_percpu: NR_CPUS:1024 nr_cpumask_bits:8 nr_cpu_ids:8 nr_node_ids:1
[    0.000000] percpu: Embedded 34 pages/cpu @ffff88041ec00000 s99096 r8192 d31976 u262144
[    0.000000] pcpu-alloc: s99096 r8192 d31976 u262144 alloc=1*2097152
[    0.000000] pcpu-alloc: [0] 0 1 2 3 4 5 6 7 
[    0.000000] Built 1 zonelists in Node order, mobility grouping on.  Total pages: 4119891
[    0.000000] Policy zone: Normal
[    0.000000] Kernel command line: BOOT_IMAGE=/vmlinuz-4.6.3-300.fc24.x86_64 root=/dev/mapper/vg_ssd-root ro rd.lvm.lv=vg_ssd/root rd.lvm.lv=vg_ssd/swap rhgb quiet resume=/dev/mapper/vg_ssd-swap crashkernel=128M zswap.enabled=1
[    0.000000] PID hash table entries: 4096 (order: 3, 32768 bytes)
[    0.000000] Memory: 16022064K/16741256K available (8072K kernel code, 1332K rwdata, 3252K rodata, 1568K init, 1540K bss, 719192K reserved, 0K cma-reserved)
[    0.000000] SLUB: HWalign=64, Order=0-3, MinObjects=0, CPUs=8, Nodes=1
[    0.000000] Hierarchical RCU implementation.
[    0.000000] 	Build-time adjustment of leaf fanout to 64.
[    0.000000] 	RCU restricting CPUs from NR_CPUS=1024 to nr_cpu_ids=8.
[    0.000000] RCU: Adjusting geometry for rcu_fanout_leaf=64, nr_cpu_ids=8
[    0.000000] NR_IRQS:65792 nr_irqs:488 16
[    0.000000] 	Offload RCU callbacks from all CPUs
[    0.000000] 	Offload RCU callbacks from CPUs: 0-7.
[    0.000000] Console: colour dummy device 80x25
[    0.000000] console [tty0] enabled
[    0.000000] clocksource: hpet: mask: 0xffffffff max_cycles: 0xffffffff, max_idle_ns: 133484882848 ns
[    0.000000] hpet clockevent registered
[    0.000000] tsc: Fast TSC calibration using PIT
[    0.000000] tsc: Detected 3502.703 MHz processor
[    0.000031] Calibrating delay loop (skipped), value calculated using timer frequency.. 7005.40 BogoMIPS (lpj=3502703)
[    0.000033] pid_max: default: 32768 minimum: 301
[    0.000038] ACPI: Core revision 20160108
[    0.004810] ACPI: 4 ACPI AML tables successfully acquired and loaded

[    0.011610] Security Framework initialized
[    0.011612] Yama: becoming mindful.
[    0.011615] SELinux:  Initializing.
[    0.011623] SELinux:  Starting in permissive mode
[    0.012448] Dentry cache hash table entries: 2097152 (order: 12, 16777216 bytes)
[    0.014746] Inode-cache hash table entries: 1048576 (order: 11, 8388608 bytes)
[    0.015714] Mount-cache hash table entries: 32768 (order: 6, 262144 bytes)
[    0.015729] Mountpoint-cache hash table entries: 32768 (order: 6, 262144 bytes)
[    0.015926] CPU: Physical Processor ID: 0
[    0.015927] CPU: Processor Core ID: 0
[    0.015930] ENERGY_PERF_BIAS: Set to 'normal', was 'performance'
[    0.015931] ENERGY_PERF_BIAS: View and update with x86_energy_perf_policy(8)
[    0.015933] mce: CPU supports 9 MCE banks
[    0.015942] CPU0: Thermal monitoring enabled (TM1)
[    0.015947] process: using mwait in idle threads
[    0.015949] Last level iTLB entries: 4KB 512, 2MB 8, 4MB 8
[    0.015950] Last level dTLB entries: 4KB 512, 2MB 32, 4MB 32, 1GB 0
[    0.016247] Freeing SMP alternatives memory: 32K (ffffffff81ed7000 - ffffffff81edf000)
[    0.034953] ftrace: allocating 30196 entries in 118 pages
[    0.045050] smpboot: Max logical packages: 2
[    0.045052] smpboot: APIC(0) Converting physical 0 to logical package 0
[    0.045432] ..TIMER: vector=0x30 apic1=0 pin1=2 apic2=-1 pin2=-1
[    0.055435] TSC deadline timer enabled
[    0.055437] smpboot: CPU0: Intel(R) Core(TM) i7-2600K CPU @ 3.40GHz (family: 0x6, model: 0x2a, stepping: 0x7)
[    0.055448] Performance Events: PEBS fmt1+, 16-deep LBR, SandyBridge events, full-width counters, Intel PMU driver.
[    0.055463] ... version:                3
[    0.055463] ... bit width:              48
[    0.055464] ... generic registers:      4
[    0.055465] ... value mask:             0000ffffffffffff
[    0.055465] ... max period:             0000ffffffffffff
[    0.055466] ... fixed-purpose events:   3
[    0.055467] ... event mask:             000000070000000f
[    0.056008] NMI watchdog: enabled on all CPUs, permanently consumes one hw-PMU counter.
[    0.056080] x86: Booting SMP configuration:
[    0.056081] .... node  #0, CPUs:      #1 #2 #3 #4 #5 #6 #7
[    0.490842] x86: Booted up 1 node, 8 CPUs
[    0.490845] smpboot: Total of 8 processors activated (56070.62 BogoMIPS)
[    0.497190] devtmpfs: initialized
[    0.497235] x86/mm: Memory block size: 128MB
[    0.499718] PM: Registering ACPI NVS region [mem 0xdf141000-0xdf394fff] (2441216 bytes)
[    0.499741] PM: Registering ACPI NVS region [mem 0xdf3a2000-0xdf3c0fff] (126976 bytes)
[    0.499743] PM: Registering ACPI NVS region [mem 0xdf3c6000-0xdf408fff] (274432 bytes)
[    0.499804] clocksource: jiffies: mask: 0xffffffff max_cycles: 0xffffffff, max_idle_ns: 1911260446275000 ns
[    0.499856] atomic64_test: passed for x86-64 platform with CX8 and with SSE
[    0.499858] pinctrl core: initialized pinctrl subsystem
[    0.499900] RTC time: 14:14:47, date: 07/18/16
[    0.499980] NET: Registered protocol family 16
[    0.502765] cpuidle: using governor menu
[    0.502844] ACPI FADT declares the system doesn't support PCIe ASPM, so disable it
[    0.502845] ACPI: bus type PCI registered
[    0.502847] acpiphp: ACPI Hot Plug PCI Controller Driver version: 0.5
[    0.502897] PCI: MMCONFIG for domain 0000 [bus 00-3f] at [mem 0xf8000000-0xfbffffff] (base 0xf8000000)
[    0.502899] PCI: MMCONFIG at [mem 0xf8000000-0xfbffffff] reserved in E820
[    0.502902] pmd_set_huge: Cannot satisfy [mem 0xf8000000-0xf8200000] with a huge-page mapping due to MTRR override.
[    0.502959] PCI: Using configuration type 1 for base access
[    0.503000] core: PMU erratum BJ122, BV98, HSD29 worked around, HT is on
[    0.506851] HugeTLB registered 2 MB page size, pre-allocated 0 pages
[    0.507048] ACPI: Added _OSI(Module Device)
[    0.507050] ACPI: Added _OSI(Processor Device)
[    0.507051] ACPI: Added _OSI(3.0 _SCP Extensions)
[    0.507052] ACPI: Added _OSI(Processor Aggregator Device)
[    0.507219] ACPI: Executed 1 blocks of module-level executable AML code
[    0.509838] ACPI: Dynamic OEM Table Load:
[    0.509842] ACPI: SSDT 0xFFFF88040B906000 00083B (v01 PmRef  Cpu0Cst  00003001 INTL 20051117)
[    0.510197] ACPI: Dynamic OEM Table Load:
[    0.510200] ACPI: SSDT 0xFFFF88040B919800 000303 (v01 PmRef  ApIst    00003000 INTL 20051117)
[    0.510501] ACPI: Dynamic OEM Table Load:
[    0.510503] ACPI: SSDT 0xFFFF88040B8E9000 000119 (v01 PmRef  ApCst    00003000 INTL 20051117)
[    0.511476] ACPI : EC: EC started
[    0.511479] ACPI: Interpreter enabled
[    0.511494] ACPI: (supports S0 S1 S3 S4 S5)
[    0.511495] ACPI: Using IOAPIC for interrupt routing
[    0.511512] PCI: Using host bridge windows from ACPI; if necessary, use "pci=nocrs" and report a bug
[    0.515345] ACPI: Power Resource [FN00] (off)
[    0.515404] ACPI: Power Resource [FN01] (off)
[    0.515459] ACPI: Power Resource [FN02] (off)
[    0.515514] ACPI: Power Resource [FN03] (off)
[    0.515568] ACPI: Power Resource [FN04] (off)
[    0.515980] ACPI: PCI Root Bridge [PCI0] (domain 0000 [bus 00-3e])
[    0.515984] acpi PNP0A08:00: _OSC: OS supports [ExtendedConfig ASPM ClockPM Segments MSI]
[    0.516057] acpi PNP0A08:00: _OSC: platform does not support [PCIeHotplug PME]
[    0.516123] acpi PNP0A08:00: _OSC: OS now controls [AER PCIeCapability]
[    0.516124] acpi PNP0A08:00: FADT indicates ASPM is unsupported, using BIOS configuration
[    0.516393] PCI host bridge to bus 0000:00
[    0.516395] pci_bus 0000:00: root bus resource [io  0x0000-0x0cf7 window]
[    0.516396] pci_bus 0000:00: root bus resource [io  0x0d00-0xffff window]
[    0.516397] pci_bus 0000:00: root bus resource [mem 0x000a0000-0x000bffff window]
[    0.516398] pci_bus 0000:00: root bus resource [mem 0x000d0000-0x000d3fff window]
[    0.516399] pci_bus 0000:00: root bus resource [mem 0x000d4000-0x000d7fff window]
[    0.516401] pci_bus 0000:00: root bus resource [mem 0x000d8000-0x000dbfff window]
[    0.516402] pci_bus 0000:00: root bus resource [mem 0x000dc000-0x000dffff window]
[    0.516403] pci_bus 0000:00: root bus resource [mem 0xe0000000-0xfeafffff window]
[    0.516404] pci_bus 0000:00: root bus resource [bus 00-3e]
[    0.516410] pci 0000:00:00.0: [8086:0100] type 00 class 0x060000
[    0.516476] pci 0000:00:01.0: [8086:0101] type 01 class 0x060400
[    0.516499] pci 0000:00:01.0: PME# supported from D0 D3hot D3cold
[    0.516528] pci 0000:00:01.0: System wakeup disabled by ACPI
[    0.516579] pci 0000:00:16.0: [8086:1c3a] type 00 class 0x078000
[    0.516598] pci 0000:00:16.0: reg 0x10: [mem 0xf7f0b000-0xf7f0b00f 64bit]
[    0.516664] pci 0000:00:16.0: PME# supported from D0 D3hot D3cold
[    0.516728] pci 0000:00:1a.0: [8086:1c2d] type 00 class 0x0c0320
[    0.516743] pci 0000:00:1a.0: reg 0x10: [mem 0xf7f08000-0xf7f083ff]
[    0.516822] pci 0000:00:1a.0: PME# supported from D0 D3hot D3cold
[    0.516867] pci 0000:00:1a.0: System wakeup disabled by ACPI
[    0.516897] pci 0000:00:1b.0: [8086:1c20] type 00 class 0x040300
[    0.516910] pci 0000:00:1b.0: reg 0x10: [mem 0xf7f00000-0xf7f03fff 64bit]
[    0.516967] pci 0000:00:1b.0: PME# supported from D0 D3hot D3cold
[    0.517002] pci 0000:00:1b.0: System wakeup disabled by ACPI
[    0.517037] pci 0000:00:1c.0: [8086:1c10] type 01 class 0x060400
[    0.517156] pci 0000:00:1c.0: PME# supported from D0 D3hot D3cold
[    0.517199] pci 0000:00:1c.0: System wakeup disabled by ACPI
[    0.517230] pci 0000:00:1c.4: [8086:1c18] type 01 class 0x060400
[    0.517297] pci 0000:00:1c.4: PME# supported from D0 D3hot D3cold
[    0.517331] pci 0000:00:1c.4: System wakeup disabled by ACPI
[    0.517360] pci 0000:00:1c.5: [8086:1c1a] type 01 class 0x060400
[    0.517428] pci 0000:00:1c.5: PME# supported from D0 D3hot D3cold
[    0.517461] pci 0000:00:1c.5: System wakeup disabled by ACPI
[    0.517490] pci 0000:00:1c.6: [8086:1c1c] type 01 class 0x060400
[    0.517559] pci 0000:00:1c.6: PME# supported from D0 D3hot D3cold
[    0.517593] pci 0000:00:1c.6: System wakeup disabled by ACPI
[    0.517622] pci 0000:00:1c.7: [8086:244e] type 01 class 0x060401
[    0.517689] pci 0000:00:1c.7: PME# supported from D0 D3hot D3cold
[    0.517723] pci 0000:00:1c.7: System wakeup disabled by ACPI
[    0.517752] pci 0000:00:1d.0: [8086:1c26] type 00 class 0x0c0320
[    0.517768] pci 0000:00:1d.0: reg 0x10: [mem 0xf7f07000-0xf7f073ff]
[    0.517846] pci 0000:00:1d.0: PME# supported from D0 D3hot D3cold
[    0.517887] pci 0000:00:1d.0: System wakeup disabled by ACPI
[    0.517918] pci 0000:00:1f.0: [8086:1c44] type 00 class 0x060100
[    0.518064] pci 0000:00:1f.2: [8086:1c02] type 00 class 0x010601
[    0.518077] pci 0000:00:1f.2: reg 0x10: [io  0xf070-0xf077]
[    0.518083] pci 0000:00:1f.2: reg 0x14: [io  0xf060-0xf063]
[    0.518089] pci 0000:00:1f.2: reg 0x18: [io  0xf050-0xf057]
[    0.518096] pci 0000:00:1f.2: reg 0x1c: [io  0xf040-0xf043]
[    0.518102] pci 0000:00:1f.2: reg 0x20: [io  0xf020-0xf03f]
[    0.518108] pci 0000:00:1f.2: reg 0x24: [mem 0xf7f06000-0xf7f067ff]
[    0.518143] pci 0000:00:1f.2: PME# supported from D3hot
[    0.518196] pci 0000:00:1f.3: [8086:1c22] type 00 class 0x0c0500
[    0.518209] pci 0000:00:1f.3: reg 0x10: [mem 0xf7f05000-0xf7f050ff 64bit]
[    0.518227] pci 0000:00:1f.3: reg 0x20: [io  0xf000-0xf01f]
[    0.518323] pci 0000:01:00.0: [1002:6738] type 00 class 0x030000
[    0.518336] pci 0000:01:00.0: reg 0x10: [mem 0xe0000000-0xefffffff 64bit pref]
[    0.518346] pci 0000:01:00.0: reg 0x18: [mem 0xf7e20000-0xf7e3ffff 64bit]
[    0.518352] pci 0000:01:00.0: reg 0x20: [io  0xe000-0xe0ff]
[    0.518363] pci 0000:01:00.0: reg 0x30: [mem 0xf7e00000-0xf7e1ffff pref]
[    0.518396] pci 0000:01:00.0: supports D1 D2
[    0.518436] pci 0000:01:00.1: [1002:aa88] type 00 class 0x040300
[    0.518448] pci 0000:01:00.1: reg 0x10: [mem 0xf7e40000-0xf7e43fff 64bit]
[    0.518499] pci 0000:01:00.1: supports D1 D2
[    0.519789] pci 0000:00:01.0: PCI bridge to [bus 01]
[    0.519791] pci 0000:00:01.0:   bridge window [io  0xe000-0xefff]
[    0.519792] pci 0000:00:01.0:   bridge window [mem 0xf7e00000-0xf7efffff]
[    0.519795] pci 0000:00:01.0:   bridge window [mem 0xe0000000-0xefffffff 64bit pref]
[    0.519857] pci 0000:00:1c.0: PCI bridge to [bus 02]
[    0.519934] pci 0000:03:00.0: [1b21:1042] type 00 class 0x0c0330
[    0.519964] pci 0000:03:00.0: reg 0x10: [mem 0xf7d00000-0xf7d07fff 64bit]
[    0.520121] pci 0000:03:00.0: PME# supported from D3hot D3cold
[    0.520151] pci 0000:03:00.0: System wakeup disabled by ACPI
[    0.521795] pci 0000:00:1c.4: PCI bridge to [bus 03]
[    0.521800] pci 0000:00:1c.4:   bridge window [mem 0xf7d00000-0xf7dfffff]
[    0.521867] pci 0000:04:00.0: [1b21:1042] type 00 class 0x0c0330
[    0.521897] pci 0000:04:00.0: reg 0x10: [mem 0xf7c00000-0xf7c07fff 64bit]
[    0.522052] pci 0000:04:00.0: PME# supported from D3hot D3cold
[    0.522083] pci 0000:04:00.0: System wakeup disabled by ACPI
[    0.523797] pci 0000:00:1c.5: PCI bridge to [bus 04]
[    0.523801] pci 0000:00:1c.5:   bridge window [mem 0xf7c00000-0xf7cfffff]
[    0.523865] pci 0000:05:00.0: [10ec:8168] type 00 class 0x020000
[    0.523886] pci 0000:05:00.0: reg 0x10: [io  0xd000-0xd0ff]
[    0.523918] pci 0000:05:00.0: reg 0x18: [mem 0xf0004000-0xf0004fff 64bit pref]
[    0.523938] pci 0000:05:00.0: reg 0x20: [mem 0xf0000000-0xf0003fff 64bit pref]
[    0.524048] pci 0000:05:00.0: supports D1 D2
[    0.524049] pci 0000:05:00.0: PME# supported from D0 D1 D2 D3hot D3cold
[    0.524093] pci 0000:05:00.0: System wakeup disabled by ACPI
[    0.525800] pci 0000:00:1c.6: PCI bridge to [bus 05]
[    0.525803] pci 0000:00:1c.6:   bridge window [io  0xd000-0xdfff]
[    0.525809] pci 0000:00:1c.6:   bridge window [mem 0xf0000000-0xf00fffff 64bit pref]
[    0.525863] pci 0000:06:00.0: [1b21:1080] type 01 class 0x060401
[    0.525988] pci 0000:06:00.0: System wakeup disabled by ACPI
[    0.526011] pci 0000:00:1c.7: PCI bridge to [bus 06-07] (subtractive decode)
[    0.526020] pci 0000:00:1c.7:   bridge window [io  0x0000-0x0cf7 window] (subtractive decode)
[    0.526021] pci 0000:00:1c.7:   bridge window [io  0x0d00-0xffff window] (subtractive decode)
[    0.526022] pci 0000:00:1c.7:   bridge window [mem 0x000a0000-0x000bffff window] (subtractive decode)
[    0.526023] pci 0000:00:1c.7:   bridge window [mem 0x000d0000-0x000d3fff window] (subtractive decode)
[    0.526024] pci 0000:00:1c.7:   bridge window [mem 0x000d4000-0x000d7fff window] (subtractive decode)
[    0.526025] pci 0000:00:1c.7:   bridge window [mem 0x000d8000-0x000dbfff window] (subtractive decode)
[    0.526027] pci 0000:00:1c.7:   bridge window [mem 0x000dc000-0x000dffff window] (subtractive decode)
[    0.526028] pci 0000:00:1c.7:   bridge window [mem 0xe0000000-0xfeafffff window] (subtractive decode)
[    0.526132] pci 0000:06:00.0: PCI bridge to [bus 07] (subtractive decode)
[    0.526152] pci 0000:06:00.0:   bridge window [io  0x0000-0x0cf7 window] (subtractive decode)
[    0.526153] pci 0000:06:00.0:   bridge window [io  0x0d00-0xffff window] (subtractive decode)
[    0.526154] pci 0000:06:00.0:   bridge window [mem 0x000a0000-0x000bffff window] (subtractive decode)
[    0.526155] pci 0000:06:00.0:   bridge window [mem 0x000d0000-0x000d3fff window] (subtractive decode)
[    0.526156] pci 0000:06:00.0:   bridge window [mem 0x000d4000-0x000d7fff window] (subtractive decode)
[    0.526157] pci 0000:06:00.0:   bridge window [mem 0x000d8000-0x000dbfff window] (subtractive decode)
[    0.526158] pci 0000:06:00.0:   bridge window [mem 0x000dc000-0x000dffff window] (subtractive decode)
[    0.526160] pci 0000:06:00.0:   bridge window [mem 0xe0000000-0xfeafffff window] (subtractive decode)
[    0.526539] ACPI: PCI Interrupt Link [LNKA] (IRQs 3 4 5 6 10 *11 12 14 15)
[    0.526574] ACPI: PCI Interrupt Link [LNKB] (IRQs 3 4 5 6 *10 11 12 14 15)
[    0.526608] ACPI: PCI Interrupt Link [LNKC] (IRQs 3 4 5 6 10 *11 12 14 15)
[    0.526641] ACPI: PCI Interrupt Link [LNKD] (IRQs *3 4 5 6 10 11 12 14 15)
[    0.526674] ACPI: PCI Interrupt Link [LNKE] (IRQs 3 4 5 6 10 11 12 14 15) *0, disabled.
[    0.526709] ACPI: PCI Interrupt Link [LNKF] (IRQs 3 4 *5 6 10 11 12 14 15)
[    0.526744] ACPI: PCI Interrupt Link [LNKG] (IRQs 3 4 *5 6 10 11 12 14 15)
[    0.526777] ACPI: PCI Interrupt Link [LNKH] (IRQs 3 4 5 6 *10 11 12 14 15)
[    0.526957] ACPI: Enabled 5 GPEs in block 00 to 3F
[    0.526969] ACPI : EC: GPE = 0x18, I/O: command/status = 0x66, data = 0x62
[    0.527035] vgaarb: setting as boot device: PCI:0000:01:00.0
[    0.527036] vgaarb: device added: PCI:0000:01:00.0,decodes=io+mem,owns=io+mem,locks=none
[    0.527038] vgaarb: loaded
[    0.527038] vgaarb: bridge control possible 0000:01:00.0
[    0.527100] SCSI subsystem initialized
[    0.527132] libata version 3.00 loaded.
[    0.527162] ACPI: bus type USB registered
[    0.527175] usbcore: registered new interface driver usbfs
[    0.527182] usbcore: registered new interface driver hub
[    0.527197] usbcore: registered new device driver usb
[    0.527300] PCI: Using ACPI for IRQ routing
[    0.528625] PCI: pci_cache_line_size set to 64 bytes
[    0.528675] e820: reserve RAM buffer [mem 0x0009f000-0x0009ffff]
[    0.528677] e820: reserve RAM buffer [mem 0x0c57c018-0x0fffffff]
[    0.528678] e820: reserve RAM buffer [mem 0x0c58d018-0x0fffffff]
[    0.528679] e820: reserve RAM buffer [mem 0xde94d000-0xdfffffff]
[    0.528680] e820: reserve RAM buffer [mem 0xdf800000-0xdfffffff]
[    0.528681] e820: reserve RAM buffer [mem 0x41f000000-0x41fffffff]
[    0.528761] NetLabel: Initializing
[    0.528762] NetLabel:  domain hash size = 128
[    0.528762] NetLabel:  protocols = UNLABELED CIPSOv4
[    0.528772] NetLabel:  unlabeled traffic allowed by default
[    0.528841] hpet0: at MMIO 0xfed00000, IRQs 2, 8, 0, 0, 0, 0, 0, 0
[    0.528845] hpet0: 8 comparators, 64-bit 14.318180 MHz counter
[    0.531870] clocksource: Switched to clocksource hpet
[    0.536647] VFS: Disk quotas dquot_6.6.0
[    0.536662] VFS: Dquot-cache hash table entries: 512 (order 0, 4096 bytes)
[    0.536744] pnp: PnP ACPI init
[    0.536819] system 00:00: [mem 0xfed40000-0xfed44fff] has been reserved
[    0.536822] system 00:00: Plug and Play ACPI device, IDs PNP0c01 (active)
[    0.536884] system 00:01: [io  0x0680-0x069f] has been reserved
[    0.536885] system 00:01: [io  0x0200-0x020f] has been reserved
[    0.536887] system 00:01: [io  0xffff] has been reserved
[    0.536888] system 00:01: [io  0xffff] has been reserved
[    0.536889] system 00:01: [io  0x0400-0x0453] could not be reserved
[    0.536890] system 00:01: [io  0x0458-0x047f] has been reserved
[    0.536891] system 00:01: [io  0x0500-0x057f] has been reserved
[    0.536893] system 00:01: [io  0x164e-0x164f] has been reserved
[    0.536895] system 00:01: Plug and Play ACPI device, IDs PNP0c02 (active)
[    0.536914] pnp 00:02: Plug and Play ACPI device, IDs PNP0b00 (active)
[    0.536951] system 00:03: [io  0x0454-0x0457] has been reserved
[    0.536953] system 00:03: Plug and Play ACPI device, IDs INT3f0d PNP0c02 (active)
[    0.537011] system 00:04: [io  0x0290-0x029f] has been reserved
[    0.537013] system 00:04: Plug and Play ACPI device, IDs PNP0c02 (active)
[    0.537049] system 00:05: [io  0x04d0-0x04d1] has been reserved
[    0.537051] system 00:05: Plug and Play ACPI device, IDs PNP0c02 (active)
[    0.537082] pnp 00:06: Plug and Play ACPI device, IDs PNP0303 PNP030b (active)
[    0.537223] pnp 00:07: [dma 0 disabled]
[    0.537257] pnp 00:07: Plug and Play ACPI device, IDs PNP0501 (active)
[    0.537389] system 00:08: [mem 0xfed1c000-0xfed1ffff] has been reserved
[    0.537391] system 00:08: [mem 0xfed10000-0xfed17fff] has been reserved
[    0.537392] system 00:08: [mem 0xfed18000-0xfed18fff] has been reserved
[    0.537393] system 00:08: [mem 0xfed19000-0xfed19fff] has been reserved
[    0.537395] system 00:08: [mem 0xf8000000-0xfbffffff] has been reserved
[    0.537396] system 00:08: [mem 0xfed20000-0xfed3ffff] has been reserved
[    0.537397] system 00:08: [mem 0xfed90000-0xfed93fff] has been reserved
[    0.537398] system 00:08: [mem 0xfed45000-0xfed8ffff] has been reserved
[    0.537400] system 00:08: [mem 0xff000000-0xffffffff] has been reserved
[    0.537401] system 00:08: [mem 0xfee00000-0xfeefffff] could not be reserved
[    0.537402] system 00:08: [mem 0xf0100000-0xf0100fff] has been reserved
[    0.537404] system 00:08: Plug and Play ACPI device, IDs PNP0c02 (active)
[    0.537484] pnp: PnP ACPI: found 9 devices
[    0.543315] clocksource: acpi_pm: mask: 0xffffff max_cycles: 0xffffff, max_idle_ns: 2085701024 ns
[    0.543371] pci 0000:00:01.0: PCI bridge to [bus 01]
[    0.543373] pci 0000:00:01.0:   bridge window [io  0xe000-0xefff]
[    0.543376] pci 0000:00:01.0:   bridge window [mem 0xf7e00000-0xf7efffff]
[    0.543378] pci 0000:00:01.0:   bridge window [mem 0xe0000000-0xefffffff 64bit pref]
[    0.543380] pci 0000:00:1c.0: PCI bridge to [bus 02]
[    0.543396] pci 0000:00:1c.4: PCI bridge to [bus 03]
[    0.543400] pci 0000:00:1c.4:   bridge window [mem 0xf7d00000-0xf7dfffff]
[    0.543407] pci 0000:00:1c.5: PCI bridge to [bus 04]
[    0.543411] pci 0000:00:1c.5:   bridge window [mem 0xf7c00000-0xf7cfffff]
[    0.543418] pci 0000:00:1c.6: PCI bridge to [bus 05]
[    0.543420] pci 0000:00:1c.6:   bridge window [io  0xd000-0xdfff]
[    0.543425] pci 0000:00:1c.6:   bridge window [mem 0xf0000000-0xf00fffff 64bit pref]
[    0.543430] pci 0000:06:00.0: PCI bridge to [bus 07]
[    0.543449] pci 0000:00:1c.7: PCI bridge to [bus 06-07]
[    0.543459] pci_bus 0000:00: resource 4 [io  0x0000-0x0cf7 window]
[    0.543460] pci_bus 0000:00: resource 5 [io  0x0d00-0xffff window]
[    0.543461] pci_bus 0000:00: resource 6 [mem 0x000a0000-0x000bffff window]
[    0.543463] pci_bus 0000:00: resource 7 [mem 0x000d0000-0x000d3fff window]
[    0.543464] pci_bus 0000:00: resource 8 [mem 0x000d4000-0x000d7fff window]
[    0.543465] pci_bus 0000:00: resource 9 [mem 0x000d8000-0x000dbfff window]
[    0.543466] pci_bus 0000:00: resource 10 [mem 0x000dc000-0x000dffff window]
[    0.543467] pci_bus 0000:00: resource 11 [mem 0xe0000000-0xfeafffff window]
[    0.543468] pci_bus 0000:01: resource 0 [io  0xe000-0xefff]
[    0.543469] pci_bus 0000:01: resource 1 [mem 0xf7e00000-0xf7efffff]
[    0.543470] pci_bus 0000:01: resource 2 [mem 0xe0000000-0xefffffff 64bit pref]
[    0.543472] pci_bus 0000:03: resource 1 [mem 0xf7d00000-0xf7dfffff]
[    0.543473] pci_bus 0000:04: resource 1 [mem 0xf7c00000-0xf7cfffff]
[    0.543474] pci_bus 0000:05: resource 0 [io  0xd000-0xdfff]
[    0.543475] pci_bus 0000:05: resource 2 [mem 0xf0000000-0xf00fffff 64bit pref]
[    0.543476] pci_bus 0000:06: resource 4 [io  0x0000-0x0cf7 window]
[    0.543477] pci_bus 0000:06: resource 5 [io  0x0d00-0xffff window]
[    0.543478] pci_bus 0000:06: resource 6 [mem 0x000a0000-0x000bffff window]
[    0.543480] pci_bus 0000:06: resource 7 [mem 0x000d0000-0x000d3fff window]
[    0.543481] pci_bus 0000:06: resource 8 [mem 0x000d4000-0x000d7fff window]
[    0.543482] pci_bus 0000:06: resource 9 [mem 0x000d8000-0x000dbfff window]
[    0.543483] pci_bus 0000:06: resource 10 [mem 0x000dc000-0x000dffff window]
[    0.543484] pci_bus 0000:06: resource 11 [mem 0xe0000000-0xfeafffff window]
[    0.543485] pci_bus 0000:07: resource 4 [io  0x0000-0x0cf7 window]
[    0.543486] pci_bus 0000:07: resource 5 [io  0x0d00-0xffff window]
[    0.543487] pci_bus 0000:07: resource 6 [mem 0x000a0000-0x000bffff window]
[    0.543488] pci_bus 0000:07: resource 7 [mem 0x000d0000-0x000d3fff window]
[    0.543490] pci_bus 0000:07: resource 8 [mem 0x000d4000-0x000d7fff window]
[    0.543491] pci_bus 0000:07: resource 9 [mem 0x000d8000-0x000dbfff window]
[    0.543492] pci_bus 0000:07: resource 10 [mem 0x000dc000-0x000dffff window]
[    0.543493] pci_bus 0000:07: resource 11 [mem 0xe0000000-0xfeafffff window]
[    0.543515] NET: Registered protocol family 2
[    0.543667] TCP established hash table entries: 131072 (order: 8, 1048576 bytes)
[    0.543832] TCP bind hash table entries: 65536 (order: 8, 1048576 bytes)
[    0.543930] TCP: Hash tables configured (established 131072 bind 65536)
[    0.543953] UDP hash table entries: 8192 (order: 6, 262144 bytes)
[    0.543993] UDP-Lite hash table entries: 8192 (order: 6, 262144 bytes)
[    0.544054] NET: Registered protocol family 1
[    0.789930] pci 0000:01:00.0: Video device with shadowed ROM at [mem 0x000c0000-0x000dffff]
[    0.790036] PCI: CLS mismatch (64 != 32), using 64 bytes
[    0.790168] Unpacking initramfs...
[    1.204984] Freeing initrd memory: 51636K (ffff88003b9b2000 - ffff88003ec1f000)
[    1.205000] PCI-DMA: Using software bounce buffering for IO (SWIOTLB)
[    1.205002] software IO TLB [mem 0xda94d000-0xde94d000] (64MB) mapped at [ffff8800da94d000-ffff8800de94cfff]
[    1.205065] RAPL PMU: API unit is 2^-32 Joules, 3 fixed counters, 163840 ms ovfl timer
[    1.205066] RAPL PMU: hw unit of domain pp0-core 2^-16 Joules
[    1.205067] RAPL PMU: hw unit of domain package 2^-16 Joules
[    1.205067] RAPL PMU: hw unit of domain pp1-gpu 2^-16 Joules
[    1.205781] futex hash table entries: 2048 (order: 5, 131072 bytes)
[    1.205809] audit: initializing netlink subsys (disabled)
[    1.205818] audit: type=2000 audit(1468851287.173:1): initialized
[    1.206167] Initialise system trusted keyring
[    1.206262] workingset: timestamp_bits=34 max_order=22 bucket_order=0
[    1.207419] zbud: loaded
[    1.207770] Key type big_key registered
[    1.207773] SELinux:  Registering netfilter hooks
[    1.245267] NET: Registered protocol family 38
[    1.245272] Key type asymmetric registered
[    1.245273] Asymmetric key parser 'x509' registered
[    1.245304] Block layer SCSI generic (bsg) driver version 0.4 loaded (major 249)
[    1.245343] io scheduler noop registered
[    1.245345] io scheduler deadline registered
[    1.245370] io scheduler cfq registered (default)
[    1.245785] pci_hotplug: PCI Hot Plug PCI Core version: 0.5
[    1.245790] pciehp: PCI Express Hot Plug Controller Driver version: 0.4
[    1.245809] efifb: probing for efifb
[    1.245815] efifb: framebuffer at 0xe0000000, mapped to 0xffffc90001c00000, using 1876k, total 1875k
[    1.245816] efifb: mode is 800x600x32, linelength=3200, pages=1
[    1.245816] efifb: scrolling: redraw
[    1.245818] efifb: Truecolor: size=8:8:8:8, shift=24:16:8:0
[    1.245891] Console: switching to colour frame buffer device 100x37
[    1.247110] fb0: EFI VGA frame buffer device
[    1.247117] intel_idle: MWAIT substates: 0x1120
[    1.247118] intel_idle: v0.4.1 model 0x2A
[    1.247290] intel_idle: lapic_timer_reliable_states 0xffffffff
[    1.247343] input: Power Button as /devices/LNXSYSTM:00/LNXSYBUS:00/PNP0C0C:00/input/input0
[    1.247345] ACPI: Power Button [PWRB]
[    1.247371] input: Power Button as /devices/LNXSYSTM:00/LNXPWRBN:00/input/input1
[    1.247372] ACPI: Power Button [PWRF]
[    1.247952] thermal LNXTHERM:00: registered as thermal_zone0
[    1.247953] ACPI: Thermal Zone [TZ00] (28 C)
[    1.248114] thermal LNXTHERM:01: registered as thermal_zone1
[    1.248115] ACPI: Thermal Zone [TZ01] (30 C)
[    1.248136] GHES: HEST is not enabled!
[    1.248182] Serial: 8250/16550 driver, 32 ports, IRQ sharing enabled
[    1.268747] 00:07: ttyS0 at I/O 0x3f8 (irq = 4, base_baud = 115200) is a 16550A
[    1.270054] Non-volatile memory driver v1.3
[    1.270077] Linux agpgart interface v0.103
[    1.270563] ahci 0000:00:1f.2: version 3.0
[    1.280739] ahci 0000:00:1f.2: AHCI 0001.0300 32 slots 6 ports 6 Gbps 0x3f impl SATA mode
[    1.280741] ahci 0000:00:1f.2: flags: 64bit ncq led clo pio slum part ems apst 
[    1.290280] scsi host0: ahci
[    1.290392] scsi host1: ahci
[    1.290484] scsi host2: ahci
[    1.290587] scsi host3: ahci
[    1.290664] scsi host4: ahci
[    1.290740] scsi host5: ahci
[    1.290769] ata1: SATA max UDMA/133 abar m2048@0xf7f06000 port 0xf7f06100 irq 25
[    1.290771] ata2: SATA max UDMA/133 abar m2048@0xf7f06000 port 0xf7f06180 irq 25
[    1.290773] ata3: SATA max UDMA/133 abar m2048@0xf7f06000 port 0xf7f06200 irq 25
[    1.290774] ata4: SATA max UDMA/133 abar m2048@0xf7f06000 port 0xf7f06280 irq 25
[    1.290776] ata5: SATA max UDMA/133 abar m2048@0xf7f06000 port 0xf7f06300 irq 25
[    1.290777] ata6: SATA max UDMA/133 abar m2048@0xf7f06000 port 0xf7f06380 irq 25
[    1.290831] libphy: Fixed MDIO Bus: probed
[    1.290902] ehci_hcd: USB 2.0 'Enhanced' Host Controller (EHCI) Driver
[    1.290905] ehci-pci: EHCI PCI platform driver
[    1.290980] ehci-pci 0000:00:1a.0: EHCI Host Controller
[    1.291011] ehci-pci 0000:00:1a.0: new USB bus registered, assigned bus number 1
[    1.291021] ehci-pci 0000:00:1a.0: debug port 2
[    1.294929] ehci-pci 0000:00:1a.0: cache line size of 64 is not supported
[    1.294935] ehci-pci 0000:00:1a.0: irq 23, io mem 0xf7f08000
[    1.300865] ehci-pci 0000:00:1a.0: USB 2.0 started, EHCI 1.00
[    1.300897] usb usb1: New USB device found, idVendor=1d6b, idProduct=0002
[    1.300898] usb usb1: New USB device strings: Mfr=3, Product=2, SerialNumber=1
[    1.300899] usb usb1: Product: EHCI Host Controller
[    1.300900] usb usb1: Manufacturer: Linux 4.6.3-300.fc24.x86_64 ehci_hcd
[    1.300901] usb usb1: SerialNumber: 0000:00:1a.0
[    1.300984] hub 1-0:1.0: USB hub found
[    1.300988] hub 1-0:1.0: 2 ports detected
[    1.301125] ehci-pci 0000:00:1d.0: EHCI Host Controller
[    1.301156] ehci-pci 0000:00:1d.0: new USB bus registered, assigned bus number 2
[    1.301165] ehci-pci 0000:00:1d.0: debug port 2
[    1.305060] ehci-pci 0000:00:1d.0: cache line size of 64 is not supported
[    1.305063] ehci-pci 0000:00:1d.0: irq 23, io mem 0xf7f07000
[    1.310865] ehci-pci 0000:00:1d.0: USB 2.0 started, EHCI 1.00
[    1.310890] usb usb2: New USB device found, idVendor=1d6b, idProduct=0002
[    1.310892] usb usb2: New USB device strings: Mfr=3, Product=2, SerialNumber=1
[    1.310893] usb usb2: Product: EHCI Host Controller
[    1.310894] usb usb2: Manufacturer: Linux 4.6.3-300.fc24.x86_64 ehci_hcd
[    1.310895] usb usb2: SerialNumber: 0000:00:1d.0
[    1.310965] hub 2-0:1.0: USB hub found
[    1.310968] hub 2-0:1.0: 2 ports detected
[    1.311048] ohci_hcd: USB 1.1 'Open' Host Controller (OHCI) Driver
[    1.311054] ohci-pci: OHCI PCI platform driver
[    1.311061] uhci_hcd: USB Universal Host Controller Interface driver
[    1.311113] xhci_hcd 0000:03:00.0: xHCI Host Controller
[    1.311143] xhci_hcd 0000:03:00.0: new USB bus registered, assigned bus number 3
[    1.320798] xhci_hcd 0000:03:00.0: hcc params 0x0200f180 hci version 0x96 quirks 0x00080000
[    1.320949] usb usb3: New USB device found, idVendor=1d6b, idProduct=0002
[    1.320951] usb usb3: New USB device strings: Mfr=3, Product=2, SerialNumber=1
[    1.320952] usb usb3: Product: xHCI Host Controller
[    1.320953] usb usb3: Manufacturer: Linux 4.6.3-300.fc24.x86_64 xhci-hcd
[    1.320954] usb usb3: SerialNumber: 0000:03:00.0
[    1.321021] hub 3-0:1.0: USB hub found
[    1.321028] hub 3-0:1.0: 2 ports detected
[    1.321087] xhci_hcd 0000:03:00.0: xHCI Host Controller
[    1.321114] xhci_hcd 0000:03:00.0: new USB bus registered, assigned bus number 4
[    1.321132] usb usb4: We don't know the algorithms for LPM for this host, disabling LPM.
[    1.321142] usb usb4: New USB device found, idVendor=1d6b, idProduct=0003
[    1.321143] usb usb4: New USB device strings: Mfr=3, Product=2, SerialNumber=1
[    1.321144] usb usb4: Product: xHCI Host Controller
[    1.321145] usb usb4: Manufacturer: Linux 4.6.3-300.fc24.x86_64 xhci-hcd
[    1.321146] usb usb4: SerialNumber: 0000:03:00.0
[    1.321210] hub 4-0:1.0: USB hub found
[    1.321217] hub 4-0:1.0: 2 ports detected
[    1.321313] xhci_hcd 0000:04:00.0: xHCI Host Controller
[    1.321341] xhci_hcd 0000:04:00.0: new USB bus registered, assigned bus number 5
[    1.330992] xhci_hcd 0000:04:00.0: hcc params 0x0200f180 hci version 0x96 quirks 0x00080000
[    1.331134] usb usb5: New USB device found, idVendor=1d6b, idProduct=0002
[    1.331135] usb usb5: New USB device strings: Mfr=3, Product=2, SerialNumber=1
[    1.331137] usb usb5: Product: xHCI Host Controller
[    1.331138] usb usb5: Manufacturer: Linux 4.6.3-300.fc24.x86_64 xhci-hcd
[    1.331139] usb usb5: SerialNumber: 0000:04:00.0
[    1.331206] hub 5-0:1.0: USB hub found
[    1.331214] hub 5-0:1.0: 2 ports detected
[    1.331271] xhci_hcd 0000:04:00.0: xHCI Host Controller
[    1.331297] xhci_hcd 0000:04:00.0: new USB bus registered, assigned bus number 6
[    1.331315] usb usb6: We don't know the algorithms for LPM for this host, disabling LPM.
[    1.331325] usb usb6: New USB device found, idVendor=1d6b, idProduct=0003
[    1.331326] usb usb6: New USB device strings: Mfr=3, Product=2, SerialNumber=1
[    1.331327] usb usb6: Product: xHCI Host Controller
[    1.331328] usb usb6: Manufacturer: Linux 4.6.3-300.fc24.x86_64 xhci-hcd
[    1.331329] usb usb6: SerialNumber: 0000:04:00.0
[    1.331392] hub 6-0:1.0: USB hub found
[    1.331399] hub 6-0:1.0: 2 ports detected
[    1.331471] usbcore: registered new interface driver usbserial
[    1.331476] usbcore: registered new interface driver usbserial_generic
[    1.331480] usbserial: USB Serial support registered for generic
[    1.331502] i8042: PNP: PS/2 Controller [PNP0303:PS2K] at 0x60,0x64 irq 1
[    1.331502] i8042: PNP: PS/2 appears to have AUX port disabled, if this is incorrect please boot with i8042.nopnp
[    1.332197] serio: i8042 KBD port at 0x60,0x64 irq 1
[    1.332250] mousedev: PS/2 mouse device common for all mice
[    1.332368] rtc_cmos 00:02: RTC can wake from S4
[    1.332497] rtc_cmos 00:02: rtc core: registered rtc_cmos as rtc0
[    1.332519] rtc_cmos 00:02: alarms up to one month, y3k, 242 bytes nvram, hpet irqs
[    1.332553] device-mapper: uevent: version 1.0.3
[    1.332603] device-mapper: ioctl: 4.34.0-ioctl (2015-10-28) initialised: dm-devel@redhat.com
[    1.332674] Intel P-state driver initializing.
[    1.358934] input: AT Translated Set 2 keyboard as /devices/platform/i8042/serio0/input/input2
[    1.362334] hidraw: raw HID events driver (C) Jiri Kosina
[    1.362361] usbcore: registered new interface driver usbhid
[    1.362362] usbhid: USB HID core driver
[    1.362410] drop_monitor: Initializing network drop monitor service
[    1.362460] ip_tables: (C) 2000-2006 Netfilter Core Team
[    1.362579] Initializing XFRM netlink socket
[    1.362670] NET: Registered protocol family 10
[    1.362962] mip6: Mobile IPv6
[    1.362965] NET: Registered protocol family 17
[    1.363265] microcode: CPU0 sig=0x206a7, pf=0x2, revision=0x29
[    1.363290] microcode: CPU1 sig=0x206a7, pf=0x2, revision=0x29
[    1.363293] microcode: CPU2 sig=0x206a7, pf=0x2, revision=0x29
[    1.363313] microcode: CPU3 sig=0x206a7, pf=0x2, revision=0x29
[    1.363338] microcode: CPU4 sig=0x206a7, pf=0x2, revision=0x29
[    1.363362] microcode: CPU5 sig=0x206a7, pf=0x2, revision=0x29
[    1.363367] microcode: CPU6 sig=0x206a7, pf=0x2, revision=0x29
[    1.363397] microcode: CPU7 sig=0x206a7, pf=0x2, revision=0x29
[    1.363476] microcode: Microcode Update Driver: v2.01 <tigran@aivazian.fsnet.co.uk>, Peter Oruba
[    1.363505] AVX version of gcm_enc/dec engaged.
[    1.363507] AES CTR mode by8 optimization enabled
[    1.402369] registered taskstats version 1
[    1.402392] Loading compiled-in X.509 certificates
[    1.404844] alg: No test for pkcs1pad(rsa,sha256) (pkcs1pad(rsa-generic,sha256))
[    1.406167] Loaded X.509 cert 'Fedora kernel signing key: 5fe682e4133871ee5474c8b582bc89e43c000f15'
[    1.406210] zswap: loaded using pool lzo/zbud
[    1.406819]   Magic number: 8:12:233
[    1.406896] memory memory111: hash matches
[    1.406996] rtc_cmos 00:02: setting system clock to 2016-07-18 14:14:48 UTC (1468851288)
[    1.407096] PM: Checking hibernation image partition /dev/mapper/vg_ssd-swap
[    1.595113] ata3: SATA link up 3.0 Gbps (SStatus 123 SControl 300)
[    1.595138] ata2: SATA link up 6.0 Gbps (SStatus 133 SControl 300)
[    1.595160] ata4: SATA link up 3.0 Gbps (SStatus 123 SControl 300)
[    1.595183] ata5: SATA link up 3.0 Gbps (SStatus 123 SControl 300)
[    1.595207] ata1: SATA link up 6.0 Gbps (SStatus 133 SControl 300)
[    1.595230] ata6: SATA link up 1.5 Gbps (SStatus 113 SControl 300)
[    1.595721] ACPI Error: [DSSP] Namespace lookup failure, AE_NOT_FOUND (20160108/psargs-359)
[    1.595729] ACPI Error: Method parse/execution failed [\_SB.PCI0.SAT0.SPT2._GTF] (Node ffff88040e0b9e10), AE_NOT_FOUND (20160108/psparse-542)
[    1.595784] ACPI Error: [DSSP] Namespace lookup failure, AE_NOT_FOUND (20160108/psargs-359)
[    1.595792] ACPI Error: Method parse/execution failed [\_SB.PCI0.SAT0.SPT3._GTF] (Node ffff88040e0b9e88), AE_NOT_FOUND (20160108/psparse-542)
[    1.595848] ACPI Error: [DSSP] Namespace lookup failure, AE_NOT_FOUND (20160108/psargs-359)
[    1.595866] ACPI Error: Method parse/execution failed [\_SB.PCI0.SAT0.SPT4._GTF] (Node ffff88040e0b9f00), AE_NOT_FOUND (20160108/psparse-542)
[    1.595962] ata3.00: ATA-8: ST2000DL003-9VT166, CC32, max UDMA/133
[    1.595968] ata3.00: 3907029168 sectors, multi 16: LBA48 NCQ (depth 31/32)
[    1.596013] ata4.00: ATA-8: ST2000DL003-9VT166, CC32, max UDMA/133
[    1.596018] ata4.00: 3907029168 sectors, multi 16: LBA48 NCQ (depth 31/32)
[    1.596125] ata5.00: ATA-8: ST2000DL003-9VT166, CC32, max UDMA/133
[    1.596130] ata5.00: 3907029168 sectors, multi 16: LBA48 NCQ (depth 31/32)
[    1.596641] ACPI Error: [DSSP] Namespace lookup failure, AE_NOT_FOUND (20160108/psargs-359)
[    1.596649] ACPI Error: Method parse/execution failed [\_SB.PCI0.SAT0.SPT2._GTF] (Node ffff88040e0b9e10), AE_NOT_FOUND (20160108/psparse-542)
[    1.596707] ACPI Error: [DSSP] Namespace lookup failure, AE_NOT_FOUND (20160108/psargs-359)
[    1.596715] ACPI Error: Method parse/execution failed [\_SB.PCI0.SAT0.SPT3._GTF] (Node ffff88040e0b9e88), AE_NOT_FOUND (20160108/psparse-542)
[    1.596846] ACPI Error: [DSSP] Namespace lookup failure, AE_NOT_FOUND (20160108/psargs-359)
[    1.596865] ACPI Error: Method parse/execution failed [\_SB.PCI0.SAT0.SPT4._GTF] (Node ffff88040e0b9f00), AE_NOT_FOUND (20160108/psparse-542)
[    1.596890] ata3.00: configured for UDMA/133
[    1.596930] ata4.00: configured for UDMA/133
[    1.597074] ata5.00: configured for UDMA/133
[    1.600314] ACPI Error: [DSSP] Namespace lookup failure, AE_NOT_FOUND (20160108/psargs-359)
[    1.600321] ACPI Error: Method parse/execution failed [\_SB.PCI0.SAT0.SPT1._GTF] (Node ffff88040e0b9d98), AE_NOT_FOUND (20160108/psparse-542)
[    1.601363] ata2.00: ATA-8: WDC WD20EARX-00PASB0, 51.0AB51, max UDMA/133
[    1.601367] ata2.00: 3907029168 sectors, multi 16: LBA48 NCQ (depth 31/32), AA
[    1.602869] usb 1-1: new high-speed USB device number 2 using ehci-pci
[    1.603387] ACPI Error: [DSSP] Namespace lookup failure, AE_NOT_FOUND (20160108/psargs-359)
[    1.603395] ACPI Error: Method parse/execution failed [\_SB.PCI0.SAT0.SPT5._GTF] (Node ffff88040e0b9f78), AE_NOT_FOUND (20160108/psparse-542)
[    1.603408] ata6.00: ATAPI: HL-DT-ST BD-RE  BH12LS38, 1.00, max UDMA/133
[    1.606338] ACPI Error: [DSSP] Namespace lookup failure, AE_NOT_FOUND (20160108/psargs-359)
[    1.606346] ACPI Error: Method parse/execution failed [\_SB.PCI0.SAT0.SPT0._GTF] (Node ffff88040e0b9d20), AE_NOT_FOUND (20160108/psparse-542)
[    1.606734] ACPI Error: [DSSP] Namespace lookup failure, AE_NOT_FOUND (20160108/psargs-359)
[    1.606742] ACPI Error: Method parse/execution failed [\_SB.PCI0.SAT0.SPT1._GTF] (Node ffff88040e0b9d98), AE_NOT_FOUND (20160108/psparse-542)
[    1.607135] ata1.00: ATA-8: OCZ-VERTEX3, 2.25, max UDMA/133
[    1.607140] ata1.00: 234441648 sectors, multi 16: LBA48 NCQ (depth 31/32), AA
[    1.607326] ata2.00: configured for UDMA/133
[    1.607386] ACPI Error: [DSSP] Namespace lookup failure, AE_NOT_FOUND (20160108/psargs-359)
[    1.607394] ACPI Error: Method parse/execution failed [\_SB.PCI0.SAT0.SPT5._GTF] (Node ffff88040e0b9f78), AE_NOT_FOUND (20160108/psparse-542)
[    1.607407] ata6.00: configured for UDMA/133
[    1.612910] usb 2-1: new high-speed USB device number 2 using ehci-pci
[    1.616338] ACPI Error: [DSSP] Namespace lookup failure, AE_NOT_FOUND (20160108/psargs-359)
[    1.616346] ACPI Error: Method parse/execution failed [\_SB.PCI0.SAT0.SPT0._GTF] (Node ffff88040e0b9d20), AE_NOT_FOUND (20160108/psparse-542)
[    1.617105] ata1.00: configured for UDMA/133
[    1.617565] scsi 0:0:0:0: Direct-Access     ATA      OCZ-VERTEX3      2.25 PQ: 0 ANSI: 5
[    1.623263] sd 0:0:0:0: Attached scsi generic sg0 type 0
[    1.623304] sd 0:0:0:0: [sda] 234441648 512-byte logical blocks: (120 GB/112 GiB)
[    1.623635] sd 0:0:0:0: [sda] Write Protect is off
[    1.623640] sd 0:0:0:0: [sda] Mode Sense: 00 3a 00 00
[    1.623699] scsi 1:0:0:0: Direct-Access     ATA      WDC WD20EARX-00P AB51 PQ: 0 ANSI: 5
[    1.623741] sd 0:0:0:0: [sda] Write cache: enabled, read cache: enabled, doesn't support DPO or FUA
[    1.624883]  sda: sda1 sda2 sda3
[    1.625621] sd 0:0:0:0: [sda] Attached SCSI disk
[    1.635214] sd 1:0:0:0: [sdb] 3907029168 512-byte logical blocks: (2.00 TB/1.82 TiB)
[    1.635218] sd 1:0:0:0: [sdb] 4096-byte physical blocks
[    1.635247] sd 1:0:0:0: Attached scsi generic sg1 type 0
[    1.635465] sd 1:0:0:0: [sdb] Write Protect is off
[    1.635472] sd 1:0:0:0: [sdb] Mode Sense: 00 3a 00 00
[    1.635560] sd 1:0:0:0: [sdb] Write cache: enabled, read cache: enabled, doesn't support DPO or FUA
[    1.635672] scsi 2:0:0:0: Direct-Access     ATA      ST2000DL003-9VT1 CC32 PQ: 0 ANSI: 5
[    1.641078] sd 2:0:0:0: Attached scsi generic sg2 type 0
[    1.641087] sd 2:0:0:0: [sdc] 3907029168 512-byte logical blocks: (2.00 TB/1.82 TiB)
[    1.641368] sd 2:0:0:0: [sdc] Write Protect is off
[    1.641373] sd 2:0:0:0: [sdc] Mode Sense: 00 3a 00 00
[    1.641505] sd 2:0:0:0: [sdc] Write cache: enabled, read cache: enabled, doesn't support DPO or FUA
[    1.641519] scsi 3:0:0:0: Direct-Access     ATA      ST2000DL003-9VT1 CC32 PQ: 0 ANSI: 5
[    1.647095] sd 3:0:0:0: Attached scsi generic sg3 type 0
[    1.647140] sd 3:0:0:0: [sdd] 3907029168 512-byte logical blocks: (2.00 TB/1.82 TiB)
[    1.647446] sd 3:0:0:0: [sdd] Write Protect is off
[    1.647451] sd 3:0:0:0: [sdd] Mode Sense: 00 3a 00 00
[    1.647544] sd 3:0:0:0: [sdd] Write cache: enabled, read cache: enabled, doesn't support DPO or FUA
[    1.647581] scsi 4:0:0:0: Direct-Access     ATA      ST2000DL003-9VT1 CC32 PQ: 0 ANSI: 5
[    1.653053] sd 4:0:0:0: Attached scsi generic sg4 type 0
[    1.653067] sd 4:0:0:0: [sde] 3907029168 512-byte logical blocks: (2.00 TB/1.82 TiB)
[    1.653266] sd 4:0:0:0: [sde] Write Protect is off
[    1.653271] sd 4:0:0:0: [sde] Mode Sense: 00 3a 00 00
[    1.653335] sd 4:0:0:0: [sde] Write cache: enabled, read cache: enabled, doesn't support DPO or FUA
[    1.661874] scsi 5:0:0:0: CD-ROM            HL-DT-ST BD-RE  BH12LS38  1.00 PQ: 0 ANSI: 5
[    1.696414]  sdd: sdd1 sdd2 sdd3 sdd4
[    1.697120]  sdc: sdc1 sdc2 sdc3 sdc4
[    1.697504] sd 3:0:0:0: [sdd] Attached SCSI disk
[    1.697980] sd 2:0:0:0: [sdc] Attached SCSI disk
[    1.708095] sr 5:0:0:0: [sr0] scsi3-mmc drive: 40x/40x writer dvd-ram cd/rw xa/form2 cdda tray
[    1.708108] cdrom: Uniform CD-ROM driver Revision: 3.20
[    1.708143]  sde: sde1 sde2 sde3 sde4
[    1.708302] sr 5:0:0:0: Attached scsi CD-ROM sr0
[    1.708452] sr 5:0:0:0: Attached scsi generic sg5 type 5
[    1.709173] sd 4:0:0:0: [sde] Attached SCSI disk
[    1.717274] usb 1-1: New USB device found, idVendor=8087, idProduct=0024
[    1.717279] usb 1-1: New USB device strings: Mfr=0, Product=0, SerialNumber=0
[    1.717736] hub 1-1:1.0: USB hub found
[    1.717895] hub 1-1:1.0: 6 ports detected
[    1.727271] usb 2-1: New USB device found, idVendor=8087, idProduct=0024
[    1.727276] usb 2-1: New USB device strings: Mfr=0, Product=0, SerialNumber=0
[    1.727735] hub 2-1:1.0: USB hub found
[    1.727897] hub 2-1:1.0: 8 ports detected
[    2.002905] usb 2-1.1: new low-speed USB device number 3 using ehci-pci
[    2.088097]  sdb: sdb1 sdb2 sdb3 sdb4 sdb6 sdb7 sdb8 sdb9
[    2.089394] sd 1:0:0:0: [sdb] Attached SCSI disk
[    2.089443] PM: Hibernation image not present or could not be loaded.
[    2.091677] Freeing unused kernel memory: 1568K (ffffffff81d4f000 - ffffffff81ed7000)
[    2.091680] Write protecting the kernel read-only data: 12288k
[    2.092067] Freeing unused kernel memory: 104K (ffff88000d7e6000 - ffff88000d800000)
[    2.094941] Freeing unused kernel memory: 844K (ffff88000db2d000 - ffff88000dc00000)
[    2.101350] usb 2-1.1: New USB device found, idVendor=12bd, idProduct=a02f
[    2.101355] usb 2-1.1: New USB device strings: Mfr=0, Product=2, SerialNumber=0
[    2.101358] usb 2-1.1: Product: 5-Axis,12-Button with POV 
[    2.113388] input: 5-Axis,12-Button with POV  as /devices/pci0000:00/0000:00:1d.0/usb2/2-1/2-1.1/2-1.1:1.0/0003:12BD:A02F.0001/input/input3
[    2.114231] hid-generic 0003:12BD:A02F.0001: input,hidraw0: USB HID v1.10 Joystick [5-Axis,12-Button with POV ] on usb-0000:00:1d.0-1.1/input0
[    2.186877] usb 2-1.2: new high-speed USB device number 4 using ehci-pci
[    2.205881] tsc: Refined TSC clocksource calibration: 3502.633 MHz
[    2.205883] clocksource: tsc: mask: 0xffffffffffffffff max_cycles: 0x327d0851cea, max_idle_ns: 440795308321 ns
[    2.407317] random: systemd urandom read with 64 bits of entropy available
[    2.416616] systemd[1]: systemd 229 running in system mode. (+PAM +AUDIT +SELINUX +IMA -APPARMOR +SMACK +SYSVINIT +UTMP +LIBCRYPTSETUP +GCRYPT +GNUTLS +ACL +XZ +LZ4 +SECCOMP +BLKID +ELFUTILS +KMOD +IDN)
[    2.416779] systemd[1]: Detected architecture x86-64.
[    2.416782] systemd[1]: Running in initial RAM disk.
[    2.416790] systemd[1]: No hostname configured.
[    2.416793] systemd[1]: Set hostname to <localhost>.
[    2.416810] systemd[1]: Initializing machine ID from random generator.
[    2.442500] usb 2-1.2: New USB device found, idVendor=046d, idProduct=08c5
[    2.442504] usb 2-1.2: New USB device strings: Mfr=0, Product=0, SerialNumber=0
[    2.448627] systemd[1]: Created slice System Slice.
[    2.448660] systemd[1]: Reached target Slices.
[    2.448671] systemd[1]: Reached target Swap.
[    2.448749] systemd[1]: Created slice system-systemd\x2dhibernate\x2dresume.slice.
[    2.448761] systemd[1]: Reached target Timers.
[    2.448805] systemd[1]: Listening on Journal Socket (/dev/log).
[    2.448873] systemd[1]: Listening on Journal Audit Socket.
[    2.448886] systemd[1]: Reached target Encrypted Volumes.
[    2.448907] systemd[1]: Listening on udev Kernel Socket.
[    2.448945] systemd[1]: Listening on Journal Socket.
[    2.461125] systemd[1]: Starting Setup Virtual Console...
[    2.461533] systemd[1]: Starting Journal Service...
[    2.461904] systemd[1]: Starting Apply Kernel Variables...
[    2.462529] systemd[1]: Starting dracut cmdline hook...
[    2.463084] systemd[1]: Starting Create list of required static device nodes for the current kernel...
[    2.463148] systemd[1]: Listening on udev Control Socket.
[    2.464249] systemd[1]: Started Setup Virtual Console.
[    2.464315] audit: type=1130 audit(1468851289.555:2): pid=1 uid=0 auid=4294967295 ses=4294967295 subj=kernel msg='unit=systemd-vconsole-setup comm="systemd" exe="/usr/lib/systemd/systemd" hostname=? addr=? terminal=? res=success'
[    2.464536] systemd[1]: Started Apply Kernel Variables.
[    2.464558] audit: type=1130 audit(1468851289.555:3): pid=1 uid=0 auid=4294967295 ses=4294967295 subj=kernel msg='unit=systemd-sysctl comm="systemd" exe="/usr/lib/systemd/systemd" hostname=? addr=? terminal=? res=success'
[    2.464756] systemd[1]: Started Create list of required static device nodes for the current kernel.
[    2.464776] audit: type=1130 audit(1468851289.555:4): pid=1 uid=0 auid=4294967295 ses=4294967295 subj=kernel msg='unit=kmod-static-nodes comm="systemd" exe="/usr/lib/systemd/systemd" hostname=? addr=? terminal=? res=success'
[    2.472104] systemd[1]: Starting Create Static Device Nodes in /dev...
[    2.473818] systemd[1]: Started Create Static Device Nodes in /dev.
[    2.473864] audit: type=1130 audit(1468851289.565:5): pid=1 uid=0 auid=4294967295 ses=4294967295 subj=kernel msg='unit=systemd-tmpfiles-setup-dev comm="systemd" exe="/usr/lib/systemd/systemd" hostname=? addr=? terminal=? res=success'
[    2.493596] systemd[1]: Started Journal Service.
[    2.493654] audit: type=1130 audit(1468851289.584:6): pid=1 uid=0 auid=4294967295 ses=4294967295 subj=kernel msg='unit=systemd-journald comm="systemd" exe="/usr/lib/systemd/systemd" hostname=? addr=? terminal=? res=success'
[    2.515847] usb 2-1.6: new low-speed USB device number 5 using ehci-pci
[    2.576618] audit: type=1130 audit(1468851289.667:7): pid=1 uid=0 auid=4294967295 ses=4294967295 subj=kernel msg='unit=dracut-cmdline comm="systemd" exe="/usr/lib/systemd/systemd" hostname=? addr=? terminal=? res=success'
[    2.604752] Loading iSCSI transport class v2.0-870.
[    2.605217] audit: type=1130 audit(1468851289.696:8): pid=1 uid=0 auid=4294967295 ses=4294967295 subj=kernel msg='unit=iscsid comm="systemd" exe="/usr/lib/systemd/systemd" hostname=? addr=? terminal=? res=success'
[    2.605811] usb 2-1.6: New USB device found, idVendor=093a, idProduct=2510
[    2.605814] usb 2-1.6: New USB device strings: Mfr=1, Product=2, SerialNumber=0
[    2.605816] usb 2-1.6: Product: USB Optical Mouse
[    2.605818] usb 2-1.6: Manufacturer: PixArt
[    2.608428] input: PixArt USB Optical Mouse as /devices/pci0000:00/0000:00:1d.0/usb2/2-1/2-1.6/2-1.6:1.0/0003:093A:2510.0002/input/input4
[    2.608588] hid-generic 0003:093A:2510.0002: input,hidraw1: USB HID v1.11 Mouse [PixArt USB Optical Mouse] on usb-0000:00:1d.0-1.6/input0
[    2.633583] RPC: Registered named UNIX socket transport module.
[    2.633585] RPC: Registered udp transport module.
[    2.633586] RPC: Registered tcp transport module.
[    2.633587] RPC: Registered tcp NFSv4.1 backchannel transport module.
[    2.670864] usb 2-1.7: new full-speed USB device number 6 using ehci-pci
[    2.720449] audit: type=1130 audit(1468851289.811:9): pid=1 uid=0 auid=4294967295 ses=4294967295 subj=kernel msg='unit=dracut-pre-udev comm="systemd" exe="/usr/lib/systemd/systemd" hostname=? addr=? terminal=? res=success'
[    2.737690] audit: type=1130 audit(1468851289.828:10): pid=1 uid=0 auid=4294967295 ses=4294967295 subj=kernel msg='unit=systemd-udevd comm="systemd" exe="/usr/lib/systemd/systemd" hostname=? addr=? terminal=? res=success'
[    2.774742] usb 2-1.7: New USB device found, idVendor=0a12, idProduct=0001
[    2.774747] usb 2-1.7: New USB device strings: Mfr=0, Product=2, SerialNumber=0
[    2.774749] usb 2-1.7: Product: CSR8510 A10
[    2.882388] FUJITSU Extended Socket Network Device Driver - version 1.0 - Copyright (c) 2015 FUJITSU LIMITED
[    2.890413] wmi: Mapper loaded
[    2.899575] r8169 Gigabit Ethernet driver 2.3LK-NAPI loaded
[    2.899583] r8169 0000:05:00.0: can't disable ASPM; OS doesn't have ASPM control
[    2.900325] r8169 0000:05:00.0 eth0: RTL8168evl/8111evl at 0xffffc9000000e000, f4:6d:04:61:ab:b4, XID 0c900800 IRQ 42
[    2.900328] r8169 0000:05:00.0 eth0: jumbo features [frames: 9200 bytes, tx checksumming: ko]
[    2.908880] 8021q: 802.1Q VLAN Support v1.8
[    2.911882] [drm] Initialized drm 1.1.0 20060810
[    2.934968] random: nonblocking pool is initialized
[    2.941685] r8169 0000:05:00.0 enp5s0: renamed from eth0
[    2.978326] [drm] radeon kernel modesetting enabled.
[    2.980192] AMD IOMMUv2 driver by Joerg Roedel <jroedel@suse.de>
[    2.980194] AMD IOMMUv2 functionality not available on this system
[    2.985833] CRAT table not found
[    2.985834] Finished initializing topology ret=0
[    2.985884] kfd kfd: Initialized module
[    2.986062] checking generic (e0000000 1d5000) vs hw (e0000000 10000000)
[    2.986064] fb: switching to radeondrmfb from EFI VGA
[    2.986078] Console: switching to colour dummy device 80x25
[    2.986288] [drm] initializing kernel modesetting (BARTS 0x1002:0x6738 0x1787:0x2010 0x00).
[    2.986295] [drm] register mmio base: 0xF7E20000
[    2.986296] [drm] register mmio size: 131072
[    2.986324] ATOM BIOS: BARTS
[    2.986456] radeon 0000:01:00.0: VRAM: 1024M 0x0000000000000000 - 0x000000003FFFFFFF (1024M used)
[    2.986457] radeon 0000:01:00.0: GTT: 1024M 0x0000000040000000 - 0x000000007FFFFFFF
[    2.986458] [drm] Detected VRAM RAM=1024M, BAR=256M
[    2.986459] [drm] RAM width 256bits DDR
[    2.986492] [TTM] Zone  kernel: Available graphics memory: 8133010 kiB
[    2.986493] [TTM] Zone   dma32: Available graphics memory: 2097152 kiB
[    2.986493] [TTM] Initializing pool allocator
[    2.986496] [TTM] Initializing DMA pool allocator
[    2.986507] [drm] radeon: 1024M of VRAM memory ready
[    2.986508] [drm] radeon: 1024M of GTT memory ready.
[    2.986514] [drm] Loading BARTS Microcode
[    2.986566] [drm] Internal thermal controller with fan control
[    2.991453] [drm] radeon: dpm initialized
[    2.991503] [drm] GART: num cpu pages 262144, num gpu pages 262144
[    2.991918] [drm] enabling PCIE gen 2 link speeds, disable with radeon.pcie_gen2=0
[    2.999486] [drm] PCIE GART of 1024M enabled (table at 0x0000000000274000).
[    2.999592] radeon 0000:01:00.0: WB enabled
[    2.999593] radeon 0000:01:00.0: fence driver on ring 0 use gpu addr 0x0000000040000c00 and cpu addr 0xffff8804053adc00
[    2.999594] radeon 0000:01:00.0: fence driver on ring 3 use gpu addr 0x0000000040000c0c and cpu addr 0xffff8804053adc0c
[    3.001057] radeon 0000:01:00.0: fence driver on ring 5 use gpu addr 0x0000000000072118 and cpu addr 0xffffc90002032118
[    3.001059] [drm] Supports vblank timestamp caching Rev 2 (21.10.2013).
[    3.001059] [drm] Driver supports precise vblank timestamp query.
[    3.001060] radeon 0000:01:00.0: radeon: MSI limited to 32-bit
[    3.001080] radeon 0000:01:00.0: radeon: using MSI.
[    3.001109] [drm] radeon: irq initialized.
[    3.017537] [drm] ring test on 0 succeeded in 3 usecs
[    3.017547] [drm] ring test on 3 succeeded in 6 usecs
[    3.158832] raid6: sse2x1   gen() 11476 MB/s
[    3.175830] raid6: sse2x1   xor()  9089 MB/s
[    3.192828] raid6: sse2x2   gen() 14781 MB/s
[    3.194743] [drm] ring test on 5 succeeded in 2 usecs
[    3.194752] [drm] UVD initialized successfully.
[    3.194959] [drm] ib test on ring 0 succeeded in 0 usecs
[    3.195008] [drm] ib test on ring 3 succeeded in 0 usecs
[    3.209841] raid6: sse2x2   xor()  9582 MB/s
[    3.226842] raid6: sse2x4   gen() 11519 MB/s
[    3.243837] raid6: sse2x4   xor()  7902 MB/s
[    3.243838] raid6: using algorithm sse2x2 gen() 14781 MB/s
[    3.243839] raid6: .... xor() 9582 MB/s, rmw enabled
[    3.243840] raid6: using ssse3x2 recovery algorithm
[    3.346172] clocksource: Switched to clocksource tsc
[    3.347838] xor: automatically using best checksumming function:
[    3.357819]    avx       : 29228.000 MB/sec
[    3.395844] Btrfs loaded
[    3.397309] BTRFS: device label btrfs_raid1 devid 3 transid 1022828 /dev/sde4
[    3.398283] BTRFS: device label btrfs_raid1 devid 2 transid 1022828 /dev/sdd4
[    3.414883] BTRFS: device label btrfs_raid1 devid 1 transid 1022828 /dev/sdc4
[    3.607696] BTRFS: device label btrfs_raid1 devid 4 transid 1022828 /dev/sdb9
[    3.846894] [drm] ib test on ring 5 succeeded
[    3.847983] [drm] Radeon Display Connectors
[    3.847986] [drm] Connector 0:
[    3.847988] [drm]   DP-1
[    3.847989] [drm]   HPD4
[    3.847991] [drm]   DDC: 0x6430 0x6430 0x6434 0x6434 0x6438 0x6438 0x643c 0x643c
[    3.847993] [drm]   Encoders:
[    3.847994] [drm]     DFP1: INTERNAL_UNIPHY2
[    3.847996] [drm] Connector 1:
[    3.847997] [drm]   DP-2
[    3.847998] [drm]   HPD5
[    3.848000] [drm]   DDC: 0x6440 0x6440 0x6444 0x6444 0x6448 0x6448 0x644c 0x644c
[    3.848001] [drm]   Encoders:
[    3.848003] [drm]     DFP2: INTERNAL_UNIPHY2
[    3.848004] [drm] Connector 2:
[    3.848005] [drm]   HDMI-A-1
[    3.848006] [drm]   HPD3
[    3.848008] [drm]   DDC: 0x6460 0x6460 0x6464 0x6464 0x6468 0x6468 0x646c 0x646c
[    3.848010] [drm]   Encoders:
[    3.848011] [drm]     DFP3: INTERNAL_UNIPHY1
[    3.848012] [drm] Connector 3:
[    3.848013] [drm]   DVI-D-1
[    3.848015] [drm]   HPD1
[    3.848017] [drm]   DDC: 0x6480 0x6480 0x6484 0x6484 0x6488 0x6488 0x648c 0x648c
[    3.848018] [drm]   Encoders:
[    3.848019] [drm]     DFP4: INTERNAL_UNIPHY1
[    3.848020] [drm] Connector 4:
[    3.848021] [drm]   DVI-I-1
[    3.848023] [drm]   HPD6
[    3.848025] [drm]   DDC: 0x6470 0x6470 0x6474 0x6474 0x6478 0x6478 0x647c 0x647c
[    3.848026] [drm]   Encoders:
[    3.848027] [drm]     DFP5: INTERNAL_UNIPHY
[    3.848029] [drm]     CRT1: INTERNAL_KLDSCP_DAC1
[    3.980542] [drm] fb mappable at 0xE0475000
[    3.980545] [drm] vram apper at 0xE0000000
[    3.980546] [drm] size 8294400
[    3.980546] [drm] fb depth is 24
[    3.980547] [drm]    pitch is 7680
[    3.980645] fbcon: radeondrmfb (fb0) is primary device
[    3.984793] Console: switching to colour frame buffer device 240x67
[    3.989050] radeon 0000:01:00.0: fb0: radeondrmfb frame buffer device
[    4.002038] [drm] Initialized radeon 2.43.0 20080528 for 0000:01:00.0 on minor 0
[    4.294063] PM: Starting manual resume from disk
[    4.294068] PM: Hibernation image partition 253:1 present
[    4.294069] PM: Looking for hibernation image.
[    4.294163] PM: Image not found (code -22)
[    4.294165] PM: Hibernation image not present or could not be loaded.
[    4.347014] EXT4-fs (dm-0): mounted filesystem with ordered data mode. Opts: (null)
[    4.694704] systemd-journald[233]: Received SIGTERM from PID 1 (systemd).
[    4.777695] SELinux: 32768 avtab hash slots, 105007 rules.
[    4.796117] SELinux: 32768 avtab hash slots, 105007 rules.
[    4.823348] SELinux:  8 users, 14 roles, 5029 types, 305 bools, 1 sens, 1024 cats
[    4.823352] SELinux:  92 classes, 105007 rules
[    4.826495] SELinux:  Permission validate_trans in class security not defined in policy.
[    4.826584] SELinux: the above unknown classes and permissions will be allowed
[    4.826588] SELinux:  Completing initialization.
[    4.826589] SELinux:  Setting up existing superblocks.
[    4.838500] systemd[1]: Successfully loaded SELinux policy in 79.286ms.
[    4.876494] systemd[1]: Relabelled /dev and /run in 25.273ms.
[    5.016951] EXT4-fs (dm-0): re-mounted. Opts: discard
[    5.067573] Installing knfsd (copyright (C) 1996 okir@monad.swb.de).
[    5.305189] ACPI Warning: SystemIO range 0x0000000000000428-0x000000000000042F conflicts with OpRegion 0x0000000000000400-0x000000000000047F (\PMIO) (20160108/utaddress-255)
[    5.305196] ACPI: If an ACPI driver is available for this device, you should use it instead of the native driver
[    5.305200] ACPI Warning: SystemIO range 0x0000000000000540-0x000000000000054F conflicts with OpRegion 0x0000000000000500-0x0000000000000563 (\GPIO) (20160108/utaddress-255)
[    5.305204] ACPI: If an ACPI driver is available for this device, you should use it instead of the native driver
[    5.305205] ACPI Warning: SystemIO range 0x0000000000000530-0x000000000000053F conflicts with OpRegion 0x0000000000000500-0x0000000000000563 (\GPIO) (20160108/utaddress-255)
[    5.305208] ACPI: If an ACPI driver is available for this device, you should use it instead of the native driver
[    5.305210] ACPI Warning: SystemIO range 0x0000000000000500-0x000000000000052F conflicts with OpRegion 0x0000000000000500-0x0000000000000563 (\GPIO) (20160108/utaddress-255)
[    5.305213] ACPI Warning: SystemIO range 0x0000000000000500-0x000000000000052F conflicts with OpRegion 0x0000000000000500-0x000000000000050F (\_GPE.GPIO) (20160108/utaddress-255)
[    5.305217] ACPI: If an ACPI driver is available for this device, you should use it instead of the native driver
[    5.305218] lpc_ich: Resource conflict(s) found affecting gpio_ich
[    5.305236] shpchp: Standard Hot Plug PCI Controller Driver version: 0.4
[    5.308795] media: Linux media interface: v0.10
[    5.321447] Linux video capture interface: v2.00
[    5.345499] Bluetooth: Core ver 2.21
[    5.345514] NET: Registered protocol family 31
[    5.345515] Bluetooth: HCI device and connection manager initialized
[    5.345518] Bluetooth: HCI socket layer initialized
[    5.345521] Bluetooth: L2CAP socket layer initialized
[    5.345529] Bluetooth: SCO socket layer initialized
[    5.355361] uvcvideo: Found UVC 1.00 device <unnamed> (046d:08c5)
[    5.357017] usbcore: registered new interface driver btusb
[    5.361250] ACPI Warning: SystemIO range 0x000000000000F000-0x000000000000F01F conflicts with OpRegion 0x000000000000F000-0x000000000000F00F (\_SB.PCI0.SBUS.SMBI) (20160108/utaddress-255)
[    5.361256] ACPI: If an ACPI driver is available for this device, you should use it instead of the native driver
[    5.373840] snd_hda_intel 0000:00:1b.0: enabling device (0000 -> 0002)
[    5.374010] snd_hda_intel 0000:01:00.1: enabling device (0000 -> 0002)
[    5.374042] snd_hda_intel 0000:01:00.1: Handle vga_switcheroo audio client
[    5.382174] input: HDA ATI HDMI HDMI/DP,pcm=3 as /devices/pci0000:00/0000:00:01.0/0000:01:00.1/sound/card1/input5
[    5.391894] snd_hda_codec_realtek hdaudioC0D0: autoconfig for ALC892: line_outs=4 (0x14/0x15/0x16/0x17/0x0) type:line
[    5.391897] snd_hda_codec_realtek hdaudioC0D0:    speaker_outs=0 (0x0/0x0/0x0/0x0/0x0)
[    5.391898] snd_hda_codec_realtek hdaudioC0D0:    hp_outs=1 (0x1b/0x0/0x0/0x0/0x0)
[    5.391899] snd_hda_codec_realtek hdaudioC0D0:    mono: mono_out=0x0
[    5.391900] snd_hda_codec_realtek hdaudioC0D0:    dig-out=0x11/0x1e
[    5.391900] snd_hda_codec_realtek hdaudioC0D0:    inputs:
[    5.391902] snd_hda_codec_realtek hdaudioC0D0:      Front Mic=0x19
[    5.391903] snd_hda_codec_realtek hdaudioC0D0:      Rear Mic=0x18
[    5.391904] snd_hda_codec_realtek hdaudioC0D0:      Line=0x1a
[    5.406127] input: HDA Intel PCH Front Mic as /devices/pci0000:00/0000:00:1b.0/sound/card0/input6
[    5.406190] input: HDA Intel PCH Rear Mic as /devices/pci0000:00/0000:00:1b.0/sound/card0/input7
[    5.406246] input: HDA Intel PCH Line as /devices/pci0000:00/0000:00:1b.0/sound/card0/input8
[    5.406306] input: HDA Intel PCH Line Out Front as /devices/pci0000:00/0000:00:1b.0/sound/card0/input9
[    5.406364] input: HDA Intel PCH Line Out Surround as /devices/pci0000:00/0000:00:1b.0/sound/card0/input10
[    5.406419] input: HDA Intel PCH Line Out CLFE as /devices/pci0000:00/0000:00:1b.0/sound/card0/input11
[    5.406482] input: HDA Intel PCH Line Out Side as /devices/pci0000:00/0000:00:1b.0/sound/card0/input12
[    5.406539] input: HDA Intel PCH Front Headphone as /devices/pci0000:00/0000:00:1b.0/sound/card0/input13
[    5.444358] systemd-journald[783]: Received request to flush runtime journal from PID 1
[    5.483150] intel_rapl: Found RAPL domain package
[    5.483153] intel_rapl: Found RAPL domain core
[    5.483155] intel_rapl: Found RAPL domain uncore
[    5.483159] intel_rapl: RAPL package 0 domain package locked by BIOS
[    5.483452] iTCO_vendor_support: vendor-support=0
[    5.486075] asus_wmi: ASUS WMI generic driver loaded
[    5.487274] iTCO_wdt: Intel TCO WatchDog Timer Driver v1.11
[    5.487303] iTCO_wdt: Found a Cougar Point TCO device (Version=2, TCOBASE=0x0460)
[    5.487427] iTCO_wdt: initialized. heartbeat=30 sec (nowayout=0)
[    5.487674] asus_wmi: Initialization: 0x0
[    5.487690] asus_wmi: BIOS WMI version: 0.9
[    5.487709] asus_wmi: SFUN value: 0x0
[    5.487861] input: Eee PC WMI hotkeys as /devices/platform/eeepc-wmi/input/input14
[    5.487919] asus_wmi: Number of fans: 1
[    5.539644] uvcvideo 2-1.2:1.0: Entity type for entity Extension 4 was not initialized!
[    5.539647] uvcvideo 2-1.2:1.0: Entity type for entity Extension 8 was not initialized!
[    5.539649] uvcvideo 2-1.2:1.0: Entity type for entity Extension 10 was not initialized!
[    5.539650] uvcvideo 2-1.2:1.0: Entity type for entity Extension 3 was not initialized!
[    5.539651] uvcvideo 2-1.2:1.0: Entity type for entity Processing 2 was not initialized!
[    5.539652] uvcvideo 2-1.2:1.0: Entity type for entity Camera 1 was not initialized!
[    5.539738] input: UVC Camera (046d:08c5) as /devices/pci0000:00/0000:00:1d.0/usb2/2-1/2-1.2/2-1.2:1.0/input/input15
[    5.539842] usbcore: registered new interface driver uvcvideo
[    5.539843] USB Video Class driver (1.1.1)
[    5.592644] usb 2-1.2: Warning! Unlikely big volume range (=3072), cval->res is probably wrong.
[    5.592658] usb 2-1.2: [5] FU [Mic Capture Volume] ch = 1, val = 4608/7680/1
[    5.593059] usbcore: registered new interface driver snd-usb-audio
[    6.408708] audit_printk_skb: 192 callbacks suppressed
[    6.408714] audit: type=1130 audit(1468851293.500:75): pid=1 uid=0 auid=4294967295 ses=4294967295 subj=system_u:system_r:init_t:s0 msg='unit=systemd-udev-settle comm="systemd" exe="/usr/lib/systemd/systemd" hostname=? addr=? terminal=? res=success'
[    9.208358] Adding 16777212k swap on /dev/mapper/vg_ssd-swap.  Priority:-1 extents:1 across:16777212k SSDscFS
[    9.406914] audit: type=1130 audit(1468851296.499:76): pid=1 uid=0 auid=4294967295 ses=4294967295 subj=system_u:system_r:init_t:s0 msg='unit=dmraid-activation comm="systemd" exe="/usr/lib/systemd/systemd" hostname=? addr=? terminal=? res=success'
[    9.406940] audit: type=1131 audit(1468851296.499:77): pid=1 uid=0 auid=4294967295 ses=4294967295 subj=system_u:system_r:init_t:s0 msg='unit=dmraid-activation comm="systemd" exe="/usr/lib/systemd/systemd" hostname=? addr=? terminal=? res=success'
[    9.448808] BTRFS info (device sdb9): use lzo compression
[    9.448812] BTRFS info (device sdb9): disk space caching is enabled
[    9.448814] BTRFS: has skinny extents
[    9.455568] audit: type=1130 audit(1468851296.547:78): pid=1 uid=0 auid=4294967295 ses=4294967295 subj=system_u:system_r:init_t:s0 msg='unit=systemd-fsck@dev-disk-by\x2duuid-df66734b\x2d4b4d\x2d4f1f\x2d87d6\x2d5d89a64d46ba comm="systemd" exe="/usr/lib/systemd/systemd" hostname=? addr=? terminal=? res=success'
[    9.469433] audit: type=1130 audit(1468851296.561:79): pid=1 uid=0 auid=4294967295 ses=4294967295 subj=system_u:system_r:init_t:s0 msg='unit=systemd-fsck@dev-disk-by\x2duuid-3fdb83e3\x2d8336\x2d42c9\x2daebc\x2d2e016c170cbf comm="systemd" exe="/usr/lib/systemd/systemd" hostname=? addr=? terminal=? res=success'
[    9.472972] EXT4-fs (sda2): mounted filesystem with ordered data mode. Opts: discard
[    9.496060] audit: type=1130 audit(1468851296.588:80): pid=1 uid=0 auid=4294967295 ses=4294967295 subj=system_u:system_r:init_t:s0 msg='unit=systemd-fsck@dev-disk-by\x2duuid-CC43\x2dEFD4 comm="systemd" exe="/usr/lib/systemd/systemd" hostname=? addr=? terminal=? res=success'
[    9.552547] audit: type=1130 audit(1468851296.644:81): pid=1 uid=0 auid=4294967295 ses=4294967295 subj=system_u:system_r:init_t:s0 msg='unit=systemd-fsck@dev-disk-by\x2duuid-a11d9b4d\x2dbcb8\x2d4d57\x2d930f\x2d6330f433e333 comm="systemd" exe="/usr/lib/systemd/systemd" hostname=? addr=? terminal=? res=success'
[    9.606110] audit: type=1130 audit(1468851296.698:82): pid=1 uid=0 auid=4294967295 ses=4294967295 subj=system_u:system_r:init_t:s0 msg='unit=systemd-fsck@dev-disk-by\x2duuid-5FE8\x2d017F comm="systemd" exe="/usr/lib/systemd/systemd" hostname=? addr=? terminal=? res=success'
[    9.606443] audit: type=1130 audit(1468851296.698:83): pid=1 uid=0 auid=4294967295 ses=4294967295 subj=system_u:system_r:init_t:s0 msg='unit=systemd-fsck@dev-disk-by\x2duuid-6dad591d\x2d1b1e\x2d4df2\x2d87e5\x2d97a8d88a27ec comm="systemd" exe="/usr/lib/systemd/systemd" hostname=? addr=? terminal=? res=success'
[    9.628350] audit: type=1130 audit(1468851296.720:84): pid=1 uid=0 auid=4294967295 ses=4294967295 subj=system_u:system_r:init_t:s0 msg='unit=systemd-fsck@dev-disk-by\x2duuid-a899869d\x2db826\x2d4537\x2d9244\x2d56f0861b34d3 comm="systemd" exe="/usr/lib/systemd/systemd" hostname=? addr=? terminal=? res=success'
[    9.726873] EXT4-fs (sde2): mounted filesystem with ordered data mode. Opts: (null)
[    9.729159] EXT4-fs (sdd2): mounted filesystem with ordered data mode. Opts: (null)
[    9.729567] EXT4-fs (sdc2): mounted filesystem with ordered data mode. Opts: (null)
[    9.996058] EXT4-fs (sdb8): mounted filesystem with ordered data mode. Opts: (null)
[   15.111616] usb 5-2: new high-speed USB device number 2 using xhci_hcd
[   15.280186] usb 5-2: New USB device found, idVendor=04f9, idProduct=02e2
[   15.280190] usb 5-2: New USB device strings: Mfr=1, Product=2, SerialNumber=3
[   15.280193] usb 5-2: Product: DCP-J552DW
[   15.280195] usb 5-2: Manufacturer: Brother
[   15.280197] usb 5-2: SerialNumber: BROC4F122318
[   15.305126] usblp 5-2:1.0: usblp0: USB Bidirectional printer dev 2 if 0 alt 0 proto 2 vid 0x04F9 pid 0x02E2
[   15.305168] usbcore: registered new interface driver usblp
[   15.309278] usb-storage 5-2:1.2: USB Mass Storage device detected
[   15.309381] scsi host6: usb-storage 5-2:1.2
[   15.309488] usbcore: registered new interface driver usb-storage
[   15.312828] usbcore: registered new interface driver uas
[   15.656451] audit_printk_skb: 15 callbacks suppressed
[   15.656456] audit: type=1130 audit(1468851302.748:90): pid=1 uid=0 auid=4294967295 ses=4294967295 subj=system_u:system_r:init_t:s0 msg='unit=dmraid-activation comm="systemd" exe="/usr/lib/systemd/systemd" hostname=? addr=? terminal=? res=success'
[   15.656482] audit: type=1131 audit(1468851302.748:91): pid=1 uid=0 auid=4294967295 ses=4294967295 subj=system_u:system_r:init_t:s0 msg='unit=dmraid-activation comm="systemd" exe="/usr/lib/systemd/systemd" hostname=? addr=? terminal=? res=success'
[   16.328457] scsi 6:0:0:0: Direct-Access     Brother  DCP-J552DW       1.00 PQ: 0 ANSI: 2
[   16.329254] sd 6:0:0:0: Attached scsi generic sg6 type 0
[   16.388538] sd 6:0:0:0: [sdf] Attached SCSI removable disk
[   25.234878] EXT4-fs (dm-2): mounted filesystem with ordered data mode. Opts: discard
[   25.266685] audit: type=1130 audit(1468851312.359:92): pid=1 uid=0 auid=4294967295 ses=4294967295 subj=system_u:system_r:init_t:s0 msg='unit=dracut-shutdown comm="systemd" exe="/usr/lib/systemd/systemd" hostname=? addr=? terminal=? res=success'
[   25.269244] audit: type=1130 audit(1468851312.361:93): pid=1 uid=0 auid=4294967295 ses=4294967295 subj=system_u:system_r:init_t:s0 msg='unit=nfs-config comm="systemd" exe="/usr/lib/systemd/systemd" hostname=? addr=? terminal=? res=success'
[   25.269272] audit: type=1131 audit(1468851312.361:94): pid=1 uid=0 auid=4294967295 ses=4294967295 subj=system_u:system_r:init_t:s0 msg='unit=nfs-config comm="systemd" exe="/usr/lib/systemd/systemd" hostname=? addr=? terminal=? res=success'
[   25.276102] audit: type=1130 audit(1468851312.368:95): pid=1 uid=0 auid=4294967295 ses=4294967295 subj=system_u:system_r:init_t:s0 msg='unit=plymouth-read-write comm="systemd" exe="/usr/lib/systemd/systemd" hostname=? addr=? terminal=? res=success'
[   25.276130] audit: type=1131 audit(1468851312.368:96): pid=1 uid=0 auid=4294967295 ses=4294967295 subj=system_u:system_r:init_t:s0 msg='unit=plymouth-read-write comm="systemd" exe="/usr/lib/systemd/systemd" hostname=? addr=? terminal=? res=success'
[   25.282610] audit: type=1130 audit(1468851312.375:97): pid=1 uid=0 auid=4294967295 ses=4294967295 subj=system_u:system_r:init_t:s0 msg='unit=fedora-import-state comm="systemd" exe="/usr/lib/systemd/systemd" hostname=? addr=? terminal=? res=success'
[   25.365363] audit: type=1130 audit(1468851312.457:98): pid=1 uid=0 auid=4294967295 ses=4294967295 subj=system_u:system_r:init_t:s0 msg='unit=systemd-tmpfiles-setup comm="systemd" exe="/usr/lib/systemd/systemd" hostname=? addr=? terminal=? res=success'
[   25.396240] audit: type=1305 audit(1468851312.488:99): audit_enabled=1 old=1 auid=4294967295 ses=4294967295 subj=system_u:system_r:auditd_t:s0 res=1
[   25.396262] audit: type=1305 audit(1468851312.488:100): audit_pid=1119 old=0 auid=4294967295 ses=4294967295 subj=system_u:system_r:auditd_t:s0 res=1
[   25.510847] Bluetooth: BNEP (Ethernet Emulation) ver 1.3
[   25.510849] Bluetooth: BNEP filters: protocol multicast
[   25.510852] Bluetooth: BNEP socket layer initialized
[   26.172207] ip6_tables: (C) 2000-2006 Netfilter Core Team
[   26.189437] Ebtables v2.0 registered
[   26.206234] nf_conntrack version 0.5.0 (65536 buckets, 262144 max)
[   26.244735] bridge: automatic filtering via arp/ip/ip6tables has been deprecated. Update your scripts to load br_netfilter if you need this.
[   26.273899] Netfilter messages via NETLINK v0.30.
[   26.279810] ip_set: protocol 6
[   26.352786] IPv6: ADDRCONF(NETDEV_UP): enp5s0: link is not ready
[   26.451504] r8169 0000:05:00.0 enp5s0: link down
[   26.451507] r8169 0000:05:00.0 enp5s0: link down
[   26.451565] IPv6: ADDRCONF(NETDEV_UP): enp5s0: link is not ready
[   26.466629] IPv6: ADDRCONF(NETDEV_UP): br-lan: link is not ready
[   26.674918] IPv6: ADDRCONF(NETDEV_UP): br-lan: link is not ready
[   28.039949] EXT4-fs (dm-5): mounted filesystem with ordered data mode. Opts: (null)
[   28.202236] tun: Universal TUN/TAP device driver, 1.6
[   28.202238] tun: (C) 1999-2004 Max Krasnyansky <maxk@qualcomm.com>
[   28.285652] virbr0: port 1(virbr0-nic) entered blocking state
[   28.285655] virbr0: port 1(virbr0-nic) entered disabled state
[   28.285702] device virbr0-nic entered promiscuous mode
[   28.403166] virbr0: port 1(virbr0-nic) entered blocking state
[   28.403169] virbr0: port 1(virbr0-nic) entered listening state
[   28.425314] virbr0: port 1(virbr0-nic) entered disabled state
[   28.427859] device virbr0-nic left promiscuous mode
[   28.427874] virbr0: port 1(virbr0-nic) entered disabled state
[   28.946373] usb 2-1.2: reset high-speed USB device number 4 using ehci-pci
[   29.528261] r8169 0000:05:00.0 enp5s0: link up
[   29.528278] IPv6: ADDRCONF(NETDEV_CHANGE): enp5s0: link becomes ready
[   29.555026] br-lan: port 1(enp5s0) entered blocking state
[   29.555029] br-lan: port 1(enp5s0) entered disabled state
[   29.555139] device enp5s0 entered promiscuous mode
[   29.555223] br-lan: port 1(enp5s0) entered blocking state
[   29.555226] br-lan: port 1(enp5s0) entered forwarding state
[   29.555808] IPv6: ADDRCONF(NETDEV_CHANGE): br-lan: link becomes ready
[   30.530347] usblp0: removed
[   30.533391] usblp 5-2:1.0: usblp0: USB Bidirectional printer dev 2 if 0 alt 0 proto 2 vid 0x04F9 pid 0x02E2
[   31.455811] nf_conntrack: automatic helper assignment is deprecated and it will be removed soon. Use the iptables CT target to attach helpers instead.
[   38.943345] fuse init (API version 7.24)
[   41.226380] usb 2-1.2: reset high-speed USB device number 4 using ehci-pci
[   41.719845] retire_capture_urb: 45 callbacks suppressed
[   41.877094] Bluetooth: RFCOMM TTY layer initialized
[   41.877104] Bluetooth: RFCOMM socket layer initialized
[   41.877155] Bluetooth: RFCOMM ver 1.11
[   50.697960] usb 2-1.2: reset high-speed USB device number 4 using ehci-pci
[   81.885611] sd 6:0:0:0: [sdf] 62333952 512-byte logical blocks: (31.9 GB/29.7 GiB)
[   82.030167]  sdf: sdf1 sdf2 sdf3
[   85.341732] EXT4-fs (sdf1): mounted filesystem with ordered data mode. Opts: (null)
[  194.456441] EXT4-fs (dm-5): mounted filesystem with ordered data mode. Opts: (null)
[  276.942167] input: 00:12:D0:01:DC:1B as /devices/virtual/input/input16
[ 3141.681791] EXT4-fs (sdf1): mounted filesystem with ordered data mode. Opts: (null)
[ 3168.303329] sd 6:0:0:0: Parameters changed
[ 3168.303344] sd 6:0:0:0: [sdf] tag#0 FAILED Result: hostbyte=DID_OK driverbyte=DRIVER_SENSE
[ 3168.303350] sd 6:0:0:0: [sdf] tag#0 Sense Key : Unit Attention [current] 
[ 3168.303356] sd 6:0:0:0: [sdf] tag#0 Add. Sense: Parameters changed
[ 3168.303363] sd 6:0:0:0: [sdf] tag#0 CDB: Write(10) 2a 00 00 00 09 a0 00 00 08 00
[ 3168.303367] blk_update_request: I/O error, dev sdf, sector 2464
[ 3168.303373] Buffer I/O error on dev sdf1, logical block 52, lost async page write
[ 3168.381424] sd 6:0:0:0: [sdf] tag#0 FAILED Result: hostbyte=DID_OK driverbyte=DRIVER_SENSE
[ 3168.381431] sd 6:0:0:0: [sdf] tag#0 Sense Key : Data Protect [current] 
[ 3168.381434] sd 6:0:0:0: [sdf] tag#0 Add. Sense: Write protected
[ 3168.381438] sd 6:0:0:0: [sdf] tag#0 CDB: Write(10) 2a 00 00 00 08 00 00 00 08 00
[ 3168.381441] blk_update_request: critical target error, dev sdf, sector 2048
[ 3168.381446] Buffer I/O error on dev sdf1, logical block 0, lost async page write
[ 3168.648674] sd 6:0:0:0: Parameters changed
[ 3285.307567] sd 6:0:0:0: Parameters changed
[ 3285.307574] sd 6:0:0:0: [sdf] tag#0 FAILED Result: hostbyte=DID_OK driverbyte=DRIVER_SENSE
[ 3285.307576] sd 6:0:0:0: [sdf] tag#0 Sense Key : Unit Attention [current] 
[ 3285.307577] sd 6:0:0:0: [sdf] tag#0 Add. Sense: Parameters changed
[ 3285.307579] sd 6:0:0:0: [sdf] tag#0 CDB: Write(10) 2a 00 00 00 09 88 00 00 20 00
[ 3285.307580] blk_update_request: I/O error, dev sdf, sector 2440
[ 3285.307583] Buffer I/O error on dev sdf1, logical block 49, lost async page write
[ 3285.307586] Buffer I/O error on dev sdf1, logical block 50, lost async page write
[ 3285.307587] Buffer I/O error on dev sdf1, logical block 51, lost async page write
[ 3285.307589] Buffer I/O error on dev sdf1, logical block 52, lost async page write
[ 3286.922299] sd 6:0:0:0: Parameters changed
[ 3289.013151] Aborting journal on device sdf1-8.
[ 3289.016707] EXT4-fs (sdf1): previous I/O error to superblock detected
[ 3289.020830] EXT4-fs error (device sdf1): ext4_put_super:837: Couldn't clean up the journal
[ 3289.020833] EXT4-fs (sdf1): Remounting filesystem read-only
[ 3302.939438]  sdf: sdf1 sdf2 sdf3
[ 3323.041706]  sdf: sdf1 sdf2 sdf3
[ 3385.573503]  sdf: sdf1 sdf2 sdf3
[ 3681.687497] sd 6:0:0:0: Parameters changed
[ 3681.950808] sd 6:0:0:0: Parameters changed
[ 6266.143973] SGI XFS with ACLs, security attributes, no debug enabled
[ 6266.162159] XFS (sdf3): Mounting V5 Filesystem
[ 6268.144721] XFS (sdf3): Ending clean mount
[ 6382.977038] XFS (sdf3): Unmounting Filesystem
[ 6412.915278]  sdf: sdf1 sdf2 sdf3
[ 6427.115308] XFS (sdf3): Mounting V5 Filesystem
[ 6429.937848] XFS (sdf3): Ending clean mount
[ 6497.038912] XFS (sdf3): Unmounting Filesystem
[ 6654.920391] sd 6:0:0:0: [sdf] 62333952 512-byte logical blocks: (31.9 GB/29.7 GiB)
[ 6655.056593]  sdf: sdf1 sdf2 sdf3
[ 6658.666845] XFS (sdf3): Mounting V5 Filesystem
[ 6662.142900] XFS (sdf3): Ending clean mount
[ 6864.159263] SELinux:  Context system_u:object_r:docker_config_t:s0 is not valid (left unmapped).
[ 6870.624616] SELinux:  Context system_u:object_r:docker_exec_t:s0 is not valid (left unmapped).
[ 7269.356050] sd 6:0:0:0: Parameters changed
[ 7269.457633] sd 6:0:0:0: [sdf] Write Protect is on
[ 7269.457640] sd 6:0:0:0: [sdf] Mode Sense: 1e 00 80 08
[ 7269.854836] sd 6:0:0:0: Parameters changed
[ 7269.854847] sd 6:0:0:0: [sdf] tag#0 FAILED Result: hostbyte=DID_OK driverbyte=DRIVER_SENSE
[ 7269.854851] sd 6:0:0:0: [sdf] tag#0 Sense Key : Unit Attention [current] 
[ 7269.854855] sd 6:0:0:0: [sdf] tag#0 Add. Sense: Parameters changed
[ 7269.854859] sd 6:0:0:0: [sdf] tag#0 CDB: Read(10) 28 00 03 b7 20 48 00 00 08 00
[ 7269.854861] blk_update_request: I/O error, dev sdf, sector 62333000
[ 7269.895214] sd 6:0:0:0: [sdf] Write Protect is off
[ 7269.895219] sd 6:0:0:0: [sdf] Mode Sense: 1e 00 00 08
[ 7277.468425] loop: module loaded
[ 7299.554878] sd 6:0:0:0: Parameters changed
[ 7299.627328] sd 6:0:0:0: [sdf] Write Protect is on
[ 7299.627336] sd 6:0:0:0: [sdf] Mode Sense: 1e 00 80 08
[ 7300.056902] sd 6:0:0:0: Parameters changed
[ 7300.056912] sd 6:0:0:0: [sdf] tag#0 FAILED Result: hostbyte=DID_OK driverbyte=DRIVER_SENSE
[ 7300.056925] sd 6:0:0:0: [sdf] tag#0 Sense Key : Unit Attention [current] 
[ 7300.056927] sd 6:0:0:0: [sdf] tag#0 Add. Sense: Parameters changed
[ 7300.056931] sd 6:0:0:0: [sdf] tag#0 CDB: Read(10) 28 00 00 00 00 38 00 00 08 00
[ 7300.056933] blk_update_request: I/O error, dev sdf, sector 56
[ 7300.097208] sd 6:0:0:0: [sdf] Write Protect is off
[ 7300.097222] sd 6:0:0:0: [sdf] Mode Sense: 1e 00 00 08
[ 7327.583798] XFS (loop0): Filesystem has duplicate UUID ea62de6d-7b71-4fb0-ab38-055b3368427c - can't mount
[ 7355.552532] XFS (sdf3): Unmounting Filesystem
[ 7377.961341] XFS (loop0): Mounting V5 Filesystem
[ 7377.965775] XFS (loop0): Ending clean mount
[ 7391.676578] sd 6:0:0:0: [sdf] 62333952 512-byte logical blocks: (31.9 GB/29.7 GiB)
[ 7391.822901]  sdf: sdf1 sdf2 sdf3
[ 7395.418910] XFS (sdf3): Filesystem has duplicate UUID ea62de6d-7b71-4fb0-ab38-055b3368427c - can't mount
[ 7447.705642]  sdf: sdf1 sdf2 sdf3
[ 7447.780448]  sdf: sdf1 sdf2 sdf3
[ 7601.520861] EXT4-fs (sdf3): mounted filesystem with ordered data mode. Opts: (null)
[ 7676.045398] SELinux:  Context system_u:object_r:docker_unit_file_t:s0 is not valid (left unmapped).
[ 7707.206527] SELinux:  Context system_u:object_r:docker_var_lib_t:s0 is not valid (left unmapped).
[ 9104.830994] sd 6:0:0:0: [sdf] 62333952 512-byte logical blocks: (31.9 GB/29.7 GiB)
[ 9104.968274]  sdf: sdf1 sdf2 sdf3
[ 9109.767233] EXT4-fs (sdf3): mounted filesystem with ordered data mode. Opts: (null)
[ 9121.198199] sd 6:0:0:0: Parameters changed
[ 9121.198218] sd 6:0:0:0: [sdf] tag#0 FAILED Result: hostbyte=DID_OK driverbyte=DRIVER_SENSE
[ 9121.198222] sd 6:0:0:0: [sdf] tag#0 Sense Key : Unit Attention [current] 
[ 9121.198225] sd 6:0:0:0: [sdf] tag#0 Add. Sense: Parameters changed
[ 9121.198228] sd 6:0:0:0: [sdf] tag#0 CDB: Write(10) 2a 00 02 1e 91 00 00 00 08 00
[ 9121.198231] blk_update_request: I/O error, dev sdf, sector 35557632
[ 9121.198235] Buffer I/O error on dev sdf3, logical block 4194336, lost async page write
[ 9121.207909] sd 6:0:0:0: [sdf] tag#0 FAILED Result: hostbyte=DID_OK driverbyte=DRIVER_SENSE
[ 9121.207922] sd 6:0:0:0: [sdf] tag#0 Sense Key : Data Protect [current] 
[ 9121.207925] sd 6:0:0:0: [sdf] tag#0 Add. Sense: Write protected
[ 9121.207928] sd 6:0:0:0: [sdf] tag#0 CDB: Write(10) 2a 00 02 5e 91 00 00 00 08 00
[ 9121.207930] blk_update_request: critical target error, dev sdf, sector 39751936
[ 9121.207932] Buffer I/O error on dev sdf3, logical block 4718624, lost async page write
[ 9123.177560] sd 6:0:0:0: Parameters changed
[ 9214.401313] Aborting journal on device sdf3-8.
[ 9215.165810] EXT4-fs (sdf3): previous I/O error to superblock detected
[ 9215.303845] EXT4-fs error (device sdf3): ext4_put_super:837: Couldn't clean up the journal
[ 9215.303850] EXT4-fs (sdf3): Remounting filesystem read-only
[ 9220.260382]  sdf: sdf1 sdf2 sdf3
[ 9278.796772] sd 6:0:0:0: Parameters changed
[ 9278.796782] sd 6:0:0:0: [sdf] tag#0 FAILED Result: hostbyte=DID_OK driverbyte=DRIVER_SENSE
[ 9278.796786] sd 6:0:0:0: [sdf] tag#0 Sense Key : Unit Attention [current] 
[ 9278.796798] sd 6:0:0:0: [sdf] tag#0 Add. Sense: Parameters changed
[ 9278.796810] sd 6:0:0:0: [sdf] tag#0 CDB: Read(10) 28 00 00 00 08 69 00 00 01 00
[ 9278.796813] blk_update_request: I/O error, dev sdf, sector 2153
[ 9278.796844] FAT-fs (sdf1): FAT read failed (blocknr 105)
[ 9278.797153] FAT-fs (sdf1): FAT read failed (blocknr 105)
[ 9278.797216] FAT-fs (sdf1): FAT read failed (blocknr 105)
[ 9278.797280] FAT-fs (sdf1): FAT read failed (blocknr 105)
[ 9278.798009] FAT-fs (sdf1): FAT read failed (blocknr 213)
[ 9279.841240] sd 6:0:0:0: Parameters changed
[ 9837.509187] sd 6:0:0:0: [sdf] 62333952 512-byte logical blocks: (31.9 GB/29.7 GiB)
[ 9837.665863]  sdf: sdf1 sdf2 sdf3
[ 9841.437896] EXT4-fs (sdf3): mounted filesystem with ordered data mode. Opts: (null)
[10281.409890] sd 6:0:0:0: [sdf] 62333952 512-byte logical blocks: (31.9 GB/29.7 GiB)
[10281.652546]  sdf: sdf1 sdf2 sdf3
[10285.403804] EXT4-fs (sdf3): mounted filesystem with ordered data mode. Opts: (null)
[23572.831029] sd 6:0:0:0: [sdf] 62333952 512-byte logical blocks: (31.9 GB/29.7 GiB)
[23572.953100]  sdf: sdf1 sdf2
[23577.494482] FAT-fs (sdf1): Volume was not properly unmounted. Some data may be corrupt. Please run fsck.
[23577.520837] EXT4-fs (sdf2): recovery complete
[23577.534463] EXT4-fs (sdf2): mounted filesystem with ordered data mode. Opts: (null)
[23588.082714] sd 6:0:0:0: Parameters changed
[23588.082725] sd 6:0:0:0: [sdf] tag#0 FAILED Result: hostbyte=DID_OK driverbyte=DRIVER_SENSE
[23588.082729] sd 6:0:0:0: [sdf] tag#0 Sense Key : Unit Attention [current] 
[23588.082732] sd 6:0:0:0: [sdf] tag#0 Add. Sense: Parameters changed
[23588.082736] sd 6:0:0:0: [sdf] tag#0 CDB: Write(10) 2a 00 02 c7 a9 00 00 00 18 00
[23588.082738] blk_update_request: I/O error, dev sdf, sector 46639360
[23588.082742] Buffer I/O error on dev sdf2, logical block 5767200, lost async page write
[23588.082747] Buffer I/O error on dev sdf2, logical block 5767201, lost async page write
[23588.082749] Buffer I/O error on dev sdf2, logical block 5767202, lost async page write
[23588.094124] sd 6:0:0:0: [sdf] tag#0 FAILED Result: hostbyte=DID_OK driverbyte=DRIVER_SENSE
[23588.094129] sd 6:0:0:0: [sdf] tag#0 Sense Key : Data Protect [current] 
[23588.094132] sd 6:0:0:0: [sdf] tag#0 Add. Sense: Write protected
[23588.094136] sd 6:0:0:0: [sdf] tag#0 CDB: Write(10) 2a 00 02 c7 a9 48 00 00 10 00
[23588.094138] blk_update_request: critical target error, dev sdf, sector 46639432
[23588.094141] Buffer I/O error on dev sdf2, logical block 5767209, lost async page write
[23588.094145] Buffer I/O error on dev sdf2, logical block 5767210, lost async page write
[23589.143529] sd 6:0:0:0: Parameters changed
[23688.409969] Aborting journal on device sdf2-8.
[23688.432927] EXT4-fs (sdf2): previous I/O error to superblock detected
[23688.505786] EXT4-fs error (device sdf2): ext4_put_super:837: Couldn't clean up the journal
[23688.505791] EXT4-fs (sdf2): Remounting filesystem read-only
[23708.672592]  sdf: sdf1 sdf2
[23830.364726]  sdf: sdf1 sdf2 sdf3
[23938.305026] EXT4-fs (loop1): mounted filesystem with ordered data mode. Opts: (null)
[23948.389667] EXT4-fs (loop1): mounted filesystem with ordered data mode. Opts: (null)
[24070.043035] XFS (loop0): Unmounting Filesystem
[24087.046078] XFS (loop0): Mounting V5 Filesystem
[24087.050927] XFS (loop0): Ending clean mount
[24147.001882] EXT4-fs (sdf3): mounted filesystem with ordered data mode. Opts: (null)
[24747.908168] FS-Cache: Loaded
[24747.919460] FS-Cache: Netfs 'nfs' registered for caching
[24747.923149] Key type dns_resolver registered
[24747.941117] NFS: Registering the id_resolver key type
[24747.941124] Key type id_resolver registered
[24747.941124] Key type id_legacy registered
[24816.994708] input: 00:12:D0:01:DC:1B as /devices/virtual/input/input17
[24817.910908] [drm:btc_dpm_set_power_state [radeon]] *ERROR* rv770_restrict_performance_levels_before_switch failed
[25797.478624] sd 6:0:0:0: [sdf] 62333952 512-byte logical blocks: (31.9 GB/29.7 GiB)
[25797.624789]  sdf: sdf1 sdf2 sdf3
[25801.243792] FAT-fs (sdf1): Volume was not properly unmounted. Some data may be corrupt. Please run fsck.
[25805.202844] EXT4-fs (sdf3): recovery complete
[25805.215471] EXT4-fs (sdf3): mounted filesystem with ordered data mode. Opts: (null)
[25816.061583] sd 6:0:0:0: Parameters changed
[25816.061595] sd 6:0:0:0: [sdf] tag#0 FAILED Result: hostbyte=DID_OK driverbyte=DRIVER_SENSE
[25816.061599] sd 6:0:0:0: [sdf] tag#0 Sense Key : Unit Attention [current] 
[25816.061603] sd 6:0:0:0: [sdf] tag#0 Add. Sense: Parameters changed
[25816.061608] sd 6:0:0:0: [sdf] tag#0 CDB: Write(10) 2a 00 02 20 09 00 00 00 08 00
[25816.061611] blk_update_request: I/O error, dev sdf, sector 35653888
[25816.061615] Buffer I/O error on dev sdf3, logical block 4194336, lost async page write
[25816.071472] sd 6:0:0:0: [sdf] tag#0 FAILED Result: hostbyte=DID_OK driverbyte=DRIVER_SENSE
[25816.071476] sd 6:0:0:0: [sdf] tag#0 Sense Key : Data Protect [current] 
[25816.071479] sd 6:0:0:0: [sdf] tag#0 Add. Sense: Write protected
[25816.071483] sd 6:0:0:0: [sdf] tag#0 CDB: Write(10) 2a 00 02 a0 09 00 00 00 08 00
[25816.071485] blk_update_request: critical target error, dev sdf, sector 44042496
