[    0.000000] Initializing cgroup subsys cpuset
[    0.000000] Initializing cgroup subsys cpu
[    0.000000] Initializing cgroup subsys cpuacct
[    0.000000] Linux version 3.11.10-301.fc20.x86_64 (mockbuild@bkernel01.phx2.fedoraproject.org) (gcc version 4.8.2 20131017 (Red Hat 4.8.2-1) (GCC) ) #1 SMP Thu Dec 5 14:01:17 UTC 2013
[    0.000000] Command line: BOOT_IMAGE=/vmlinuz-3.11.10-301.fc20.x86_64 root=/dev/mapper/bristol-root ro quiet rhgb vconsole.font=latarcyrheb-sun16 LANG=en_GB.utf8 vconsole.keymap=uk
[    0.000000] e820: BIOS-provided physical RAM map:
[    0.000000] BIOS-e820: [mem 0x0000000000000000-0x000000000009d3ff] usable
[    0.000000] BIOS-e820: [mem 0x000000000009d400-0x000000000009ffff] reserved
[    0.000000] BIOS-e820: [mem 0x00000000000e4c00-0x00000000000fffff] reserved
[    0.000000] BIOS-e820: [mem 0x0000000000100000-0x00000000bf77ffff] usable
[    0.000000] BIOS-e820: [mem 0x00000000bf780000-0x00000000bf797fff] ACPI data
[    0.000000] BIOS-e820: [mem 0x00000000bf798000-0x00000000bf7dbfff] ACPI NVS
[    0.000000] BIOS-e820: [mem 0x00000000bf7dc000-0x00000000bfffffff] reserved
[    0.000000] BIOS-e820: [mem 0x00000000fee00000-0x00000000fee00fff] reserved
[    0.000000] BIOS-e820: [mem 0x00000000ffe00000-0x00000000ffffffff] reserved
[    0.000000] BIOS-e820: [mem 0x0000000100000000-0x000000063fffffff] usable
[    0.000000] NX (Execute Disable) protection: active
[    0.000000] SMBIOS 2.5 present.
[    0.000000] DMI: System manufacturer System Product Name/P6X58D-E, BIOS 0405    10/04/2010
[    0.000000] e820: update [mem 0x00000000-0x00000fff] usable ==> reserved
[    0.000000] e820: remove [mem 0x000a0000-0x000fffff] usable
[    0.000000] No AGP bridge found
[    0.000000] e820: last_pfn = 0x640000 max_arch_pfn = 0x400000000
[    0.000000] MTRR default type: uncachable
[    0.000000] MTRR fixed ranges enabled:
[    0.000000]   00000-9FFFF write-back
[    0.000000]   A0000-BFFFF uncachable
[    0.000000]   C0000-E3FFF write-protect
[    0.000000]   E4000-EBFFF write-through
[    0.000000]   EC000-FFFFF write-protect
[    0.000000] MTRR variable ranges enabled:
[    0.000000]   0 base 000000000 mask C00000000 write-back
[    0.000000]   1 base 400000000 mask E00000000 write-back
[    0.000000]   2 base 600000000 mask FC0000000 write-back
[    0.000000]   3 base 0C0000000 mask FC0000000 uncachable
[    0.000000]   4 base 0BF800000 mask FFF800000 uncachable
[    0.000000]   5 disabled
[    0.000000]   6 disabled
[    0.000000]   7 disabled
[    0.000000]   8 disabled
[    0.000000]   9 disabled
[    0.000000] x86 PAT enabled: cpu 0, old 0x7040600070406, new 0x7010600070106
[    0.000000] e820: update [mem 0xbf800000-0xffffffff] usable ==> reserved
[    0.000000] e820: last_pfn = 0xbf780 max_arch_pfn = 0x400000000
[    0.000000] found SMP MP-table at [mem 0x000ff780-0x000ff78f] mapped at [ffff8800000ff780]
[    0.000000] Base memory trampoline at [ffff880000097000] 97000 size 24576
[    0.000000] Using GB pages for direct mapping
[    0.000000] init_memory_mapping: [mem 0x00000000-0x000fffff]
[    0.000000]  [mem 0x00000000-0x000fffff] page 4k
[    0.000000] BRK [0x01fe7000, 0x01fe7fff] PGTABLE
[    0.000000] BRK [0x01fe8000, 0x01fe8fff] PGTABLE
[    0.000000] BRK [0x01fe9000, 0x01fe9fff] PGTABLE
[    0.000000] init_memory_mapping: [mem 0x63fe00000-0x63fffffff]
[    0.000000]  [mem 0x63fe00000-0x63fffffff] page 1G
[    0.000000] init_memory_mapping: [mem 0x63c000000-0x63fdfffff]
[    0.000000]  [mem 0x63c000000-0x63fdfffff] page 1G
[    0.000000] init_memory_mapping: [mem 0x600000000-0x63bffffff]
[    0.000000]  [mem 0x600000000-0x63bffffff] page 1G
[    0.000000] init_memory_mapping: [mem 0x00100000-0xbf77ffff]
[    0.000000]  [mem 0x00100000-0x001fffff] page 4k
[    0.000000]  [mem 0x00200000-0x3fffffff] page 2M
[    0.000000]  [mem 0x40000000-0x7fffffff] page 1G
[    0.000000]  [mem 0x80000000-0xbf5fffff] page 2M
[    0.000000]  [mem 0xbf600000-0xbf77ffff] page 4k
[    0.000000] init_memory_mapping: [mem 0x100000000-0x5ffffffff]
[    0.000000]  [mem 0x100000000-0x5ffffffff] page 1G
[    0.000000] RAMDISK: [mem 0x3683e000-0x37416fff]
[    0.000000] ACPI: RSDP 00000000000fb9e0 00014 (v00 ACPIAM)
[    0.000000] ACPI: RSDT 00000000bf780000 00044 (v01 100410 RSDT1006 20101004 MSFT 00000097)
[    0.000000] ACPI: FACP 00000000bf780200 00084 (v01 100410 FACP1006 20101004 MSFT 00000097)
[    0.000000] ACPI: DSDT 00000000bf7804b0 0B384 (v01  A1631 A1631001 00000001 INTL 20060113)
[    0.000000] ACPI: FACS 00000000bf798000 00040
[    0.000000] ACPI: APIC 00000000bf780390 000D8 (v01 100410 APIC1006 20101004 MSFT 00000097)
[    0.000000] ACPI: MCFG 00000000bf780470 0003C (v01 100410 OEMMCFG  20101004 MSFT 00000097)
[    0.000000] ACPI: OEMB 00000000bf798040 00072 (v01 100410 OEMB1006 20101004 MSFT 00000097)
[    0.000000] ACPI: HPET 00000000bf78f4b0 00038 (v01 100410 OEMHPET  20101004 MSFT 00000097)
[    0.000000] ACPI: ASPT 00000000bf798420 00034 (v06 100410 PerfTune 20101004 MSFT 00000097)
[    0.000000] ACPI: OSFR 00000000bf78f4f0 000B0 (v01 100410 OEMOSFR  20101004 MSFT 00000097)
[    0.000000] ACPI: SSDT 00000000bf79c0f0 00363 (v01 DpgPmm    CpuPm 00000012 INTL 20060113)
[    0.000000] ACPI: Local APIC address 0xfee00000
[    0.000000] No NUMA configuration found
[    0.000000] Faking a node at [mem 0x0000000000000000-0x000000063fffffff]
[    0.000000] Initmem setup node 0 [mem 0x00000000-0x63fffffff]
[    0.000000]   NODE_DATA [mem 0x63ffea000-0x63fffdfff]
[    0.000000]  [ffffea0000000000-ffffea0018ffffff] PMD -> [ffff880627600000-ffff88063f5fffff] on node 0
[    0.000000] Zone ranges:
[    0.000000]   DMA      [mem 0x00001000-0x00ffffff]
[    0.000000]   DMA32    [mem 0x01000000-0xffffffff]
[    0.000000]   Normal   [mem 0x100000000-0x63fffffff]
[    0.000000] Movable zone start for each node
[    0.000000] Early memory node ranges
[    0.000000]   node   0: [mem 0x00001000-0x0009cfff]
[    0.000000]   node   0: [mem 0x00100000-0xbf77ffff]
[    0.000000]   node   0: [mem 0x100000000-0x63fffffff]
[    0.000000] On node 0 totalpages: 6289180
[    0.000000]   DMA zone: 64 pages used for memmap
[    0.000000]   DMA zone: 21 pages reserved
[    0.000000]   DMA zone: 3996 pages, LIFO batch:0
[    0.000000]   DMA32 zone: 12190 pages used for memmap
[    0.000000]   DMA32 zone: 780160 pages, LIFO batch:31
[    0.000000]   Normal zone: 86016 pages used for memmap
[    0.000000]   Normal zone: 5505024 pages, LIFO batch:31
[    0.000000] ACPI: PM-Timer IO Port: 0x808
[    0.000000] ACPI: Local APIC address 0xfee00000
[    0.000000] ACPI: LAPIC (acpi_id[0x01] lapic_id[0x00] enabled)
[    0.000000] ACPI: LAPIC (acpi_id[0x02] lapic_id[0x02] enabled)
[    0.000000] ACPI: LAPIC (acpi_id[0x03] lapic_id[0x04] enabled)
[    0.000000] ACPI: LAPIC (acpi_id[0x04] lapic_id[0x10] enabled)
[    0.000000] ACPI: LAPIC (acpi_id[0x05] lapic_id[0x12] enabled)
[    0.000000] ACPI: LAPIC (acpi_id[0x06] lapic_id[0x14] enabled)
[    0.000000] ACPI: LAPIC (acpi_id[0x07] lapic_id[0x01] enabled)
[    0.000000] ACPI: LAPIC (acpi_id[0x08] lapic_id[0x03] enabled)
[    0.000000] ACPI: LAPIC (acpi_id[0x09] lapic_id[0x05] enabled)
[    0.000000] ACPI: LAPIC (acpi_id[0x0a] lapic_id[0x11] enabled)
[    0.000000] ACPI: LAPIC (acpi_id[0x0b] lapic_id[0x13] enabled)
[    0.000000] ACPI: LAPIC (acpi_id[0x0c] lapic_id[0x15] enabled)
[    0.000000] ACPI: LAPIC (acpi_id[0x0d] lapic_id[0x8c] disabled)
[    0.000000] ACPI: LAPIC (acpi_id[0x0e] lapic_id[0x8d] disabled)
[    0.000000] ACPI: LAPIC (acpi_id[0x0f] lapic_id[0x8e] disabled)
[    0.000000] ACPI: LAPIC (acpi_id[0x10] lapic_id[0x8f] disabled)
[    0.000000] ACPI: IOAPIC (id[0x06] address[0xfec00000] gsi_base[0])
[    0.000000] IOAPIC[0]: apic_id 6, version 32, address 0xfec00000, GSI 0-23
[    0.000000] ACPI: IOAPIC (id[0x07] address[0xfec8a000] gsi_base[24])
[    0.000000] IOAPIC[1]: apic_id 7, version 32, address 0xfec8a000, GSI 24-47
[    0.000000] ACPI: INT_SRC_OVR (bus 0 bus_irq 0 global_irq 2 dfl dfl)
[    0.000000] ACPI: INT_SRC_OVR (bus 0 bus_irq 9 global_irq 9 high level)
[    0.000000] ACPI: IRQ0 used by override.
[    0.000000] ACPI: IRQ2 used by override.
[    0.000000] ACPI: IRQ9 used by override.
[    0.000000] Using ACPI (MADT) for SMP configuration information
[    0.000000] ACPI: HPET id: 0x8086a301 base: 0xfed00000
[    0.000000] smpboot: Allowing 16 CPUs, 4 hotplug CPUs
[    0.000000] nr_irqs_gsi: 64
[    0.000000] PM: Registered nosave memory: [mem 0x0009d000-0x0009dfff]
[    0.000000] PM: Registered nosave memory: [mem 0x0009e000-0x0009ffff]
[    0.000000] PM: Registered nosave memory: [mem 0x000a0000-0x000e4fff]
[    0.000000] PM: Registered nosave memory: [mem 0x000e5000-0x000fffff]
[    0.000000] PM: Registered nosave memory: [mem 0xbf780000-0xbf797fff]
[    0.000000] PM: Registered nosave memory: [mem 0xbf798000-0xbf7dbfff]
[    0.000000] PM: Registered nosave memory: [mem 0xbf7dc000-0xbfffffff]
[    0.000000] PM: Registered nosave memory: [mem 0xc0000000-0xfedfffff]
[    0.000000] PM: Registered nosave memory: [mem 0xfee00000-0xfee00fff]
[    0.000000] PM: Registered nosave memory: [mem 0xfee01000-0xffdfffff]
[    0.000000] PM: Registered nosave memory: [mem 0xffe00000-0xffffffff]
[    0.000000] e820: [mem 0xc0000000-0xfedfffff] available for PCI devices
[    0.000000] Booting paravirtualized kernel on bare hardware
[    0.000000] setup_percpu: NR_CPUS:128 nr_cpumask_bits:128 nr_cpu_ids:16 nr_node_ids:1
[    0.000000] PERCPU: Embedded 28 pages/cpu @ffff88063fc00000 s85568 r8192 d20928 u131072
[    0.000000] pcpu-alloc: s85568 r8192 d20928 u131072 alloc=1*2097152
[    0.000000] pcpu-alloc: [0] 00 01 02 03 04 05 06 07 08 09 10 11 12 13 14 15 
[    0.000000] Built 1 zonelists in Zone order, mobility grouping on.  Total pages: 6190889
[    0.000000] Policy zone: Normal
[    0.000000] Kernel command line: BOOT_IMAGE=/vmlinuz-3.11.10-301.fc20.x86_64 root=/dev/mapper/bristol-root ro quiet rhgb vconsole.font=latarcyrheb-sun16 LANG=en_GB.utf8 vconsole.keymap=uk
[    0.000000] PID hash table entries: 4096 (order: 3, 32768 bytes)
[    0.000000] Checking aperture...
[    0.000000] No AGP bridge found
[    0.000000] Memory: 24666892K/25156720K available (6493K kernel code, 990K rwdata, 2864K rodata, 1424K init, 1544K bss, 489828K reserved)
[    0.000000] SLUB: HWalign=64, Order=0-3, MinObjects=0, CPUs=16, Nodes=1
[    0.000000] Hierarchical RCU implementation.
[    0.000000] 	RCU restricting CPUs from NR_CPUS=128 to nr_cpu_ids=16.
[    0.000000] NR_IRQS:8448 nr_irqs:1216 16
[    0.000000] Console: colour VGA+ 80x25
[    0.000000] console [tty0] enabled
[    0.000000] allocated 100663296 bytes of page_cgroup
[    0.000000] please try 'cgroup_disable=memory' option if you don't want memory cgroups
[    0.000000] hpet clockevent registered
[    0.000000] tsc: Fast TSC calibration failed
[    0.002000] tsc: PIT calibration matches HPET. 1 loops
[    0.002000] tsc: Detected 3474.650 MHz processor
[    0.000003] Calibrating delay loop (skipped), value calculated using timer frequency.. 6949.30 BogoMIPS (lpj=3474650)
[    0.000006] pid_max: default: 32768 minimum: 301
[    0.000046] Security Framework initialized
[    0.000053] SELinux:  Initializing.
[    0.000061] SELinux:  Starting in permissive mode
[    0.002191] Dentry cache hash table entries: 4194304 (order: 13, 33554432 bytes)
[    0.008306] Inode-cache hash table entries: 2097152 (order: 12, 16777216 bytes)
[    0.010900] Mount-cache hash table entries: 256
[    0.011091] Initializing cgroup subsys memory
[    0.011100] Initializing cgroup subsys devices
[    0.011102] Initializing cgroup subsys freezer
[    0.011103] Initializing cgroup subsys net_cls
[    0.011104] Initializing cgroup subsys blkio
[    0.011105] Initializing cgroup subsys perf_event
[    0.011108] Initializing cgroup subsys hugetlb
[    0.011129] CPU: Physical Processor ID: 0
[    0.011130] CPU: Processor Core ID: 0
[    0.011136] ENERGY_PERF_BIAS: Set to 'normal', was 'performance'
ENERGY_PERF_BIAS: View and update with x86_energy_perf_policy(8)
[    0.011139] mce: CPU supports 9 MCE banks
[    0.011151] CPU0: Thermal monitoring enabled (TM1)
[    0.011161] Last level iTLB entries: 4KB 512, 2MB 7, 4MB 7
Last level dTLB entries: 4KB 512, 2MB 32, 4MB 32
tlb_flushall_shift: 6
[    0.011233] Freeing SMP alternatives memory: 24K (ffffffff81e5d000 - ffffffff81e63000)
[    0.012181] ACPI: Core revision 20130517
[    0.015133] ACPI: All ACPI Tables successfully acquired
[    0.042698] ftrace: allocating 25129 entries in 99 pages
[    0.052338] Switched APIC routing to physical flat.
[    0.052848] ..TIMER: vector=0x30 apic1=0 pin1=2 apic2=-1 pin2=-1
[    0.062860] smpboot: CPU0: Intel(R) Core(TM) i7 CPU       X 990  @ 3.47GHz (fam: 06, model: 2c, stepping: 02)
[    0.164101] Performance Events: PEBS fmt1+, 16-deep LBR, Westmere events, Intel PMU driver.
[    0.164106] perf_event_intel: CPUID marked event: 'bus cycles' unavailable
[    0.164108] ... version:                3
[    0.164109] ... bit width:              48
[    0.164110] ... generic registers:      4
[    0.164110] ... value mask:             0000ffffffffffff
[    0.164111] ... max period:             000000007fffffff
[    0.164112] ... fixed-purpose events:   3
[    0.164113] ... event mask:             000000070000000f
[    0.178614] NMI watchdog: enabled on all CPUs, permanently consumes one hw-PMU counter.
[    0.165179] smpboot: Booting Node   0, Processors  #1 #2 #3 #4 #5 #6 #7 #8 #9 #10 #11
[    0.355580] Brought up 12 CPUs
[    0.355583] smpboot: Total of 12 processors activated (83391.60 BogoMIPS)
[    0.368560] devtmpfs: initialized
[    0.368695] PM: Registering ACPI NVS region [mem 0xbf798000-0xbf7dbfff] (278528 bytes)
[    0.369349] atomic64 test passed for x86-64 platform with CX8 and with SSE
[    0.369367] RTC time: 15:56:47, date: 12/13/13
[    0.369400] NET: Registered protocol family 16
[    0.369503] ACPI: bus type PCI registered
[    0.369505] acpiphp: ACPI Hot Plug PCI Controller Driver version: 0.5
[    0.369543] PCI: MMCONFIG for domain 0000 [bus 00-ff] at [mem 0xe0000000-0xefffffff] (base 0xe0000000)
[    0.369545] PCI: not using MMCONFIG
[    0.369546] PCI: Using configuration type 1 for base access
[    0.370215] bio: create slab <bio-0> at 0
[    0.370329] ACPI: Added _OSI(Module Device)
[    0.370330] ACPI: Added _OSI(Processor Device)
[    0.370331] ACPI: Added _OSI(3.0 _SCP Extensions)
[    0.370332] ACPI: Added _OSI(Processor Aggregator Device)
[    0.370965] ACPI: EC: Look up EC in DSDT
[    0.371614] ACPI: Executed 1 blocks of module-level executable AML code
[    0.424373] ACPI: SSDT 00000000bf798460 03C90 (v01 DpgPmm  P001Ist 00000011 INTL 20060113)
[    0.424655] ACPI: Dynamic OEM Table Load:
[    0.424656] ACPI: SSDT           (null) 03C90 (v01 DpgPmm  P001Ist 00000011 INTL 20060113)
[    0.424797] ACPI: Interpreter enabled
[    0.424804] ACPI Exception: AE_NOT_FOUND, While evaluating Sleep State [\_S2_] (20130517/hwxface-571)
[    0.424813] ACPI: (supports S0 S1 S3 S4 S5)
[    0.424814] ACPI: Using IOAPIC for interrupt routing
[    0.424831] PCI: MMCONFIG for domain 0000 [bus 00-ff] at [mem 0xe0000000-0xefffffff] (base 0xe0000000)
[    0.425490] PCI: MMCONFIG at [mem 0xe0000000-0xefffffff] reserved in ACPI motherboard resources
[    0.435573] PCI: Using host bridge windows from ACPI; if necessary, use "pci=nocrs" and report a bug
[    0.435632] ACPI: No dock devices found.
[    0.439823] ACPI: PCI Root Bridge [PCI0] (domain 0000 [bus 00-ff])
[    0.439827] acpi PNP0A08:00: ACPI _OSC support notification failed, disabling PCIe ASPM
[    0.439828] acpi PNP0A08:00: Unable to request _OSC control (_OSC support mask: 0x08)
[    0.439997] PCI host bridge to bus 0000:00
[    0.439999] pci_bus 0000:00: root bus resource [bus 00-ff]
[    0.440000] pci_bus 0000:00: root bus resource [io  0x0000-0x0cf7]
[    0.440002] pci_bus 0000:00: root bus resource [io  0x0d00-0xffff]
[    0.440003] pci_bus 0000:00: root bus resource [mem 0x000a0000-0x000bffff]
[    0.440004] pci_bus 0000:00: root bus resource [mem 0x000d0000-0x000dffff]
[    0.440005] pci_bus 0000:00: root bus resource [mem 0xc0000000-0xdfffffff]
[    0.440006] pci_bus 0000:00: root bus resource [mem 0xf0000000-0xfed8ffff]
[    0.440016] pci 0000:00:00.0: [8086:3405] type 00 class 0x060000
[    0.440056] pci 0000:00:00.0: PME# supported from D0 D3hot D3cold
[    0.440113] pci 0000:00:01.0: [8086:3408] type 01 class 0x060400
[    0.440155] pci 0000:00:01.0: PME# supported from D0 D3hot D3cold
[    0.440192] pci 0000:00:01.0: System wakeup disabled by ACPI
[    0.440215] pci 0000:00:02.0: [8086:3409] type 01 class 0x060400
[    0.440256] pci 0000:00:02.0: PME# supported from D0 D3hot D3cold
[    0.440291] pci 0000:00:02.0: System wakeup disabled by ACPI
[    0.440315] pci 0000:00:03.0: [8086:340a] type 01 class 0x060400
[    0.440359] pci 0000:00:03.0: PME# supported from D0 D3hot D3cold
[    0.440397] pci 0000:00:03.0: System wakeup disabled by ACPI
[    0.440422] pci 0000:00:07.0: [8086:340e] type 01 class 0x060400
[    0.440463] pci 0000:00:07.0: PME# supported from D0 D3hot D3cold
[    0.440498] pci 0000:00:07.0: System wakeup disabled by ACPI
[    0.440524] pci 0000:00:14.0: [8086:342e] type 00 class 0x080000
[    0.440609] pci 0000:00:14.1: [8086:3422] type 00 class 0x080000
[    0.440692] pci 0000:00:14.2: [8086:3423] type 00 class 0x080000
[    0.440773] pci 0000:00:14.3: [8086:3438] type 00 class 0x080000
[    0.440854] pci 0000:00:1a.0: [8086:3a37] type 00 class 0x0c0300
[    0.440890] pci 0000:00:1a.0: reg 0x20: [io  0xa800-0xa81f]
[    0.440961] pci 0000:00:1a.0: System wakeup disabled by ACPI
[    0.440985] pci 0000:00:1a.1: [8086:3a38] type 00 class 0x0c0300
[    0.441020] pci 0000:00:1a.1: reg 0x20: [io  0xa880-0xa89f]
[    0.441089] pci 0000:00:1a.1: System wakeup disabled by ACPI
[    0.441112] pci 0000:00:1a.2: [8086:3a39] type 00 class 0x0c0300
[    0.441147] pci 0000:00:1a.2: reg 0x20: [io  0xac00-0xac1f]
[    0.441218] pci 0000:00:1a.2: System wakeup disabled by ACPI
[    0.441247] pci 0000:00:1a.7: [8086:3a3c] type 00 class 0x0c0320
[    0.441265] pci 0000:00:1a.7: reg 0x10: [mem 0xf7dff000-0xf7dff3ff]
[    0.441341] pci 0000:00:1a.7: PME# supported from D0 D3hot D3cold
[    0.441381] pci 0000:00:1a.7: System wakeup disabled by ACPI
[    0.441406] pci 0000:00:1b.0: [8086:3a3e] type 00 class 0x040300
[    0.441419] pci 0000:00:1b.0: reg 0x10: [mem 0xf7df8000-0xf7dfbfff 64bit]
[    0.441474] pci 0000:00:1b.0: PME# supported from D0 D3hot D3cold
[    0.441528] pci 0000:00:1c.0: [8086:3a40] type 01 class 0x060400
[    0.441584] pci 0000:00:1c.0: PME# supported from D0 D3hot D3cold
[    0.441622] pci 0000:00:1c.0: System wakeup disabled by ACPI
[    0.441644] pci 0000:00:1c.2: [8086:3a44] type 01 class 0x060400
[    0.441700] pci 0000:00:1c.2: PME# supported from D0 D3hot D3cold
[    0.441737] pci 0000:00:1c.2: System wakeup disabled by ACPI
[    0.441763] pci 0000:00:1d.0: [8086:3a34] type 00 class 0x0c0300
[    0.441797] pci 0000:00:1d.0: reg 0x20: [io  0xa080-0xa09f]
[    0.441867] pci 0000:00:1d.0: System wakeup disabled by ACPI
[    0.441889] pci 0000:00:1d.1: [8086:3a35] type 00 class 0x0c0300
[    0.441925] pci 0000:00:1d.1: reg 0x20: [io  0xa400-0xa41f]
[    0.441993] pci 0000:00:1d.1: System wakeup disabled by ACPI
[    0.442016] pci 0000:00:1d.2: [8086:3a36] type 00 class 0x0c0300
[    0.442051] pci 0000:00:1d.2: reg 0x20: [io  0xa480-0xa49f]
[    0.442121] pci 0000:00:1d.2: System wakeup disabled by ACPI
[    0.442153] pci 0000:00:1d.7: [8086:3a3a] type 00 class 0x0c0320
[    0.442171] pci 0000:00:1d.7: reg 0x10: [mem 0xf7dfe000-0xf7dfe3ff]
[    0.442247] pci 0000:00:1d.7: PME# supported from D0 D3hot D3cold
[    0.442285] pci 0000:00:1d.7: System wakeup disabled by ACPI
[    0.442306] pci 0000:00:1e.0: [8086:244e] type 01 class 0x060401
[    0.442377] pci 0000:00:1e.0: System wakeup disabled by ACPI
[    0.442403] pci 0000:00:1f.0: [8086:3a16] type 00 class 0x060100
[    0.442470] pci 0000:00:1f.0: address space collision: [io  0x0800-0x087f] conflicts with ACPI CPU throttle [??? 0x00000810-0x00000815 flags 0x80000000]
[    0.442474] pci 0000:00:1f.0: quirk: [io  0x0500-0x053f] claimed by ICH6 GPIO
[    0.442476] pci 0000:00:1f.0: ICH7 LPC Generic IO decode 1 PIO at 0294 (mask 0003)
[    0.442555] pci 0000:00:1f.2: [8086:3a22] type 00 class 0x010601
[    0.442570] pci 0000:00:1f.2: reg 0x10: [io  0x9c00-0x9c07]
[    0.442576] pci 0000:00:1f.2: reg 0x14: [io  0x9880-0x9883]
[    0.442582] pci 0000:00:1f.2: reg 0x18: [io  0x9800-0x9807]
[    0.442588] pci 0000:00:1f.2: reg 0x1c: [io  0x9480-0x9483]
[    0.442594] pci 0000:00:1f.2: reg 0x20: [io  0x9400-0x941f]
[    0.442600] pci 0000:00:1f.2: reg 0x24: [mem 0xf7dfc000-0xf7dfc7ff]
[    0.442637] pci 0000:00:1f.2: PME# supported from D3hot
[    0.442689] pci 0000:00:1f.3: [8086:3a30] type 00 class 0x0c0500
[    0.442701] pci 0000:00:1f.3: reg 0x10: [mem 0xf7dfd000-0xf7dfd0ff 64bit]
[    0.442717] pci 0000:00:1f.3: reg 0x20: [io  0x1000-0x101f]
[    0.442815] pci 0000:01:00.0: [1b4b:9123] type 00 class 0x010601
[    0.442824] pci 0000:01:00.0: reg 0x10: [io  0xbc00-0xbc07]
[    0.442830] pci 0000:01:00.0: reg 0x14: [io  0xb880-0xb883]
[    0.442836] pci 0000:01:00.0: reg 0x18: [io  0xb800-0xb807]
[    0.442842] pci 0000:01:00.0: reg 0x1c: [io  0xb480-0xb483]
[    0.442848] pci 0000:01:00.0: reg 0x20: [io  0xb400-0xb40f]
[    0.442854] pci 0000:01:00.0: reg 0x24: [mem 0xf7eff800-0xf7efffff]
[    0.442860] pci 0000:01:00.0: reg 0x30: [mem 0xf7ee0000-0xf7eeffff pref]
[    0.442886] pci 0000:01:00.0: PME# supported from D3hot
[    0.444371] pci 0000:00:01.0: PCI bridge to [bus 01]
[    0.444375] pci 0000:00:01.0:   bridge window [io  0xb000-0xbfff]
[    0.444379] pci 0000:00:01.0:   bridge window [mem 0xf7e00000-0xf7efffff]
[    0.444451] pci 0000:02:00.0: [1033:0194] type 00 class 0x0c0330
[    0.444465] pci 0000:02:00.0: reg 0x10: [mem 0xf7ffe000-0xf7ffffff 64bit]
[    0.444533] pci 0000:02:00.0: PME# supported from D0 D3hot D3cold
[    0.446373] pci 0000:00:02.0: PCI bridge to [bus 02]
[    0.446379] pci 0000:00:02.0:   bridge window [mem 0xf7f00000-0xf7ffffff]
[    0.446453] pci 0000:03:00.0: [10de:0402] type 00 class 0x030000
[    0.446461] pci 0000:03:00.0: reg 0x10: [mem 0xfa000000-0xfaffffff]
[    0.446470] pci 0000:03:00.0: reg 0x14: [mem 0xd0000000-0xdfffffff 64bit pref]
[    0.446478] pci 0000:03:00.0: reg 0x1c: [mem 0xf8000000-0xf9ffffff 64bit]
[    0.446484] pci 0000:03:00.0: reg 0x24: [io  0xcc00-0xcc7f]
[    0.446490] pci 0000:03:00.0: reg 0x30: [mem 0xfbce0000-0xfbcfffff pref]
[    0.448372] pci 0000:00:03.0: PCI bridge to [bus 03]
[    0.448377] pci 0000:00:03.0:   bridge window [io  0xc000-0xcfff]
[    0.448381] pci 0000:00:03.0:   bridge window [mem 0xf8000000-0xfbcfffff]
[    0.448386] pci 0000:00:03.0:   bridge window [mem 0xd0000000-0xdfffffff 64bit pref]
[    0.448443] pci 0000:00:07.0: PCI bridge to [bus 04]
[    0.448485] pci 0000:00:1c.0: PCI bridge to [bus 06]
[    0.448492] pci 0000:00:1c.0:   bridge window [mem 0xf6f00000-0xf6ffffff 64bit pref]
[    0.448550] pci 0000:05:00.0: [11ab:4364] type 00 class 0x020000
[    0.448570] pci 0000:05:00.0: reg 0x10: [mem 0xfbdfc000-0xfbdfffff 64bit]
[    0.448580] pci 0000:05:00.0: reg 0x18: [io  0xd800-0xd8ff]
[    0.448617] pci 0000:05:00.0: reg 0x30: [mem 0xfbdc0000-0xfbddffff pref]
[    0.448677] pci 0000:05:00.0: supports D1 D2
[    0.448678] pci 0000:05:00.0: PME# supported from D0 D1 D2 D3hot D3cold
[    0.450379] pci 0000:00:1c.2: PCI bridge to [bus 05]
[    0.450384] pci 0000:00:1c.2:   bridge window [io  0xd000-0xdfff]
[    0.450388] pci 0000:00:1c.2:   bridge window [mem 0xfbd00000-0xfbdfffff]
[    0.450446] pci 0000:07:02.0: [1106:3044] type 00 class 0x0c0010
[    0.450461] pci 0000:07:02.0: reg 0x10: [mem 0xfbeff000-0xfbeff7ff]
[    0.450469] pci 0000:07:02.0: reg 0x14: [io  0xec00-0xec7f]
[    0.450528] pci 0000:07:02.0: supports D2
[    0.450530] pci 0000:07:02.0: PME# supported from D2 D3hot D3cold
[    0.450584] pci 0000:00:1e.0: PCI bridge to [bus 07] (subtractive decode)
[    0.450587] pci 0000:00:1e.0:   bridge window [io  0xe000-0xefff]
[    0.450589] pci 0000:00:1e.0:   bridge window [mem 0xfbe00000-0xfbefffff]
[    0.450593] pci 0000:00:1e.0:   bridge window [io  0x0000-0x0cf7] (subtractive decode)
[    0.450595] pci 0000:00:1e.0:   bridge window [io  0x0d00-0xffff] (subtractive decode)
[    0.450596] pci 0000:00:1e.0:   bridge window [mem 0x000a0000-0x000bffff] (subtractive decode)
[    0.450597] pci 0000:00:1e.0:   bridge window [mem 0x000d0000-0x000dffff] (subtractive decode)
[    0.450598] pci 0000:00:1e.0:   bridge window [mem 0xc0000000-0xdfffffff] (subtractive decode)
[    0.450599] pci 0000:00:1e.0:   bridge window [mem 0xf0000000-0xfed8ffff] (subtractive decode)
[    0.450911] ACPI: PCI Interrupt Link [LNKA] (IRQs 3 4 6 7 10 11 12 14 *15)
[    0.450948] ACPI: PCI Interrupt Link [LNKB] (IRQs 3 4 6 7 10 *11 12 14 15)
[    0.450983] ACPI: PCI Interrupt Link [LNKC] (IRQs 3 4 6 7 *10 11 12 14 15)
[    0.451017] ACPI: PCI Interrupt Link [LNKD] (IRQs *3 4 6 7 10 11 12 14 15)
[    0.451052] ACPI: PCI Interrupt Link [LNKE] (IRQs 3 4 6 7 10 11 12 *14 15)
[    0.451086] ACPI: PCI Interrupt Link [LNKF] (IRQs 3 4 6 *7 10 11 12 14 15)
[    0.451121] ACPI: PCI Interrupt Link [LNKG] (IRQs 3 *4 6 7 10 11 12 14 15)
[    0.451156] ACPI: PCI Interrupt Link [LNKH] (IRQs 3 4 6 7 *10 11 12 14 15)
[    0.451226] ACPI: Enabled 3 GPEs in block 00 to 3F
[    0.451230] ACPI: \_SB_.PCI0: notify handler is installed
[    0.451254] Found 1 acpi root devices
[    0.451316] vgaarb: device added: PCI:0000:03:00.0,decodes=io+mem,owns=io+mem,locks=none
[    0.451317] vgaarb: loaded
[    0.451317] vgaarb: bridge control possible 0000:03:00.0
[    0.451373] SCSI subsystem initialized
[    0.451375] ACPI: bus type ATA registered
[    0.451424] libata version 3.00 loaded.
[    0.451436] ACPI: bus type USB registered
[    0.451446] usbcore: registered new interface driver usbfs
[    0.451451] usbcore: registered new interface driver hub
[    0.451463] usbcore: registered new device driver usb
[    0.451514] PCI: Using ACPI for IRQ routing
[    0.456590] PCI: Discovered peer bus ff
[    0.456591] PCI: root bus ff: using default resources
[    0.456594] PCI: Probing PCI hardware (bus ff)
[    0.456608] PCI host bridge to bus 0000:ff
[    0.456610] pci_bus 0000:ff: root bus resource [io  0x0000-0xffff]
[    0.456611] pci_bus 0000:ff: root bus resource [mem 0x00000000-0xfffffffff]
[    0.456612] pci_bus 0000:ff: No busn resource found for root bus, will use [bus ff-ff]
[    0.456616] pci 0000:ff:00.0: [8086:2c71] type 00 class 0x060000
[    0.456642] pci 0000:ff:00.1: [8086:2d81] type 00 class 0x060000
[    0.456666] pci 0000:ff:02.0: [8086:2d90] type 00 class 0x060000
[    0.456689] pci 0000:ff:02.1: [8086:2d91] type 00 class 0x060000
[    0.456713] pci 0000:ff:02.2: [8086:2d92] type 00 class 0x060000
[    0.456737] pci 0000:ff:02.3: [8086:2d93] type 00 class 0x060000
[    0.456760] pci 0000:ff:03.0: [8086:2d98] type 00 class 0x060000
[    0.456782] pci 0000:ff:03.1: [8086:2d99] type 00 class 0x060000
[    0.456806] pci 0000:ff:03.4: [8086:2d9c] type 00 class 0x060000
[    0.456831] pci 0000:ff:04.0: [8086:2da0] type 00 class 0x060000
[    0.456853] pci 0000:ff:04.1: [8086:2da1] type 00 class 0x060000
[    0.456876] pci 0000:ff:04.2: [8086:2da2] type 00 class 0x060000
[    0.456900] pci 0000:ff:04.3: [8086:2da3] type 00 class 0x060000
[    0.456924] pci 0000:ff:05.0: [8086:2da8] type 00 class 0x060000
[    0.456949] pci 0000:ff:05.1: [8086:2da9] type 00 class 0x060000
[    0.456972] pci 0000:ff:05.2: [8086:2daa] type 00 class 0x060000
[    0.456994] pci 0000:ff:05.3: [8086:2dab] type 00 class 0x060000
[    0.457018] pci 0000:ff:06.0: [8086:2db0] type 00 class 0x060000
[    0.457040] pci 0000:ff:06.1: [8086:2db1] type 00 class 0x060000
[    0.457063] pci 0000:ff:06.2: [8086:2db2] type 00 class 0x060000
[    0.457087] pci 0000:ff:06.3: [8086:2db3] type 00 class 0x060000
[    0.457118] pci_bus 0000:ff: busn_res: [bus ff] end is updated to ff
[    0.457121] PCI: pci_cache_line_size set to 64 bytes
[    0.457184] e820: reserve RAM buffer [mem 0x0009d400-0x0009ffff]
[    0.457185] e820: reserve RAM buffer [mem 0xbf780000-0xbfffffff]
[    0.457245] NetLabel: Initializing
[    0.457247] NetLabel:  domain hash size = 128
[    0.457247] NetLabel:  protocols = UNLABELED CIPSOv4
[    0.457253] NetLabel:  unlabeled traffic allowed by default
[    0.457286] hpet0: at MMIO 0xfed00000, IRQs 2, 8, 0, 0
[    0.457288] hpet0: 4 comparators, 64-bit 14.318180 MHz counter
[    0.459317] Switched to clocksource hpet
[    0.462820] pnp: PnP ACPI init
[    0.462828] ACPI: bus type PNP registered
[    0.462866] system 00:00: [mem 0xfbf00000-0xfbffffff] has been reserved
[    0.462868] system 00:00: [mem 0xfc000000-0xfcffffff] has been reserved
[    0.462869] system 00:00: [mem 0xfd000000-0xfdffffff] has been reserved
[    0.462871] system 00:00: [mem 0xfe000000-0xfebfffff] has been reserved
[    0.462872] system 00:00: [mem 0xfec8a000-0xfec8afff] could not be reserved
[    0.462874] system 00:00: [mem 0xfed10000-0xfed10fff] has been reserved
[    0.462876] system 00:00: Plug and Play ACPI device, IDs PNP0c01 (active)
[    0.462900] pnp 00:01: [dma 4]
[    0.462912] pnp 00:01: Plug and Play ACPI device, IDs PNP0200 (active)
[    0.462932] pnp 00:02: Plug and Play ACPI device, IDs PNP0b00 (active)
[    0.462948] pnp 00:03: Plug and Play ACPI device, IDs PNP0800 (active)
[    0.462964] pnp 00:04: Plug and Play ACPI device, IDs PNP0c04 (active)
[    0.463078] system 00:05: [io  0x0290-0x029f] has been reserved
[    0.463080] system 00:05: Plug and Play ACPI device, IDs PNP0c02 (active)
[    0.463218] system 00:06: [io  0x04d0-0x04d1] has been reserved
[    0.463220] system 00:06: [io  0x0800-0x087f] could not be reserved
[    0.463221] system 00:06: [io  0x0500-0x057f] could not be reserved
[    0.463222] system 00:06: [io  0x0600-0x0607] has been reserved
[    0.463224] system 00:06: [mem 0xfed1c000-0xfed1ffff] has been reserved
[    0.463226] system 00:06: [mem 0xfed20000-0xfed3ffff] has been reserved
[    0.463227] system 00:06: [mem 0xfed40000-0xfed8ffff] has been reserved
[    0.463229] system 00:06: Plug and Play ACPI device, IDs PNP0c02 (active)
[    0.463278] pnp 00:07: Plug and Play ACPI device, IDs PNP0103 (active)
[    0.463316] pnp 00:08: Plug and Play ACPI device, IDs INT0800 (active)
[    0.463367] system 00:09: [mem 0xffc00000-0xffdfffff] has been reserved
[    0.463369] system 00:09: Plug and Play ACPI device, IDs PNP0c02 (active)
[    0.463436] system 00:0a: [mem 0xfec00000-0xfec00fff] could not be reserved
[    0.463438] system 00:0a: [mem 0xfee00000-0xfee00fff] has been reserved
[    0.463439] system 00:0a: Plug and Play ACPI device, IDs PNP0c02 (active)
[    0.463476] pnp 00:0b: Plug and Play ACPI device, IDs PNP0303 PNP030b (active)
[    0.463524] system 00:0c: [mem 0xe0000000-0xefffffff] has been reserved
[    0.463526] system 00:0c: Plug and Play ACPI device, IDs PNP0c02 (active)
[    0.463631] system 00:0d: [mem 0x00000000-0x0009ffff] could not be reserved
[    0.463633] system 00:0d: [mem 0x000c0000-0x000cffff] could not be reserved
[    0.463634] system 00:0d: [mem 0x000e0000-0x000fffff] could not be reserved
[    0.463636] system 00:0d: [mem 0x00100000-0xbfffffff] could not be reserved
[    0.463637] system 00:0d: [mem 0xfed90000-0xffffffff] could not be reserved
[    0.463639] system 00:0d: Plug and Play ACPI device, IDs PNP0c01 (active)
[    0.463716] pnp: PnP ACPI: found 14 devices
[    0.463717] ACPI: bus type PNP unregistered
[    0.469520] pci 0000:00:1c.0: bridge window [io  0x1000-0x0fff] to [bus 06] add_size 1000
[    0.469523] pci 0000:00:1c.0: bridge window [mem 0x00100000-0x000fffff] to [bus 06] add_size 400000
[    0.469529] pci 0000:00:1c.2: bridge window [mem 0x00100000-0x000fffff 64bit pref] to [bus 05] add_size 200000
[    0.469540] pci 0000:00:1f.0: BAR 13: [io  0x0800-0x087f] has bogus alignment
[    0.469542] pci 0000:00:1c.0: res[14]=[mem 0x00100000-0x000fffff] get_res_add_size add_size 400000
[    0.469543] pci 0000:00:1c.2: res[15]=[mem 0x00100000-0x000fffff 64bit pref] get_res_add_size add_size 200000
[    0.469544] pci 0000:00:1c.0: res[13]=[io  0x1000-0x0fff] get_res_add_size add_size 1000
[    0.469547] pci 0000:00:1c.0: BAR 14: assigned [mem 0xc0000000-0xc03fffff]
[    0.469548] pci 0000:00:1c.2: BAR 15: assigned [mem 0xc0400000-0xc05fffff 64bit pref]
[    0.469550] pci 0000:00:1c.0: BAR 13: assigned [io  0x2000-0x2fff]
[    0.469552] pci 0000:00:01.0: PCI bridge to [bus 01]
[    0.469554] pci 0000:00:01.0:   bridge window [io  0xb000-0xbfff]
[    0.469556] pci 0000:00:01.0:   bridge window [mem 0xf7e00000-0xf7efffff]
[    0.469561] pci 0000:00:02.0: PCI bridge to [bus 02]
[    0.469563] pci 0000:00:02.0:   bridge window [mem 0xf7f00000-0xf7ffffff]
[    0.469568] pci 0000:00:03.0: PCI bridge to [bus 03]
[    0.469569] pci 0000:00:03.0:   bridge window [io  0xc000-0xcfff]
[    0.469572] pci 0000:00:03.0:   bridge window [mem 0xf8000000-0xfbcfffff]
[    0.469574] pci 0000:00:03.0:   bridge window [mem 0xd0000000-0xdfffffff 64bit pref]
[    0.469578] pci 0000:00:07.0: PCI bridge to [bus 04]
[    0.469584] pci 0000:00:1c.0: PCI bridge to [bus 06]
[    0.469585] pci 0000:00:1c.0:   bridge window [io  0x2000-0x2fff]
[    0.469589] pci 0000:00:1c.0:   bridge window [mem 0xc0000000-0xc03fffff]
[    0.469591] pci 0000:00:1c.0:   bridge window [mem 0xf6f00000-0xf6ffffff 64bit pref]
[    0.469595] pci 0000:00:1c.2: PCI bridge to [bus 05]
[    0.469597] pci 0000:00:1c.2:   bridge window [io  0xd000-0xdfff]
[    0.469600] pci 0000:00:1c.2:   bridge window [mem 0xfbd00000-0xfbdfffff]
[    0.469603] pci 0000:00:1c.2:   bridge window [mem 0xc0400000-0xc05fffff 64bit pref]
[    0.469607] pci 0000:00:1e.0: PCI bridge to [bus 07]
[    0.469609] pci 0000:00:1e.0:   bridge window [io  0xe000-0xefff]
[    0.469612] pci 0000:00:1e.0:   bridge window [mem 0xfbe00000-0xfbefffff]
[    0.469628] pci 0000:00:1c.0: enabling device (0106 -> 0107)
[    0.469787] pci 0000:00:1e.0: setting latency timer to 64
[    0.469790] pci_bus 0000:00: resource 4 [io  0x0000-0x0cf7]
[    0.469791] pci_bus 0000:00: resource 5 [io  0x0d00-0xffff]
[    0.469792] pci_bus 0000:00: resource 6 [mem 0x000a0000-0x000bffff]
[    0.469793] pci_bus 0000:00: resource 7 [mem 0x000d0000-0x000dffff]
[    0.469795] pci_bus 0000:00: resource 8 [mem 0xc0000000-0xdfffffff]
[    0.469796] pci_bus 0000:00: resource 9 [mem 0xf0000000-0xfed8ffff]
[    0.469797] pci_bus 0000:01: resource 0 [io  0xb000-0xbfff]
[    0.469798] pci_bus 0000:01: resource 1 [mem 0xf7e00000-0xf7efffff]
[    0.469799] pci_bus 0000:02: resource 1 [mem 0xf7f00000-0xf7ffffff]
[    0.469801] pci_bus 0000:03: resource 0 [io  0xc000-0xcfff]
[    0.469802] pci_bus 0000:03: resource 1 [mem 0xf8000000-0xfbcfffff]
[    0.469803] pci_bus 0000:03: resource 2 [mem 0xd0000000-0xdfffffff 64bit pref]
[    0.469804] pci_bus 0000:06: resource 0 [io  0x2000-0x2fff]
[    0.469806] pci_bus 0000:06: resource 1 [mem 0xc0000000-0xc03fffff]
[    0.469807] pci_bus 0000:06: resource 2 [mem 0xf6f00000-0xf6ffffff 64bit pref]
[    0.469808] pci_bus 0000:05: resource 0 [io  0xd000-0xdfff]
[    0.469809] pci_bus 0000:05: resource 1 [mem 0xfbd00000-0xfbdfffff]
[    0.469810] pci_bus 0000:05: resource 2 [mem 0xc0400000-0xc05fffff 64bit pref]
[    0.469811] pci_bus 0000:07: resource 0 [io  0xe000-0xefff]
[    0.469813] pci_bus 0000:07: resource 1 [mem 0xfbe00000-0xfbefffff]
[    0.469814] pci_bus 0000:07: resource 4 [io  0x0000-0x0cf7]
[    0.469815] pci_bus 0000:07: resource 5 [io  0x0d00-0xffff]
[    0.469816] pci_bus 0000:07: resource 6 [mem 0x000a0000-0x000bffff]
[    0.469817] pci_bus 0000:07: resource 7 [mem 0x000d0000-0x000dffff]
[    0.469818] pci_bus 0000:07: resource 8 [mem 0xc0000000-0xdfffffff]
[    0.469820] pci_bus 0000:07: resource 9 [mem 0xf0000000-0xfed8ffff]
[    0.469821] pci_bus 0000:ff: resource 4 [io  0x0000-0xffff]
[    0.469822] pci_bus 0000:ff: resource 5 [mem 0x00000000-0xfffffffff]
[    0.469847] NET: Registered protocol family 2
[    0.470139] TCP established hash table entries: 262144 (order: 10, 4194304 bytes)
[    0.470663] TCP bind hash table entries: 65536 (order: 8, 1048576 bytes)
[    0.470793] TCP: Hash tables configured (established 262144 bind 65536)
[    0.470817] TCP: reno registered
[    0.470844] UDP hash table entries: 16384 (order: 7, 524288 bytes)
[    0.470937] UDP-Lite hash table entries: 16384 (order: 7, 524288 bytes)
[    0.471068] NET: Registered protocol family 1
[    0.472302] pci 0000:03:00.0: Boot video device
[    0.472327] PCI: CLS 256 bytes, default 64
[    0.472363] Unpacking initramfs...
[    0.614226] Freeing initrd memory: 12132K (ffff88003683e000 - ffff880037417000)
[    0.614230] PCI-DMA: Using software bounce buffering for IO (SWIOTLB)
[    0.614232] software IO TLB [mem 0xbb780000-0xbf780000] (64MB) mapped at [ffff8800bb780000-ffff8800bf77ffff]
[    0.616526] alg: No test for __gcm-aes-aesni (__driver-gcm-aes-aesni)
[    0.616814] Initialise system trusted keyring
[    0.616847] audit: initializing netlink socket (disabled)
[    0.616859] type=2000 audit(1386950207.394:1): initialized
[    0.633025] HugeTLB registered 2 MB page size, pre-allocated 0 pages
[    0.634247] zbud: loaded
[    0.634360] VFS: Disk quotas dquot_6.5.2
[    0.634389] Dquot-cache hash table entries: 512 (order 0, 4096 bytes)
[    0.634675] msgmni has been set to 32768
[    0.634719] Key type big_key registered
[    0.634720] SELinux:  Registering netfilter hooks
[    0.635352] alg: No test for stdrng (krng)
[    0.635360] NET: Registered protocol family 38
[    0.635362] Key type asymmetric registered
[    0.635363] Asymmetric key parser 'x509' registered
[    0.635386] Block layer SCSI generic (bsg) driver version 0.4 loaded (major 252)
[    0.635424] io scheduler noop registered
[    0.635426] io scheduler deadline registered
[    0.635444] io scheduler cfq registered (default)
[    0.635642] pcieport 0000:00:1c.0: irq 64 for MSI/MSI-X
[    0.635695] pcieport 0000:00:1c.2: irq 65 for MSI/MSI-X
[    0.635747] pci_hotplug: PCI Hot Plug PCI Core version: 0.5
[    0.635756] pciehp: PCI Express Hot Plug Controller Driver version: 0.4
[    0.635792] intel_idle: MWAIT substates: 0x1120
[    0.635793] intel_idle: v0.4 model 0x2C
[    0.635794] intel_idle: lapic_timer_reliable_states 0xffffffff
[    0.635895] input: Power Button as /devices/LNXSYSTM:00/device:00/PNP0C0C:00/input/input0
[    0.635897] ACPI: Power Button [PWRB]
[    0.635919] input: Power Button as /devices/LNXSYSTM:00/LNXPWRBN:00/input/input1
[    0.635920] ACPI: Power Button [PWRF]
[    0.635973] ACPI: Requesting acpi_cpufreq
[    0.636247] GHES: HEST is not enabled!
[    0.636301] Serial: 8250/16550 driver, 4 ports, IRQ sharing enabled
[    0.636775] Non-volatile memory driver v1.3
[    0.636776] Linux agpgart interface v0.103
[    0.636873] ahci 0000:00:1f.2: version 3.0
[    0.636987] ahci 0000:00:1f.2: irq 66 for MSI/MSI-X
[    0.637014] ahci: SSS flag set, parallel bus scan disabled
[    0.637046] ahci 0000:00:1f.2: AHCI 0001.0200 32 slots 6 ports 3 Gbps 0x3f impl SATA mode
[    0.637049] ahci 0000:00:1f.2: flags: 64bit ncq sntf ilck stag pm led clo pmp pio slum part ccc ems 
[    0.637051] ahci 0000:00:1f.2: setting latency timer to 64
[    0.646744] scsi0 : ahci
[    0.646789] scsi1 : ahci
[    0.646826] scsi2 : ahci
[    0.646861] scsi3 : ahci
[    0.646899] scsi4 : ahci
[    0.646933] scsi5 : ahci
[    0.646971] ata1: SATA max UDMA/133 abar m2048@0xf7dfc000 port 0xf7dfc100 irq 66
[    0.646973] ata2: SATA max UDMA/133 abar m2048@0xf7dfc000 port 0xf7dfc180 irq 66
[    0.646974] ata3: SATA max UDMA/133 abar m2048@0xf7dfc000 port 0xf7dfc200 irq 66
[    0.646976] ata4: SATA max UDMA/133 abar m2048@0xf7dfc000 port 0xf7dfc280 irq 66
[    0.646977] ata5: SATA max UDMA/133 abar m2048@0xf7dfc000 port 0xf7dfc300 irq 66
[    0.646979] ata6: SATA max UDMA/133 abar m2048@0xf7dfc000 port 0xf7dfc380 irq 66
[    0.647030] ahci 0000:01:00.0: irq 67 for MSI/MSI-X
[    0.647040] ahci 0000:01:00.0: controller can do FBS, turning on CAP_FBS
[    0.657546] ahci 0000:01:00.0: AHCI 0001.0200 32 slots 8 ports 6 Gbps 0xff impl SATA mode
[    0.657548] ahci 0000:01:00.0: flags: 64bit ncq fbs pio 
[    0.658075] scsi6 : ahci
[    0.658118] scsi7 : ahci
[    0.658162] scsi8 : ahci
[    0.658202] scsi9 : ahci
[    0.658244] scsi10 : ahci
[    0.658285] scsi11 : ahci
[    0.658326] scsi12 : ahci
[    0.658371] scsi13 : ahci
[    0.658395] ata7: SATA max UDMA/133 abar m2048@0xf7eff800 port 0xf7eff900 irq 67
[    0.658397] ata8: SATA max UDMA/133 abar m2048@0xf7eff800 port 0xf7eff980 irq 67
[    0.658398] ata9: SATA max UDMA/133 abar m2048@0xf7eff800 port 0xf7effa00 irq 67
[    0.658400] ata10: SATA max UDMA/133 abar m2048@0xf7eff800 port 0xf7effa80 irq 67
[    0.658401] ata11: SATA max UDMA/133 abar m2048@0xf7eff800 port 0xf7effb00 irq 67
[    0.658403] ata12: SATA max UDMA/133 abar m2048@0xf7eff800 port 0xf7effb80 irq 67
[    0.658404] ata13: SATA max UDMA/133 abar m2048@0xf7eff800 port 0xf7effc00 irq 67
[    0.658406] ata14: SATA max UDMA/133 abar m2048@0xf7eff800 port 0xf7effc80 irq 67
[    0.658466] libphy: Fixed MDIO Bus: probed
[    0.658536] ehci_hcd: USB 2.0 'Enhanced' Host Controller (EHCI) Driver
[    0.658538] ehci-pci: EHCI PCI platform driver
[    0.658631] ehci-pci 0000:00:1a.7: setting latency timer to 64
[    0.658638] ehci-pci 0000:00:1a.7: EHCI Host Controller
[    0.658667] ehci-pci 0000:00:1a.7: new USB bus registered, assigned bus number 1
[    0.658677] ehci-pci 0000:00:1a.7: debug port 1
[    0.662564] ehci-pci 0000:00:1a.7: cache line size of 256 is not supported
[    0.662575] ehci-pci 0000:00:1a.7: irq 18, io mem 0xf7dff000
[    0.668527] ehci-pci 0000:00:1a.7: USB 2.0 started, EHCI 1.00
[    0.668542] usb usb1: New USB device found, idVendor=1d6b, idProduct=0002
[    0.668543] usb usb1: New USB device strings: Mfr=3, Product=2, SerialNumber=1
[    0.668545] usb usb1: Product: EHCI Host Controller
[    0.668546] usb usb1: Manufacturer: Linux 3.11.10-301.fc20.x86_64 ehci_hcd
[    0.668547] usb usb1: SerialNumber: 0000:00:1a.7
[    0.668607] hub 1-0:1.0: USB hub found
[    0.668609] hub 1-0:1.0: 6 ports detected
[    0.668757] ehci-pci 0000:00:1d.7: setting latency timer to 64
[    0.668763] ehci-pci 0000:00:1d.7: EHCI Host Controller
[    0.668788] ehci-pci 0000:00:1d.7: new USB bus registered, assigned bus number 2
[    0.668797] ehci-pci 0000:00:1d.7: debug port 1
[    0.672706] ehci-pci 0000:00:1d.7: cache line size of 256 is not supported
[    0.672717] ehci-pci 0000:00:1d.7: irq 23, io mem 0xf7dfe000
[    0.678537] ehci-pci 0000:00:1d.7: USB 2.0 started, EHCI 1.00
[    0.678545] usb usb2: New USB device found, idVendor=1d6b, idProduct=0002
[    0.678547] usb usb2: New USB device strings: Mfr=3, Product=2, SerialNumber=1
[    0.678548] usb usb2: Product: EHCI Host Controller
[    0.678549] usb usb2: Manufacturer: Linux 3.11.10-301.fc20.x86_64 ehci_hcd
[    0.678550] usb usb2: SerialNumber: 0000:00:1d.7
[    0.678600] hub 2-0:1.0: USB hub found
[    0.678603] hub 2-0:1.0: 6 ports detected
[    0.678670] ohci_hcd: USB 1.1 'Open' Host Controller (OHCI) Driver
[    0.678671] ohci-pci: OHCI PCI platform driver
[    0.678678] uhci_hcd: USB Universal Host Controller Interface driver
[    0.678758] uhci_hcd 0000:00:1a.0: setting latency timer to 64
[    0.678760] uhci_hcd 0000:00:1a.0: UHCI Host Controller
[    0.678784] uhci_hcd 0000:00:1a.0: new USB bus registered, assigned bus number 3
[    0.678811] uhci_hcd 0000:00:1a.0: irq 16, io base 0x0000a800
[    0.678830] usb usb3: New USB device found, idVendor=1d6b, idProduct=0001
[    0.678831] usb usb3: New USB device strings: Mfr=3, Product=2, SerialNumber=1
[    0.678832] usb usb3: Product: UHCI Host Controller
[    0.678833] usb usb3: Manufacturer: Linux 3.11.10-301.fc20.x86_64 uhci_hcd
[    0.678834] usb usb3: SerialNumber: 0000:00:1a.0
[    0.678884] hub 3-0:1.0: USB hub found
[    0.678886] hub 3-0:1.0: 2 ports detected
[    0.679002] uhci_hcd 0000:00:1a.1: setting latency timer to 64
[    0.679004] uhci_hcd 0000:00:1a.1: UHCI Host Controller
[    0.679029] uhci_hcd 0000:00:1a.1: new USB bus registered, assigned bus number 4
[    0.679054] uhci_hcd 0000:00:1a.1: irq 21, io base 0x0000a880
[    0.679075] usb usb4: New USB device found, idVendor=1d6b, idProduct=0001
[    0.679076] usb usb4: New USB device strings: Mfr=3, Product=2, SerialNumber=1
[    0.679078] usb usb4: Product: UHCI Host Controller
[    0.679079] usb usb4: Manufacturer: Linux 3.11.10-301.fc20.x86_64 uhci_hcd
[    0.679080] usb usb4: SerialNumber: 0000:00:1a.1
[    0.679127] hub 4-0:1.0: USB hub found
[    0.679129] hub 4-0:1.0: 2 ports detected
[    0.679244] uhci_hcd 0000:00:1a.2: setting latency timer to 64
[    0.679247] uhci_hcd 0000:00:1a.2: UHCI Host Controller
[    0.679273] uhci_hcd 0000:00:1a.2: new USB bus registered, assigned bus number 5
[    0.679299] uhci_hcd 0000:00:1a.2: irq 19, io base 0x0000ac00
[    0.679320] usb usb5: New USB device found, idVendor=1d6b, idProduct=0001
[    0.679321] usb usb5: New USB device strings: Mfr=3, Product=2, SerialNumber=1
[    0.679322] usb usb5: Product: UHCI Host Controller
[    0.679324] usb usb5: Manufacturer: Linux 3.11.10-301.fc20.x86_64 uhci_hcd
[    0.679325] usb usb5: SerialNumber: 0000:00:1a.2
[    0.679370] hub 5-0:1.0: USB hub found
[    0.679372] hub 5-0:1.0: 2 ports detected
[    0.679486] uhci_hcd 0000:00:1d.0: setting latency timer to 64
[    0.679488] uhci_hcd 0000:00:1d.0: UHCI Host Controller
[    0.679514] uhci_hcd 0000:00:1d.0: new USB bus registered, assigned bus number 6
[    0.679540] uhci_hcd 0000:00:1d.0: irq 23, io base 0x0000a080
[    0.679559] usb usb6: New USB device found, idVendor=1d6b, idProduct=0001
[    0.679560] usb usb6: New USB device strings: Mfr=3, Product=2, SerialNumber=1
[    0.679561] usb usb6: Product: UHCI Host Controller
[    0.679563] usb usb6: Manufacturer: Linux 3.11.10-301.fc20.x86_64 uhci_hcd
[    0.679564] usb usb6: SerialNumber: 0000:00:1d.0
[    0.679610] hub 6-0:1.0: USB hub found
[    0.679613] hub 6-0:1.0: 2 ports detected
[    0.679726] uhci_hcd 0000:00:1d.1: setting latency timer to 64
[    0.679728] uhci_hcd 0000:00:1d.1: UHCI Host Controller
[    0.679755] uhci_hcd 0000:00:1d.1: new USB bus registered, assigned bus number 7
[    0.679775] uhci_hcd 0000:00:1d.1: irq 19, io base 0x0000a400
[    0.679793] usb usb7: New USB device found, idVendor=1d6b, idProduct=0001
[    0.679794] usb usb7: New USB device strings: Mfr=3, Product=2, SerialNumber=1
[    0.679796] usb usb7: Product: UHCI Host Controller
[    0.679797] usb usb7: Manufacturer: Linux 3.11.10-301.fc20.x86_64 uhci_hcd
[    0.679798] usb usb7: SerialNumber: 0000:00:1d.1
[    0.679844] hub 7-0:1.0: USB hub found
[    0.679846] hub 7-0:1.0: 2 ports detected
[    0.679963] uhci_hcd 0000:00:1d.2: setting latency timer to 64
[    0.679965] uhci_hcd 0000:00:1d.2: UHCI Host Controller
[    0.679992] uhci_hcd 0000:00:1d.2: new USB bus registered, assigned bus number 8
[    0.680011] uhci_hcd 0000:00:1d.2: irq 18, io base 0x0000a480
[    0.680029] usb usb8: New USB device found, idVendor=1d6b, idProduct=0001
[    0.680031] usb usb8: New USB device strings: Mfr=3, Product=2, SerialNumber=1
[    0.680032] usb usb8: Product: UHCI Host Controller
[    0.680033] usb usb8: Manufacturer: Linux 3.11.10-301.fc20.x86_64 uhci_hcd
[    0.680034] usb usb8: SerialNumber: 0000:00:1d.2
[    0.680081] hub 8-0:1.0: USB hub found
[    0.680085] hub 8-0:1.0: 2 ports detected
[    0.680160] xhci_hcd 0000:02:00.0: xHCI Host Controller
[    0.680189] xhci_hcd 0000:02:00.0: new USB bus registered, assigned bus number 9
[    0.680304] xhci_hcd 0000:02:00.0: irq 68 for MSI/MSI-X
[    0.680309] xhci_hcd 0000:02:00.0: irq 69 for MSI/MSI-X
[    0.680312] xhci_hcd 0000:02:00.0: irq 70 for MSI/MSI-X
[    0.680316] xhci_hcd 0000:02:00.0: irq 71 for MSI/MSI-X
[    0.680320] xhci_hcd 0000:02:00.0: irq 72 for MSI/MSI-X
[    0.680324] xhci_hcd 0000:02:00.0: irq 73 for MSI/MSI-X
[    0.680328] xhci_hcd 0000:02:00.0: irq 74 for MSI/MSI-X
[    0.680332] xhci_hcd 0000:02:00.0: irq 75 for MSI/MSI-X
[    0.680407] usb usb9: New USB device found, idVendor=1d6b, idProduct=0002
[    0.680408] usb usb9: New USB device strings: Mfr=3, Product=2, SerialNumber=1
[    0.680409] usb usb9: Product: xHCI Host Controller
[    0.680411] usb usb9: Manufacturer: Linux 3.11.10-301.fc20.x86_64 xhci_hcd
[    0.680412] usb usb9: SerialNumber: 0000:02:00.0
[    0.680449] xHCI xhci_add_endpoint called for root hub
[    0.680450] xHCI xhci_check_bandwidth called for root hub
[    0.680463] hub 9-0:1.0: USB hub found
[    0.680467] hub 9-0:1.0: 2 ports detected
[    0.680505] xhci_hcd 0000:02:00.0: xHCI Host Controller
[    0.680541] xhci_hcd 0000:02:00.0: new USB bus registered, assigned bus number 10
[    0.683667] usb usb10: New USB device found, idVendor=1d6b, idProduct=0003
[    0.683669] usb usb10: New USB device strings: Mfr=3, Product=2, SerialNumber=1
[    0.683670] usb usb10: Product: xHCI Host Controller
[    0.683671] usb usb10: Manufacturer: Linux 3.11.10-301.fc20.x86_64 xhci_hcd
[    0.683672] usb usb10: SerialNumber: 0000:02:00.0
[    0.683710] xHCI xhci_add_endpoint called for root hub
[    0.683711] xHCI xhci_check_bandwidth called for root hub
[    0.683723] hub 10-0:1.0: USB hub found
[    0.683727] hub 10-0:1.0: 2 ports detected
[    0.688569] usbcore: registered new interface driver usbserial
[    0.688574] usbcore: registered new interface driver usbserial_generic
[    0.688577] usbserial: USB Serial support registered for generic
[    0.688596] i8042: PNP: PS/2 Controller [PNP0303:PS2K] at 0x60,0x64 irq 1
[    0.688597] i8042: PNP: PS/2 appears to have AUX port disabled, if this is incorrect please boot with i8042.nopnp
[    0.689176] serio: i8042 KBD port at 0x60,0x64 irq 1
[    0.689214] mousedev: PS/2 mouse device common for all mice
[    0.689315] rtc_cmos 00:02: RTC can wake from S4
[    0.689411] rtc_cmos 00:02: rtc core: registered rtc_cmos as rtc0
[    0.689433] rtc_cmos 00:02: alarms up to one month, y3k, 114 bytes nvram, hpet irqs
[    0.689470] device-mapper: uevent: version 1.0.3
[    0.689512] device-mapper: ioctl: 4.25.0-ioctl (2013-06-26) initialised: dm-devel@redhat.com
[    0.689657] cpuidle: using governor menu
[    0.689804] hidraw: raw HID events driver (C) Jiri Kosina
[    0.689853] usbcore: registered new interface driver usbhid
[    0.689854] usbhid: USB HID core driver
[    0.689879] drop_monitor: Initializing network drop monitor service
[    0.689934] ip_tables: (C) 2000-2006 Netfilter Core Team
[    0.689967] TCP: cubic registered
[    0.689970] Initializing XFRM netlink socket
[    0.690037] NET: Registered protocol family 10
[    0.690172] mip6: Mobile IPv6
[    0.690174] NET: Registered protocol family 17
[    0.690396] PM: Hibernation image not present or could not be loaded.
[    0.690399] Loading compiled-in X.509 certificates
[    0.691099] Loaded X.509 cert 'Fedora kernel signing key: 03591dc57a690741401a1c202e2b3d9f4fed2a0e'
[    0.691105] registered taskstats version 1
[    0.691999]   Magic number: 9:495:942
[    0.692097] rtc_cmos 00:02: setting system clock to 2013-12-13 15:56:48 UTC (1386950208)
[    0.711521] input: AT Translated Set 2 keyboard as /devices/platform/i8042/serio0/input/input2
[    0.951827] ata1: SATA link down (SStatus 0 SControl 300)
[    0.962820] ata7: SATA link up 6.0 Gbps (SStatus 133 SControl 300)
[    0.962881] ata9: SATA link down (SStatus 0 SControl 300)
[    0.963827] ata11: SATA link down (SStatus 0 SControl 300)
[    0.963842] ata14: SATA link up 1.5 Gbps (SStatus 113 SControl 300)
[    0.963855] ata10: SATA link down (SStatus 0 SControl 300)
[    0.963869] ata13: SATA link down (SStatus 0 SControl 300)
[    0.963883] ata12: SATA link down (SStatus 0 SControl 300)
[    0.970876] usb 1-3: new high-speed USB device number 2 using ehci-pci
[    1.078487] ata14.00: ATAPI: MARVELL VIRTUALL, 1.09, max UDMA/66
[    1.078602] ata14.00: configured for UDMA/66
[    1.080068] ata7.00: ATA-8: ST32000641AS, CC13, max UDMA/133
[    1.080070] ata7.00: 3907029168 sectors, multi 0: LBA48 NCQ (depth 31/32)
[    1.081871] ata7.00: configured for UDMA/133
[    1.089777] usb 1-3: New USB device found, idVendor=152d, idProduct=2329
[    1.089778] usb 1-3: New USB device strings: Mfr=1, Product=2, SerialNumber=5
[    1.089779] usb 1-3: Product: USB to ATA/ATAPI bridge
[    1.089780] usb 1-3: Manufacturer: JMicron
[    1.089781] usb 1-3: SerialNumber: 7D577A350893
[    1.116020] ata8: SATA link up 6.0 Gbps (SStatus 133 SControl 300)
[    1.117647] ata8.00: ATA-8: ST32000641AS, CC13, max UDMA/133
[    1.117649] ata8.00: 3907029168 sectors, multi 0: LBA48 NCQ (depth 31/32)
[    1.119453] ata8.00: configured for UDMA/133
[    1.192036] usb 1-5: new high-speed USB device number 3 using ehci-pci
[    1.257103] ata2: SATA link down (SStatus 0 SControl 300)
[    1.306487] usb 1-5: New USB device found, idVendor=0424, idProduct=2504
[    1.306489] usb 1-5: New USB device strings: Mfr=0, Product=0, SerialNumber=0
[    1.306625] hub 1-5:1.0: USB hub found
[    1.306737] hub 1-5:1.0: 3 ports detected
[    1.562450] ata3: SATA link down (SStatus 0 SControl 300)
[    1.582411] usb 7-2: new low-speed USB device number 2 using uhci_hcd
[    1.617502] tsc: Refined TSC clocksource calibration: 3474.544 MHz
[    1.744589] usb 7-2: New USB device found, idVendor=046d, idProduct=c046
[    1.744591] usb 7-2: New USB device strings: Mfr=1, Product=2, SerialNumber=0
[    1.744592] usb 7-2: Product: USB Optical Mouse
[    1.744593] usb 7-2: Manufacturer: Logitech
[    1.761707] input: Logitech USB Optical Mouse as /devices/pci0000:00/0000:00:1d.1/usb7/7-2/7-2:1.0/input/input3
[    1.761920] hid-generic 0003:046D:C046.0001: input,hidraw0: USB HID v1.10 Mouse [Logitech USB Optical Mouse] on usb-0000:00:1d.1-2/input0
[    1.834748] usb 1-5.1: new high-speed USB device number 4 using ehci-pci
[    1.867746] ata4: SATA link down (SStatus 0 SControl 300)
[    1.920081] usb 1-5.1: New USB device found, idVendor=0424, idProduct=2503
[    1.920083] usb 1-5.1: New USB device strings: Mfr=0, Product=0, SerialNumber=0
[    1.920219] hub 1-5.1:1.0: USB hub found
[    1.920331] hub 1-5.1:1.0: 3 ports detected
[    2.173043] ata5: SATA link down (SStatus 0 SControl 300)
[    2.194096] usb 1-5.1.1: new high-speed USB device number 5 using ehci-pci
[    2.366639] usb 1-5.1.1: New USB device found, idVendor=0424, idProduct=2228
[    2.366641] usb 1-5.1.1: New USB device strings: Mfr=1, Product=2, SerialNumber=3
[    2.366642] usb 1-5.1.1: Product: Flash Card Reader
[    2.366643] usb 1-5.1.1: Manufacturer: Generic
[    2.366644] usb 1-5.1.1: SerialNumber: 000022272228
[    2.618655] Switched to clocksource tsc
[    2.633480] ata6: SATA link up 1.5 Gbps (SStatus 113 SControl 300)
[    2.648526] ata6.00: ATAPI: PIONEER DVD-RW  DVR-219L, 1.01, max UDMA/100
[    2.661099] ata6.00: configured for UDMA/100
[    2.663011] scsi 5:0:0:0: CD-ROM            PIONEER  DVD-RW  DVR-219L 1.01 PQ: 0 ANSI: 5
[    2.666216] sr0: scsi3-mmc drive: 40x/40x writer dvd-ram cd/rw xa/form2 cdda tray
[    2.666218] cdrom: Uniform CD-ROM driver Revision: 3.20
[    2.666323] sr 5:0:0:0: Attached scsi CD-ROM sr0
[    2.666419] sr 5:0:0:0: Attached scsi generic sg0 type 5
[    2.666659] scsi 6:0:0:0: Direct-Access     ATA      ST32000641AS     CC13 PQ: 0 ANSI: 5
[    2.666725] sd 6:0:0:0: [sda] 3907029168 512-byte logical blocks: (2.00 TB/1.81 TiB)
[    2.666747] sd 6:0:0:0: [sda] Write Protect is off
[    2.666748] sd 6:0:0:0: [sda] Mode Sense: 00 3a 00 00
[    2.666758] sd 6:0:0:0: [sda] Write cache: enabled, read cache: enabled, doesn't support DPO or FUA
[    2.666830] sd 6:0:0:0: Attached scsi generic sg1 type 0
[    2.667130] scsi 7:0:0:0: Direct-Access     ATA      ST32000641AS     CC13 PQ: 0 ANSI: 5
[    2.667303] sd 7:0:0:0: Attached scsi generic sg2 type 0
[    2.667311] sd 7:0:0:0: [sdb] 3907029168 512-byte logical blocks: (2.00 TB/1.81 TiB)
[    2.667447] sd 7:0:0:0: [sdb] Write Protect is off
[    2.667458] sd 7:0:0:0: [sdb] Mode Sense: 00 3a 00 00
[    2.667470] scsi 13:0:0:0: Processor         Marvell  91xx Config      1.01 PQ: 0 ANSI: 5
[    2.667525] scsi 13:0:0:0: Attached scsi generic sg3 type 3
[    2.667555] sd 7:0:0:0: [sdb] Write cache: enabled, read cache: enabled, doesn't support DPO or FUA
[    2.677712]  sda: sda1 sda2
[    2.677837] sd 6:0:0:0: [sda] Attached SCSI disk
[    2.691496]  sdb: sdb1 sdb2
[    2.692117] sd 7:0:0:0: [sdb] Attached SCSI disk
[    2.693779] Freeing unused kernel memory: 1424K (ffffffff81cf9000 - ffffffff81e5d000)
[    2.693781] Write protecting the kernel read-only data: 12288k
[    2.697827] Freeing unused kernel memory: 1688K (ffff88000165a000 - ffff880001800000)
[    2.700444] Freeing unused kernel memory: 1232K (ffff880001acc000 - ffff880001c00000)
[    2.702899] systemd[1]: systemd 208 running in system mode. (+PAM +LIBWRAP +AUDIT +SELINUX +IMA +SYSVINIT +LIBCRYPTSETUP +GCRYPT +ACL +XZ)
[    2.703096] systemd[1]: Running in initial RAM disk.
[    2.703135] systemd[1]: Set hostname to <bristol.uk.cyberscience.com>.
[    2.706876] systemd[1]: Expecting device dev-mapper-bristol\x2dswap.device...
[    2.706885] systemd[1]: Expecting device dev-disk-by\x2duuid-e7b8359c\x2dd2f0\x2d4e11\x2d8857\x2dc33b27683a8e.device...
[    2.706891] systemd[1]: Expecting device dev-mapper-bristol\x2droot.device...
[    2.706897] systemd[1]: Starting -.slice.
[    2.706976] systemd[1]: Created slice -.slice.
[    2.706984] systemd[1]: Starting System Slice.
[    2.707028] systemd[1]: Created slice System Slice.
[    2.707035] systemd[1]: Starting Slices.
[    2.707040] systemd[1]: Reached target Slices.
[    2.707045] systemd[1]: Starting Timers.
[    2.707050] systemd[1]: Reached target Timers.
[    2.707056] systemd[1]: Starting Journal Socket.
[    2.707093] systemd[1]: Listening on Journal Socket.
[    2.707202] systemd[1]: Starting dracut cmdline hook...
[    2.707386] systemd[1]: Starting Journal Service...
[    2.707601] systemd[1]: Started Journal Service.
[    2.711286] systemd-journald[160]: Vacuuming done, freed 0 bytes
[    2.714748] tun: Universal TUN/TAP device driver, 1.6
[    2.714748] tun: (C) 1999-2004 Max Krasnyansky <maxk@qualcomm.com>
[    2.808913] systemd-udevd[290]: starting version 208
[    2.864973] wmi: Mapper loaded
[    2.873343] usb-storage 1-3:1.0: USB Mass Storage device detected
[    2.873376] usb-storage 1-3:1.0: Quirks match for vid 152d pid 2329: 8020
[    2.873390] scsi14 : usb-storage 1-3:1.0
[    2.873458] usb-storage 1-5.1.1:1.0: USB Mass Storage device detected
[    2.873493] scsi15 : usb-storage 1-5.1.1:1.0
[    2.873535] usbcore: registered new interface driver usb-storage
[    2.874441] [drm] Initialized drm 1.1.0 20060810
[    2.890682] MXM: GUID detected in BIOS
[    2.890965] nouveau  [  DEVICE][0000:03:00.0] BOOT0  : 0x084200a2
[    2.890968] nouveau  [  DEVICE][0000:03:00.0] Chipset: G84 (NV84)
[    2.890969] nouveau  [  DEVICE][0000:03:00.0] Family : NV50
[    2.891899] nouveau  [   VBIOS][0000:03:00.0] checking PRAMIN for image...
[    2.930817] firewire_ohci 0000:07:02.0: added OHCI v1.10 device as card 0, 4 IR + 8 IT contexts, quirks 0x11
[    2.941543] nouveau  [   VBIOS][0000:03:00.0] ... appears to be valid
[    2.941545] nouveau  [   VBIOS][0000:03:00.0] using image from PRAMIN
[    2.941649] nouveau  [   VBIOS][0000:03:00.0] BIT signature found
[    2.941651] nouveau  [   VBIOS][0000:03:00.0] version 60.84.59.00.00
[    2.961772] nouveau  [     PFB][0000:03:00.0] RAM type: DDR2
[    2.961774] nouveau  [     PFB][0000:03:00.0] RAM size: 512 MiB
[    2.961775] nouveau  [     PFB][0000:03:00.0]    ZCOMP: 1892 tags
[    2.985981] nouveau  [  PTHERM][0000:03:00.0] FAN control: PWM
[    2.985986] nouveau  [  PTHERM][0000:03:00.0] fan management: disabled
[    2.985988] nouveau  [  PTHERM][0000:03:00.0] internal sensor: yes
[    2.986191] [TTM] Zone  kernel: Available graphics memory: 12341696 kiB
[    2.986192] [TTM] Zone   dma32: Available graphics memory: 2097152 kiB
[    2.986193] [TTM] Initializing pool allocator
[    2.986198] [TTM] Initializing DMA pool allocator
[    2.986207] nouveau  [     DRM] VRAM: 512 MiB
[    2.986208] nouveau  [     DRM] GART: 1048576 MiB
[    2.986210] nouveau  [     DRM] TMDS table version 2.0
[    2.986211] nouveau  [     DRM] DCB version 4.0
[    2.986212] nouveau  [     DRM] DCB outp 00: 02000300 00000028
[    2.986214] nouveau  [     DRM] DCB outp 01: 01000302 00120030
[    2.986215] nouveau  [     DRM] DCB outp 02: 04011320 00000028
[    2.986216] nouveau  [     DRM] DCB outp 03: 010223f1 00c0c080
[    2.986217] nouveau  [     DRM] DCB outp 04: 02011322 00020030
[    2.986218] nouveau  [     DRM] DCB conn 00: 1030
[    2.986219] nouveau  [     DRM] DCB conn 01: 2130
[    2.986220] nouveau  [     DRM] DCB conn 02: 0210
[    2.986221] nouveau  [     DRM] DCB conn 03: 0211
[    2.986222] nouveau  [     DRM] DCB conn 04: 0213
[    3.019815] nouveau W[     DRM] failed to create encoder 0/1/0: -19
[    3.019817] nouveau W[     DRM] TV-1 has no encoders, removing
[    3.019832] [drm] Supports vblank timestamp caching Rev 1 (10.10.2010).
[    3.019833] [drm] No driver support for vblank timestamp query.
[    3.019940] nouveau  [     DRM] 1 available performance level(s)
[    3.019942] nouveau  [     DRM] 0: core 575MHz shader 1300MHz memory 400MHz fanspeed 100%
[    3.019944] nouveau  [     DRM] c: core 540MHz shader 1188MHz memory 399MHz voltage 1320mV
[    3.046621] md: bind<sdb2>
[    3.048521] md: bind<sdb1>
[    3.049980] md: bind<sda2>
[    3.052894] md: raid1 personality registered for level 1
[    3.053034] md/raid1:md1: active with 2 out of 2 mirrors
[    3.053173] created bitmap (15 pages) for device md1
[    3.053466] md1: bitmap initialized from disk: read 1 pages, set 0 of 29805 bits
[    3.059857] md1: detected capacity change from 0 to 2000128176128
[    3.061021]  md1: unknown partition table
[    3.076242] md: bind<sda1>
[    3.118560] md/raid1:md0: active with 2 out of 2 mirrors
[    3.118690] created bitmap (1 pages) for device md0
[    3.118796] md0: bitmap initialized from disk: read 1 pages, set 0 of 4 bits
[    3.150214] md0: detected capacity change from 0 to 268423168
[    3.151523]  md0: unknown partition table
[    3.306126] nouveau  [     DRM] MM: using CRYPT for buffer copies
[    3.380771] nouveau  [     DRM] allocated 2560x1600 fb: 0x70000, bo ffff88061a99f800
[    3.380930] fbcon: nouveaufb (fb0) is primary device
[    3.432399] firewire_core 0000:07:02.0: created device fw0: GUID 001fc60000073101, S400
[    3.480346] Console: switching to colour frame buffer device 200x75
[    3.482129] nouveau 0000:03:00.0: fb0: nouveaufb frame buffer device
[    3.482130] nouveau 0000:03:00.0: registered panic notifier
[    3.482132] [drm] Initialized nouveau 1.1.1 20120801 for 0000:03:00.0 on minor 0
[    3.594178] bio: create slab <bio-1> at 1
[    3.826323] PM: Starting manual resume from disk
[    3.826327] PM: Hibernation image partition 253:0 present
[    3.826328] PM: Looking for hibernation image.
[    3.826560] PM: Image not found (code -22)
[    3.826564] PM: Hibernation image not present or could not be loaded.
[    3.885987] scsi 15:0:0:0: Direct-Access     Generic  Flash HS-CF      4.49 PQ: 0 ANSI: 0
[    3.889365] scsi 15:0:0:1: Direct-Access     Generic  Flash HS-COMBO   4.49 PQ: 0 ANSI: 0
[    3.908737] scsi 14:0:0:0: Direct-Access     WDC WD50 00AACS-00ZUB0    01.0 PQ: 0 ANSI: 2 CCS
[    3.909195] sd 14:0:0:0: Attached scsi generic sg4 type 0
[    3.909544] sd 15:0:0:0: Attached scsi generic sg5 type 0
[    3.909789] sd 15:0:0:1: Attached scsi generic sg6 type 0
[    3.909827] sd 14:0:0:0: [sdc] 976771055 512-byte logical blocks: (500 GB/465 GiB)
[    3.910933] sd 14:0:0:0: [sdc] Write Protect is off
[    3.910936] sd 14:0:0:0: [sdc] Mode Sense: 28 00 00 00
[    3.911926] sd 14:0:0:0: [sdc] No Caching mode page found
[    3.911929] sd 14:0:0:0: [sdc] Assuming drive cache: write through
[    3.914739] sd 14:0:0:0: [sdc] No Caching mode page found
[    3.914742] sd 14:0:0:0: [sdc] Assuming drive cache: write through
[    3.916321] EXT4-fs (dm-1): mounted filesystem with ordered data mode. Opts: (null)
[    3.935856]  sdc: sdc1
[    3.944344] sd 14:0:0:0: [sdc] No Caching mode page found
[    3.944346] sd 14:0:0:0: [sdc] Assuming drive cache: write through
[    3.944348] sd 14:0:0:0: [sdc] Attached SCSI disk
[    4.010687] sd 15:0:0:0: [sdd] Attached SCSI removable disk
[    4.014952] sd 15:0:0:1: [sde] Attached SCSI removable disk
[    4.405592] systemd-journald[160]: Received SIGTERM
[    5.226710] SELinux:  Disabled at runtime.
[    5.226723] SELinux:  Unregistering netfilter hooks
[    5.256009] type=1404 audit(1386950213.058:2): selinux=0 auid=4294967295 ses=4294967295
[    7.661173] systemd-journald[629]: Vacuuming done, freed 0 bytes
[    8.052002] RPC: Registered named UNIX socket transport module.
[    8.052004] RPC: Registered udp transport module.
[    8.052005] RPC: Registered tcp transport module.
[    8.052006] RPC: Registered tcp NFSv4.1 backchannel transport module.
[    8.308171] EXT4-fs (dm-1): re-mounted. Opts: (null)
[    8.513459] systemd-udevd[674]: starting version 208
[    8.549443] Installing knfsd (copyright (C) 1996 okir@monad.swb.de).
[    9.095855] EDAC MC: Ver: 3.0.0
[    9.103476] EDAC i7core: Device not found: dev 00.0 PCI ID 8086:2c70
[    9.118996] shpchp: Standard Hot Plug PCI Controller Driver version: 0.4
[    9.135444] ACPI Warning: 0x0000000000000828-0x000000000000082f SystemIO conflicts with Region \PMRG 1 (20130517/utaddress-251)
[    9.135449] ACPI: If an ACPI driver is available for this device, you should use it instead of the native driver
[    9.135452] ACPI Warning: 0x0000000000000530-0x000000000000053f SystemIO conflicts with Region \GPS0 1 (20130517/utaddress-251)
[    9.135455] ACPI: If an ACPI driver is available for this device, you should use it instead of the native driver
[    9.135456] ACPI Warning: 0x0000000000000500-0x000000000000052f SystemIO conflicts with Region \GPS0 1 (20130517/utaddress-251)
[    9.135459] ACPI: If an ACPI driver is available for this device, you should use it instead of the native driver
[    9.135460] lpc_ich: Resource conflict(s) found affecting gpio_ich
[    9.167876] ACPI Warning: 0x0000000000001000-0x000000000000101f SystemIO conflicts with Region \SMRG 1 (20130517/utaddress-251)
[    9.167880] ACPI: If an ACPI driver is available for this device, you should use it instead of the native driver
[    9.175131] iTCO_vendor_support: vendor-support=0
[    9.216357] sky2: driver version 1.30
[    9.216414] sky2 0000:05:00.0: Yukon-2 EC Ultra chip revision 3
[    9.216462] sky2 0000:05:00.0: irq 76 for MSI/MSI-X
[    9.216633] sky2 0000:05:00.0 eth0: addr bc:ae:c5:1a:05:38
[    9.224853] iTCO_wdt: Intel TCO WatchDog Timer Driver v1.10
[    9.224870] iTCO_wdt: Found a ICH10R TCO device (Version=2, TCOBASE=0x0860)
[    9.224941] iTCO_wdt: initialized. heartbeat=30 sec (nowayout=0)
[    9.257862] microcode: CPU0 sig=0x206c2, pf=0x2, revision=0x13
[    9.426675] microcode: CPU1 sig=0x206c2, pf=0x2, revision=0x13
[    9.426745] microcode: CPU2 sig=0x206c2, pf=0x2, revision=0x13
[    9.426804] microcode: CPU3 sig=0x206c2, pf=0x2, revision=0x13
[    9.426866] microcode: CPU4 sig=0x206c2, pf=0x2, revision=0x13
[    9.426940] microcode: CPU5 sig=0x206c2, pf=0x2, revision=0x13
[    9.426958] microcode: CPU6 sig=0x206c2, pf=0x2, revision=0x13
[    9.427020] microcode: CPU7 sig=0x206c2, pf=0x2, revision=0x13
[    9.427123] microcode: CPU8 sig=0x206c2, pf=0x2, revision=0x13
[    9.427196] microcode: CPU9 sig=0x206c2, pf=0x2, revision=0x13
[    9.427257] microcode: CPU10 sig=0x206c2, pf=0x2, revision=0x13
[    9.427329] microcode: CPU11 sig=0x206c2, pf=0x2, revision=0x13
[    9.427450] microcode: Microcode Update Driver: v2.00 <tigran@aivazian.fsnet.co.uk>, Peter Oruba
[    9.536419] alg: No test for crc32 (crc32-pclmul)
[    9.614024] sd 14:0:0:0: [sdc] Unhandled sense code
[    9.614026] sd 14:0:0:0: [sdc]  
[    9.614028] Result: hostbyte=DID_OK driverbyte=DRIVER_SENSE
[    9.614029] sd 14:0:0:0: [sdc]  
[    9.614030] Sense Key : Medium Error [current] 
[    9.614032] sd 14:0:0:0: [sdc]  
[    9.614033] Add. Sense: Unrecovered read error
[    9.614037] sd 14:0:0:0: [sdc] CDB: 
[    9.614038] Read(10): 28 00 00 00 00 80 00 00 f0 00
[    9.614042] end_request: critical target error, dev sdc, sector 128
[    9.614043] Buffer I/O error on device sdc, logical block 128
[    9.614045] Buffer I/O error on device sdc, logical block 129
[    9.614046] Buffer I/O error on device sdc, logical block 130
[    9.614046] Buffer I/O error on device sdc, logical block 131
[    9.614047] Buffer I/O error on device sdc, logical block 132
[    9.614048] Buffer I/O error on device sdc, logical block 133
[    9.614049] Buffer I/O error on device sdc, logical block 134
[    9.614050] Buffer I/O error on device sdc, logical block 135
[    9.614052] Buffer I/O error on device sdc, logical block 136
[    9.614053] Buffer I/O error on device sdc, logical block 137
[    9.793052] Adding 50331644k swap on /dev/mapper/bristol-swap.  Priority:-1 extents:1 across:50331644k FS
[    9.829448] snd_hda_intel 0000:00:1b.0: irq 77 for MSI/MSI-X
[    9.851752] ALSA sound/pci/hda/patch_realtek.c:418 SKU: Nid=0x1d sku_cfg=0x4005e601
[    9.851754] ALSA sound/pci/hda/patch_realtek.c:420 SKU: port_connectivity=0x1
[    9.851755] ALSA sound/pci/hda/patch_realtek.c:421 SKU: enable_pcbeep=0x0
[    9.851756] ALSA sound/pci/hda/patch_realtek.c:422 SKU: check_sum=0x00000005
[    9.851757] ALSA sound/pci/hda/patch_realtek.c:423 SKU: customization=0x000000e6
[    9.851758] ALSA sound/pci/hda/patch_realtek.c:424 SKU: external_amp=0x0
[    9.851759] ALSA sound/pci/hda/patch_realtek.c:425 SKU: platform_type=0x0
[    9.851760] ALSA sound/pci/hda/patch_realtek.c:426 SKU: swap=0x0
[    9.851761] ALSA sound/pci/hda/patch_realtek.c:427 SKU: override=0x1
[    9.852201] ALSA sound/pci/hda/hda_auto_parser.c:393 autoconfig: line_outs=4 (0x14/0x15/0x16/0x17/0x0) type:line
[    9.852202] ALSA sound/pci/hda/hda_auto_parser.c:397    speaker_outs=0 (0x0/0x0/0x0/0x0/0x0)
[    9.852204] ALSA sound/pci/hda/hda_auto_parser.c:401    hp_outs=1 (0x1b/0x0/0x0/0x0/0x0)
[    9.852204] ALSA sound/pci/hda/hda_auto_parser.c:402    mono: mono_out=0x0
[    9.852206] ALSA sound/pci/hda/hda_auto_parser.c:405    dig-out=0x11/0x1e
[    9.852206] ALSA sound/pci/hda/hda_auto_parser.c:406    inputs:
[    9.852208] ALSA sound/pci/hda/hda_auto_parser.c:410      Front Mic=0x19
[    9.852209] ALSA sound/pci/hda/hda_auto_parser.c:410      Rear Mic=0x18
[    9.852210] ALSA sound/pci/hda/hda_auto_parser.c:410      Line=0x1a
[    9.852211] ALSA sound/pci/hda/patch_realtek.c:490 realtek: No valid SSID, checking pincfg 0x4005e601 for NID 0x1d
[    9.852212] ALSA sound/pci/hda/patch_realtek.c:506 realtek: Enabling init ASM_ID=0xe601 CODEC_ID=10ec0889
[    9.855789] kvm: VM_EXIT_LOAD_IA32_PERF_GLOBAL_CTRL does not work properly. Using workaround
[    9.866539] input: HDA Intel Front Headphone as /devices/pci0000:00/0000:00:1b.0/sound/card0/input4
[    9.866606] input: HDA Intel Line Out Side as /devices/pci0000:00/0000:00:1b.0/sound/card0/input5
[    9.866648] input: HDA Intel Line Out CLFE as /devices/pci0000:00/0000:00:1b.0/sound/card0/input6
[    9.866700] input: HDA Intel Line Out Surround as /devices/pci0000:00/0000:00:1b.0/sound/card0/input7
[    9.866748] input: HDA Intel Line Out Front as /devices/pci0000:00/0000:00:1b.0/sound/card0/input8
[    9.866789] input: HDA Intel Line as /devices/pci0000:00/0000:00:1b.0/sound/card0/input9
[    9.866838] input: HDA Intel Rear Mic as /devices/pci0000:00/0000:00:1b.0/sound/card0/input10
[    9.866914] input: HDA Intel Front Mic as /devices/pci0000:00/0000:00:1b.0/sound/card0/input11
[   10.130773] systemd-udevd[683]: renamed network interface eth0 to em1
[   10.579372] EXT4-fs (md0): mounted filesystem with ordered data mode. Opts: (null)
[   10.612399] systemd-journald[629]: Received request to flush runtime journal from PID 1
[   33.113644] cfg80211: Calling CRDA to update world regulatory domain
[   33.441763] cfg80211: World regulatory domain updated:
[   33.441765] cfg80211:   (start_freq - end_freq @ bandwidth), (max_antenna_gain, max_eirp)
[   33.441766] cfg80211:   (2402000 KHz - 2472000 KHz @ 40000 KHz), (300 mBi, 2000 mBm)
[   33.441767] cfg80211:   (2457000 KHz - 2482000 KHz @ 40000 KHz), (300 mBi, 2000 mBm)
[   33.441768] cfg80211:   (2474000 KHz - 2494000 KHz @ 20000 KHz), (300 mBi, 2000 mBm)
[   33.441769] cfg80211:   (5170000 KHz - 5250000 KHz @ 40000 KHz), (300 mBi, 2000 mBm)
[   33.441770] cfg80211:   (5735000 KHz - 5835000 KHz @ 40000 KHz), (300 mBi, 2000 mBm)
[   35.207417] Bridge firewalling registered
[   35.327318] sky2 0000:05:00.0 em1: enabling interface
[   35.327450] IPv6: ADDRCONF(NETDEV_UP): em1: link is not ready
[   37.909853] sky2 0000:05:00.0 em1: Link is up at 1000 Mbps, full duplex, flow control both
[   37.909879] IPv6: ADDRCONF(NETDEV_CHANGE): em1: link becomes ready
[   37.914209] device em1 entered promiscuous mode
[   37.914338] br0: port 1(em1) entered forwarding state
[   37.914358] br0: port 1(em1) entered forwarding state
[   42.062738] device br0 entered promiscuous mode
[   42.397539] NFSD: starting 90-second grace period (net ffffffff81cbdec0)
[   52.045986] Ebtables v2.0 registered
[   52.224050] ip6_tables: (C) 2000-2006 Netfilter Core Team
[   52.975568] br0: port 1(em1) entered forwarding state
[   55.679385] systemd-journald[629]: File /var/log/journal/52e05aebb163937c1118c46e8dfcd413/user-42.journal corrupted or uncleanly shut down, renaming and replacing.
[   70.823246] device virbr0-nic entered promiscuous mode
[   71.588585] nf_conntrack version 0.5.0 (16384 buckets, 65536 max)
[   71.640305] virbr0: port 1(virbr0-nic) entered listening state
[   71.640312] virbr0: port 1(virbr0-nic) entered listening state
[   71.640351] IPv6: ADDRCONF(NETDEV_UP): virbr0: link is not ready
[   71.732841] virbr0: port 1(virbr0-nic) entered disabled state
[   72.590053] systemd-readahead[607]: Failed to read event: Value too large for defined data type
[   78.539753] FS-Cache: Loaded
[   78.558496] FS-Cache: Netfs 'nfs' registered for caching
[   78.671381] Key type dns_resolver registered
[   78.742583] NFS: Registering the id_resolver key type
[   78.742590] Key type id_resolver registered
[   78.742591] Key type id_legacy registered
[   79.955436] sd 14:0:0:0: [sdc] Unhandled sense code
[   79.955439] sd 14:0:0:0: [sdc]  
[   79.955440] Result: hostbyte=DID_OK driverbyte=DRIVER_SENSE
[   79.955442] sd 14:0:0:0: [sdc]  
[   79.955443] Sense Key : Medium Error [current] 
[   79.955445] sd 14:0:0:0: [sdc]  
[   79.955446] Add. Sense: Unrecovered read error
[   79.955447] sd 14:0:0:0: [sdc] CDB: 
[   79.955448] Read(10): 28 00 00 00 0a e0 00 00 f0 00
[   79.955452] end_request: critical target error, dev sdc, sector 2784
[   79.955453] quiet_error: 233 callbacks suppressed
[   79.955455] Buffer I/O error on device sdc1, logical block 736
[   79.955456] Buffer I/O error on device sdc1, logical block 737
[   79.955457] Buffer I/O error on device sdc1, logical block 738
[   79.955458] Buffer I/O error on device sdc1, logical block 739
[   79.955459] Buffer I/O error on device sdc1, logical block 740
[   79.955460] Buffer I/O error on device sdc1, logical block 741
[   79.955461] Buffer I/O error on device sdc1, logical block 742
[   79.955462] Buffer I/O error on device sdc1, logical block 743
[   79.955465] Buffer I/O error on device sdc1, logical block 744
[   79.955466] Buffer I/O error on device sdc1, logical block 745
[   80.214815] sd 14:0:0:0: [sdc] Unhandled sense code
[   80.214821] sd 14:0:0:0: [sdc]  
[   80.214823] Result: hostbyte=DID_OK driverbyte=DRIVER_SENSE
[   80.214826] sd 14:0:0:0: [sdc]  
[   80.214828] Sense Key : Medium Error [current] 
[   80.214832] sd 14:0:0:0: [sdc]  
[   80.214834] Add. Sense: Unrecovered read error
[   80.214837] sd 14:0:0:0: [sdc] CDB: 
[   80.214838] Read(10): 28 00 00 00 18 e0 00 00 f0 00
[   80.214846] end_request: critical target error, dev sdc, sector 6368
[   80.419125] sd 14:0:0:0: [sdc] Unhandled sense code
[   80.419131] sd 14:0:0:0: [sdc]  
[   80.419133] Result: hostbyte=DID_OK driverbyte=DRIVER_SENSE
[   80.419136] sd 14:0:0:0: [sdc]  
[   80.419138] Sense Key : Medium Error [current] 
[   80.419141] sd 14:0:0:0: [sdc]  
[   80.419144] Add. Sense: Unrecovered read error
[   80.419146] sd 14:0:0:0: [sdc] CDB: 
[   80.419148] Read(10): 28 00 0a 80 09 00 00 00 40 00
[   80.419156] end_request: critical target error, dev sdc, sector 176163072
[   80.591586] sd 14:0:0:0: [sdc] Unhandled sense code
[   80.591591] sd 14:0:0:0: [sdc]  
[   80.591593] Result: hostbyte=DID_OK driverbyte=DRIVER_SENSE
[   80.591598] sd 14:0:0:0: [sdc]  
[   80.591599] Sense Key : Medium Error [current] 
[   80.591601] sd 14:0:0:0: [sdc]  
[   80.591602] Add. Sense: Unrecovered read error
[   80.591603] sd 14:0:0:0: [sdc] CDB: 
[   80.591604] Read(10): 28 00 16 80 09 40 00 00 80 00
[   80.591608] end_request: critical target error, dev sdc, sector 377489728
[  101.246015] fuse init (API version 7.22)
[  112.119971] usb 1-3: reset high-speed USB device number 2 using ehci-pci
[  117.498951] sd 14:0:0:0: [sdc] Unhandled sense code
[  117.498956] sd 14:0:0:0: [sdc]  
[  117.498959] Result: hostbyte=DID_OK driverbyte=DRIVER_SENSE
[  117.498961] sd 14:0:0:0: [sdc]  
[  117.498963] Sense Key : Medium Error [current] 
[  117.498967] sd 14:0:0:0: [sdc]  
[  117.498969] Add. Sense: Unrecovered read error
[  117.498971] sd 14:0:0:0: [sdc] CDB: 
[  117.498973] Read(10): 28 00 28 00 09 00 00 00 40 00
[  117.498981] end_request: critical target error, dev sdc, sector 671090944
[  117.498985] quiet_error: 664 callbacks suppressed
[  117.498987] Buffer I/O error on device sdc1, logical block 671088896
[  117.498990] Buffer I/O error on device sdc1, logical block 671088897
[  117.498992] Buffer I/O error on device sdc1, logical block 671088898
[  117.498994] Buffer I/O error on device sdc1, logical block 671088899
[  117.498996] Buffer I/O error on device sdc1, logical block 671088900
[  117.498998] Buffer I/O error on device sdc1, logical block 671088901
[  117.499000] Buffer I/O error on device sdc1, logical block 671088902
[  117.499002] Buffer I/O error on device sdc1, logical block 671088903
[  117.499007] Buffer I/O error on device sdc1, logical block 671088904
[  117.499009] Buffer I/O error on device sdc1, logical block 671088905
[  118.006093] sd 14:0:0:0: [sdc] Unhandled sense code
[  118.006100] sd 14:0:0:0: [sdc]  
[  118.006102] Result: hostbyte=DID_OK driverbyte=DRIVER_SENSE
[  118.006105] sd 14:0:0:0: [sdc]  
[  118.006107] Sense Key : Medium Error [current] 
[  118.006110] sd 14:0:0:0: [sdc]  
[  118.006113] Add. Sense: Unrecovered read error
[  118.006115] sd 14:0:0:0: [sdc] CDB: 
[  118.006117] Read(10): 28 00 12 81 0a e8 00 00 58 00
[  118.006125] end_request: critical target error, dev sdc, sector 310446824
[  143.805842] show_signal_msg: 142 callbacks suppressed
[  143.805845] pool[2856]: segfault at 0 ip 00007fe4186f2e72 sp 00007fe416a3f9b0 error 6 in libmozjs-17.0.so[7fe4186a5000+3b3000]
[  149.236566] usb 1-3: reset high-speed USB device number 2 using ehci-pci
[  153.949325] pool[2930]: segfault at 0 ip 00007febc5ce0e72 sp 00007febbfffe9b0 error 6 in libmozjs-17.0.so[7febc5c93000+3b3000]
[  154.569818] sd 14:0:0:0: [sdc] Unhandled sense code
[  154.569822] sd 14:0:0:0: [sdc]  
[  154.569823] Result: hostbyte=DID_OK driverbyte=DRIVER_SENSE
[  154.569824] sd 14:0:0:0: [sdc]  
[  154.569825] Sense Key : Medium Error [current] 
[  154.569827] sd 14:0:0:0: [sdc]  
[  154.569829] Add. Sense: Unrecovered read error
[  154.569830] sd 14:0:0:0: [sdc] CDB: 
[  154.569830] Read(10): 28 00 21 01 19 e8 00 00 f0 00
[  154.569835] end_request: critical target error, dev sdc, sector 553720296
[  154.569837] Buffer I/O error on device sdc1, logical block 553718248
[  154.569839] Buffer I/O error on device sdc1, logical block 553718249
[  154.569840] Buffer I/O error on device sdc1, logical block 553718250
[  154.569841] Buffer I/O error on device sdc1, logical block 553718251
[  154.569842] Buffer I/O error on device sdc1, logical block 553718252
[  154.569843] Buffer I/O error on device sdc1, logical block 553718253
[  154.569844] Buffer I/O error on device sdc1, logical block 553718254
[  154.569845] Buffer I/O error on device sdc1, logical block 553718255
[  159.906086] show_signal_msg: 236 callbacks suppressed
[  159.906089] pool[3042]: segfault at 0 ip 00007f2a1fae2e72 sp 00007f2a1de2f9b0 error 6 in libmozjs-17.0.so[7f2a1fa95000+3b3000]
[  160.939336] pool[3072]: segfault at 0 ip 00007fe942c9fe72 sp 00007fe940fec9b0 error 6 in libmozjs-17.0.so[7fe942c52000+3b3000]
[  161.951611] pool[3097]: segfault at 0 ip 00007fa586158e72 sp 00007fa57fffe9b0 error 6 in libmozjs-17.0.so[7fa58610b000+3b3000]
[  162.970412] pool[3117]: segfault at 0 ip 00007f72431bce72 sp 00007f72415099b0 error 6 in libmozjs-17.0.so[7f724316f000+3b3000]
[  163.192868] pool[3131]: segfault at 0 ip 00007fa2aebc4e72 sp 00007fa2acf119b0 error 6 in libmozjs-17.0.so[7fa2aeb77000+3b3000]
[  168.232102] pool[3165]: segfault at 0 ip 00007f5be1a24e72 sp 00007f5bdbffe9b0 error 6 in libmozjs-17.0.so[7f5be19d7000+3b3000]
[  169.254530] pool[3196]: segfault at 0 ip 00007f8ebb4e6e72 sp 00007f8eb98339b0 error 6 in libmozjs-17.0.so[7f8ebb499000+3b3000]
[  170.029184] pool[3208]: segfault at 0 ip 00007f7808ab3e72 sp 00007f78072139b0 error 6 in libmozjs-17.0.so[7f7808a66000+3b3000]
[  171.049187] pool[3223]: segfault at 0 ip 00007f56eee59e72 sp 00007f56ed1a69b0 error 6 in libmozjs-17.0.so[7f56eee0c000+3b3000]
[  171.468142] pool[3236]: segfault at 0 ip 00007f153ee5ee72 sp 00007f153d5be9b0 error 6 in libmozjs-17.0.so[7f153ee11000+3b3000]
[  172.492428] pool[3258]: segfault at 0 ip 00007f8e1de2ae72 sp 00007f8e17ffe9b0 error 6 in libmozjs-17.0.so[7f8e1dddd000+3b3000]
[  173.514535] pool[3275]: segfault at 0 ip 00007f769bbabe72 sp 00007f7699ef89b0 error 6 in libmozjs-17.0.so[7f769bb5e000+3b3000]
[  174.536882] pool[3288]: segfault at 0 ip 00007fa915728e72 sp 00007fa90f7fd9b0 error 6 in libmozjs-17.0.so[7fa9156db000+3b3000]
[  175.131325] pool[3339]: segfault at 0 ip 00007f1c66c7ce72 sp 00007f1c64fc99b0 error 6 in libmozjs-17.0.so[7f1c66c2f000+3b3000]
[  175.488173] pool[3374]: segfault at 0 ip 00007fa8e356ae72 sp 00007fa8e1cca9b0 error 6 in libmozjs-17.0.so[7fa8e351d000+3b3000]
[  175.978830] pool[3390]: segfault at 0 ip 00007fcedb7f4e72 sp 00007fced9f549b0 error 6 in libmozjs-17.0.so[7fcedb7a7000+3b3000]
[  177.000154] pool[3407]: segfault at 0 ip 00007f3e8f341e72 sp 00007f3e8d68e9b0 error 6 in libmozjs-17.0.so[7f3e8f2f4000+3b3000]
[  178.035338] pool[3425]: segfault at 0 ip 00007f3e19e87e72 sp 00007f3e13ffe9b0 error 6 in libmozjs-17.0.so[7f3e19e3a000+3b3000]
[  179.057774] pool[3439]: segfault at 0 ip 00007fe174530e72 sp 00007fe17287d9b0 error 6 in libmozjs-17.0.so[7fe1744e3000+3b3000]
[  180.090539] pool[3451]: segfault at 0 ip 00007f3166afee72 sp 00007f3164e4b9b0 error 6 in libmozjs-17.0.so[7f3166ab1000+3b3000]
[  181.119633] pool[3463]: segfault at 0 ip 00007f0fbb8e1e72 sp 00007f0fb9c2e9b0 error 6 in libmozjs-17.0.so[7f0fbb894000+3b3000]
[  182.149658] pool[3474]: segfault at 0 ip 00007f7dec135e72 sp 00007f7dea4829b0 error 6 in libmozjs-17.0.so[7f7dec0e8000+3b3000]
[  182.944279] pool[3490]: segfault at 0 ip 00007f8d47ce5e72 sp 00007f8d464459b0 error 6 in libmozjs-17.0.so[7f8d47c98000+3b3000]
[  182.992506] pool[3503]: segfault at 0 ip 00007ff05b219e72 sp 00007ff0599799b0 error 6 in libmozjs-17.0.so[7ff05b1cc000+3b3000]
[  184.021718] pool[3520]: segfault at 0 ip 00007ff9b6c63e72 sp 00007ff9b4fb09b0 error 6 in libmozjs-17.0.so[7ff9b6c16000+3b3000]
[  185.175909] usb 1-3: reset high-speed USB device number 2 using ehci-pci
[  191.346215] sd 14:0:0:0: [sdc] Unhandled sense code
[  191.346219] sd 14:0:0:0: [sdc]  
[  191.346221] Result: hostbyte=DID_OK driverbyte=DRIVER_SENSE
[  191.346222] sd 14:0:0:0: [sdc]  
[  191.346223] Sense Key : Medium Error [current] 
[  191.346225] sd 14:0:0:0: [sdc]  
[  191.346227] Add. Sense: Unrecovered read error
[  191.346228] sd 14:0:0:0: [sdc] CDB: 
[  191.346229] Read(10): 28 00 00 80 08 e8 00 00 f0 00
[  191.346234] end_request: critical target error, dev sdc, sector 8390888
[  191.346236] Buffer I/O error on device sdc1, logical block 8388840
[  191.346238] Buffer I/O error on device sdc1, logical block 8388841
[  191.346239] Buffer I/O error on device sdc1, logical block 8388842
[  191.346242] Buffer I/O error on device sdc1, logical block 8388843
[  191.346243] Buffer I/O error on device sdc1, logical block 8388844
[  191.346244] Buffer I/O error on device sdc1, logical block 8388845
[  191.346245] Buffer I/O error on device sdc1, logical block 8388846
[  191.346246] Buffer I/O error on device sdc1, logical block 8388847
[  191.346248] Buffer I/O error on device sdc1, logical block 8388848
[  191.346249] Buffer I/O error on device sdc1, logical block 8388849
[  197.408130] show_signal_msg: 234 callbacks suppressed
[  197.408134] pool[3632]: segfault at 0 ip 00007f62db4d5e72 sp 00007f62d9c359b0 error 6 in libmozjs-17.0.so[7f62db488000+3b3000]
[  197.461457] pool[3655]: segfault at 0 ip 00007f3f8d0ede72 sp 00007f3f877fd9b0 error 6 in libmozjs-17.0.so[7f3f8d0a0000+3b3000]
[  198.480255] pool[3668]: segfault at 0 ip 00007f65da444e72 sp 00007f65d3ffe9b0 error 6 in libmozjs-17.0.so[7f65da3f7000+3b3000]
[  199.512421] pool[3680]: segfault at 0 ip 00007fbeea64de72 sp 00007fbee899a9b0 error 6 in libmozjs-17.0.so[7fbeea600000+3b3000]
[  200.541308] pool[3691]: segfault at 0 ip 00007fab90b9ae72 sp 00007fab8eee79b0 error 6 in libmozjs-17.0.so[7fab90b4d000+3b3000]
[  201.562736] pool[3703]: segfault at 0 ip 00007fcb2be74e72 sp 00007fcb2a1c19b0 error 6 in libmozjs-17.0.so[7fcb2be27000+3b3000]
[  202.592687] pool[3715]: segfault at 0 ip 00007f60ca504e72 sp 00007f60c88519b0 error 6 in libmozjs-17.0.so[7f60ca4b7000+3b3000]
[  203.606001] pool[3729]: segfault at 0 ip 00007fedfe1f4e72 sp 00007fedf7ffe9b0 error 6 in libmozjs-17.0.so[7fedfe1a7000+3b3000]
[  204.623654] pool[3743]: segfault at 0 ip 00007f31eb310e72 sp 00007f31e965d9b0 error 6 in libmozjs-17.0.so[7f31eb2c3000+3b3000]
[  206.472052] pool[3754]: segfault at 0 ip 00007f297b250e72 sp 00007f297959d9b0 error 6 in libmozjs-17.0.so[7f297b203000+3b3000]
[  207.493309] pool[3766]: segfault at 0 ip 00007f2855601e72 sp 00007f284f7fd9b0 error 6 in libmozjs-17.0.so[7f28555b4000+3b3000]
[  208.528716] pool[3778]: segfault at 0 ip 00007fd99b259e72 sp 00007fd9995a69b0 error 6 in libmozjs-17.0.so[7fd99b20c000+3b3000]
[  209.550262] pool[3790]: segfault at 0 ip 00007f42ac30be72 sp 00007f42aa6589b0 error 6 in libmozjs-17.0.so[7f42ac2be000+3b3000]
[  210.589457] pool[3802]: segfault at 0 ip 00007fd1dec3fe72 sp 00007fd1dcf8c9b0 error 6 in libmozjs-17.0.so[7fd1debf2000+3b3000]
[  211.617923] pool[3818]: segfault at 0 ip 00007f8f33c85e72 sp 00007f8f31fd29b0 error 6 in libmozjs-17.0.so[7f8f33c38000+3b3000]
[  212.646779] pool[3830]: segfault at 0 ip 00007f7a1890ae72 sp 00007f7a16c579b0 error 6 in libmozjs-17.0.so[7f7a188bd000+3b3000]
[  213.673624] pool[3842]: segfault at 0 ip 00007fbb699f1e72 sp 00007fbb63beb9b0 error 6 in libmozjs-17.0.so[7fbb699a4000+3b3000]
[  214.695246] pool[3855]: segfault at 0 ip 00007f33d0a93e72 sp 00007f33cede09b0 error 6 in libmozjs-17.0.so[7f33d0a46000+3b3000]
[  215.742198] pool[3867]: segfault at 0 ip 00007f35a6205e72 sp 00007f359fffe9b0 error 6 in libmozjs-17.0.so[7f35a61b8000+3b3000]
[  216.759306] pool[3879]: segfault at 0 ip 00007f7d7cd45e72 sp 00007f7d7b0929b0 error 6 in libmozjs-17.0.so[7f7d7ccf8000+3b3000]
[  217.790856] pool[3890]: segfault at 0 ip 00007faaad921e72 sp 00007faaa7beb9b0 error 6 in libmozjs-17.0.so[7faaad8d4000+3b3000]
[  218.835715] pool[3902]: segfault at 0 ip 00007fd7d6463e72 sp 00007fd7cfffe9b0 error 6 in libmozjs-17.0.so[7fd7d6416000+3b3000]
[  219.842707] pool[3918]: segfault at 0 ip 00007fa3dff6fe72 sp 00007fa3de2bc9b0 error 6 in libmozjs-17.0.so[7fa3dff22000+3b3000]
[  220.870696] pool[3930]: segfault at 0 ip 00007ff68180fe72 sp 00007ff67b7fd9b0 error 6 in libmozjs-17.0.so[7ff6817c2000+3b3000]
[  221.888526] pool[3942]: segfault at 0 ip 00007fa599839e72 sp 00007fa5937fd9b0 error 6 in libmozjs-17.0.so[7fa5997ec000+3b3000]
[  222.244527] usb 1-3: reset high-speed USB device number 2 using ehci-pci
[  223.009198] pool[3954]: segfault at 0 ip 00007f0a69786e72 sp 00007f0a637fd9b0 error 6 in libmozjs-17.0.so[7f0a69739000+3b3000]
[  223.284273] pool[3965]: segfault at 0 ip 00007fb557747e72 sp 00007fb555a949b0 error 6 in libmozjs-17.0.so[7fb5576fa000+3b3000]
[  224.862622] pool[3979]: segfault at 0 ip 00007f51e53bfe72 sp 00007f51df5f79b0 error 6 in libmozjs-17.0.so[7f51e5372000+3b3000]
[  225.892693] pool[3991]: segfault at 0 ip 00007fa38a3aae72 sp 00007fa383ffe9b0 error 6 in libmozjs-17.0.so[7fa38a35d000+3b3000]
[  226.930082] pool[4002]: segfault at 0 ip 00007f8bd804be72 sp 00007f8bd63989b0 error 6 in libmozjs-17.0.so[7f8bd7ffe000+3b3000]
[  227.673584] sd 14:0:0:0: [sdc] Unhandled sense code
[  227.673588] sd 14:0:0:0: [sdc]  
[  227.673589] Result: hostbyte=DID_OK driverbyte=DRIVER_SENSE
[  227.673590] sd 14:0:0:0: [sdc]  
[  227.673591] Sense Key : Medium Error [current] 
[  227.673593] sd 14:0:0:0: [sdc]  
[  227.673595] Add. Sense: Unrecovered read error
[  227.673596] sd 14:0:0:0: [sdc] CDB: 
[  227.673596] Read(10): 28 00 07 40 08 e8 00 00 f0 00
[  227.673601] end_request: critical target error, dev sdc, sector 121637096
[  227.673603] Buffer I/O error on device sdc1, logical block 121635048
[  227.673604] Buffer I/O error on device sdc1, logical block 121635049
[  227.673605] Buffer I/O error on device sdc1, logical block 121635050
[  227.673606] Buffer I/O error on device sdc1, logical block 121635051
[  228.962225] show_signal_msg: 237 callbacks suppressed
[  228.962228] pool[4025]: segfault at 0 ip 00007f561f333e72 sp 00007f561d6809b0 error 6 in libmozjs-17.0.so[7f561f2e6000+3b3000]
[  229.984413] pool[4037]: segfault at 0 ip 00007f9f59d1de72 sp 00007f9f53ffe9b0 error 6 in libmozjs-17.0.so[7f9f59cd0000+3b3000]
[  230.507115] EXT4-fs (sdc1): mounted filesystem with ordered data mode. Opts: (null)
[  231.004339] pool[4058]: segfault at 0 ip 00007fac66c71e72 sp 00007fac64fbe9b0 error 6 in libmozjs-17.0.so[7fac66c24000+3b3000]
[  231.088762] pool[4071]: segfault at 0 ip 00007f7d95ccfe72 sp 00007f7d8fffe9b0 error 6 in libmozjs-17.0.so[7f7d95c82000+3b3000]
[  231.147420] pool[4086]: segfault at 0 ip 00007f6a925fee72 sp 00007f6a90d5e9b0 error 6 in libmozjs-17.0.so[7f6a925b1000+3b3000]
[  231.254282] pool[4104]: segfault at 0 ip 00007fec889c0e72 sp 00007fec871209b0 error 6 in libmozjs-17.0.so[7fec88973000+3b3000]
[  231.308916] pool[4119]: segfault at 0 ip 00007fa4e2554e72 sp 00007fa4e0cb49b0 error 6 in libmozjs-17.0.so[7fa4e2507000+3b3000]
[  231.367845] pool[4136]: segfault at 0 ip 00007fa3dab04e72 sp 00007fa3cb7fd9b0 error 6 in libmozjs-17.0.so[7fa3daab7000+3b3000]
[  231.451294] pool[4151]: segfault at 0 ip 00007f3c6c47fe72 sp 00007f3c6abdf9b0 error 6 in libmozjs-17.0.so[7f3c6c432000+3b3000]
[  231.516103] pool[4167]: segfault at 0 ip 00007f2049b00e72 sp 00007f2043ffe9b0 error 6 in libmozjs-17.0.so[7f2049ab3000+3b3000]
[  235.501080] show_signal_msg: 10 callbacks suppressed
[  235.501084] pool[4411]: segfault at 0 ip 00007f7a4bc3de72 sp 00007f7a49f8a9b0 error 6 in libmozjs-17.0.so[7f7a4bbf0000+3b3000]
[  253.267569] pool[4486]: segfault at 0 ip 00007fdeadcbee72 sp 00007fdea7ffe9b0 error 6 in libmozjs-17.0.so[7fdeadc71000+3b3000]
[  254.286572] pool[4500]: segfault at 0 ip 00007fd094de6e72 sp 00007fd0931339b0 error 6 in libmozjs-17.0.so[7fd094d99000+3b3000]
[  255.306026] pool[4512]: segfault at 0 ip 00007f63dc683e72 sp 00007f63da9d09b0 error 6 in libmozjs-17.0.so[7f63dc636000+3b3000]
[  256.327030] pool[4524]: segfault at 0 ip 00007f62b2f53e72 sp 00007f62b12a09b0 error 6 in libmozjs-17.0.so[7f62b2f06000+3b3000]
[  257.350830] pool[4535]: segfault at 0 ip 00007f1936436e72 sp 00007f192fffe9b0 error 6 in libmozjs-17.0.so[7f19363e9000+3b3000]
[  258.370993] pool[4547]: segfault at 0 ip 00007f8218d44e72 sp 00007f82170919b0 error 6 in libmozjs-17.0.so[7f8218cf7000+3b3000]
[  259.392124] pool[4559]: segfault at 0 ip 00007f496526ce72 sp 00007f495f3ea9b0 error 6 in libmozjs-17.0.so[7f496521f000+3b3000]
[  260.413189] pool[4571]: segfault at 0 ip 00007fb247e37e72 sp 00007fb2461849b0 error 6 in libmozjs-17.0.so[7fb247dea000+3b3000]
[  261.431865] pool[4583]: segfault at 0 ip 00007f003cbd8e72 sp 00007f003af259b0 error 6 in libmozjs-17.0.so[7f003cb8b000+3b3000]
[  262.459866] pool[4594]: segfault at 0 ip 00007f6e07414e72 sp 00007f6e057619b0 error 6 in libmozjs-17.0.so[7f6e073c7000+3b3000]
[  264.452111] pool[4608]: segfault at 0 ip 00007f32edd51e72 sp 00007f32e7ffe9b0 error 6 in libmozjs-17.0.so[7f32edd04000+3b3000]
[  265.474102] pool[4620]: segfault at 0 ip 00007f4c85552e72 sp 00007f4c7f7fd9b0 error 6 in libmozjs-17.0.so[7f4c85505000+3b3000]
[  266.494483] pool[4693]: segfault at 0 ip 00007ff3fd333e72 sp 00007ff3f6df69b0 error 6 in libmozjs-17.0.so[7ff3fd2e6000+3b3000]
[  267.515788] pool[4704]: segfault at 0 ip 00007f1758e4de72 sp 00007f175719a9b0 error 6 in libmozjs-17.0.so[7f1758e00000+3b3000]
[  268.540809] pool[4716]: segfault at 0 ip 00007f99bfe5ce72 sp 00007f99be1a99b0 error 6 in libmozjs-17.0.so[7f99bfe0f000+3b3000]
[  269.567694] pool[4728]: segfault at 0 ip 00007fe00497be72 sp 00007fe002cc89b0 error 6 in libmozjs-17.0.so[7fe00492e000+3b3000]
[  270.588009] pool[4743]: segfault at 0 ip 00007f3627b8fe72 sp 00007f3625edc9b0 error 6 in libmozjs-17.0.so[7f3627b42000+3b3000]
[  271.627859] pool[4755]: segfault at 0 ip 00007f064e6f6e72 sp 00007f064ca439b0 error 6 in libmozjs-17.0.so[7f064e6a9000+3b3000]
[  272.643103] pool[4771]: segfault at 0 ip 00007ff646856e72 sp 00007ff644ba39b0 error 6 in libmozjs-17.0.so[7ff646809000+3b3000]
[  273.663441] pool[4782]: segfault at 0 ip 00007fd86f743e72 sp 00007fd86da909b0 error 6 in libmozjs-17.0.so[7fd86f6f6000+3b3000]
[  280.756796] pool[4859]: segfault at 0 ip 00007fb2eeae8e72 sp 00007fb2ece359b0 error 6 in libmozjs-17.0.so[7fb2eea9b000+3b3000]
[  281.762925] pool[4893]: segfault at 0 ip 00007f7f384bee72 sp 00007f7f3680b9b0 error 6 in libmozjs-17.0.so[7f7f38471000+3b3000]
[  282.794407] pool[4937]: segfault at 0 ip 00007f8b10be8e72 sp 00007f8b0ef359b0 error 6 in libmozjs-17.0.so[7f8b10b9b000+3b3000]
[  283.247518] pool[4953]: segfault at 0 ip 00007f74697a0e72 sp 00007f74637fd9b0 error 6 in libmozjs-17.0.so[7f7469753000+3b3000]
[  284.280784] pool[4979]: segfault at 0 ip 00007f63709f9e72 sp 00007f636ed469b0 error 6 in libmozjs-17.0.so[7f63709ac000+3b3000]
[  285.295176] pool[5072]: segfault at 0 ip 00007fa2773c3e72 sp 00007fa2757109b0 error 6 in libmozjs-17.0.so[7fa277376000+3b3000]
[  286.319862] pool[5089]: segfault at 0 ip 00007f1c204c6e72 sp 00007f1c1e8139b0 error 6 in libmozjs-17.0.so[7f1c20479000+3b3000]
[  287.350318] pool[5103]: segfault at 0 ip 00007f16a614ae72 sp 00007f169fffe9b0 error 6 in libmozjs-17.0.so[7f16a60fd000+3b3000]
[  288.368756] pool[5116]: segfault at 0 ip 00007ff7be0ece72 sp 00007ff7b7ffe9b0 error 6 in libmozjs-17.0.so[7ff7be09f000+3b3000]
[  289.394075] pool[5128]: segfault at 0 ip 00007f8903d1ae72 sp 00007f89020679b0 error 6 in libmozjs-17.0.so[7f8903ccd000+3b3000]
[  290.424413] pool[5142]: segfault at 0 ip 00007f76b0542e72 sp 00007f76ae88f9b0 error 6 in libmozjs-17.0.so[7f76b04f5000+3b3000]
[  291.440473] pool[5158]: segfault at 0 ip 00007f2cb7262e72 sp 00007f2cb55af9b0 error 6 in libmozjs-17.0.so[7f2cb7215000+3b3000]
[  292.461320] pool[5172]: segfault at 0 ip 00007f524a579e72 sp 00007f52488c69b0 error 6 in libmozjs-17.0.so[7f524a52c000+3b3000]
[  293.495475] pool[5184]: segfault at 0 ip 00007f2d3c96fe72 sp 00007f2d3acbc9b0 error 6 in libmozjs-17.0.so[7f2d3c922000+3b3000]
[  302.821124] pool[5212]: segfault at 0 ip 00007f4098ad8e72 sp 00007f4096e259b0 error 6 in libmozjs-17.0.so[7f4098a8b000+3b3000]
[  303.845224] pool[5228]: segfault at 0 ip 00007f2e5f1fbe72 sp 00007f2e5d5489b0 error 6 in libmozjs-17.0.so[7f2e5f1ae000+3b3000]
[  304.875563] pool[5244]: segfault at 0 ip 00007f82c7ae9e72 sp 00007f82c5e369b0 error 6 in libmozjs-17.0.so[7f82c7a9c000+3b3000]
[  305.901675] pool[5263]: segfault at 0 ip 00007f601422ce72 sp 00007f5fffffe9b0 error 6 in libmozjs-17.0.so[7f60141df000+3b3000]
[  306.918989] pool[5272]: segfault at 0 ip 00007fb2d21a9e72 sp 00007fb2cbffe9b0 error 6 in libmozjs-17.0.so[7fb2d215c000+3b3000]
[  307.941684] pool[5284]: segfault at 0 ip 00007f54d934ce72 sp 00007f54d35f79b0 error 6 in libmozjs-17.0.so[7f54d92ff000+3b3000]
[  308.973756] pool[5296]: segfault at 0 ip 00007f47d918fe72 sp 00007f47d33ea9b0 error 6 in libmozjs-17.0.so[7f47d9142000+3b3000]
[  309.991827] pool[5310]: segfault at 0 ip 00007feca1788e72 sp 00007fec9b7fd9b0 error 6 in libmozjs-17.0.so[7feca173b000+3b3000]
[  311.033094] pool[5322]: segfault at 0 ip 00007f37fee1ce72 sp 00007f37fd1699b0 error 6 in libmozjs-17.0.so[7f37fedcf000+3b3000]
[  312.049246] pool[5338]: segfault at 0 ip 00007f0e279d8e72 sp 00007f0e25d259b0 error 6 in libmozjs-17.0.so[7f0e2798b000+3b3000]
[  313.098664] pool[5352]: segfault at 0 ip 00007fe53817fe72 sp 00007fe5364cc9b0 error 6 in libmozjs-17.0.so[7fe538132000+3b3000]
[  313.367168] pool[5364]: segfault at 0 ip 00007f02c2a51e72 sp 00007f02c0d9e9b0 error 6 in libmozjs-17.0.so[7f02c2a04000+3b3000]
[  326.978444] pool[5441]: segfault at 0 ip 00007ffca6cede72 sp 00007ffca503a9b0 error 6 in libmozjs-17.0.so[7ffca6ca0000+3b3000]
[  328.008827] pool[5453]: segfault at 0 ip 00007f70d0d16e72 sp 00007f70cf0639b0 error 6 in libmozjs-17.0.so[7f70d0cc9000+3b3000]
[  329.021950] pool[5465]: segfault at 0 ip 00007fb5d8b5ae72 sp 00007fb5d6ea79b0 error 6 in libmozjs-17.0.so[7fb5d8b0d000+3b3000]
[  330.046650] pool[5477]: segfault at 0 ip 00007f7846483e72 sp 00007f783fffe9b0 error 6 in libmozjs-17.0.so[7f7846436000+3b3000]
[  331.554255] pool[5487]: segfault at 0 ip 00007f3183e58e72 sp 00007f31821a59b0 error 6 in libmozjs-17.0.so[7f3183e0b000+3b3000]
[  332.575917] pool[5500]: segfault at 0 ip 00007fa8668c6e72 sp 00007fa864c139b0 error 6 in libmozjs-17.0.so[7fa866879000+3b3000]
[  333.604572] pool[5510]: segfault at 0 ip 00007f89c7c2ce72 sp 00007f89c5f799b0 error 6 in libmozjs-17.0.so[7f89c7bdf000+3b3000]
[  335.524169] pool[5524]: segfault at 0 ip 00007f4c9b966e72 sp 00007f4c99cb39b0 error 6 in libmozjs-17.0.so[7f4c9b919000+3b3000]
[  336.556901] pool[5537]: segfault at 0 ip 00007fa7208cce72 sp 00007fa71e4189b0 error 6 in libmozjs-17.0.so[7fa72087f000+3b3000]
[  337.572486] pool[5552]: segfault at 0 ip 00007fcb6d141e72 sp 00007fcb673ea9b0 error 6 in libmozjs-17.0.so[7fcb6d0f4000+3b3000]
[  338.605386] pool[5564]: segfault at 0 ip 00007f4dae091e72 sp 00007f4da7ffe9b0 error 6 in libmozjs-17.0.so[7f4dae044000+3b3000]
[  339.628851] pool[5580]: segfault at 0 ip 00007f6e9ab46e72 sp 00007f6e98e939b0 error 6 in libmozjs-17.0.so[7f6e9aaf9000+3b3000]
[  340.641018] pool[5602]: segfault at 0 ip 00007f4d7ebe3e72 sp 00007f4d77ffe9b0 error 6 in libmozjs-17.0.so[7f4d7eb96000+3b3000]
[  341.255488] pool[5853]: segfault at 0 ip 00007fa25ac4be72 sp 00007fa2593ab9b0 error 6 in libmozjs-17.0.so[7fa25abfe000+3b3000]
[  342.059075] pool[5870]: segfault at 0 ip 00007f847eacbe72 sp 00007f847d22b9b0 error 6 in libmozjs-17.0.so[7f847ea7e000+3b3000]
[  342.101910] pool[5888]: segfault at 0 ip 00007f37bfc14e72 sp 00007f37bd1659b0 error 6 in libmozjs-17.0.so[7f37bfbc7000+3b3000]
[  343.131338] pool[5904]: segfault at 0 ip 00007fb3a8a45e72 sp 00007fb3a6d929b0 error 6 in libmozjs-17.0.so[7fb3a89f8000+3b3000]
