[    0.000000] Initializing cgroup subsys cpuset
[    0.000000] Initializing cgroup subsys cpu
[    0.000000] Initializing cgroup subsys cpuacct
[    0.000000] Linux version 3.13.10-200.fc20.x86_64 (mockbuild@bkernel02) (gcc version 4.8.2 20131212 (Red Hat 4.8.2-7) (GCC) ) #1 SMP Mon Apr 14 20:34:16 UTC 2014
[    0.000000] Command line: BOOT_IMAGE=/boot/vmlinuz-3.13.10-200.fc20.x86_64 root=UUID=781079f5-e127-4de3-beb9-a461c6145531 ro vconsole.font=latarcyrheb-sun16 LANG=en_US.UTF-8
[    0.000000] e820: BIOS-provided physical RAM map:
[    0.000000] BIOS-e820: [mem 0x0000000000000000-0x000000000009cfff] usable
[    0.000000] BIOS-e820: [mem 0x000000000009d000-0x000000000009ffff] reserved
[    0.000000] BIOS-e820: [mem 0x00000000000e0000-0x00000000000fffff] reserved
[    0.000000] BIOS-e820: [mem 0x0000000000100000-0x00000000bbbc9fff] usable
[    0.000000] BIOS-e820: [mem 0x00000000bbbca000-0x00000000bc007fff] reserved
[    0.000000] BIOS-e820: [mem 0x00000000bc008000-0x00000000bc115fff] ACPI data
[    0.000000] BIOS-e820: [mem 0x00000000bc116000-0x00000000bc738fff] ACPI NVS
[    0.000000] BIOS-e820: [mem 0x00000000bc739000-0x00000000bd706fff] reserved
[    0.000000] BIOS-e820: [mem 0x00000000bd707000-0x00000000bd707fff] usable
[    0.000000] BIOS-e820: [mem 0x00000000bd708000-0x00000000bd78dfff] ACPI NVS
[    0.000000] BIOS-e820: [mem 0x00000000bd78e000-0x00000000bdbcafff] usable
[    0.000000] BIOS-e820: [mem 0x00000000bdbcb000-0x00000000bdff3fff] reserved
[    0.000000] BIOS-e820: [mem 0x00000000bdff4000-0x00000000bdffffff] usable
[    0.000000] BIOS-e820: [mem 0x00000000e0000000-0x00000000efffffff] reserved
[    0.000000] BIOS-e820: [mem 0x00000000fed1c000-0x00000000fed1ffff] reserved
[    0.000000] BIOS-e820: [mem 0x00000000ff000000-0x00000000ffffffff] reserved
[    0.000000] BIOS-e820: [mem 0x0000000100000000-0x000000083fffffff] usable
[    0.000000] NX (Execute Disable) protection: active
[    0.000000] SMBIOS 2.7 present.
[    0.000000] DMI: System manufacturer System Product Name/X79-DELUXE, BIOS 0701 01/07/2014
[    0.000000] e820: update [mem 0x00000000-0x00000fff] usable ==> reserved
[    0.000000] e820: remove [mem 0x000a0000-0x000fffff] usable
[    0.000000] e820: last_pfn = 0x840000 max_arch_pfn = 0x400000000
[    0.000000] MTRR default type: uncachable
[    0.000000] MTRR fixed ranges enabled:
[    0.000000]   00000-9FFFF write-back
[    0.000000]   A0000-BFFFF uncachable
[    0.000000]   C0000-D3FFF write-protect
[    0.000000]   D4000-E7FFF uncachable
[    0.000000]   E8000-FFFFF write-protect
[    0.000000] MTRR variable ranges enabled:
[    0.000000]   0 base 000000000000 mask 3FF800000000 write-back
[    0.000000]   1 base 000800000000 mask 3FFFC0000000 write-back
[    0.000000]   2 base 0000BF000000 mask 3FFFFF000000 uncachable
[    0.000000]   3 base 0000C0000000 mask 3FFFC0000000 uncachable
[    0.000000]   4 disabled
[    0.000000]   5 disabled
[    0.000000]   6 disabled
[    0.000000]   7 disabled
[    0.000000]   8 disabled
[    0.000000]   9 disabled
[    0.000000] x86 PAT enabled: cpu 0, old 0x7040600070406, new 0x7010600070106
[    0.000000] e820: update [mem 0xbf000000-0xffffffff] usable ==> reserved
[    0.000000] e820: last_pfn = 0xbe000 max_arch_pfn = 0x400000000
[    0.000000] found SMP MP-table at [mem 0x000fd940-0x000fd94f] mapped at [ffff8800000fd940]
[    0.000000] Base memory trampoline at [ffff880000097000] 97000 size 24576
[    0.000000] Using GB pages for direct mapping
[    0.000000] init_memory_mapping: [mem 0x00000000-0x000fffff]
[    0.000000]  [mem 0x00000000-0x000fffff] page 4k
[    0.000000] BRK [0x0200f000, 0x0200ffff] PGTABLE
[    0.000000] BRK [0x02010000, 0x02010fff] PGTABLE
[    0.000000] BRK [0x02011000, 0x02011fff] PGTABLE
[    0.000000] init_memory_mapping: [mem 0x83fe00000-0x83fffffff]
[    0.000000]  [mem 0x83fe00000-0x83fffffff] page 1G
[    0.000000] init_memory_mapping: [mem 0x83c000000-0x83fdfffff]
[    0.000000]  [mem 0x83c000000-0x83fdfffff] page 1G
[    0.000000] init_memory_mapping: [mem 0x800000000-0x83bffffff]
[    0.000000]  [mem 0x800000000-0x83bffffff] page 1G
[    0.000000] init_memory_mapping: [mem 0x00100000-0xbbbc9fff]
[    0.000000]  [mem 0x00100000-0x001fffff] page 4k
[    0.000000]  [mem 0x00200000-0x3fffffff] page 2M
[    0.000000]  [mem 0x40000000-0x7fffffff] page 1G
[    0.000000]  [mem 0x80000000-0xbb9fffff] page 2M
[    0.000000]  [mem 0xbba00000-0xbbbc9fff] page 4k
[    0.000000] init_memory_mapping: [mem 0xbd707000-0xbd707fff]
[    0.000000]  [mem 0xbd707000-0xbd707fff] page 4k
[    0.000000] BRK [0x02012000, 0x02012fff] PGTABLE
[    0.000000] init_memory_mapping: [mem 0xbd78e000-0xbdbcafff]
[    0.000000]  [mem 0xbd78e000-0xbd7fffff] page 4k
[    0.000000]  [mem 0xbd800000-0xbd9fffff] page 2M
[    0.000000]  [mem 0xbda00000-0xbdbcafff] page 4k
[    0.000000] BRK [0x02013000, 0x02013fff] PGTABLE
[    0.000000] init_memory_mapping: [mem 0xbdff4000-0xbdffffff]
[    0.000000]  [mem 0xbdff4000-0xbdffffff] page 4k
[    0.000000] BRK [0x02014000, 0x02014fff] PGTABLE
[    0.000000] init_memory_mapping: [mem 0x100000000-0x7ffffffff]
[    0.000000]  [mem 0x100000000-0x7ffffffff] page 1G
[    0.000000] RAMDISK: [mem 0x360e0000-0x37067fff]
[    0.000000] ACPI: RSDP 00000000000f0490 000024 (v02 ALASKA)
[    0.000000] ACPI: XSDT 00000000bc03e070 00005C (v01 ALASKA    A M I 01072009 AMI  00010013)
[    0.000000] ACPI: FACP 00000000bc0483f8 00010C (v05 ALASKA    A M I 01072009 AMI  00010013)
[    0.000000] ACPI: DSDT 00000000bc03e168 00A289 (v02 ALASKA    A M I 00000016 INTL 20051117)
[    0.000000] ACPI: FACS 00000000bc730080 000040
[    0.000000] ACPI: APIC 00000000bc048508 0000C8 (v03 ALASKA    A M I 01072009 AMI  00010013)
[    0.000000] ACPI: FPDT 00000000bc0485d0 000044 (v01 ALASKA    A M I 01072009 AMI  00010013)
[    0.000000] ACPI: MCFG 00000000bc048618 00003C (v01 ALASKA OEMMCFG. 01072009 MSFT 00000097)
[    0.000000] ACPI: HPET 00000000bc048658 000038 (v01 ALASKA    A M I 01072009 AMI. 00000005)
[    0.000000] ACPI: BGRT 00000000bc115810 000038 (v00 ALASKA    A M I 01072009 AMI  00010013)
[    0.000000] ACPI: SSDT 00000000bc0486e8 0CD128 (v02  INTEL    CpuPm 00004000 INTL 20051117)
[    0.000000] ACPI: Local APIC address 0xfee00000
[    0.000000] No NUMA configuration found
[    0.000000] Faking a node at [mem 0x0000000000000000-0x000000083fffffff]
[    0.000000] Initmem setup node 0 [mem 0x00000000-0x83fffffff]
[    0.000000]   NODE_DATA [mem 0x83ffea000-0x83fffdfff]
[    0.000000]  [ffffea0000000000-ffffea0020ffffff] PMD -> [ffff88081f600000-ffff88083f5fffff] on node 0
[    0.000000] Zone ranges:
[    0.000000]   DMA      [mem 0x00001000-0x00ffffff]
[    0.000000]   DMA32    [mem 0x01000000-0xffffffff]
[    0.000000]   Normal   [mem 0x100000000-0x83fffffff]
[    0.000000] Movable zone start for each node
[    0.000000] Early memory node ranges
[    0.000000]   node   0: [mem 0x00001000-0x0009cfff]
[    0.000000]   node   0: [mem 0x00100000-0xbbbc9fff]
[    0.000000]   node   0: [mem 0xbd707000-0xbd707fff]
[    0.000000]   node   0: [mem 0xbd78e000-0xbdbcafff]
[    0.000000]   node   0: [mem 0xbdff4000-0xbdffffff]
[    0.000000]   node   0: [mem 0x100000000-0x83fffffff]
[    0.000000] On node 0 totalpages: 8372144
[    0.000000]   DMA zone: 64 pages used for memmap
[    0.000000]   DMA zone: 21 pages reserved
[    0.000000]   DMA zone: 3996 pages, LIFO batch:0
[    0.000000]   DMA32 zone: 11969 pages used for memmap
[    0.000000]   DMA32 zone: 765972 pages, LIFO batch:31
[    0.000000]   Normal zone: 118784 pages used for memmap
[    0.000000]   Normal zone: 7602176 pages, LIFO batch:31
[    0.000000] ACPI: PM-Timer IO Port: 0x408
[    0.000000] ACPI: Local APIC address 0xfee00000
[    0.000000] ACPI: LAPIC (acpi_id[0x00] lapic_id[0x00] enabled)
[    0.000000] ACPI: LAPIC (acpi_id[0x02] lapic_id[0x02] enabled)
[    0.000000] ACPI: LAPIC (acpi_id[0x04] lapic_id[0x04] enabled)
[    0.000000] ACPI: LAPIC (acpi_id[0x06] lapic_id[0x06] enabled)
[    0.000000] ACPI: LAPIC (acpi_id[0x01] lapic_id[0x01] enabled)
[    0.000000] ACPI: LAPIC (acpi_id[0x03] lapic_id[0x03] enabled)
[    0.000000] ACPI: LAPIC (acpi_id[0x05] lapic_id[0x05] enabled)
[    0.000000] ACPI: LAPIC (acpi_id[0x07] lapic_id[0x07] enabled)
[    0.000000] ACPI: LAPIC_NMI (acpi_id[0x00] high edge lint[0x1])
[    0.000000] ACPI: LAPIC_NMI (acpi_id[0x02] high edge lint[0x1])
[    0.000000] ACPI: LAPIC_NMI (acpi_id[0x04] high edge lint[0x1])
[    0.000000] ACPI: LAPIC_NMI (acpi_id[0x06] high edge lint[0x1])
[    0.000000] ACPI: LAPIC_NMI (acpi_id[0x01] high edge lint[0x1])
[    0.000000] ACPI: LAPIC_NMI (acpi_id[0x03] high edge lint[0x1])
[    0.000000] ACPI: LAPIC_NMI (acpi_id[0x05] high edge lint[0x1])
[    0.000000] ACPI: LAPIC_NMI (acpi_id[0x07] high edge lint[0x1])
[    0.000000] ACPI: IOAPIC (id[0x00] address[0xfec00000] gsi_base[0])
[    0.000000] IOAPIC[0]: apic_id 0, version 32, address 0xfec00000, GSI 0-23
[    0.000000] ACPI: IOAPIC (id[0x02] address[0xfec01000] gsi_base[24])
[    0.000000] IOAPIC[1]: apic_id 2, version 32, address 0xfec01000, GSI 24-47
[    0.000000] ACPI: INT_SRC_OVR (bus 0 bus_irq 0 global_irq 2 dfl dfl)
[    0.000000] ACPI: INT_SRC_OVR (bus 0 bus_irq 9 global_irq 9 high level)
[    0.000000] ACPI: IRQ0 used by override.
[    0.000000] ACPI: IRQ2 used by override.
[    0.000000] ACPI: IRQ9 used by override.
[    0.000000] Using ACPI (MADT) for SMP configuration information
[    0.000000] ACPI: HPET id: 0x8086a701 base: 0xfed00000
[    0.000000] smpboot: Allowing 8 CPUs, 0 hotplug CPUs
[    0.000000] nr_irqs_gsi: 64
[    0.000000] PM: Registered nosave memory: [mem 0x0009d000-0x0009ffff]
[    0.000000] PM: Registered nosave memory: [mem 0x000a0000-0x000dffff]
[    0.000000] PM: Registered nosave memory: [mem 0x000e0000-0x000fffff]
[    0.000000] PM: Registered nosave memory: [mem 0xbbbca000-0xbc007fff]
[    0.000000] PM: Registered nosave memory: [mem 0xbc008000-0xbc115fff]
[    0.000000] PM: Registered nosave memory: [mem 0xbc116000-0xbc738fff]
[    0.000000] PM: Registered nosave memory: [mem 0xbc739000-0xbd706fff]
[    0.000000] PM: Registered nosave memory: [mem 0xbd708000-0xbd78dfff]
[    0.000000] PM: Registered nosave memory: [mem 0xbdbcb000-0xbdff3fff]
[    0.000000] PM: Registered nosave memory: [mem 0xbe000000-0xdfffffff]
[    0.000000] PM: Registered nosave memory: [mem 0xe0000000-0xefffffff]
[    0.000000] PM: Registered nosave memory: [mem 0xf0000000-0xfed1bfff]
[    0.000000] PM: Registered nosave memory: [mem 0xfed1c000-0xfed1ffff]
[    0.000000] PM: Registered nosave memory: [mem 0xfed20000-0xfeffffff]
[    0.000000] PM: Registered nosave memory: [mem 0xff000000-0xffffffff]
[    0.000000] e820: [mem 0xbe000000-0xdfffffff] available for PCI devices
[    0.000000] Booting paravirtualized kernel on bare hardware
[    0.000000] setup_percpu: NR_CPUS:1024 nr_cpumask_bits:8 nr_cpu_ids:8 nr_node_ids:1
[    0.000000] PERCPU: Embedded 29 pages/cpu @ffff88083fc00000 s86592 r8192 d24000 u262144
[    0.000000] pcpu-alloc: s86592 r8192 d24000 u262144 alloc=1*2097152
[    0.000000] pcpu-alloc: [0] 0 1 2 3 4 5 6 7 
[    0.000000] Built 1 zonelists in Zone order, mobility grouping on.  Total pages: 8241306
[    0.000000] Policy zone: Normal
[    0.000000] Kernel command line: BOOT_IMAGE=/boot/vmlinuz-3.13.10-200.fc20.x86_64 root=UUID=781079f5-e127-4de3-beb9-a461c6145531 ro vconsole.font=latarcyrheb-sun16 LANG=en_US.UTF-8
[    0.000000] PID hash table entries: 4096 (order: 3, 32768 bytes)
[    0.000000] xsave: enabled xstate_bv 0x7, cntxt size 0x340
[    0.000000] Memory: 32864500K/33488576K available (6764K kernel code, 1067K rwdata, 2984K rodata, 1424K init, 1628K bss, 624076K reserved)
[    0.000000] SLUB: HWalign=64, Order=0-3, MinObjects=0, CPUs=8, Nodes=1
[    0.000000] Hierarchical RCU implementation.
[    0.000000] 	RCU restricting CPUs from NR_CPUS=1024 to nr_cpu_ids=8.
[    0.000000] NR_IRQS:65792 nr_irqs:1152 16
[    0.000000] Console: colour VGA+ 80x25
[    0.000000] console [tty0] enabled
[    0.000000] allocated 134217728 bytes of page_cgroup
[    0.000000] please try 'cgroup_disable=memory' option if you don't want memory cgroups
[    0.000000] hpet clockevent registered
[    0.000000] tsc: Fast TSC calibration using PIT
[    0.001000] tsc: Detected 3699.898 MHz processor
[    0.000002] Calibrating delay loop (skipped), value calculated using timer frequency.. 7399.79 BogoMIPS (lpj=3699898)
[    0.000178] pid_max: default: 32768 minimum: 301
[    0.000289] Security Framework initialized
[    0.000380] SELinux:  Initializing.
[    0.000470] SELinux:  Starting in permissive mode
[    0.002026] Dentry cache hash table entries: 4194304 (order: 13, 33554432 bytes)
[    0.007693] Inode-cache hash table entries: 2097152 (order: 12, 16777216 bytes)
[    0.010231] Mount-cache hash table entries: 65536 (order: 7, 524288 bytes)
[    0.010361] Mountpoint-cache hash table entries: 65536 (order: 7, 524288 bytes)
[    0.010726] Initializing cgroup subsys memory
[    0.010816] Initializing cgroup subsys devices
[    0.010904] Initializing cgroup subsys freezer
[    0.010991] Initializing cgroup subsys net_cls
[    0.011078] Initializing cgroup subsys blkio
[    0.011164] Initializing cgroup subsys perf_event
[    0.011251] Initializing cgroup subsys hugetlb
[    0.011363] CPU: Physical Processor ID: 0
[    0.011450] CPU: Processor Core ID: 0
[    0.011539] ENERGY_PERF_BIAS: Set to 'normal', was 'performance'
ENERGY_PERF_BIAS: View and update with x86_energy_perf_policy(8)
[    0.012385] mce: CPU supports 21 MCE banks
[    0.012494] CPU0: Thermal monitoring enabled (TM1)
[    0.012601] Last level iTLB entries: 4KB 512, 2MB 0, 4MB 0
Last level dTLB entries: 4KB 512, 2MB 0, 4MB 0
tlb_flushall_shift: 6
[    0.012860] Freeing SMP alternatives memory: 24K (ffffffff81e70000 - ffffffff81e76000)
[    0.014083] ACPI: Core revision 20131115
[    0.030693] ACPI: All ACPI Tables successfully acquired
[    0.040466] ftrace: allocating 25919 entries in 102 pages
[    0.050065] ..TIMER: vector=0x30 apic1=0 pin1=2 apic2=-1 pin2=-1
[    0.060294] smpboot: CPU0: Intel(R) Core(TM) i7-4820K CPU @ 3.70GHz (fam: 06, model: 3e, stepping: 04)
[    0.060809] TSC deadline timer enabled
[    0.060814] Performance Events: PEBS fmt1+, 16-deep LBR, IvyBridge events, full-width counters, Intel PMU driver.
[    0.061405] ... version:                3
[    0.061622] ... bit width:              48
[    0.061841] ... generic registers:      4
[    0.062058] ... value mask:             0000ffffffffffff
[    0.062276] ... max period:             0000ffffffffffff
[    0.062494] ... fixed-purpose events:   3
[    0.062711] ... event mask:             000000070000000f
[    0.063775] x86: Booting SMP configuration:
[    0.078115] NMI watchdog: enabled on all CPUs, permanently consumes one hw-PMU counter.
[    0.063996] .... node  #0, CPUs:      #1 #2 #3 #4 #5 #6 #7
[    0.162809] x86: Booted up 1 node, 8 CPUs
[    0.163243] smpboot: Total of 8 processors activated (59198.36 BogoMIPS)
[    0.170512] devtmpfs: initialized
[    0.173294] PM: Registering ACPI NVS region [mem 0xbc116000-0xbc738fff] (6434816 bytes)
[    0.178144] PM: Registering ACPI NVS region [mem 0xbd708000-0xbd78dfff] (548864 bytes)
[    0.179054] atomic64 test passed for x86-64 platform with CX8 and with SSE
[    0.179277] pinctrl core: initialized pinctrl subsystem
[    0.179526] RTC time: 11:05:27, date: 04/20/14
[    0.179769] NET: Registered protocol family 16
[    0.180033] cpuidle: using governor menu
[    0.180287] ACPI: bus type PCI registered
[    0.180505] acpiphp: ACPI Hot Plug PCI Controller Driver version: 0.5
[    0.180761] PCI: MMCONFIG for domain 0000 [bus 00-ff] at [mem 0xe0000000-0xefffffff] (base 0xe0000000)
[    0.181161] PCI: MMCONFIG at [mem 0xe0000000-0xefffffff] reserved in E820
[    0.197343] PCI: Using configuration type 1 for base access
[    0.198279] bio: create slab <bio-0> at 0
[    0.198582] ACPI: Added _OSI(Module Device)
[    0.198801] ACPI: Added _OSI(Processor Device)
[    0.199018] ACPI: Added _OSI(3.0 _SCP Extensions)
[    0.199236] ACPI: Added _OSI(Processor Aggregator Device)
[    0.208176] ACPI: Executed 1 blocks of module-level executable AML code
[    0.279161] ACPI: Interpreter enabled
[    0.279384] ACPI Exception: AE_NOT_FOUND, While evaluating Sleep State [\_S1_] (20131115/hwxface-580)
[    0.279861] ACPI Exception: AE_NOT_FOUND, While evaluating Sleep State [\_S2_] (20131115/hwxface-580)
[    0.280349] ACPI: (supports S0 S3 S4 S5)
[    0.280566] ACPI: Using IOAPIC for interrupt routing
[    0.280804] PCI: Using host bridge windows from ACPI; if necessary, use "pci=nocrs" and report a bug
[    0.281336] ACPI: No dock devices found.
[    0.286784] ACPI: PCI Root Bridge [PCI0] (domain 0000 [bus 00-fe])
[    0.287008] acpi PNP0A08:00: _OSC: OS supports [ExtendedConfig ASPM ClockPM Segments MSI]
[    0.287493] acpi PNP0A08:00: _OSC: platform does not support [PCIeHotplug PME AER]
[    0.287968] acpi PNP0A08:00: _OSC: OS now controls [PCIeCapability]
[    0.288400] PCI host bridge to bus 0000:00
[    0.288621] pci_bus 0000:00: root bus resource [bus 00-fe]
[    0.288840] pci_bus 0000:00: root bus resource [io  0x0000-0x03af]
[    0.289060] pci_bus 0000:00: root bus resource [io  0x03e0-0x0cf7]
[    0.289279] pci_bus 0000:00: root bus resource [io  0x03b0-0x03df]
[    0.289499] pci_bus 0000:00: root bus resource [io  0x0d00-0xffff]
[    0.289719] pci_bus 0000:00: root bus resource [mem 0x000a0000-0x000bffff]
[    0.289940] pci_bus 0000:00: root bus resource [mem 0x000c0000-0x000dffff]
[    0.290160] pci_bus 0000:00: root bus resource [mem 0xc0000000-0xffffffff]
[    0.290388] pci 0000:00:00.0: [8086:0e00] type 00 class 0x060000
[    0.290434] pci 0000:00:00.0: PME# supported from D0 D3hot D3cold
[    0.290487] pci 0000:00:01.0: [8086:0e02] type 01 class 0x060400
[    0.290540] pci 0000:00:01.0: PME# supported from D0 D3hot D3cold
[    0.290578] pci 0000:00:01.0: System wakeup disabled by ACPI
[    0.290818] pci 0000:00:01.1: [8086:0e03] type 01 class 0x060400
[    0.290872] pci 0000:00:01.1: PME# supported from D0 D3hot D3cold
[    0.290906] pci 0000:00:01.1: System wakeup disabled by ACPI
[    0.291145] pci 0000:00:02.0: [8086:0e04] type 01 class 0x060400
[    0.291199] pci 0000:00:02.0: PME# supported from D0 D3hot D3cold
[    0.291232] pci 0000:00:02.0: System wakeup disabled by ACPI
[    0.291472] pci 0000:00:03.0: [8086:0e08] type 01 class 0x060400
[    0.291527] pci 0000:00:03.0: PME# supported from D0 D3hot D3cold
[    0.291562] pci 0000:00:03.0: System wakeup disabled by ACPI
[    0.291802] pci 0000:00:05.0: [8086:0e28] type 00 class 0x088000
[    0.291880] pci 0000:00:05.2: [8086:0e2a] type 00 class 0x088000
[    0.291958] pci 0000:00:05.4: [8086:0e2c] type 00 class 0x080020
[    0.291966] pci 0000:00:05.4: reg 0x10: [mem 0xfb909000-0xfb909fff]
[    0.292065] pci 0000:00:11.0: [8086:1d3e] type 01 class 0x060400
[    0.292142] pci 0000:00:11.0: PME# supported from D0 D3hot D3cold
[    0.292199] pci 0000:00:16.0: [8086:1d3a] type 00 class 0x078000
[    0.292219] pci 0000:00:16.0: reg 0x10: [mem 0xfb908000-0xfb90800f 64bit]
[    0.292286] pci 0000:00:16.0: PME# supported from D0 D3hot D3cold
[    0.292342] pci 0000:00:1a.0: [8086:1d2d] type 00 class 0x0c0320
[    0.292360] pci 0000:00:1a.0: reg 0x10: [mem 0xfb907000-0xfb9073ff]
[    0.292439] pci 0000:00:1a.0: PME# supported from D0 D3hot D3cold
[    0.292470] pci 0000:00:1a.0: System wakeup disabled by ACPI
[    0.292710] pci 0000:00:1b.0: [8086:1d20] type 00 class 0x040300
[    0.292722] pci 0000:00:1b.0: reg 0x10: [mem 0xfb900000-0xfb903fff 64bit]
[    0.292779] pci 0000:00:1b.0: PME# supported from D0 D3hot D3cold
[    0.292829] pci 0000:00:1c.0: [8086:1d10] type 01 class 0x060400
[    0.292897] pci 0000:00:1c.0: PME# supported from D0 D3hot D3cold
[    0.292930] pci 0000:00:1c.0: System wakeup disabled by ACPI
[    0.293167] pci 0000:00:1c.1: [8086:1d12] type 01 class 0x060400
[    0.293235] pci 0000:00:1c.1: PME# supported from D0 D3hot D3cold
[    0.293268] pci 0000:00:1c.1: System wakeup disabled by ACPI
[    0.293505] pci 0000:00:1c.2: [8086:1d14] type 01 class 0x060400
[    0.293573] pci 0000:00:1c.2: PME# supported from D0 D3hot D3cold
[    0.293607] pci 0000:00:1c.2: System wakeup disabled by ACPI
[    0.293845] pci 0000:00:1c.3: [8086:1d16] type 01 class 0x060400
[    0.293913] pci 0000:00:1c.3: PME# supported from D0 D3hot D3cold
[    0.293947] pci 0000:00:1c.3: System wakeup disabled by ACPI
[    0.294183] pci 0000:00:1c.4: [8086:1d18] type 01 class 0x060400
[    0.294251] pci 0000:00:1c.4: PME# supported from D0 D3hot D3cold
[    0.294285] pci 0000:00:1c.4: System wakeup disabled by ACPI
[    0.294521] pci 0000:00:1c.5: [8086:1d1a] type 01 class 0x060400
[    0.294589] pci 0000:00:1c.5: PME# supported from D0 D3hot D3cold
[    0.294623] pci 0000:00:1c.5: System wakeup disabled by ACPI
[    0.294863] pci 0000:00:1c.7: [8086:1d1e] type 01 class 0x060400
[    0.294930] pci 0000:00:1c.7: PME# supported from D0 D3hot D3cold
[    0.294963] pci 0000:00:1c.7: System wakeup disabled by ACPI
[    0.295204] pci 0000:00:1d.0: [8086:1d26] type 00 class 0x0c0320
[    0.295222] pci 0000:00:1d.0: reg 0x10: [mem 0xfb906000-0xfb9063ff]
[    0.295301] pci 0000:00:1d.0: PME# supported from D0 D3hot D3cold
[    0.295332] pci 0000:00:1d.0: System wakeup disabled by ACPI
[    0.295568] pci 0000:00:1e.0: [8086:244e] type 01 class 0x060401
[    0.295633] pci 0000:00:1e.0: System wakeup disabled by ACPI
[    0.295873] pci 0000:00:1f.0: [8086:1d41] type 00 class 0x060100
[    0.296010] pci 0000:00:1f.2: [8086:1d02] type 00 class 0x010601
[    0.296025] pci 0000:00:1f.2: reg 0x10: [io  0xf070-0xf077]
[    0.296031] pci 0000:00:1f.2: reg 0x14: [io  0xf060-0xf063]
[    0.296037] pci 0000:00:1f.2: reg 0x18: [io  0xf050-0xf057]
[    0.296043] pci 0000:00:1f.2: reg 0x1c: [io  0xf040-0xf043]
[    0.296048] pci 0000:00:1f.2: reg 0x20: [io  0xf020-0xf03f]
[    0.296055] pci 0000:00:1f.2: reg 0x24: [mem 0xfb905000-0xfb9057ff]
[    0.296092] pci 0000:00:1f.2: PME# supported from D3hot
[    0.296135] pci 0000:00:1f.3: [8086:1d22] type 00 class 0x0c0500
[    0.296147] pci 0000:00:1f.3: reg 0x10: [mem 0xfb904000-0xfb9040ff 64bit]
[    0.296164] pci 0000:00:1f.3: reg 0x20: [io  0xf000-0xf01f]
[    0.296261] pci 0000:03:00.0: [10b5:8112] type 01 class 0x060400
[    0.296364] pci 0000:03:00.0: disabling ASPM on pre-1.1 PCIe device.  You can enable it with 'pcie_aspm=force'
[    0.296769] pci 0000:00:01.0: PCI bridge to [bus 03-04]
[    0.296991] pci 0000:00:01.0:   bridge window [io  0xd000-0xdfff]
[    0.297049] pci 0000:04:04.0: [13f6:8788] type 00 class 0x040100
[    0.297068] pci 0000:04:04.0: reg 0x10: [io  0xd000-0xd0ff]
[    0.297161] pci 0000:04:04.0: supports D1 D2
[    0.297214] pci 0000:03:00.0: PCI bridge to [bus 04]
[    0.297435] pci 0000:03:00.0:   bridge window [io  0xd000-0xdfff]
[    0.297488] pci 0000:05:00.0: [1b4b:9230] type 00 class 0x010601
[    0.297494] pci 0000:05:00.0: reg 0x10: [io  0xc050-0xc057]
[    0.297499] pci 0000:05:00.0: reg 0x14: [io  0xc040-0xc043]
[    0.297503] pci 0000:05:00.0: reg 0x18: [io  0xc030-0xc037]
[    0.297508] pci 0000:05:00.0: reg 0x1c: [io  0xc020-0xc023]
[    0.297513] pci 0000:05:00.0: reg 0x20: [io  0xc000-0xc01f]
[    0.297518] pci 0000:05:00.0: reg 0x24: [mem 0xfb810000-0xfb8107ff]
[    0.297522] pci 0000:05:00.0: reg 0x30: [mem 0xfb800000-0xfb80ffff pref]
[    0.297545] pci 0000:05:00.0: PME# supported from D3hot
[    0.299016] pci 0000:00:01.1: PCI bridge to [bus 05]
[    0.299255] pci 0000:00:01.1:   bridge window [io  0xc000-0xcfff]
[    0.299257] pci 0000:00:01.1:   bridge window [mem 0xfb800000-0xfb8fffff]
[    0.299299] pci 0000:01:00.0: [10de:0a65] type 00 class 0x030000
[    0.299306] pci 0000:01:00.0: reg 0x10: [mem 0xfa000000-0xfaffffff]
[    0.299313] pci 0000:01:00.0: reg 0x14: [mem 0xc0000000-0xcfffffff 64bit pref]
[    0.299319] pci 0000:01:00.0: reg 0x1c: [mem 0xd0000000-0xd1ffffff 64bit pref]
[    0.299324] pci 0000:01:00.0: reg 0x24: [io  0xe000-0xe07f]
[    0.299329] pci 0000:01:00.0: reg 0x30: [mem 0xfb000000-0xfb07ffff pref]
[    0.299378] pci 0000:01:00.1: [10de:0be3] type 00 class 0x040300
[    0.299385] pci 0000:01:00.1: reg 0x10: [mem 0xfb080000-0xfb083fff]
[    0.301021] pci 0000:00:02.0: PCI bridge to [bus 01]
[    0.301260] pci 0000:00:02.0:   bridge window [io  0xe000-0xefff]
[    0.301263] pci 0000:00:02.0:   bridge window [mem 0xfa000000-0xfb0fffff]
[    0.301266] pci 0000:00:02.0:   bridge window [mem 0xc0000000-0xd1ffffff 64bit pref]
[    0.301302] pci 0000:00:03.0: PCI bridge to [bus 02]
[    0.301570] pci 0000:00:11.0: PCI bridge to [bus 06]
[    0.301870] pci 0000:07:00.0: [1b21:1142] type 00 class 0x0c0330
[    0.301897] pci 0000:07:00.0: reg 0x10: [mem 0xfb700000-0xfb707fff 64bit]
[    0.302037] pci 0000:07:00.0: PME# supported from D3cold
[    0.304033] pci 0000:00:1c.0: PCI bridge to [bus 07]
[    0.304275] pci 0000:00:1c.0:   bridge window [mem 0xfb700000-0xfb7fffff]
[    0.304346] pci 0000:08:00.0: [1b21:1142] type 00 class 0x0c0330
[    0.304373] pci 0000:08:00.0: reg 0x10: [mem 0xfb600000-0xfb607fff 64bit]
[    0.304511] pci 0000:08:00.0: PME# supported from D3cold
[    0.306039] pci 0000:00:1c.1: PCI bridge to [bus 08]
[    0.306280] pci 0000:00:1c.1:   bridge window [mem 0xfb600000-0xfb6fffff]
[    0.306349] pci 0000:09:00.0: [1b21:1142] type 00 class 0x0c0330
[    0.306376] pci 0000:09:00.0: reg 0x10: [mem 0xfb500000-0xfb507fff 64bit]
[    0.306514] pci 0000:09:00.0: PME# supported from D3cold
[    0.308046] pci 0000:00:1c.2: PCI bridge to [bus 09]
[    0.308286] pci 0000:00:1c.2:   bridge window [mem 0xfb500000-0xfb5fffff]
[    0.308351] pci 0000:0a:00.0: [10ec:8168] type 00 class 0x020000
[    0.308369] pci 0000:0a:00.0: reg 0x10: [io  0xb000-0xb0ff]
[    0.308401] pci 0000:0a:00.0: reg 0x18: [mem 0xfb400000-0xfb400fff 64bit]
[    0.308420] pci 0000:0a:00.0: reg 0x20: [mem 0xd2200000-0xd2203fff 64bit pref]
[    0.308506] pci 0000:0a:00.0: supports D1 D2
[    0.308507] pci 0000:0a:00.0: PME# supported from D0 D1 D2 D3hot D3cold
[    0.310055] pci 0000:00:1c.3: PCI bridge to [bus 0a]
[    0.310292] pci 0000:00:1c.3:   bridge window [io  0xb000-0xbfff]
[    0.310294] pci 0000:00:1c.3:   bridge window [mem 0xfb400000-0xfb4fffff]
[    0.310299] pci 0000:00:1c.3:   bridge window [mem 0xd2200000-0xd22fffff 64bit pref]
[    0.310364] pci 0000:0b:00.0: [9710:9912] type 00 class 0x070002
[    0.310386] pci 0000:0b:00.0: reg 0x10: [io  0xa030-0xa037]
[    0.310401] pci 0000:0b:00.0: reg 0x14: [mem 0xfb305000-0xfb305fff]
[    0.310457] pci 0000:0b:00.0: reg 0x24: [mem 0xfb304000-0xfb304fff]
[    0.310545] pci 0000:0b:00.0: PME# supported from D3hot D3cold
[    0.310605] pci 0000:0b:00.1: [9710:9912] type 00 class 0x070002
[    0.310626] pci 0000:0b:00.1: reg 0x10: [io  0xa020-0xa027]
[    0.310641] pci 0000:0b:00.1: reg 0x14: [mem 0xfb303000-0xfb303fff]
[    0.310697] pci 0000:0b:00.1: reg 0x24: [mem 0xfb302000-0xfb302fff]
[    0.310785] pci 0000:0b:00.1: PME# supported from D3hot D3cold
[    0.310842] pci 0000:0b:00.2: [9710:9912] type 00 class 0x070103
[    0.310863] pci 0000:0b:00.2: reg 0x10: [io  0xa010-0xa017]
[    0.310878] pci 0000:0b:00.2: reg 0x14: [io  0xa000-0xa007]
[    0.310893] pci 0000:0b:00.2: reg 0x18: [mem 0xfb301000-0xfb301fff]
[    0.310936] pci 0000:0b:00.2: reg 0x24: [mem 0xfb300000-0xfb300fff]
[    0.311023] pci 0000:0b:00.2: PME# supported from D3hot D3cold
[    0.313081] pci 0000:00:1c.4: PCI bridge to [bus 0b]
[    0.313317] pci 0000:00:1c.4:   bridge window [io  0xa000-0xafff]
[    0.313320] pci 0000:00:1c.4:   bridge window [mem 0xfb300000-0xfb3fffff]
[    0.313385] pci 0000:0c:00.0: [10ec:8168] type 00 class 0x020000
[    0.313403] pci 0000:0c:00.0: reg 0x10: [io  0x9000-0x90ff]
[    0.313434] pci 0000:0c:00.0: reg 0x18: [mem 0xfb200000-0xfb200fff 64bit]
[    0.313454] pci 0000:0c:00.0: reg 0x20: [mem 0xd2100000-0xd2103fff 64bit pref]
[    0.313539] pci 0000:0c:00.0: supports D1 D2
[    0.313540] pci 0000:0c:00.0: PME# supported from D0 D1 D2 D3hot D3cold
[    0.315072] pci 0000:00:1c.5: PCI bridge to [bus 0c]
[    0.315310] pci 0000:00:1c.5:   bridge window [io  0x9000-0x9fff]
[    0.315313] pci 0000:00:1c.5:   bridge window [mem 0xfb200000-0xfb2fffff]
[    0.315317] pci 0000:00:1c.5:   bridge window [mem 0xd2100000-0xd21fffff 64bit pref]
[    0.315377] pci 0000:0d:00.0: [1b21:0612] type 00 class 0x010601
[    0.315394] pci 0000:0d:00.0: reg 0x10: [io  0x8050-0x8057]
[    0.315406] pci 0000:0d:00.0: reg 0x14: [io  0x8040-0x8043]
[    0.315418] pci 0000:0d:00.0: reg 0x18: [io  0x8030-0x8037]
[    0.315430] pci 0000:0d:00.0: reg 0x1c: [io  0x8020-0x8023]
[    0.315442] pci 0000:0d:00.0: reg 0x20: [io  0x8000-0x801f]
[    0.315453] pci 0000:0d:00.0: reg 0x24: [mem 0xfb100000-0xfb1001ff]
[    0.317076] pci 0000:00:1c.7: PCI bridge to [bus 0d]
[    0.317314] pci 0000:00:1c.7:   bridge window [io  0x8000-0x8fff]
[    0.317317] pci 0000:00:1c.7:   bridge window [mem 0xfb100000-0xfb1fffff]
[    0.317376] pci 0000:00:1e.0: PCI bridge to [bus 0e] (subtractive decode)
[    0.317603] pci 0000:00:1e.0:   bridge window [io  0x0000-0x03af] (subtractive decode)
[    0.317604] pci 0000:00:1e.0:   bridge window [io  0x03e0-0x0cf7] (subtractive decode)
[    0.317605] pci 0000:00:1e.0:   bridge window [io  0x03b0-0x03df] (subtractive decode)
[    0.317606] pci 0000:00:1e.0:   bridge window [io  0x0d00-0xffff] (subtractive decode)
[    0.317607] pci 0000:00:1e.0:   bridge window [mem 0x000a0000-0x000bffff] (subtractive decode)
[    0.317608] pci 0000:00:1e.0:   bridge window [mem 0x000c0000-0x000dffff] (subtractive decode)
[    0.317609] pci 0000:00:1e.0:   bridge window [mem 0xc0000000-0xffffffff] (subtractive decode)
[    0.317869] ACPI: PCI Root Bridge [UNC0] (domain 0000 [bus ff])
[    0.318093] acpi PNP0A03:00: _OSC: OS supports [ExtendedConfig ASPM ClockPM Segments MSI]
[    0.318501] acpi PNP0A03:00: _OSC: OS now controls [PCIeHotplug PME AER PCIeCapability]
[    0.318923] PCI host bridge to bus 0000:ff
[    0.319144] pci_bus 0000:ff: root bus resource [bus ff]
[    0.319367] pci 0000:ff:08.0: [8086:0e80] type 00 class 0x088000
[    0.319398] pci 0000:ff:09.0: [8086:0e90] type 00 class 0x088000
[    0.319426] pci 0000:ff:0a.0: [8086:0ec0] type 00 class 0x088000
[    0.319449] pci 0000:ff:0a.1: [8086:0ec1] type 00 class 0x088000
[    0.319473] pci 0000:ff:0a.2: [8086:0ec2] type 00 class 0x088000
[    0.319497] pci 0000:ff:0a.3: [8086:0ec3] type 00 class 0x088000
[    0.319522] pci 0000:ff:0b.0: [8086:0e1e] type 00 class 0x088000
[    0.319543] pci 0000:ff:0b.3: [8086:0e1f] type 00 class 0x088000
[    0.319565] pci 0000:ff:0c.0: [8086:0ee0] type 00 class 0x088000
[    0.319587] pci 0000:ff:0c.1: [8086:0ee2] type 00 class 0x088000
[    0.319610] pci 0000:ff:0d.0: [8086:0ee1] type 00 class 0x088000
[    0.319632] pci 0000:ff:0d.1: [8086:0ee3] type 00 class 0x088000
[    0.319657] pci 0000:ff:0e.0: [8086:0ea0] type 00 class 0x088000
[    0.319682] pci 0000:ff:0e.1: [8086:0e30] type 00 class 0x110100
[    0.319711] pci 0000:ff:0f.0: [8086:0ea8] type 00 class 0x088000
[    0.319743] pci 0000:ff:0f.1: [8086:0e71] type 00 class 0x088000
[    0.319777] pci 0000:ff:0f.2: [8086:0eaa] type 00 class 0x088000
[    0.319810] pci 0000:ff:0f.3: [8086:0eab] type 00 class 0x088000
[    0.319843] pci 0000:ff:0f.4: [8086:0eac] type 00 class 0x088000
[    0.319875] pci 0000:ff:0f.5: [8086:0ead] type 00 class 0x088000
[    0.319908] pci 0000:ff:10.0: [8086:0eb0] type 00 class 0x088000
[    0.319940] pci 0000:ff:10.1: [8086:0eb1] type 00 class 0x088000
[    0.319974] pci 0000:ff:10.2: [8086:0eb2] type 00 class 0x088000
[    0.320006] pci 0000:ff:10.3: [8086:0eb3] type 00 class 0x088000
[    0.320039] pci 0000:ff:10.4: [8086:0eb4] type 00 class 0x088000
[    0.320073] pci 0000:ff:10.5: [8086:0eb5] type 00 class 0x088000
[    0.320105] pci 0000:ff:10.6: [8086:0eb6] type 00 class 0x088000
[    0.320137] pci 0000:ff:10.7: [8086:0eb7] type 00 class 0x088000
[    0.320171] pci 0000:ff:13.0: [8086:0e1d] type 00 class 0x088000
[    0.320193] pci 0000:ff:13.1: [8086:0e34] type 00 class 0x110100
[    0.320216] pci 0000:ff:13.4: [8086:0e81] type 00 class 0x088000
[    0.320238] pci 0000:ff:13.5: [8086:0e36] type 00 class 0x110100
[    0.320262] pci 0000:ff:16.0: [8086:0ec8] type 00 class 0x088000
[    0.320284] pci 0000:ff:16.1: [8086:0ec9] type 00 class 0x088000
[    0.320305] pci 0000:ff:16.2: [8086:0eca] type 00 class 0x088000
[    0.320371] ACPI: PCI Interrupt Link [LNKA] (IRQs 3 4 5 6 7 10 *11 12 14 15)
[    0.321076] ACPI: PCI Interrupt Link [LNKB] (IRQs 3 4 *5 6 7 10 11 12 14 15)
[    0.321780] ACPI: PCI Interrupt Link [LNKC] (IRQs *3 4 5 6 11 12 14 15)
[    0.322408] ACPI: PCI Interrupt Link [LNKD] (IRQs 3 *4 5 6 10 11 12 14 15)
[    0.323072] ACPI: PCI Interrupt Link [LNKE] (IRQs 3 4 5 6 *7 10 11 12 14 15)
[    0.323776] ACPI: PCI Interrupt Link [LNKF] (IRQs 3 4 5 6 7 10 11 12 14 15) *0, disabled.
[    0.324732] ACPI: PCI Interrupt Link [LNKG] (IRQs 3 4 5 6 7 10 11 12 14 *15)
[    0.325435] ACPI: PCI Interrupt Link [LNKH] (IRQs 3 4 5 6 7 *10 11 12 14 15)
[    0.328105] ACPI: Enabled 2 GPEs in block 00 to 3F
[    0.328401] ACPI: \_SB_.PCI0: notify handler is installed
[    0.328424] ACPI: \_SB_.UNC0: notify handler is installed
[    0.328486] Found 2 acpi root devices
[    0.328500] ACPI : EC: GPE = 0x1e, I/O: command/status = 0x66, data = 0x62
[    0.328781] vgaarb: device added: PCI:0000:01:00.0,decodes=io+mem,owns=io+mem,locks=none
[    0.329181] vgaarb: loaded
[    0.329397] vgaarb: bridge control possible 0000:01:00.0
[    0.329659] SCSI subsystem initialized
[    0.329919] libata version 3.00 loaded.
[    0.329930] ACPI: bus type USB registered
[    0.330157] usbcore: registered new interface driver usbfs
[    0.330386] usbcore: registered new interface driver hub
[    0.330615] usbcore: registered new device driver usb
[    0.330879] PCI: Using ACPI for IRQ routing
[    0.336429] PCI: pci_cache_line_size set to 64 bytes
[    0.336542] e820: reserve RAM buffer [mem 0x0009d000-0x0009ffff]
[    0.336544] e820: reserve RAM buffer [mem 0xbbbca000-0xbbffffff]
[    0.336544] e820: reserve RAM buffer [mem 0xbd708000-0xbfffffff]
[    0.336545] e820: reserve RAM buffer [mem 0xbdbcb000-0xbfffffff]
[    0.336546] e820: reserve RAM buffer [mem 0xbe000000-0xbfffffff]
[    0.336603] NetLabel: Initializing
[    0.336821] NetLabel:  domain hash size = 128
[    0.337040] NetLabel:  protocols = UNLABELED CIPSOv4
[    0.337266] NetLabel:  unlabeled traffic allowed by default
[    0.337509] hpet0: at MMIO 0xfed00000, IRQs 2, 8, 0, 0, 0, 0, 0, 0
[    0.338072] hpet0: 8 comparators, 64-bit 14.318180 MHz counter
[    0.341321] Switched to clocksource hpet
[    0.344676] pnp: PnP ACPI init
[    0.344898] ACPI: bus type PNP registered
[    0.345173] system 00:00: [mem 0xfc000000-0xfcffffff] has been reserved
[    0.345400] system 00:00: [mem 0xfd000000-0xfdffffff] has been reserved
[    0.345620] system 00:00: [mem 0xfe000000-0xfeafffff] has been reserved
[    0.345840] system 00:00: [mem 0xfeb00000-0xfebfffff] has been reserved
[    0.346061] system 00:00: [mem 0xfed00400-0xfed3ffff] could not be reserved
[    0.346282] system 00:00: [mem 0xfed45000-0xfedfffff] has been reserved
[    0.346505] system 00:00: [mem 0xfee00000-0xfeefffff] has been reserved
[    0.346727] system 00:00: Plug and Play ACPI device, IDs PNP0c01 (active)
[    0.346790] system 00:01: [io  0x0290-0x029f] has been reserved
[    0.347010] system 00:01: Plug and Play ACPI device, IDs PNP0c02 (active)
[    0.347017] pnp 00:02: [dma 4]
[    0.347025] pnp 00:02: Plug and Play ACPI device, IDs PNP0200 (active)
[    0.347042] pnp 00:03: Plug and Play ACPI device, IDs PNP0b00 (active)
[    0.347052] pnp 00:04: Plug and Play ACPI device, IDs PNP0800 (active)
[    0.347089] system 00:05: [io  0x04d0-0x04d1] has been reserved
[    0.347310] system 00:05: Plug and Play ACPI device, IDs PNP0c02 (active)
[    0.347323] pnp 00:06: Plug and Play ACPI device, IDs PNP0c04 (active)
[    0.347444] system 00:07: [io  0x0400-0x0453] could not be reserved
[    0.347665] system 00:07: [io  0x0458-0x047f] has been reserved
[    0.347884] system 00:07: [io  0x1180-0x119f] has been reserved
[    0.348104] system 00:07: [io  0x0500-0x057f] has been reserved
[    0.348324] system 00:07: [mem 0xfed1c000-0xfed1ffff] has been reserved
[    0.348548] system 00:07: [mem 0xfec00000-0xfecfffff] could not be reserved
[    0.348769] system 00:07: [mem 0xff000000-0xffffffff] has been reserved
[    0.348990] system 00:07: Plug and Play ACPI device, IDs PNP0c01 (active)
[    0.349027] system 00:08: [io  0x0454-0x0457] has been reserved
[    0.349248] system 00:08: Plug and Play ACPI device, IDs INT3f0d PNP0c02 (active)
[    0.349315] pnp 00:09: Plug and Play ACPI device, IDs PNP0103 (active)
[    0.349458] pnp: PnP ACPI: found 10 devices
[    0.349676] ACPI: bus type PNP unregistered
[    0.355601] pci 0000:03:00.0: PCI bridge to [bus 04]
[    0.355822] pci 0000:03:00.0:   bridge window [io  0xd000-0xdfff]
[    0.356054] pci 0000:00:01.0: PCI bridge to [bus 03-04]
[    0.356273] pci 0000:00:01.0:   bridge window [io  0xd000-0xdfff]
[    0.356503] pci 0000:00:01.1: PCI bridge to [bus 05]
[    0.356722] pci 0000:00:01.1:   bridge window [io  0xc000-0xcfff]
[    0.356944] pci 0000:00:01.1:   bridge window [mem 0xfb800000-0xfb8fffff]
[    0.357169] pci 0000:00:02.0: PCI bridge to [bus 01]
[    0.357391] pci 0000:00:02.0:   bridge window [io  0xe000-0xefff]
[    0.357613] pci 0000:00:02.0:   bridge window [mem 0xfa000000-0xfb0fffff]
[    0.357835] pci 0000:00:02.0:   bridge window [mem 0xc0000000-0xd1ffffff 64bit pref]
[    0.358234] pci 0000:00:03.0: PCI bridge to [bus 02]
[    0.358462] pci 0000:00:11.0: PCI bridge to [bus 06]
[    0.358690] pci 0000:00:1c.0: PCI bridge to [bus 07]
[    0.358911] pci 0000:00:1c.0:   bridge window [mem 0xfb700000-0xfb7fffff]
[    0.359137] pci 0000:00:1c.1: PCI bridge to [bus 08]
[    0.359362] pci 0000:00:1c.1:   bridge window [mem 0xfb600000-0xfb6fffff]
[    0.359588] pci 0000:00:1c.2: PCI bridge to [bus 09]
[    0.359809] pci 0000:00:1c.2:   bridge window [mem 0xfb500000-0xfb5fffff]
[    0.360034] pci 0000:00:1c.3: PCI bridge to [bus 0a]
[    0.360253] pci 0000:00:1c.3:   bridge window [io  0xb000-0xbfff]
[    0.360479] pci 0000:00:1c.3:   bridge window [mem 0xfb400000-0xfb4fffff]
[    0.360701] pci 0000:00:1c.3:   bridge window [mem 0xd2200000-0xd22fffff 64bit pref]
[    0.361101] pci 0000:00:1c.4: PCI bridge to [bus 0b]
[    0.361320] pci 0000:00:1c.4:   bridge window [io  0xa000-0xafff]
[    0.361545] pci 0000:00:1c.4:   bridge window [mem 0xfb300000-0xfb3fffff]
[    0.361771] pci 0000:00:1c.5: PCI bridge to [bus 0c]
[    0.361990] pci 0000:00:1c.5:   bridge window [io  0x9000-0x9fff]
[    0.362212] pci 0000:00:1c.5:   bridge window [mem 0xfb200000-0xfb2fffff]
[    0.362437] pci 0000:00:1c.5:   bridge window [mem 0xd2100000-0xd21fffff 64bit pref]
[    0.362837] pci 0000:00:1c.7: PCI bridge to [bus 0d]
[    0.363057] pci 0000:00:1c.7:   bridge window [io  0x8000-0x8fff]
[    0.363279] pci 0000:00:1c.7:   bridge window [mem 0xfb100000-0xfb1fffff]
[    0.363508] pci 0000:00:1e.0: PCI bridge to [bus 0e]
[    0.363734] pci_bus 0000:00: resource 4 [io  0x0000-0x03af]
[    0.363735] pci_bus 0000:00: resource 5 [io  0x03e0-0x0cf7]
[    0.363736] pci_bus 0000:00: resource 6 [io  0x03b0-0x03df]
[    0.363737] pci_bus 0000:00: resource 7 [io  0x0d00-0xffff]
[    0.363738] pci_bus 0000:00: resource 8 [mem 0x000a0000-0x000bffff]
[    0.363739] pci_bus 0000:00: resource 9 [mem 0x000c0000-0x000dffff]
[    0.363740] pci_bus 0000:00: resource 10 [mem 0xc0000000-0xffffffff]
[    0.363741] pci_bus 0000:03: resource 0 [io  0xd000-0xdfff]
[    0.363742] pci_bus 0000:04: resource 0 [io  0xd000-0xdfff]
[    0.363743] pci_bus 0000:05: resource 0 [io  0xc000-0xcfff]
[    0.363744] pci_bus 0000:05: resource 1 [mem 0xfb800000-0xfb8fffff]
[    0.363745] pci_bus 0000:01: resource 0 [io  0xe000-0xefff]
[    0.363746] pci_bus 0000:01: resource 1 [mem 0xfa000000-0xfb0fffff]
[    0.363747] pci_bus 0000:01: resource 2 [mem 0xc0000000-0xd1ffffff 64bit pref]
[    0.363748] pci_bus 0000:07: resource 1 [mem 0xfb700000-0xfb7fffff]
[    0.363749] pci_bus 0000:08: resource 1 [mem 0xfb600000-0xfb6fffff]
[    0.363750] pci_bus 0000:09: resource 1 [mem 0xfb500000-0xfb5fffff]
[    0.363751] pci_bus 0000:0a: resource 0 [io  0xb000-0xbfff]
[    0.363752] pci_bus 0000:0a: resource 1 [mem 0xfb400000-0xfb4fffff]
[    0.363753] pci_bus 0000:0a: resource 2 [mem 0xd2200000-0xd22fffff 64bit pref]
[    0.363754] pci_bus 0000:0b: resource 0 [io  0xa000-0xafff]
[    0.363755] pci_bus 0000:0b: resource 1 [mem 0xfb300000-0xfb3fffff]
[    0.363756] pci_bus 0000:0c: resource 0 [io  0x9000-0x9fff]
[    0.363757] pci_bus 0000:0c: resource 1 [mem 0xfb200000-0xfb2fffff]
[    0.363758] pci_bus 0000:0c: resource 2 [mem 0xd2100000-0xd21fffff 64bit pref]
[    0.363758] pci_bus 0000:0d: resource 0 [io  0x8000-0x8fff]
[    0.363759] pci_bus 0000:0d: resource 1 [mem 0xfb100000-0xfb1fffff]
[    0.363760] pci_bus 0000:0e: resource 4 [io  0x0000-0x03af]
[    0.363761] pci_bus 0000:0e: resource 5 [io  0x03e0-0x0cf7]
[    0.363762] pci_bus 0000:0e: resource 6 [io  0x03b0-0x03df]
[    0.363763] pci_bus 0000:0e: resource 7 [io  0x0d00-0xffff]
[    0.363764] pci_bus 0000:0e: resource 8 [mem 0x000a0000-0x000bffff]
[    0.363765] pci_bus 0000:0e: resource 9 [mem 0x000c0000-0x000dffff]
[    0.363766] pci_bus 0000:0e: resource 10 [mem 0xc0000000-0xffffffff]
[    0.363786] NET: Registered protocol family 2
[    0.364175] TCP established hash table entries: 262144 (order: 9, 2097152 bytes)
[    0.364853] TCP bind hash table entries: 65536 (order: 8, 1048576 bytes)
[    0.365176] TCP: Hash tables configured (established 262144 bind 65536)
[    0.365414] TCP: reno registered
[    0.365655] UDP hash table entries: 16384 (order: 7, 524288 bytes)
[    0.365953] UDP-Lite hash table entries: 16384 (order: 7, 524288 bytes)
[    0.366269] NET: Registered protocol family 1
[    0.396479] pci 0000:01:00.0: Boot video device
[    0.396804] PCI: CLS 64 bytes, default 64
[    0.396838] Unpacking initramfs...
[    0.552675] Freeing initrd memory: 15904K (ffff8800360e0000 - ffff880037068000)
[    0.557483] PCI-DMA: Using software bounce buffering for IO (SWIOTLB)
[    0.557708] software IO TLB [mem 0xb7bca000-0xbbbca000] (64MB) mapped at [ffff8800b7bca000-ffff8800bbbc9fff]
[    0.560020] alg: No test for __gcm-aes-aesni (__driver-gcm-aes-aesni)
[    0.560457] Initialise system trusted keyring
[    0.560721] audit: initializing netlink socket (disabled)
[    0.560949] type=2000 audit(1397991926.525:1): initialized
[    0.576643] HugeTLB registered 2 MB page size, pre-allocated 0 pages
[    0.578120] zbud: loaded
[    0.578420] VFS: Disk quotas dquot_6.5.2
[    0.578661] Dquot-cache hash table entries: 512 (order 0, 4096 bytes)
[    0.579054] msgmni has been set to 32768
[    0.579299] Key type big_key registered
[    0.579516] SELinux:  Registering netfilter hooks
[    0.580195] alg: No test for stdrng (krng)
[    0.580416] NET: Registered protocol family 38
[    0.580648] Key type asymmetric registered
[    0.580866] Asymmetric key parser 'x509' registered
[    0.581099] Block layer SCSI generic (bsg) driver version 0.4 loaded (major 252)
[    0.581518] io scheduler noop registered
[    0.581743] io scheduler deadline registered
[    0.581973] io scheduler cfq registered (default)
[    0.583069] ioapic: probe of 0000:00:05.4 failed with error -22
[    0.583295] pci_hotplug: PCI Hot Plug PCI Core version: 0.5
[    0.583520] pciehp: PCI Express Hot Plug Controller Driver version: 0.4
[    0.583763] intel_idle: MWAIT substates: 0x1120
[    0.583764] intel_idle: v0.4 model 0x3E
[    0.583765] intel_idle: lapic_timer_reliable_states 0xffffffff
[    0.583878] input: Power Button as /devices/LNXSYSTM:00/device:00/PNP0C0C:00/input/input0
[    0.584277] ACPI: Power Button [PWRB]
[    0.584514] input: Power Button as /devices/LNXSYSTM:00/LNXPWRBN:00/input/input1
[    0.584915] ACPI: Power Button [PWRF]
[    0.590394] GHES: HEST is not enabled!
[    0.590649] Serial: 8250/16550 driver, 4 ports, IRQ sharing enabled
[    0.612894] 0000:0b:00.0: ttyS0 at I/O 0xa030 (irq = 16, base_baud = 115200) is a ST16650V2
[    0.635177] 0000:0b:00.1: ttyS1 at I/O 0xa020 (irq = 17, base_baud = 115200) is a ST16650V2
[    0.635754] Non-volatile memory driver v1.3
[    0.635973] Linux agpgart interface v0.103
[    0.636281] ahci 0000:00:1f.2: version 3.0
[    0.636348] ahci 0000:00:1f.2: irq 64 for MSI/MSI-X
[    0.646630] ahci 0000:00:1f.2: AHCI 0001.0300 32 slots 6 ports 6 Gbps 0x3f impl SATA mode
[    0.647029] ahci 0000:00:1f.2: flags: 64bit ncq sntf pm led clo pio slum part ems apst 
[    0.656842] scsi0 : ahci
[    0.657111] scsi1 : ahci
[    0.657360] scsi2 : ahci
[    0.657635] scsi3 : ahci
[    0.657908] scsi4 : ahci
[    0.658182] scsi5 : ahci
[    0.658415] ata1: SATA max UDMA/133 abar m2048@0xfb905000 port 0xfb905100 irq 64
[    0.658818] ata2: SATA max UDMA/133 abar m2048@0xfb905000 port 0xfb905180 irq 64
[    0.659214] ata3: SATA max UDMA/133 abar m2048@0xfb905000 port 0xfb905200 irq 64
[    0.659614] ata4: SATA max UDMA/133 abar m2048@0xfb905000 port 0xfb905280 irq 64
[    0.660010] ata5: SATA max UDMA/133 abar m2048@0xfb905000 port 0xfb905300 irq 64
[    0.660406] ata6: SATA max UDMA/133 abar m2048@0xfb905000 port 0xfb905380 irq 64
[    0.660856] ahci 0000:05:00.0: irq 65 for MSI/MSI-X
[    0.660864] ahci 0000:05:00.0: controller can do FBS, turning on CAP_FBS
[    0.671654] ahci 0000:05:00.0: AHCI 0001.0200 32 slots 8 ports 6 Gbps 0xff impl SATA mode
[    0.672053] ahci 0000:05:00.0: flags: 64bit ncq fbs pio 
[    0.672647] scsi6 : ahci
[    0.672901] scsi7 : ahci
[    0.673152] scsi8 : ahci
[    0.673402] scsi9 : ahci
[    0.673658] scsi10 : ahci
[    0.673908] scsi11 : ahci
[    0.674157] scsi12 : ahci
[    0.674406] scsi13 : ahci
[    0.674642] ata7: SATA max UDMA/133 abar m2048@0xfb810000 port 0xfb810100 irq 65
[    0.675039] ata8: SATA max UDMA/133 abar m2048@0xfb810000 port 0xfb810180 irq 65
[    0.675435] ata9: SATA max UDMA/133 abar m2048@0xfb810000 port 0xfb810200 irq 65
[    0.675834] ata10: SATA max UDMA/133 abar m2048@0xfb810000 port 0xfb810280 irq 65
[    0.676230] ata11: SATA max UDMA/133 abar m2048@0xfb810000 port 0xfb810300 irq 65
[    0.676631] ata12: SATA max UDMA/133 abar m2048@0xfb810000 port 0xfb810380 irq 65
[    0.677028] ata13: SATA max UDMA/133 abar m2048@0xfb810000 port 0xfb810400 irq 65
[    0.677424] ata14: SATA max UDMA/133 abar m2048@0xfb810000 port 0xfb810480 irq 65
[    0.677895] ahci 0000:0d:00.0: irq 66 for MSI/MSI-X
[    0.677929] ahci 0000:0d:00.0: SSS flag set, parallel bus scan disabled
[    0.678194] ahci 0000:0d:00.0: AHCI 0001.0200 32 slots 2 ports 6 Gbps 0x3 impl SATA mode
[    0.678592] ahci 0000:0d:00.0: flags: 64bit ncq sntf stag led clo pmp pio slum part ccc sxs 
[    0.679128] scsi14 : ahci
[    0.679378] scsi15 : ahci
[    0.679610] ata15: SATA max UDMA/133 abar m512@0xfb100000 port 0xfb100100 irq 66
[    0.680013] ata16: SATA max UDMA/133 abar m512@0xfb100000 port 0xfb100180 irq 66
[    0.680469] libphy: Fixed MDIO Bus: probed
[    0.680728] ehci_hcd: USB 2.0 'Enhanced' Host Controller (EHCI) Driver
[    0.680950] ehci-pci: EHCI PCI platform driver
[    0.681240] ehci-pci 0000:00:1a.0: EHCI Host Controller
[    0.681481] ehci-pci 0000:00:1a.0: new USB bus registered, assigned bus number 1
[    0.681891] ehci-pci 0000:00:1a.0: debug port 2
[    0.686000] ehci-pci 0000:00:1a.0: cache line size of 64 is not supported
[    0.686009] ehci-pci 0000:00:1a.0: irq 23, io mem 0xfb907000
[    0.691646] ehci-pci 0000:00:1a.0: USB 2.0 started, EHCI 1.00
[    0.691890] usb usb1: New USB device found, idVendor=1d6b, idProduct=0002
[    0.692111] usb usb1: New USB device strings: Mfr=3, Product=2, SerialNumber=1
[    0.692507] usb usb1: Product: EHCI Host Controller
[    0.692729] usb usb1: Manufacturer: Linux 3.13.10-200.fc20.x86_64 ehci_hcd
[    0.692949] usb usb1: SerialNumber: 0000:00:1a.0
[    0.693232] hub 1-0:1.0: USB hub found
[    0.693453] hub 1-0:1.0: 2 ports detected
[    0.693793] ehci-pci 0000:00:1d.0: EHCI Host Controller
[    0.694034] ehci-pci 0000:00:1d.0: new USB bus registered, assigned bus number 2
[    0.694440] ehci-pci 0000:00:1d.0: debug port 2
[    0.698553] ehci-pci 0000:00:1d.0: cache line size of 64 is not supported
[    0.698556] ehci-pci 0000:00:1d.0: irq 23, io mem 0xfb906000
[    0.704658] ehci-pci 0000:00:1d.0: USB 2.0 started, EHCI 1.00
[    0.704897] usb usb2: New USB device found, idVendor=1d6b, idProduct=0002
[    0.705119] usb usb2: New USB device strings: Mfr=3, Product=2, SerialNumber=1
[    0.705515] usb usb2: Product: EHCI Host Controller
[    0.705737] usb usb2: Manufacturer: Linux 3.13.10-200.fc20.x86_64 ehci_hcd
[    0.705958] usb usb2: SerialNumber: 0000:00:1d.0
[    0.706226] hub 2-0:1.0: USB hub found
[    0.706448] hub 2-0:1.0: 2 ports detected
[    0.706720] ohci_hcd: USB 1.1 'Open' Host Controller (OHCI) Driver
[    0.706941] ohci-pci: OHCI PCI platform driver
[    0.707164] uhci_hcd: USB Universal Host Controller Interface driver
[    0.707432] xhci_hcd 0000:07:00.0: xHCI Host Controller
[    0.707680] xhci_hcd 0000:07:00.0: new USB bus registered, assigned bus number 3
[    0.842093] xhci_hcd 0000:07:00.0: irq 67 for MSI/MSI-X
[    0.842097] xhci_hcd 0000:07:00.0: irq 68 for MSI/MSI-X
[    0.842099] xhci_hcd 0000:07:00.0: irq 69 for MSI/MSI-X
[    0.842102] xhci_hcd 0000:07:00.0: irq 70 for MSI/MSI-X
[    0.842104] xhci_hcd 0000:07:00.0: irq 71 for MSI/MSI-X
[    0.842106] xhci_hcd 0000:07:00.0: irq 72 for MSI/MSI-X
[    0.842110] xhci_hcd 0000:07:00.0: irq 73 for MSI/MSI-X
[    0.842112] xhci_hcd 0000:07:00.0: irq 74 for MSI/MSI-X
[    0.842215] usb usb3: New USB device found, idVendor=1d6b, idProduct=0002
[    0.842437] usb usb3: New USB device strings: Mfr=3, Product=2, SerialNumber=1
[    0.842838] usb usb3: Product: xHCI Host Controller
[    0.843056] usb usb3: Manufacturer: Linux 3.13.10-200.fc20.x86_64 xhci_hcd
[    0.843276] usb usb3: SerialNumber: 0000:07:00.0
[    0.843574] hub 3-0:1.0: USB hub found
[    0.843803] hub 3-0:1.0: 2 ports detected
[    0.844069] xhci_hcd 0000:07:00.0: xHCI Host Controller
[    0.844335] xhci_hcd 0000:07:00.0: new USB bus registered, assigned bus number 4
[    0.844790] usb usb4: New USB device found, idVendor=1d6b, idProduct=0003
[    0.845016] usb usb4: New USB device strings: Mfr=3, Product=2, SerialNumber=1
[    0.845411] usb usb4: Product: xHCI Host Controller
[    0.845629] usb usb4: Manufacturer: Linux 3.13.10-200.fc20.x86_64 xhci_hcd
[    0.845852] usb usb4: SerialNumber: 0000:07:00.0
[    0.846136] hub 4-0:1.0: USB hub found
[    0.846359] hub 4-0:1.0: 2 ports detected
[    0.854830] xhci_hcd 0000:08:00.0: xHCI Host Controller
[    0.855096] xhci_hcd 0000:08:00.0: new USB bus registered, assigned bus number 5
[    0.915970] xhci_hcd 0000:08:00.0: irq 75 for MSI/MSI-X
[    0.915974] xhci_hcd 0000:08:00.0: irq 76 for MSI/MSI-X
[    0.915976] xhci_hcd 0000:08:00.0: irq 77 for MSI/MSI-X
[    0.915979] xhci_hcd 0000:08:00.0: irq 78 for MSI/MSI-X
[    0.915981] xhci_hcd 0000:08:00.0: irq 79 for MSI/MSI-X
[    0.915983] xhci_hcd 0000:08:00.0: irq 80 for MSI/MSI-X
[    0.915985] xhci_hcd 0000:08:00.0: irq 81 for MSI/MSI-X
[    0.915988] xhci_hcd 0000:08:00.0: irq 82 for MSI/MSI-X
[    0.916095] usb usb5: New USB device found, idVendor=1d6b, idProduct=0002
[    0.916316] usb usb5: New USB device strings: Mfr=3, Product=2, SerialNumber=1
[    0.916712] usb usb5: Product: xHCI Host Controller
[    0.916935] usb usb5: Manufacturer: Linux 3.13.10-200.fc20.x86_64 xhci_hcd
[    0.917155] usb usb5: SerialNumber: 0000:08:00.0
[    0.917444] hub 5-0:1.0: USB hub found
[    0.917667] hub 5-0:1.0: 2 ports detected
[    0.917937] xhci_hcd 0000:08:00.0: xHCI Host Controller
[    0.918202] xhci_hcd 0000:08:00.0: new USB bus registered, assigned bus number 6
[    0.918649] usb usb6: New USB device found, idVendor=1d6b, idProduct=0003
[    0.918879] usb usb6: New USB device strings: Mfr=3, Product=2, SerialNumber=1
[    0.919276] usb usb6: Product: xHCI Host Controller
[    0.919494] usb usb6: Manufacturer: Linux 3.13.10-200.fc20.x86_64 xhci_hcd
[    0.919714] usb usb6: SerialNumber: 0000:08:00.0
[    0.919987] hub 6-0:1.0: USB hub found
[    0.920210] hub 6-0:1.0: 2 ports detected
[    0.925949] xhci_hcd 0000:09:00.0: xHCI Host Controller
[    0.926225] xhci_hcd 0000:09:00.0: new USB bus registered, assigned bus number 7
[    0.965926] ata4: SATA link down (SStatus 0 SControl 300)
[    0.966190] ata6: SATA link up 3.0 Gbps (SStatus 123 SControl 300)
[    0.966452] ata1: SATA link up 6.0 Gbps (SStatus 133 SControl 300)
[    0.966711] ata5: SATA link up 3.0 Gbps (SStatus 123 SControl 300)
[    0.966984] ata2: SATA link up 6.0 Gbps (SStatus 133 SControl 300)
[    0.967240] ata3: SATA link down (SStatus 0 SControl 300)
[    0.968172] ata6.00: ATA-8: Hitachi HDS723030ALA640, MKAOA580, max UDMA/133
[    0.968414] ata6.00: 5860533168 sectors, multi 16: LBA48 NCQ (depth 31/32), AA
[    0.969039] ata5.00: ATA-8: HGST HDS724040ALE640, MJAOA580, max UDMA/133
[    0.969272] ata5.00: 7814037168 sectors, multi 16: LBA48 NCQ (depth 31/32), AA
[    0.970563] ata6.00: configured for UDMA/133
[    0.970997] ata2.00: ATA-8: WDC WD30EZRX-00MMMB0, 80.00A80, max UDMA/133
[    0.971239] ata2.00: 5860533168 sectors, multi 16: LBA48 NCQ (depth 31/32), AA
[    0.971723] ata1.00: ATA-8: WDC WD30EZRX-00MMMB0, 80.00A80, max UDMA/133
[    0.971966] ata1.00: 5860533168 sectors, multi 16: LBA48 NCQ (depth 31/32), AA
[    0.972484] ata5.00: configured for UDMA/133
[    0.976137] ata2.00: configured for UDMA/133
[    0.976750] ata1.00: configured for UDMA/133
[    0.977118] scsi 0:0:0:0: Direct-Access     ATA      WDC WD30EZRX-00M 80.0 PQ: 0 ANSI: 5
[    0.977651] sd 0:0:0:0: Attached scsi generic sg0 type 0
[    0.977702] sd 0:0:0:0: [sda] 5860533168 512-byte logical blocks: (3.00 TB/2.72 TiB)
[    0.977703] sd 0:0:0:0: [sda] 4096-byte physical blocks
[    0.977783] sd 0:0:0:0: [sda] Write Protect is off
[    0.977785] sd 0:0:0:0: [sda] Mode Sense: 00 3a 00 00
[    0.977821] sd 0:0:0:0: [sda] Write cache: enabled, read cache: enabled, doesn't support DPO or FUA
[    0.979266] scsi 1:0:0:0: Direct-Access     ATA      WDC WD30EZRX-00M 80.0 PQ: 0 ANSI: 5
[    0.979734] sd 1:0:0:0: Attached scsi generic sg1 type 0
[    0.979747] sd 1:0:0:0: [sdb] 5860533168 512-byte logical blocks: (3.00 TB/2.72 TiB)
[    0.979748] sd 1:0:0:0: [sdb] 4096-byte physical blocks
[    0.979817] sd 1:0:0:0: [sdb] Write Protect is off
[    0.979818] sd 1:0:0:0: [sdb] Mode Sense: 00 3a 00 00
[    0.979842] sd 1:0:0:0: [sdb] Write cache: enabled, read cache: enabled, doesn't support DPO or FUA
[    0.981359] scsi 4:0:0:0: Direct-Access     ATA      HGST HDS724040AL MJAO PQ: 0 ANSI: 5
[    0.981848] sd 4:0:0:0: Attached scsi generic sg2 type 0
[    0.981870] sd 4:0:0:0: [sdc] 7814037168 512-byte logical blocks: (4.00 TB/3.63 TiB)
[    0.981871] sd 4:0:0:0: [sdc] 4096-byte physical blocks
[    0.981954] sd 4:0:0:0: [sdc] Write Protect is off
[    0.981954] sd 4:0:0:0: [sdc] Mode Sense: 00 3a 00 00
[    0.981980] sd 4:0:0:0: [sdc] Write cache: enabled, read cache: enabled, doesn't support DPO or FUA
[    0.982916] ata12: SATA link down (SStatus 0 SControl 300)
[    0.983630] ata14: SATA link up 1.5 Gbps (SStatus 113 SControl 300)
[    0.983703] scsi 5:0:0:0: Direct-Access     ATA      Hitachi HDS72303 MKAO PQ: 0 ANSI: 5
[    0.983756] sd 5:0:0:0: [sdd] 5860533168 512-byte logical blocks: (3.00 TB/2.72 TiB)
[    0.983778] sd 5:0:0:0: Attached scsi generic sg3 type 0
[    0.983788] sd 5:0:0:0: [sdd] Write Protect is off
[    0.983789] sd 5:0:0:0: [sdd] Mode Sense: 00 3a 00 00
[    0.983805] sd 5:0:0:0: [sdd] Write cache: enabled, read cache: enabled, doesn't support DPO or FUA
[    0.985590] ata7: SATA link up 6.0 Gbps (SStatus 133 SControl 300)
[    0.985834] ata9: SATA link up 6.0 Gbps (SStatus 133 SControl 300)
[    0.986084] ata11: SATA link down (SStatus 0 SControl 300)
[    0.986933] ata13: SATA link down (SStatus 0 SControl 300)
[    0.991477] xhci_hcd 0000:09:00.0: irq 83 for MSI/MSI-X
[    0.991480] xhci_hcd 0000:09:00.0: irq 84 for MSI/MSI-X
[    0.991482] xhci_hcd 0000:09:00.0: irq 85 for MSI/MSI-X
[    0.991485] xhci_hcd 0000:09:00.0: irq 86 for MSI/MSI-X
[    0.991487] xhci_hcd 0000:09:00.0: irq 87 for MSI/MSI-X
[    0.991491] xhci_hcd 0000:09:00.0: irq 88 for MSI/MSI-X
[    0.991493] xhci_hcd 0000:09:00.0: irq 89 for MSI/MSI-X
[    0.991496] xhci_hcd 0000:09:00.0: irq 90 for MSI/MSI-X
[    0.991600] usb usb7: New USB device found, idVendor=1d6b, idProduct=0002
[    0.991821] usb usb7: New USB device strings: Mfr=3, Product=2, SerialNumber=1
[    0.992223] usb usb7: Product: xHCI Host Controller
[    0.992442] usb usb7: Manufacturer: Linux 3.13.10-200.fc20.x86_64 xhci_hcd
[    0.992662] usb usb7: SerialNumber: 0000:09:00.0
[    0.992968] hub 7-0:1.0: USB hub found
[    0.993193] hub 7-0:1.0: 2 ports detected
[    0.993455] xhci_hcd 0000:09:00.0: xHCI Host Controller
[    0.993716] xhci_hcd 0000:09:00.0: new USB bus registered, assigned bus number 8
[    0.994166] usb usb8: New USB device found, idVendor=1d6b, idProduct=0003
[    0.994386] usb usb8: New USB device strings: Mfr=3, Product=2, SerialNumber=1
[    0.994783] usb usb8: Product: xHCI Host Controller
[    0.995004] usb usb8: Manufacturer: Linux 3.13.10-200.fc20.x86_64 xhci_hcd
[    0.995224] usb usb8: SerialNumber: 0000:09:00.0
[    0.995509] hub 8-0:1.0: USB hub found
[    0.995733] hub 8-0:1.0: 2 ports detected
[    1.004959] usbcore: registered new interface driver usbserial
[    1.005183] usbcore: registered new interface driver usbserial_generic
[    1.005406] usbserial: USB Serial support registered for generic
[    1.005638] i8042: PNP: No PS/2 controller found. Probing ports directly.
[    1.007894] serio: i8042 KBD port at 0x60,0x64 irq 1
[    1.008122] serio: i8042 AUX port at 0x60,0x64 irq 12
[    1.008392] mousedev: PS/2 mouse device common for all mice
[    1.008735] rtc_cmos 00:03: RTC can wake from S4
[    1.009058] rtc_cmos 00:03: rtc core: registered rtc_cmos as rtc0
[    1.009301] rtc_cmos 00:03: alarms up to one month, y3k, 114 bytes nvram, hpet irqs
[    1.009727] device-mapper: uevent: version 1.0.3
[    1.009986] device-mapper: ioctl: 4.27.0-ioctl (2013-10-30) initialised: dm-devel@redhat.com
[    1.010392] Intel P-state driver initializing.
[    1.010616] Intel pstate controlling: cpu 0
[    1.010840] Intel pstate controlling: cpu 1
[    1.011067] Intel pstate controlling: cpu 2
[    1.011290] Intel pstate controlling: cpu 3
[    1.011513] Intel pstate controlling: cpu 4
[    1.011735] Intel pstate controlling: cpu 5
[    1.011962] Intel pstate controlling: cpu 6
[    1.012185] Intel pstate controlling: cpu 7
[    1.012589] hidraw: raw HID events driver (C) Jiri Kosina
[    1.012846] usbcore: registered new interface driver usbhid
[    1.013069] usbhid: USB HID core driver
[    1.013306] drop_monitor: Initializing network drop monitor service
[    1.013567] ip_tables: (C) 2000-2006 Netfilter Core Team
[    1.013856] TCP: cubic registered
[    1.014078] Initializing XFRM netlink socket
[    1.014338] NET: Registered protocol family 10
[    1.014645] mip6: Mobile IPv6
[    1.014863] NET: Registered protocol family 17
[    1.015277] Loading compiled-in X.509 certificates
[    1.016047] Loaded X.509 cert 'Fedora kernel signing key: 23c86b5466103cd1bdb13e021b8b77cf5047373f'
[    1.016450] registered taskstats version 1
[    1.018007]  sdd: sdd1
[    1.018157]   Magic number: 10:169:75
[    1.018208] memory memory232: hash matches
[    1.018677] rtc_cmos 00:03: setting system clock to 2014-04-20 11:05:27 UTC (1397991927)
[    1.018799] sd 5:0:0:0: [sdd] Attached SCSI disk
[    1.019314] PM: Hibernation image not present or could not be loaded.
[    1.023294]  sdc: sdc1 sdc2 sdc3 sdc4 sdc5 sdc6 sdc7 sdc8
[    1.023916] sd 4:0:0:0: [sdc] Attached SCSI disk
[    1.044007] usb 1-1: new high-speed USB device number 2 using ehci-pci
[    1.138097] ata8: SATA link up 6.0 Gbps (SStatus 133 SControl 300)
[    1.140119] ata15: SATA link up 6.0 Gbps (SStatus 133 SControl 300)
[    1.141925] ata15.00: ATA-8: Hitachi HDS723030ALA640, MKAOA5C0, max UDMA/133
[    1.142170] ata15.00: 5860533168 sectors, multi 16: LBA48 NCQ (depth 31/32), AA
[    1.144247] ata15.00: configured for UDMA/133
[    1.158452] usb 1-1: New USB device found, idVendor=8087, idProduct=0024
[    1.158687] usb 1-1: New USB device strings: Mfr=0, Product=0, SerialNumber=0
[    1.159084] hub 1-1:1.0: USB hub found
[    1.159449] hub 1-1:1.0: 6 ports detected
[    1.262208] usb 2-1: new high-speed USB device number 2 using ehci-pci
[    1.340276] ata14.00: ATAPI: MARVELL VIRTUALL, 1.09, max UDMA/66
[    1.340585] ata14.00: configured for UDMA/66
[    1.341821] ata7.00: ATA-8: HGST HDS724040ALE640, MJAOA580, max UDMA/133
[    1.342048] ata7.00: 7814037168 sectors, multi 0: LBA48 NCQ (depth 31/32), AA
[    1.342280] ata9.00: ATA-8: HGST HDS724040ALE640, MJAOA580, max UDMA/133
[    1.342514] ata9.00: 7814037168 sectors, multi 0: LBA48 NCQ (depth 31/32), AA
[    1.342740] ata8.00: ATA-8: Hitachi HDS5C4040ALE630, MPAOA3B0, max UDMA/133
[    1.342962] ata8.00: 7814037168 sectors, multi 0: LBA48 NCQ (depth 31/32), AA
[    1.343249] ata10: SATA link up 6.0 Gbps (SStatus 133 SControl 300)
[    1.344763] ata7.00: configured for UDMA/133
[    1.345017] ata9.00: configured for UDMA/133
[    1.345062] scsi 6:0:0:0: Direct-Access     ATA      HGST HDS724040AL MJAO PQ: 0 ANSI: 5
[    1.345138] sd 6:0:0:0: [sde] 7814037168 512-byte logical blocks: (4.00 TB/3.63 TiB)
[    1.345140] sd 6:0:0:0: Attached scsi generic sg4 type 0
[    1.345141] sd 6:0:0:0: [sde] 4096-byte physical blocks
[    1.345204] sd 6:0:0:0: [sde] Write Protect is off
[    1.345204] sd 6:0:0:0: [sde] Mode Sense: 00 3a 00 00
[    1.345227] sd 6:0:0:0: [sde] Write cache: enabled, read cache: enabled, doesn't support DPO or FUA
[    1.347222] ata8.00: configured for UDMA/133
[    1.347448] ata10.00: ATA-8: Hitachi HDS5C3030ALA630, MEAOA580, max UDMA/133
[    1.347507] scsi 7:0:0:0: Direct-Access     ATA      Hitachi HDS5C404 MPAO PQ: 0 ANSI: 5
[    1.347557] sd 7:0:0:0: [sdf] 7814037168 512-byte logical blocks: (4.00 TB/3.63 TiB)
[    1.347558] sd 7:0:0:0: [sdf] 4096-byte physical blocks
[    1.347569] sd 7:0:0:0: Attached scsi generic sg5 type 0
[    1.347583] sd 7:0:0:0: [sdf] Write Protect is off
[    1.347585] sd 7:0:0:0: [sdf] Mode Sense: 00 3a 00 00
[    1.347595] sd 7:0:0:0: [sdf] Write cache: enabled, read cache: enabled, doesn't support DPO or FUA
[    1.347629] scsi 8:0:0:0: Direct-Access     ATA      HGST HDS724040AL MJAO PQ: 0 ANSI: 5
[    1.347684] sd 8:0:0:0: [sdg] 7814037168 512-byte logical blocks: (4.00 TB/3.63 TiB)
[    1.347684] sd 8:0:0:0: [sdg] 4096-byte physical blocks
[    1.347704] sd 8:0:0:0: [sdg] Write Protect is off
[    1.347705] sd 8:0:0:0: [sdg] Mode Sense: 00 3a 00 00
[    1.347707] sd 8:0:0:0: Attached scsi generic sg6 type 0
[    1.347712] sd 8:0:0:0: [sdg] Write cache: enabled, read cache: enabled, doesn't support DPO or FUA
[    1.355766] ata10.00: 5860533168 sectors, multi 0: LBA48 NCQ (depth 31/32), AA
[    1.358114] ata10.00: configured for UDMA/133
[    1.358395] scsi 9:0:0:0: Direct-Access     ATA      Hitachi HDS5C303 MEAO PQ: 0 ANSI: 5
[    1.358860] sd 9:0:0:0: Attached scsi generic sg7 type 0
[    1.358872] sd 9:0:0:0: [sdh] 5860533168 512-byte logical blocks: (3.00 TB/2.72 TiB)
[    1.358889] sd 9:0:0:0: [sdh] Write Protect is off
[    1.358890] sd 9:0:0:0: [sdh] Mode Sense: 00 3a 00 00
[    1.358897] sd 9:0:0:0: [sdh] Write cache: enabled, read cache: enabled, doesn't support DPO or FUA
[    1.360268] scsi 13:0:0:0: Processor         Marvell  Console          1.01 PQ: 0 ANSI: 5
[    1.360742] scsi 13:0:0:0: Attached scsi generic sg8 type 3
[    1.361073] scsi 14:0:0:0: Direct-Access     ATA      Hitachi HDS72303 MKAO PQ: 0 ANSI: 5
[    1.361604] sd 14:0:0:0: Attached scsi generic sg9 type 0
[    1.361611] sd 14:0:0:0: [sdi] 5860533168 512-byte logical blocks: (3.00 TB/2.72 TiB)
[    1.361628] sd 14:0:0:0: [sdi] Write Protect is off
[    1.361629] sd 14:0:0:0: [sdi] Mode Sense: 00 3a 00 00
[    1.361637] sd 14:0:0:0: [sdi] Write cache: enabled, read cache: enabled, doesn't support DPO or FUA
[    1.376702] usb 2-1: New USB device found, idVendor=8087, idProduct=0024
[    1.376942] usb 2-1: New USB device strings: Mfr=0, Product=0, SerialNumber=0
[    1.377409] hub 2-1:1.0: USB hub found
[    1.377770] hub 2-1:1.0: 8 ports detected
[    1.391659]  sdi: sdi1 sdi2
[    1.392013] sd 14:0:0:0: [sdi] Attached SCSI disk
[    1.404994]  sde: sde1
[    1.405395]  sdg: sdg1
[    1.405429] sd 6:0:0:0: [sde] Attached SCSI disk
[    1.405937] sd 8:0:0:0: [sdg] Attached SCSI disk
[    1.413791]  sdf: sdf1 sdf2 sdf3 sdf4
[    1.414201] sd 7:0:0:0: [sdf] Attached SCSI disk
[    1.420481]  sdh: sdh1 sdh2 sdh3 sdh4 sdh5 sdh6 sdh7 sdh8 sdh9 sdh10
[    1.420959] sd 9:0:0:0: [sdh] Attached SCSI disk
[    1.430813] random: nonblocking pool is initialized
[    1.431271]  sda: sda1
[    1.431743] sd 0:0:0:0: [sda] Attached SCSI disk
[    1.463103]  sdb: sdb1 sdb2
[    1.463541] sd 1:0:0:0: [sdb] Attached SCSI disk
[    1.532463] usb 3-1: new high-speed USB device number 2 using xhci_hcd
[    1.545335] usb 3-1: New USB device found, idVendor=174c, idProduct=2074
[    1.545565] usb 3-1: New USB device strings: Mfr=2, Product=3, SerialNumber=0
[    1.545787] usb 3-1: Product: ASM107x
[    1.546005] usb 3-1: Manufacturer: ASUS Tek.
[    1.547600] hub 3-1:1.0: USB hub found
[    1.547985] hub 3-1:1.0: 4 ports detected
[    1.560483] tsc: Refined TSC clocksource calibration: 3700.113 MHz
[    1.667594] ata16: SATA link down (SStatus 0 SControl 300)
[    1.668717] Freeing unused kernel memory: 1424K (ffffffff81d0c000 - ffffffff81e70000)
[    1.669129] Write protecting the kernel read-only data: 12288k
[    1.671899] Freeing unused kernel memory: 1416K (ffff88000169e000 - ffff880001800000)
[    1.674195] Freeing unused kernel memory: 1112K (ffff880001aea000 - ffff880001c00000)
[    1.677001] systemd[1]: systemd 208 running in system mode. (+PAM +LIBWRAP +AUDIT +SELINUX +IMA +SYSVINIT +LIBCRYPTSETUP +GCRYPT +ACL +XZ)
[    1.677522] systemd[1]: Running in initial RAM disk.
[    1.678640] systemd[1]: Set hostname to <omen.com>.
[    1.695105] systemd[1]: Expecting device dev-disk-by\x2duuid-781079f5\x2de127\x2d4de3\x2dbeb9\x2da461c6145531.device...
[    1.695891] systemd[1]: Starting -.slice.
[    1.696633] systemd[1]: Created slice -.slice.
[    1.696860] systemd[1]: Starting System Slice.
[    1.697547] systemd[1]: Created slice System Slice.
[    1.697780] systemd[1]: Starting Slices.
[    1.698442] systemd[1]: Reached target Slices.
[    1.698671] systemd[1]: Starting Timers.
[    1.699322] systemd[1]: Reached target Timers.
[    1.699548] systemd[1]: Starting udev Kernel Socket.
[    1.700224] systemd[1]: Listening on udev Kernel Socket.
[    1.700450] systemd[1]: Starting udev Control Socket.
[    1.701133] systemd[1]: Listening on udev Control Socket.
[    1.701358] systemd[1]: Starting Journal Socket.
[    1.702041] systemd[1]: Listening on Journal Socket.
[    1.702319] systemd[1]: Starting dracut cmdline hook...
[    1.703089] systemd[1]: Starting Create list of required static device nodes for the current kernel...
[    1.704063] systemd[1]: Started Load Kernel Modules.
[    1.704290] systemd[1]: Starting Sockets.
[    1.704957] systemd[1]: Reached target Sockets.
[    1.705184] systemd[1]: Starting Setup Virtual Console...
[    1.705921] systemd[1]: Starting Journal Service...
[    1.707154] systemd[1]: Started Journal Service.
[    1.766731] systemd-udevd[270]: starting version 208
[    1.769884] usb 4-1: new SuperSpeed USB device number 2 using xhci_hcd
[    1.781153] wmi: Mapper loaded
[    1.793483] r8169 Gigabit Ethernet driver 2.3LK-NAPI loaded
[    1.793956] r8169 0000:0a:00.0: irq 91 for MSI/MSI-X
[    1.794102] r8169 0000:0a:00.0 eth0: RTL8168e/8111e at 0xffffc90003130000, 64:70:02:10:8a:ae, XID 0c200000 IRQ 91
[    1.794504] r8169 0000:0a:00.0 eth0: jumbo features [frames: 9200 bytes, tx checksumming: ko]
[    1.795403] [drm] Initialized drm 1.1.0 20060810
[    1.795583] r8169 Gigabit Ethernet driver 2.3LK-NAPI loaded
[    1.798079] r8169 0000:0c:00.0: irq 92 for MSI/MSI-X
[    1.798234] r8169 0000:0c:00.0 eth1: RTL8168g/8111g at 0xffffc90003132000, 40:16:7e:75:be:17, XID 0c000800 IRQ 92
[    1.798678] r8169 0000:0c:00.0 eth1: jumbo features [frames: 9200 bytes, tx checksumming: ko]
[    1.813287] MXM: GUID detected in BIOS
[    1.813775] nouveau  [  DEVICE][0000:01:00.0] BOOT0  : 0x0a8280a2
[    1.813995] nouveau  [  DEVICE][0000:01:00.0] Chipset: GT218 (NVA8)
[    1.814215] nouveau  [  DEVICE][0000:01:00.0] Family : NV50
[    1.815461] nouveau  [   VBIOS][0000:01:00.0] checking PRAMIN for image...
[    1.831609] usb 4-1: Parent hub missing LPM exit latency info.  Power management will be impacted.
[    1.875629] nouveau  [   VBIOS][0000:01:00.0] ... appears to be valid
[    1.875859] nouveau  [   VBIOS][0000:01:00.0] using image from PRAMIN
[    1.876151] nouveau  [   VBIOS][0000:01:00.0] BIT signature found
[    1.876372] nouveau  [   VBIOS][0000:01:00.0] version 70.18.36.00.00
[    1.876761] nouveau 0000:01:00.0: irq 93 for MSI/MSI-X
[    1.876769] nouveau  [     PMC][0000:01:00.0] MSI interrupts enabled
[    1.877015] nouveau W[     PFB][0000:01:00.0][0x00000000][ffff88081397c400] reclocking of this ram type unsupported
[    1.877415] nouveau  [     PFB][0000:01:00.0] RAM type: DDR2
[    1.877634] nouveau  [     PFB][0000:01:00.0] RAM size: 512 MiB
[    1.877870] nouveau  [     PFB][0000:01:00.0]    ZCOMP: 960 tags
[    1.881579] nouveau  [    VOLT][0000:01:00.0] GPU voltage: 900000uv
[    1.894180] usb 4-1: New USB device found, idVendor=174c, idProduct=3074
[    1.894423] usb 4-1: New USB device strings: Mfr=2, Product=3, SerialNumber=0
[    1.894661] usb 4-1: Product: ASM107x
[    1.894901] usb 4-1: Manufacturer: ASUS Tek.
[    1.898821] systemd-udevd[291]: renamed network interface eth1 to p5p1
[    1.906820] systemd-udevd[284]: renamed network interface eth0 to p3p1
[    1.908459] hub 4-1:1.0: USB hub found
[    1.921445] hub 4-1:1.0: 4 ports detected
[    2.080037] usb 1-1.1: new low-speed USB device number 3 using ehci-pci
[    2.173996] usb 1-1.1: New USB device found, idVendor=045e, idProduct=00b0
[    2.174226] usb 1-1.1: New USB device strings: Mfr=1, Product=2, SerialNumber=0
[    2.174632] usb 1-1.1: Product: Microsoft Digital Media Pro Keyboard
[    2.174860] usb 1-1.1: Manufacturer: Microsoft
[    2.178014] input: Microsoft Microsoft Digital Media Pro Keyboard as /devices/pci0000:00/0000:00:1a.0/usb1/1-1/1-1.1/1-1.1:1.0/input/input5
[    2.178509] hid-generic 0003:045E:00B0.0001: input,hidraw0: USB HID v1.11 Keyboard [Microsoft Microsoft Digital Media Pro Keyboard] on usb-0000:00:1a.0-1.1/input0
[    2.184438] input: Microsoft Microsoft Digital Media Pro Keyboard as /devices/pci0000:00/0000:00:1a.0/usb1/1-1/1-1.1/1-1.1:1.1/input/input6
[    2.184908] hid-generic 0003:045E:00B0.0002: input,hidraw1: USB HID v1.11 Device [Microsoft Microsoft Digital Media Pro Keyboard] on usb-0000:00:1a.0-1.1/input1
[    2.259199] usb 1-1.2: new low-speed USB device number 4 using ehci-pci
[    2.345548] usb 1-1.2: New USB device found, idVendor=046d, idProduct=c00c
[    2.345776] usb 1-1.2: New USB device strings: Mfr=1, Product=2, SerialNumber=0
[    2.346184] usb 1-1.2: Product: USB Mouse
[    2.346407] usb 1-1.2: Manufacturer: Logitech
[    2.351390] input: Logitech USB Mouse as /devices/pci0000:00/0000:00:1a.0/usb1/1-1/1-1.2/1-1.2:1.0/input/input7
[    2.351880] hid-generic 0003:046D:C00C.0003: input,hidraw2: USB HID v1.10 Mouse [Logitech USB Mouse] on usb-0000:00:1a.0-1.2/input0
[    2.425349] usb 2-1.3: new high-speed USB device number 3 using ehci-pci
[    2.510924] usb 2-1.3: New USB device found, idVendor=1a40, idProduct=0101
[    2.511153] usb 2-1.3: New USB device strings: Mfr=0, Product=1, SerialNumber=0
[    2.511562] usb 2-1.3: Product: USB 2.0 Hub [MTT]
[    2.511945] hub 2-1.3:1.0: USB hub found
[    2.512373] hub 2-1.3:1.0: 4 ports detected
[    2.522321] nouveau  [  PTHERM][0000:01:00.0] FAN control: none / external
[    2.522546] nouveau  [  PTHERM][0000:01:00.0] fan management: automatic
[    2.522778] nouveau  [  PTHERM][0000:01:00.0] internal sensor: yes
[    2.523016] nouveau  [     CLK][0000:01:00.0] 07: core 405 MHz shader 810 MHz memory 405 MHz
[    2.523429] nouveau  [     CLK][0000:01:00.0] 0f: core 589 MHz shader 1402 MHz memory 405 MHz
[    2.523851] nouveau  [     CLK][0000:01:00.0] --: core 405 MHz shader 810 MHz memory 405 MHz
[    2.524377] [TTM] Zone  kernel: Available graphics memory: 16442190 kiB
[    2.524596] [TTM] Zone   dma32: Available graphics memory: 2097152 kiB
[    2.524827] [TTM] Initializing pool allocator
[    2.525045] [TTM] Initializing DMA pool allocator
[    2.525267] nouveau  [     DRM] VRAM: 512 MiB
[    2.525501] nouveau  [     DRM] GART: 1048576 MiB
[    2.525720] nouveau  [     DRM] TMDS table version 2.0
[    2.525950] nouveau  [     DRM] DCB version 4.0
[    2.526167] nouveau  [     DRM] DCB outp 00: 01000302 00020030
[    2.526401] nouveau  [     DRM] DCB outp 01: 02000300 00000000
[    2.526620] nouveau  [     DRM] DCB outp 03: 02011362 00020010
[    2.526849] nouveau  [     DRM] DCB outp 04: 01022310 00000000
[    2.527068] nouveau  [     DRM] DCB conn 00: 00001030
[    2.527338] nouveau  [     DRM] DCB conn 01: 00202161
[    2.527594] nouveau  [     DRM] DCB conn 02: 00000200
[    2.545172] [drm] Supports vblank timestamp caching Rev 2 (21.10.2013).
[    2.545396] [drm] No driver support for vblank timestamp query.
[    2.562623] Switched to clocksource tsc
[    2.564907] nouveau  [     DRM] MM: using COPY for buffer copies
[    2.586493] usb 2-1.7: new full-speed USB device number 4 using ehci-pci
[    2.638666] nouveau  [     DRM] allocated 1920x1080 fb: 0x70000, bo ffff88080e5dbc00
[    2.639122] fbcon: nouveaufb (fb0) is primary device
[    2.673820] usb 2-1.7: New USB device found, idVendor=051d, idProduct=0002
[    2.673821] usb 2-1.7: New USB device strings: Mfr=1, Product=2, SerialNumber=3
[    2.673822] usb 2-1.7: Product: Back-UPS XS 1500G FW:866.L8 .D USB FW:L8 
[    2.673822] usb 2-1.7: Manufacturer: American Power Conversion
[    2.673823] usb 2-1.7: SerialNumber: 4B1338P11929  
[    2.687643] hid-generic 0003:051D:0002.0004: hiddev0,hidraw3: USB HID v1.00 Device [American Power Conversion Back-UPS XS 1500G FW:866.L8 .D USB FW:L8 ] on usb-0000:00:1d.0-1.7/input0
[    2.702854] Console: switching to colour frame buffer device 240x67
[    2.706208] nouveau 0000:01:00.0: fb0: nouveaufb frame buffer device
[    2.706209] nouveau 0000:01:00.0: registered panic notifier
[    2.706211] [drm] Initialized nouveau 1.1.1 20120801 for 0000:01:00.0 on minor 0
[    2.714289] PM: Starting manual resume from disk
[    2.714297] PM: Hibernation image partition 8:39 present
[    2.714298] PM: Looking for hibernation image.
[    2.714386] PM: Image not found (code -22)
[    2.714388] PM: Hibernation image not present or could not be loaded.
[    2.753464] EXT4-fs (sdc4): mounted filesystem with ordered data mode. Opts: (null)
[    2.760653] usb 2-1.8: new full-speed USB device number 5 using ehci-pci
[    2.847479] usb 2-1.8: New USB device found, idVendor=0557, idProduct=2008
[    2.847485] usb 2-1.8: New USB device strings: Mfr=1, Product=2, SerialNumber=0
[    2.847488] usb 2-1.8: Product: USB-Serial Controller
[    2.847490] usb 2-1.8: Manufacturer: Prolific Technology Inc.
[    2.909789] usb 2-1.3.4: new high-speed USB device number 6 using ehci-pci
[    2.985359] usb 2-1.3.4: New USB device found, idVendor=1a40, idProduct=0101
[    2.985374] usb 2-1.3.4: New USB device strings: Mfr=0, Product=1, SerialNumber=0
[    2.985391] usb 2-1.3.4: Product: USB 2.0 Hub [MTT]
[    2.985624] hub 2-1.3.4:1.0: USB hub found
[    2.985739] hub 2-1.3.4:1.0: 4 ports detected
[    3.002008] systemd-journald[169]: Received SIGTERM
[    3.248095] usb 2-1.3.4.4: new low-speed USB device number 7 using ehci-pci
[    3.327165] usb 2-1.3.4.4: New USB device found, idVendor=0fde, idProduct=ca01
[    3.327171] usb 2-1.3.4.4: New USB device strings: Mfr=0, Product=1, SerialNumber=0
[    3.327175] usb 2-1.3.4.4: Product: Universal Bridge
[    3.330100] hid-generic 0003:0FDE:CA01.0005: hiddev0,hidraw4: USB HID v1.10 Device [Universal Bridge] on usb-0000:00:1d.0-1.3.4.4/input0
[    3.503491] SELinux:  Disabled at runtime.
[    3.503730] SELinux:  Unregistering netfilter hooks
[    3.538231] type=1404 audit(1397991930.016:2): selinux=0 auid=4294967295 ses=4294967295
[    5.157216] systemd-readahead[441]: Bumped block_nr parameter of 8:32 to 20480. This is a temporary hack and should be removed one day.
[    5.456987] systemd[1]: Got automount request for /proc/sys/fs/binfmt_misc, triggered by 452 (systemd-binfmt)
[    6.238608] RPC: Registered named UNIX socket transport module.
[    6.238809] RPC: Registered udp transport module.
[    6.239213] RPC: Registered tcp transport module.
[    6.239865] RPC: Registered tcp NFSv4.1 backchannel transport module.
[    6.247017] Installing knfsd (copyright (C) 1996 okir@monad.swb.de).
[    6.595164] EXT4-fs (sdc4): re-mounted. Opts: (null)
[    6.626859] systemd-udevd[490]: starting version 208
[    6.748800] shpchp: Standard Hot Plug PCI Controller Driver version: 0.4
[    6.753837] mei_me 0000:00:16.0: irq 94 for MSI/MSI-X
[    6.767731] parport0: PC-style at 0xa010 (0xa000), irq 18 [PCSPP,TRISTATE]
[    6.773557] ACPI Warning: 0x0000000000000530-0x000000000000053f SystemIO conflicts with Region \_SB_.PCI0.SBRG.GPBX 1 (20131115/utaddress-251)
[    6.773737] ACPI: If an ACPI driver is available for this device, you should use it instead of the native driver
[    6.774344] ACPI Warning: 0x0000000000000500-0x000000000000052f SystemIO conflicts with Region \_SB_.PCI0.SBRG.GPBX 1 (20131115/utaddress-251)
[    6.775058] ACPI: If an ACPI driver is available for this device, you should use it instead of the native driver
[    6.775827] lpc_ich: Resource conflict(s) found affecting gpio_ich
[    6.781537] i801_smbus 0000:00:1f.3: SMBus using PCI Interrupt
[    6.782240] snd_hda_intel 0000:00:1b.0: irq 95 for MSI/MSI-X
[    6.784003] EDAC MC: Ver: 3.0.0
[    6.785223] EDAC sbridge: Seeking for: dev 0e.0 PCI ID 8086:0ea0
[    6.785418] EDAC sbridge: Seeking for: dev 0e.0 PCI ID 8086:0ea0
[    6.786077] EDAC sbridge: Seeking for: dev 0f.0 PCI ID 8086:0ea8
[    6.786861] EDAC sbridge: Seeking for: dev 0f.0 PCI ID 8086:0ea8
[    6.787630] EDAC sbridge: Seeking for: dev 0f.1 PCI ID 8086:0e71
[    6.788394] EDAC sbridge: Seeking for: dev 0f.1 PCI ID 8086:0e71
[    6.789141] EDAC sbridge: Seeking for: dev 0f.2 PCI ID 8086:0eaa
[    6.789891] EDAC sbridge: Seeking for: dev 0f.2 PCI ID 8086:0eaa
[    6.790623] EDAC sbridge: Seeking for: dev 0f.3 PCI ID 8086:0eab
[    6.791360] EDAC sbridge: Seeking for: dev 0f.3 PCI ID 8086:0eab
[    6.792077] EDAC sbridge: Seeking for: dev 0f.4 PCI ID 8086:0eac
[    6.792803] EDAC sbridge: Seeking for: dev 0f.4 PCI ID 8086:0eac
[    6.792821] microcode: CPU0 sig=0x306e4, pf=0x4, revision=0x416
[    6.794151] EDAC sbridge: Seeking for: dev 0f.5 PCI ID 8086:0ead
[    6.794837] EDAC sbridge: Seeking for: dev 0f.5 PCI ID 8086:0ead
[    6.795514] EDAC sbridge: Seeking for: dev 16.0 PCI ID 8086:0ec8
[    6.796195] EDAC sbridge: Seeking for: dev 16.0 PCI ID 8086:0ec8
[    6.796862] EDAC sbridge: Seeking for: dev 16.1 PCI ID 8086:0ec9
[    6.797536] EDAC sbridge: Seeking for: dev 16.1 PCI ID 8086:0ec9
[    6.797703] hda_codec: ALC1150: SKU not ready 0x00000000
[    6.798113] ALSA sound/pci/hda/hda_auto_parser.c:393 autoconfig: line_outs=3 (0x14/0x15/0x16/0x0/0x0) type:line
[    6.798114] ALSA sound/pci/hda/hda_auto_parser.c:397    speaker_outs=0 (0x0/0x0/0x0/0x0/0x0)
[    6.798116] ALSA sound/pci/hda/hda_auto_parser.c:401    hp_outs=1 (0x1b/0x0/0x0/0x0/0x0)
[    6.798116] ALSA sound/pci/hda/hda_auto_parser.c:402    mono: mono_out=0x0
[    6.798117] ALSA sound/pci/hda/hda_auto_parser.c:405    dig-out=0x11/0x1e
[    6.798117] ALSA sound/pci/hda/hda_auto_parser.c:406    inputs:
[    6.798118] ALSA sound/pci/hda/hda_auto_parser.c:410      Front Mic=0x19
[    6.798119] ALSA sound/pci/hda/hda_auto_parser.c:410      Rear Mic=0x18
[    6.798120] ALSA sound/pci/hda/hda_auto_parser.c:410      Line=0x1a
[    6.798121] ALSA sound/pci/hda/patch_realtek.c:491 realtek: No valid SSID, checking pincfg 0x00000000 for NID 0x1d
[    6.798121] ALSA sound/pci/hda/patch_realtek.c:572 realtek: Enable default setup for auto mode as fallback
[    6.798857] EDAC sbridge: Seeking for: dev 16.2 PCI ID 8086:0eca
[    6.799499] EDAC sbridge: Seeking for: dev 16.2 PCI ID 8086:0eca
[    6.800123] EDAC sbridge: Seeking for: dev 1c.0 PCI ID 8086:0e60
[    6.800749] EDAC sbridge: Seeking for: dev 1d.2 PCI ID 8086:0e6a
[    6.801365] EDAC sbridge: Seeking for: dev 1d.3 PCI ID 8086:0e6b
[    6.801964] EDAC sbridge: Seeking for: dev 11.0 PCI ID 8086:0eb8
[    6.802563] EDAC sbridge: Seeking for: dev 11.4 PCI ID 8086:0ebc
[    6.803140] EDAC sbridge: ECC is disabled. Aborting
[    6.803725] EDAC sbridge: Couldn't find mci handler
[    6.809171] input: HDA Intel PCH Front Headphone as /devices/pci0000:00/0000:00:1b.0/sound/card1/input14
[    6.809362] input: HDA Intel PCH Line Out CLFE as /devices/pci0000:00/0000:00:1b.0/sound/card1/input13
[    6.809658] input: HDA Intel PCH Line Out Surround as /devices/pci0000:00/0000:00:1b.0/sound/card1/input12
[    6.810243] input: HDA Intel PCH Line Out Front as /devices/pci0000:00/0000:00:1b.0/sound/card1/input11
[    6.810820] input: HDA Intel PCH Line as /devices/pci0000:00/0000:00:1b.0/sound/card1/input10
[    6.811400] input: HDA Intel PCH Rear Mic as /devices/pci0000:00/0000:00:1b.0/sound/card1/input9
[    6.811986] input: HDA Intel PCH Front Mic as /devices/pci0000:00/0000:00:1b.0/sound/card1/input8
[    6.812715] hda_intel: Disabling MSI
[    6.813145] ALSA sound/pci/hda/hda_intel.c:3173 0000:01:00.1: Handle VGA-switcheroo audio client
[    6.813775] ALSA sound/pci/hda/hda_intel.c:3657 0000:01:00.1: Disabling 64bit DMA
[    6.817034] ALSA sound/pci/hda/hda_intel.c:1760 0000:01:00.1: Enable delay in RIRB handling
[    6.891008] microcode: CPU1 sig=0x306e4, pf=0x4, revision=0x416
[    6.891851] microcode: CPU2 sig=0x306e4, pf=0x4, revision=0x416
[    6.893080] microcode: CPU3 sig=0x306e4, pf=0x4, revision=0x416
[    6.893910] microcode: CPU4 sig=0x306e4, pf=0x4, revision=0x416
[    6.894759] microcode: CPU5 sig=0x306e4, pf=0x4, revision=0x416
[    6.895558] microcode: CPU6 sig=0x306e4, pf=0x4, revision=0x416
[    6.895836] microcode: CPU7 sig=0x306e4, pf=0x4, revision=0x416
[    6.896673] microcode: Microcode Update Driver: v2.00 <tigran@aivazian.fsnet.co.uk>, Peter Oruba
[    6.901422] alg: No test for crc32 (crc32-pclmul)
[    7.415792] input: HDA NVidia HDMI/DP,pcm=9 as /devices/pci0000:00/0000:00:02.0/0000:01:00.1/sound/card2/input18
[    7.415962] input: HDA NVidia HDMI/DP,pcm=8 as /devices/pci0000:00/0000:00:02.0/0000:01:00.1/sound/card2/input17
[    7.416236] input: HDA NVidia HDMI/DP,pcm=7 as /devices/pci0000:00/0000:00:02.0/0000:01:00.1/sound/card2/input16
[    7.416790] input: HDA NVidia HDMI/DP,pcm=3 as /devices/pci0000:00/0000:00:02.0/0000:01:00.1/sound/card2/input15
[    7.619802] ppdev: user-space parallel port driver
[    7.619982] iTCO_vendor_support: vendor-support=0
[    7.620720] iTCO_wdt: Intel TCO WatchDog Timer Driver v1.10
[    7.621056] iTCO_wdt: Found a Patsburg TCO device (Version=2, TCOBASE=0x0460)
[    7.621596] iTCO_wdt: initialized. heartbeat=30 sec (nowayout=0)
[    7.630660] asus_wmi: ASUS WMI generic driver loaded
[    7.631631] asus_wmi: Initialization: 0x0
[    7.631763] asus_wmi: BIOS WMI version: 0.9
[    7.631990] asus_wmi: SFUN value: 0x0
[    7.632643] input: Eee PC WMI hotkeys as /devices/platform/eeepc-wmi/input/input19
[    7.633657] asus_wmi: Disabling ACPI video driver
[    7.761705] EXT4-fs (sdf3): mounted filesystem with ordered data mode. Opts: (null)
[    7.871031] EXT4-fs (sdd1): mounted filesystem with ordered data mode. Opts: (null)
[    7.890310] EXT4-fs (sdi2): mounted filesystem with ordered data mode. Opts: (null)
[    7.962865] EXT4-fs (sdg1): mounted filesystem with ordered data mode. Opts: (null)
[    7.974366] EXT4-fs (sda1): mounted filesystem with ordered data mode. Opts: (null)
[    8.020254] EXT4-fs (sdb1): mounted filesystem with ordered data mode. Opts: (null)
[    8.251792] usbcore: registered new interface driver pl2303
[    8.251964] usbserial: USB Serial support registered for pl2303
[    8.252743] pl2303 2-1.8:1.0: pl2303 converter detected
[    8.256685] usb 2-1.8: pl2303 converter now attached to ttyUSB0
[    8.457423] EXT4-fs (sdb2): mounted filesystem with ordered data mode. Opts: (null)
[    8.531030] EXT4-fs (sde1): mounted filesystem with ordered data mode. Opts: (null)
[    8.775139] Adding 32767996k swap on /dev/sdc7.  Priority:-1 extents:1 across:32767996k FS
[    9.381078] EXT4-fs (sdc5): mounted filesystem with ordered data mode. Opts: (null)
[    9.515681] EXT4-fs (sdh5): mounted filesystem with ordered data mode. Opts: (null)
[    9.549634] EXT4-fs (sdh7): mounted filesystem with ordered data mode. Opts: (null)
[    9.571226] EXT4-fs (sdc3): mounted filesystem with ordered data mode. Opts: (null)
[    9.962741] EXT4-fs (sdc6): mounted filesystem with ordered data mode. Opts: (null)
[   10.344991] EXT4-fs (sdc8): mounted filesystem with ordered data mode. Opts: (null)
[   10.351413] systemd-journald[451]: Received request to flush runtime journal from PID 1
[   10.896441] type=1305 audit(1397991937.367:3): audit_pid=1040 old=0 auid=4294967295 ses=4294967295 res=1
[   11.971077] nf_conntrack version 0.5.0 (16384 buckets, 65536 max)
[   11.978405] ip6_tables: (C) 2000-2006 Netfilter Core Team
[   11.994714] Ebtables v2.0 registered
[   12.001170] Bridge firewalling registered
[   18.056755] cfg80211: Calling CRDA to update world regulatory domain
[   18.958751] cfg80211: World regulatory domain updated:
[   18.958752] cfg80211:   (start_freq - end_freq @ bandwidth), (max_antenna_gain, max_eirp)
[   18.958753] cfg80211:   (2402000 KHz - 2472000 KHz @ 40000 KHz), (N/A, 2000 mBm)
[   18.958754] cfg80211:   (2457000 KHz - 2482000 KHz @ 40000 KHz), (N/A, 2000 mBm)
[   18.958755] cfg80211:   (2474000 KHz - 2494000 KHz @ 20000 KHz), (N/A, 2000 mBm)
[   18.958756] cfg80211:   (5170000 KHz - 5250000 KHz @ 80000 KHz), (N/A, 2000 mBm)
[   18.958756] cfg80211:   (5735000 KHz - 5835000 KHz @ 80000 KHz), (N/A, 2000 mBm)
[   18.958757] cfg80211:   (57240000 KHz - 63720000 KHz @ 2160000 KHz), (N/A, 0 mBm)
[   19.820121] ipt_MASQUERADE: lo ate my IP address
[   19.996920] r8169 0000:0a:00.0 p3p1: link down
[   19.996930] r8169 0000:0a:00.0 p3p1: link down
[   19.996953] IPv6: ADDRCONF(NETDEV_UP): p3p1: link is not ready
[   20.194454] r8169 0000:0c:00.0 p5p1: link down
[   20.194483] r8169 0000:0c:00.0 p5p1: link down
[   20.194506] IPv6: ADDRCONF(NETDEV_UP): p5p1: link is not ready
[   22.367752] r8169 0000:0a:00.0 p3p1: link up
[   22.367760] IPv6: ADDRCONF(NETDEV_CHANGE): p3p1: link becomes ready
[   23.307694] Bluetooth: Core ver 2.17
[   23.307710] NET: Registered protocol family 31
[   23.307711] Bluetooth: HCI device and connection manager initialized
[   23.307719] Bluetooth: HCI socket layer initialized
[   23.307720] Bluetooth: L2CAP socket layer initialized
[   23.307723] Bluetooth: SCO socket layer initialized
[   23.357251] r8169 0000:0c:00.0 p5p1: link up
[   23.357258] IPv6: ADDRCONF(NETDEV_CHANGE): p5p1: link becomes ready
[   23.672922] Bluetooth: BNEP (Ethernet Emulation) ver 1.3
[   23.672926] Bluetooth: BNEP filters: protocol multicast
[   23.672935] Bluetooth: BNEP socket layer initialized
[   25.875040] tun: Universal TUN/TAP device driver, 1.6
[   25.875043] tun: (C) 1999-2004 Max Krasnyansky <maxk@qualcomm.com>
[   25.895577] device virbr0-nic entered promiscuous mode
[   26.006579] NFSD: starting 90-second grace period (net ffffffff81cc7cc0)
[   27.635325] virbr0: port 1(virbr0-nic) entered listening state
[   27.635332] virbr0: port 1(virbr0-nic) entered listening state
[   27.635372] IPv6: ADDRCONF(NETDEV_UP): virbr0: link is not ready
[   27.637457] virbr0: port 1(virbr0-nic) entered disabled state
[   29.371313] device virbr0-nic left promiscuous mode
[   29.371325] virbr0: port 1(virbr0-nic) entered disabled state
[   44.594037] fuse init (API version 7.22)
[   50.563750] Adjusting tsc more than 11% (2529280 vs 2516505)
[  121.749927] FS-Cache: Loaded
[  121.758717] Key type dns_resolver registered
[  121.773541] FS-Cache: Netfs 'cifs' registered for caching
[  121.773636] Key type cifs.spnego registered
[  121.773644] Key type cifs.idmap registered
[  396.184573] traps: polkitd[1227] general protection ip:7f2b74e35022 sp:7fff087e6e60 error:0 in libmozjs-17.0.so[7f2b74cf6000+3b3000]
[  816.478867] traps: polkitd[6960] general protection ip:7f163d493022 sp:7fffb9c53fd0 error:0 in libmozjs-17.0.so[7f163d354000+3b3000]
[ 1235.589429] traps: polkitd[10778] general protection ip:7faa048d0022 sp:7fff6c5de460 error:0 in libmozjs-17.0.so[7faa04791000+3b3000]
[ 1655.959330] traps: polkitd[14218] general protection ip:7f7fae352022 sp:7fff3715beb0 error:0 in libmozjs-17.0.so[7f7fae213000+3b3000]
[ 1852.961560] ata9.00: exception Emask 0x0 SAct 0x0 SErr 0x0 action 0x6 frozen
[ 1852.961564] ata9.00: failed command: SMART
[ 1852.961567] ata9.00: cmd b0/d0:01:00:4f:c2/00:00:00:00:00/00 tag 0 pio 512 in
         res 40/00:00:00:4f:c2/00:00:00:00:00/00 Emask 0x4 (timeout)
[ 1852.961568] ata9.00: status: { DRDY }
[ 1852.961571] ata9: hard resetting link
[ 1853.268837] ata9: SATA link up 6.0 Gbps (SStatus 133 SControl 300)
[ 1853.272077] ata9.00: configured for UDMA/133
[ 1853.272088] ata9: EH complete
[ 1860.936763] ata9.00: exception Emask 0x0 SAct 0x0 SErr 0x0 action 0x6 frozen
[ 1860.936767] ata9.00: failed command: SMART
[ 1860.936770] ata9.00: cmd b0/d1:01:00:4f:c2/00:00:00:00:00/00 tag 0 pio 512 in
         res 40/00:ff:00:00:00/00:00:00:00:00/00 Emask 0x4 (timeout)
[ 1860.936771] ata9.00: status: { DRDY }
[ 1860.936774] ata9: hard resetting link
[ 1861.245041] ata9: SATA link up 6.0 Gbps (SStatus 133 SControl 300)
[ 1861.248270] ata9.00: configured for UDMA/133
[ 1861.248286] ata9: EH complete
[ 2076.962348] traps: polkitd[17627] general protection ip:7fce87982022 sp:7fff6b4feb20 error:0 in libmozjs-17.0.so[7fce87843000+3b3000]
[ 2497.624350] traps: polkitd[21057] general protection ip:7f9bb1f44022 sp:7fffea97d220 error:0 in libmozjs-17.0.so[7f9bb1e05000+3b3000]
[ 2918.919630] traps: polkitd[24439] general protection ip:7f8651a0e022 sp:7fffc5d7e3b0 error:0 in libmozjs-17.0.so[7f86518cf000+3b3000]
[ 3338.699739] traps: polkitd[27794] general protection ip:7f329d28f022 sp:7fff56627e40 error:0 in libmozjs-17.0.so[7f329d150000+3b3000]
[ 5079.791070] traps: polkitd[31166] general protection ip:7fa99fc21022 sp:7fff74f4cb50 error:0 in libmozjs-17.0.so[7fa99fae2000+3b3000]
[ 6485.473195] perf samples too long (2511 > 2500), lowering kernel.perf_event_max_sample_rate to 50000
[ 7864.340425] ata9.00: exception Emask 0x0 SAct 0x0 SErr 0x0 action 0x6 frozen
[ 7864.340430] ata9.00: failed command: SMART
[ 7864.340434] ata9.00: cmd b0/d1:01:00:4f:c2/00:00:00:00:00/00 tag 0 pio 512 in
         res 40/00:ff:00:00:00/00:00:00:00:00/00 Emask 0x4 (timeout)
[ 7864.340435] ata9.00: status: { DRDY }
[ 7864.340438] ata9: hard resetting link
[ 7864.647689] ata9: SATA link up 6.0 Gbps (SStatus 133 SControl 300)
[ 7864.650910] ata9.00: configured for UDMA/133
[ 7864.650929] ata9: EH complete
[ 9045.450878] polkitd[13378]: segfault at 7f1da2a1e5b8 ip 00007f1da2a1e5b8 sp 00007fff827c0f88 error 15
[ 9663.980661] ata9.00: exception Emask 0x0 SAct 0x0 SErr 0x0 action 0x6 frozen
[ 9663.980667] ata9.00: failed command: IDENTIFY DEVICE
[ 9663.980672] ata9.00: cmd ec/00:01:00:00:00/00:00:00:00:00/00 tag 0 pio 512 in
         res 40/00:00:00:4f:c2/00:00:00:00:00/00 Emask 0x4 (timeout)
[ 9663.980674] ata9.00: status: { DRDY }
[ 9663.980678] ata9: hard resetting link
[ 9669.341486] ata9: link is slow to respond, please be patient (ready=0)
[ 9674.037726] ata9: COMRESET failed (errno=-16)
[ 9674.037730] ata9: hard resetting link
[ 9679.396589] ata9: link is slow to respond, please be patient (ready=0)
[ 9684.092809] ata9: COMRESET failed (errno=-16)
[ 9684.092812] ata9: hard resetting link
[ 9689.451639] ata9: link is slow to respond, please be patient (ready=0)
[ 9694.992651] ata7.00: exception Emask 0x0 SAct 0x1 SErr 0x0 action 0x6 frozen
[ 9694.992655] ata7.00: failed command: WRITE FPDMA QUEUED
[ 9694.992657] ata7.00: cmd 61/60:00:78:fc:c5/00:00:e8:00:00/40 tag 0 ncq 49152 out
         res 40/00:00:00:4f:c2/00:00:00:00:00/00 Emask 0x4 (timeout)
[ 9694.992658] ata7.00: status: { DRDY }
[ 9694.992661] ata7: hard resetting link
[ 9695.798376] ata7: SATA link up 6.0 Gbps (SStatus 133 SControl 300)
[ 9700.802888] ata7.00: qc timeout (cmd 0xec)
[ 9701.303340] ata7.00: failed to IDENTIFY (I/O error, err_mask=0x4)
[ 9701.303343] ata7.00: revalidation failed (errno=-5)
[ 9701.303346] ata7: hard resetting link
[ 9702.110121] ata7: SATA link up 6.0 Gbps (SStatus 133 SControl 300)
[ 9712.119108] ata7.00: qc timeout (cmd 0xec)
[ 9712.619553] ata7.00: failed to IDENTIFY (I/O error, err_mask=0x4)
[ 9712.619557] ata7.00: revalidation failed (errno=-5)
[ 9712.619559] ata7: limiting SATA link speed to 3.0 Gbps
[ 9712.619562] ata7: hard resetting link
[ 9713.425332] ata7: SATA link up 6.0 Gbps (SStatus 133 SControl 320)
[ 9719.160460] ata9: COMRESET failed (errno=-16)
[ 9719.160464] ata9: limiting SATA link speed to 3.0 Gbps
[ 9719.160466] ata9: hard resetting link
[ 9724.213019] ata9: COMRESET failed (errno=-16)
[ 9724.213024] ata9: reset failed, giving up
[ 9724.213026] ata9.00: disabled
[ 9724.213043] ata9: EH complete
[ 9733.051003] ata8.00: exception Emask 0x0 SAct 0x0 SErr 0x0 action 0x6 frozen
[ 9733.051007] ata8.00: failed command: IDENTIFY DEVICE
[ 9733.051010] ata8.00: cmd ec/00:01:00:00:00/00:00:00:00:00/00 tag 0 pio 512 in
         res 40/00:00:00:4f:c2/00:00:00:00:00/00 Emask 0x4 (timeout)
[ 9733.051011] ata8.00: status: { DRDY }
[ 9733.051013] ata8: hard resetting link
[ 9733.856734] ata8: SATA link up 6.0 Gbps (SStatus 133 SControl 300)
[ 9734.043904] ata10.00: exception Emask 0x0 SAct 0x7ff SErr 0x0 action 0x6 frozen
[ 9734.043907] ata10.00: failed command: WRITE FPDMA QUEUED
[ 9734.043910] ata10.00: cmd 61/08:00:a0:da:7a/00:00:12:00:00/40 tag 0 ncq 4096 out
         res 40/00:00:00:4f:c2/00:00:00:00:00/00 Emask 0x4 (timeout)
[ 9734.043911] ata10.00: status: { DRDY }
[ 9734.043912] ata10.00: failed command: WRITE FPDMA QUEUED
[ 9734.043914] ata10.00: cmd 61/08:08:10:d8:fa/00:00:13:00:00/40 tag 1 ncq 4096 out
         res 40/00:00:00:00:00/00:00:00:00:00/00 Emask 0x4 (timeout)
[ 9734.043915] ata10.00: status: { DRDY }
[ 9734.043916] ata10.00: failed command: WRITE FPDMA QUEUED
[ 9734.043917] ata10.00: cmd 61/08:10:40:e1:ba/00:00:10:00:00/40 tag 2 ncq 4096 out
         res 40/00:00:00:00:00/00:00:00:00:00/00 Emask 0x4 (timeout)
[ 9734.043918] ata10.00: status: { DRDY }
[ 9734.043919] ata10.00: failed command: WRITE FPDMA QUEUED
[ 9734.043921] ata10.00: cmd 61/08:18:78:d8:ba/00:00:10:00:00/40 tag 3 ncq 4096 out
         res 40/00:00:00:00:00/00:00:00:00:00/00 Emask 0x4 (timeout)
[ 9734.043922] ata10.00: status: { DRDY }
[ 9734.043922] ata10.00: failed command: WRITE FPDMA QUEUED
[ 9734.043924] ata10.00: cmd 61/08:20:48:d8:ba/00:00:10:00:00/40 tag 4 ncq 4096 out
         res 40/00:00:00:00:00/00:00:00:00:00/00 Emask 0x4 (timeout)
[ 9734.043925] ata10.00: status: { DRDY }
[ 9734.043926] ata10.00: failed command: WRITE FPDMA QUEUED
[ 9734.043927] ata10.00: cmd 61/18:28:00:d8:7a/00:00:10:00:00/40 tag 5 ncq 12288 out
         res 40/00:00:00:00:00/00:00:00:00:00/00 Emask 0x4 (timeout)
[ 9734.043928] ata10.00: status: { DRDY }
[ 9734.043929] ata10.00: failed command: READ FPDMA QUEUED
[ 9734.043931] ata10.00: cmd 60/08:30:d8:fc:ba/00:00:12:00:00/40 tag 6 ncq 4096 in
         res 40/00:00:00:00:00/00:00:00:00:00/00 Emask 0x4 (timeout)
[ 9734.043932] ata10.00: status: { DRDY }
[ 9734.043932] ata10.00: failed command: READ FPDMA QUEUED
[ 9734.043934] ata10.00: cmd 60/08:38:f8:fc:ba/00:00:12:00:00/40 tag 7 ncq 4096 in
         res 40/00:00:00:00:00/00:00:00:00:00/00 Emask 0x4 (timeout)
[ 9734.043935] ata10.00: status: { DRDY }
[ 9734.043936] ata10.00: failed command: READ FPDMA QUEUED
[ 9734.043937] ata10.00: cmd 60/10:40:b0:fc:ba/00:00:12:00:00/40 tag 8 ncq 8192 in
         res 40/00:00:00:00:00/00:00:00:00:00/00 Emask 0x4 (timeout)
[ 9734.043938] ata10.00: status: { DRDY }
[ 9734.043939] ata10.00: failed command: READ FPDMA QUEUED
[ 9734.043941] ata10.00: cmd 60/10:48:78:fc:ba/00:00:12:00:00/40 tag 9 ncq 8192 in
         res 40/00:00:00:00:00/00:00:00:00:00/00 Emask 0x4 (timeout)
[ 9734.043942] ata10.00: status: { DRDY }
[ 9734.043942] ata10.00: failed command: WRITE FPDMA QUEUED
[ 9734.043944] ata10.00: cmd 61/10:50:58:78:3f/00:00:12:00:00/40 tag 10 ncq 8192 out
         res 40/00:00:00:00:00/00:00:00:00:00/00 Emask 0x4 (timeout)
[ 9734.043945] ata10.00: status: { DRDY }
[ 9734.043947] ata10: hard resetting link
[ 9734.849626] ata10: SATA link up 6.0 Gbps (SStatus 133 SControl 300)
[ 9738.861253] ata8.00: qc timeout (cmd 0xec)
[ 9739.361693] ata8.00: failed to IDENTIFY (I/O error, err_mask=0x4)
[ 9739.361696] ata8.00: revalidation failed (errno=-5)
[ 9739.361700] ata8: hard resetting link
[ 9739.854153] ata10.00: qc timeout (cmd 0xec)
[ 9740.168426] ata8: SATA link up 6.0 Gbps (SStatus 133 SControl 300)
[ 9740.354591] ata10.00: failed to IDENTIFY (I/O error, err_mask=0x4)
[ 9740.354594] ata10.00: revalidation failed (errno=-5)
[ 9740.354598] ata10: hard resetting link
[ 9741.160328] ata10: SATA link up 6.0 Gbps (SStatus 133 SControl 300)
[ 9743.452395] ata7.00: qc timeout (cmd 0xec)
[ 9743.952837] ata7.00: failed to IDENTIFY (I/O error, err_mask=0x4)
[ 9743.952840] ata7.00: revalidation failed (errno=-5)
[ 9743.952842] ata7.00: disabled
[ 9743.952847] ata7.00: device reported invalid CHS sector 0
[ 9744.453298] ata7: hard resetting link
[ 9745.259021] ata7: SATA link up 6.0 Gbps (SStatus 133 SControl 320)
[ 9745.759472] ata7: EH complete
[ 9745.759491] sd 6:0:0:0: [sde] Unhandled error code
[ 9745.759493] sd 6:0:0:0: [sde]  
[ 9745.759494] Result: hostbyte=DID_BAD_TARGET driverbyte=DRIVER_OK
[ 9745.759494] sd 6:0:0:0: [sde] CDB: 
[ 9745.759495] Write(16): 8a 00 00 00 00 00 e8 c5 fc 78 00 00 00 60 00 00
[ 9745.759500] end_request: I/O error, dev sde, sector 3905289336
[ 9745.759518] Aborting journal on device sde1-8.
[ 9745.759529] EXT4-fs error (device sde1) in ext4_reserve_inode_write:4849: Journal has aborted
[ 9745.759530] EXT4-fs error (device sde1) in add_dirent_to_buf:1722: Journal has aborted
[ 9745.759544] sd 6:0:0:0: [sde] Unhandled error code
[ 9745.759546] sd 6:0:0:0: [sde]  
[ 9745.759547] sd 6:0:0:0: [sde] Unhandled error code
[ 9745.759547] sd 6:0:0:0: [sde]  
[ 9745.759548] Result: hostbyte=DID_BAD_TARGET driverbyte=DRIVER_OK
[ 9745.759549] sd 6:0:0:0: [sde] CDB: 
[ 9745.759551] Result: hostbyte=DID_BAD_TARGET driverbyte=DRIVER_OK
[ 9745.759552] sd 6:0:0:0: [sde] CDB: 
[ 9745.759550] Write(16): 8a
[ 9745.759553] Write(16)
[ 9745.759554] :
[ 9745.759554]  8a
[ 9745.759555]  00
[ 9745.759555]  00
[ 9745.759555]  00
[ 9745.759556]  00
[ 9745.759556]  00
[ 9745.759557]  e8
[ 9745.759557]  c4
[ 9745.759557]  08
[ 9745.759558]  00
[ 9745.759558]  00
[ 9745.759558]  00
[ 9745.759559]  00
[ 9745.759559]  08
[ 9745.759559]  00
[ 9745.759560]  00

