[    0.000000] microcode: CPU0 microcode updated early to revision 0x1e, date = 2015-08-13
[    0.000000] Initializing cgroup subsys cpuset
[    0.000000] Initializing cgroup subsys cpu
[    0.000000] Initializing cgroup subsys cpuacct
[    0.000000] Linux version 4.4.8-300.fc23.x86_64 (mockbuild@bkernel01.phx2.fedoraproject.org) (gcc version 5.3.1 20160406 (Red Hat 5.3.1-6) (GCC) ) #1 SMP Wed Apr 20 16:59:27 UTC 2016
[    0.000000] Command line: BOOT_IMAGE=/vmlinuz-4.4.8-300.fc23.x86_64 root=/dev/mapper/vg_red-root ro rd.luks.uuid=luks-1bae8b30-e4e8-4006-9ea1-9accbb518d2c rd.lvm.lv=vg_red/root rd.lvm.lv=vg_red/swap LANG=en_US.UTF-8 "acpi_osi=!Windows 2013"
[    0.000000] x86/fpu: xstate_offset[2]:  576, xstate_sizes[2]:  256
[    0.000000] x86/fpu: Supporting XSAVE feature 0x01: 'x87 floating point registers'
[    0.000000] x86/fpu: Supporting XSAVE feature 0x02: 'SSE registers'
[    0.000000] x86/fpu: Supporting XSAVE feature 0x04: 'AVX registers'
[    0.000000] x86/fpu: Enabled xstate features 0x7, context size is 832 bytes, using 'standard' format.
[    0.000000] x86/fpu: Using 'eager' FPU context switches.
[    0.000000] e820: BIOS-provided physical RAM map:
[    0.000000] BIOS-e820: [mem 0x0000000000000000-0x0000000000057fff] usable
[    0.000000] BIOS-e820: [mem 0x0000000000058000-0x0000000000058fff] reserved
[    0.000000] BIOS-e820: [mem 0x0000000000059000-0x000000000009bfff] usable
[    0.000000] BIOS-e820: [mem 0x000000000009c000-0x000000000009cfff] reserved
[    0.000000] BIOS-e820: [mem 0x000000000009d000-0x000000000009dfff] usable
[    0.000000] BIOS-e820: [mem 0x000000000009e000-0x00000000000bffff] reserved
[    0.000000] BIOS-e820: [mem 0x0000000000100000-0x000000006b1f8fff] usable
[    0.000000] BIOS-e820: [mem 0x000000006b1f9000-0x000000006b3fafff] reserved
[    0.000000] BIOS-e820: [mem 0x000000006b3fb000-0x000000007a3a8fff] usable
[    0.000000] BIOS-e820: [mem 0x000000007a3a9000-0x000000007cd2efff] reserved
[    0.000000] BIOS-e820: [mem 0x000000007cd2f000-0x000000007ce7efff] ACPI NVS
[    0.000000] BIOS-e820: [mem 0x000000007ce7f000-0x000000007cefefff] ACPI data
[    0.000000] BIOS-e820: [mem 0x000000007ceff000-0x000000007cefffff] usable
[    0.000000] BIOS-e820: [mem 0x000000007cf00000-0x000000007f9fffff] reserved
[    0.000000] BIOS-e820: [mem 0x00000000b8000000-0x00000000f7ffffff] reserved
[    0.000000] BIOS-e820: [mem 0x00000000f80f8000-0x00000000f80f8fff] reserved
[    0.000000] BIOS-e820: [mem 0x00000000fed1c000-0x00000000fed1ffff] reserved
[    0.000000] BIOS-e820: [mem 0x0000000100000000-0x000000047e5fffff] usable
[    0.000000] NX (Execute Disable) protection: active
[    0.000000] e820: update [mem 0x6c8c0018-0x6c8d0057] usable ==> usable
[    0.000000] e820: update [mem 0x6c8a8018-0x6c8bf657] usable ==> usable
[    0.000000] e820: update [mem 0x6c897018-0x6c8a7657] usable ==> usable
[    0.000000] extended physical RAM map:
[    0.000000] reserve setup_data: [mem 0x0000000000000000-0x0000000000057fff] usable
[    0.000000] reserve setup_data: [mem 0x0000000000058000-0x0000000000058fff] reserved
[    0.000000] reserve setup_data: [mem 0x0000000000059000-0x000000000009bfff] usable
[    0.000000] reserve setup_data: [mem 0x000000000009c000-0x000000000009cfff] reserved
[    0.000000] reserve setup_data: [mem 0x000000000009d000-0x000000000009dfff] usable
[    0.000000] reserve setup_data: [mem 0x000000000009e000-0x00000000000bffff] reserved
[    0.000000] reserve setup_data: [mem 0x0000000000100000-0x000000006b1f8fff] usable
[    0.000000] reserve setup_data: [mem 0x000000006b1f9000-0x000000006b3fafff] reserved
[    0.000000] reserve setup_data: [mem 0x000000006b3fb000-0x000000006c897017] usable
[    0.000000] reserve setup_data: [mem 0x000000006c897018-0x000000006c8a7657] usable
[    0.000000] reserve setup_data: [mem 0x000000006c8a7658-0x000000006c8a8017] usable
[    0.000000] reserve setup_data: [mem 0x000000006c8a8018-0x000000006c8bf657] usable
[    0.000000] reserve setup_data: [mem 0x000000006c8bf658-0x000000006c8c0017] usable
[    0.000000] reserve setup_data: [mem 0x000000006c8c0018-0x000000006c8d0057] usable
[    0.000000] reserve setup_data: [mem 0x000000006c8d0058-0x000000007a3a8fff] usable
[    0.000000] reserve setup_data: [mem 0x000000007a3a9000-0x000000007cd2efff] reserved
[    0.000000] reserve setup_data: [mem 0x000000007cd2f000-0x000000007ce7efff] ACPI NVS
[    0.000000] reserve setup_data: [mem 0x000000007ce7f000-0x000000007cefefff] ACPI data
[    0.000000] reserve setup_data: [mem 0x000000007ceff000-0x000000007cefffff] usable
[    0.000000] reserve setup_data: [mem 0x000000007cf00000-0x000000007f9fffff] reserved
[    0.000000] reserve setup_data: [mem 0x00000000b8000000-0x00000000f7ffffff] reserved
[    0.000000] reserve setup_data: [mem 0x00000000f80f8000-0x00000000f80f8fff] reserved
[    0.000000] reserve setup_data: [mem 0x00000000fed1c000-0x00000000fed1ffff] reserved
[    0.000000] reserve setup_data: [mem 0x0000000100000000-0x000000047e5fffff] usable
[    0.000000] efi: EFI v2.31 by Lenovo
[    0.000000] efi:  ACPI=0x7cefe000  ACPI 2.0=0x7cefe014  SMBIOS=0x7cd2e000 
[    0.000000] SMBIOS 2.7 present.
[    0.000000] DMI: LENOVO 20EGS0R600/20EGS0R600, BIOS GNET71WW (2.19 ) 02/05/2015
[    0.000000] e820: update [mem 0x00000000-0x00000fff] usable ==> reserved
[    0.000000] e820: remove [mem 0x000a0000-0x000fffff] usable
[    0.000000] e820: last_pfn = 0x47e600 max_arch_pfn = 0x400000000
[    0.000000] MTRR default type: write-back
[    0.000000] MTRR fixed ranges enabled:
[    0.000000]   00000-9FFFF write-back
[    0.000000]   A0000-BFFFF uncachable
[    0.000000]   C0000-FFFFF write-protect
[    0.000000] MTRR variable ranges enabled:
[    0.000000]   0 base 0080000000 mask 7F80000000 uncachable
[    0.000000]   1 base 007E000000 mask 7FFE000000 uncachable
[    0.000000]   2 base 007D000000 mask 7FFF000000 uncachable
[    0.000000]   3 base 007CF00000 mask 7FFFF00000 uncachable
[    0.000000]   4 disabled
[    0.000000]   5 disabled
[    0.000000]   6 disabled
[    0.000000]   7 disabled
[    0.000000]   8 disabled
[    0.000000]   9 disabled
[    0.000000] x86/PAT: Configuration [0-7]: WB  WC  UC- UC  WB  WC  UC- WT  
[    0.000000] e820: last_pfn = 0x7cf00 max_arch_pfn = 0x400000000
[    0.000000] Base memory trampoline at [ffff880000096000] 96000 size 24576
[    0.000000] Using GB pages for direct mapping
[    0.000000] BRK [0x02051000, 0x02051fff] PGTABLE
[    0.000000] BRK [0x02052000, 0x02052fff] PGTABLE
[    0.000000] BRK [0x02053000, 0x02053fff] PGTABLE
[    0.000000] BRK [0x02054000, 0x02054fff] PGTABLE
[    0.000000] BRK [0x02055000, 0x02055fff] PGTABLE
[    0.000000] BRK [0x02056000, 0x02056fff] PGTABLE
[    0.000000] RAMDISK: [mem 0x3ec1a000-0x3fffafff]
[    0.000000] ACPI: Early table checksum verification disabled
[    0.000000] ACPI: RSDP 0x000000007CEFE014 000024 (v02 LENOVO)
[    0.000000] ACPI: XSDT 0x000000007CEFE170 0000E4 (v01 LENOVO TP-GN    00002190 PTEC 00000002)
[    0.000000] ACPI: FACP 0x000000007CEF9000 00010C (v05 LENOVO TP-GN    00002190 PTEC 00000002)
[    0.000000] ACPI: DSDT 0x000000007CEE1000 012206 (v01 LENOVO TP-GN    00002190 INTL 20120711)
[    0.000000] ACPI: FACS 0x000000007CE62000 000040
[    0.000000] ACPI: DBGP 0x000000007CEFC000 000034 (v01 LENOVO TP-GN    00002190 PTEC 00000002)
[    0.000000] ACPI: ECDT 0x000000007CEFB000 000052 (v01 LENOVO TP-GN    00002190 PTEC 00000002)
[    0.000000] ACPI: HPET 0x000000007CEF8000 000038 (v01 LENOVO TP-GN    00002190 PTEC 00000002)
[    0.000000] ACPI: APIC 0x000000007CEF7000 000098 (v01 LENOVO TP-GN    00002190 PTEC 00000002)
[    0.000000] ACPI: MCFG 0x000000007CEF6000 00003C (v01 LENOVO TP-GN    00002190 PTEC 00000002)
[    0.000000] ACPI: SSDT 0x000000007CEF5000 000033 (v01 LENOVO TP-SSDT1 00000100 INTL 20120711)
[    0.000000] ACPI: SSDT 0x000000007CEF4000 000486 (v01 LENOVO TP-SSDT2 00000200 INTL 20120711)
[    0.000000] ACPI: SSDT 0x000000007CEE0000 000B78 (v01 LENOVO SataAhci 00001000 INTL 20120711)
[    0.000000] ACPI: SSDT 0x000000007CEDF000 0007E7 (v01 LENOVO Cpu0Ist  00003000 INTL 20120711)
[    0.000000] ACPI: SSDT 0x000000007CEDE000 000AD8 (v01 LENOVO CpuPm    00003000 INTL 20120711)
[    0.000000] ACPI: SSDT 0x000000007CEDC000 00125C (v01 LENOVO SaSsdt   00003000 INTL 20120711)
[    0.000000] ACPI: SSDT 0x000000007CEDB000 000379 (v01 LENOVO CppcTabl 00001000 INTL 20120711)
[    0.000000] ACPI: PCCT 0x000000007CEDA000 00006E (v05 LENOVO TP-GN    00002190 PTEC 00000002)
[    0.000000] ACPI: SSDT 0x000000007CED9000 000AC4 (v01 LENOVO Cpc_Tabl 00001000 INTL 20120711)
[    0.000000] ACPI: TCPA 0x000000007CED8000 000032 (v02 PTL    LENOVO   06040000 LNVO 00000001)
[    0.000000] ACPI: UEFI 0x000000007CED7000 000042 (v01 LENOVO TP-GN    00002190 PTEC 00000002)
[    0.000000] ACPI: POAT 0x000000007CDAA000 000055 (v03 LENOVO TP-GN    00002190 PTEC 00000002)
[    0.000000] ACPI: ASF! 0x000000007CEFD000 0000A5 (v32 LENOVO TP-GN    00002190 PTEC 00000002)
[    0.000000] ACPI: BATB 0x000000007CED6000 000046 (v01 LENOVO TP-GN    00002190 PTEC 00000002)
[    0.000000] ACPI: FPDT 0x000000007CED5000 000064 (v01 LENOVO TP-GN    00002190 PTEC 00000002)
[    0.000000] ACPI: UEFI 0x000000007CED4000 0002E2 (v01 LENOVO TP-GN    00002190 PTEC 00000002)
[    0.000000] ACPI: BGRT 0x000000007CED3000 000038 (v01 LENOVO TP-GN    00002190 PTEC 00000002)
[    0.000000] ACPI: DMAR 0x000000007CED2000 0000B8 (v01 LENOVO TP-GN    00002190 PTEC 00000002)
[    0.000000] ACPI: Local APIC address 0xfee00000
[    0.000000] No NUMA configuration found
[    0.000000] Faking a node at [mem 0x0000000000000000-0x000000047e5fffff]
[    0.000000] NODE_DATA(0) allocated [mem 0x47e5eb000-0x47e5fcfff]
[    0.000000] Zone ranges:
[    0.000000]   DMA      [mem 0x0000000000001000-0x0000000000ffffff]
[    0.000000]   DMA32    [mem 0x0000000001000000-0x00000000ffffffff]
[    0.000000]   Normal   [mem 0x0000000100000000-0x000000047e5fffff]
[    0.000000] Movable zone start for each node
[    0.000000] Early memory node ranges
[    0.000000]   node   0: [mem 0x0000000000001000-0x0000000000057fff]
[    0.000000]   node   0: [mem 0x0000000000059000-0x000000000009bfff]
[    0.000000]   node   0: [mem 0x000000000009d000-0x000000000009dfff]
[    0.000000]   node   0: [mem 0x0000000000100000-0x000000006b1f8fff]
[    0.000000]   node   0: [mem 0x000000006b3fb000-0x000000007a3a8fff]
[    0.000000]   node   0: [mem 0x000000007ceff000-0x000000007cefffff]
[    0.000000]   node   0: [mem 0x0000000100000000-0x000000047e5fffff]
[    0.000000] Initmem setup node 0 [mem 0x0000000000001000-0x000000047e5fffff]
[    0.000000] On node 0 totalpages: 4163395
[    0.000000]   DMA zone: 64 pages used for memmap
[    0.000000]   DMA zone: 22 pages reserved
[    0.000000]   DMA zone: 3995 pages, LIFO batch:0
[    0.000000]   DMA32 zone: 7751 pages used for memmap
[    0.000000]   DMA32 zone: 496040 pages, LIFO batch:31
[    0.000000]   Normal zone: 57240 pages used for memmap
[    0.000000]   Normal zone: 3663360 pages, LIFO batch:31
[    0.000000] tboot: non-0 tboot_addr but it is not of type E820_RESERVED
[    0.000000] Reserving Intel graphics stolen memory at 0x7da00000-0x7f9fffff
[    0.000000] ACPI: PM-Timer IO Port: 0x1808
[    0.000000] ACPI: Local APIC address 0xfee00000
[    0.000000] ACPI: LAPIC_NMI (acpi_id[0x00] high edge lint[0x1])
[    0.000000] ACPI: LAPIC_NMI (acpi_id[0x01] high edge lint[0x1])
[    0.000000] IOAPIC[0]: apic_id 2, version 32, address 0xfec00000, GSI 0-23
[    0.000000] ACPI: INT_SRC_OVR (bus 0 bus_irq 0 global_irq 2 dfl dfl)
[    0.000000] ACPI: INT_SRC_OVR (bus 0 bus_irq 9 global_irq 9 high level)
[    0.000000] ACPI: IRQ0 used by override.
[    0.000000] ACPI: IRQ9 used by override.
[    0.000000] Using ACPI (MADT) for SMP configuration information
[    0.000000] ACPI: HPET id: 0x8086a301 base: 0xfed00000
[    0.000000] smpboot: Allowing 8 CPUs, 0 hotplug CPUs
[    0.000000] PM: Registered nosave memory: [mem 0x00000000-0x00000fff]
[    0.000000] PM: Registered nosave memory: [mem 0x00058000-0x00058fff]
[    0.000000] PM: Registered nosave memory: [mem 0x0009c000-0x0009cfff]
[    0.000000] PM: Registered nosave memory: [mem 0x0009e000-0x000bffff]
[    0.000000] PM: Registered nosave memory: [mem 0x000c0000-0x000fffff]
[    0.000000] PM: Registered nosave memory: [mem 0x6b1f9000-0x6b3fafff]
[    0.000000] PM: Registered nosave memory: [mem 0x6c897000-0x6c897fff]
[    0.000000] PM: Registered nosave memory: [mem 0x6c8a7000-0x6c8a7fff]
[    0.000000] PM: Registered nosave memory: [mem 0x6c8a8000-0x6c8a8fff]
[    0.000000] PM: Registered nosave memory: [mem 0x6c8bf000-0x6c8bffff]
[    0.000000] PM: Registered nosave memory: [mem 0x6c8c0000-0x6c8c0fff]
[    0.000000] PM: Registered nosave memory: [mem 0x6c8d0000-0x6c8d0fff]
[    0.000000] PM: Registered nosave memory: [mem 0x7a3a9000-0x7cd2efff]
[    0.000000] PM: Registered nosave memory: [mem 0x7cd2f000-0x7ce7efff]
[    0.000000] PM: Registered nosave memory: [mem 0x7ce7f000-0x7cefefff]
[    0.000000] PM: Registered nosave memory: [mem 0x7cf00000-0x7f9fffff]
[    0.000000] PM: Registered nosave memory: [mem 0x7fa00000-0xb7ffffff]
[    0.000000] PM: Registered nosave memory: [mem 0xb8000000-0xf7ffffff]
[    0.000000] PM: Registered nosave memory: [mem 0xf8000000-0xf80f7fff]
[    0.000000] PM: Registered nosave memory: [mem 0xf80f8000-0xf80f8fff]
[    0.000000] PM: Registered nosave memory: [mem 0xf80f9000-0xfed1bfff]
[    0.000000] PM: Registered nosave memory: [mem 0xfed1c000-0xfed1ffff]
[    0.000000] PM: Registered nosave memory: [mem 0xfed20000-0xffffffff]
[    0.000000] e820: [mem 0x7fa00000-0xb7ffffff] available for PCI devices
[    0.000000] Booting paravirtualized kernel on bare hardware
[    0.000000] clocksource: refined-jiffies: mask: 0xffffffff max_cycles: 0xffffffff, max_idle_ns: 1910969940391419 ns
[    0.000000] setup_percpu: NR_CPUS:1024 nr_cpumask_bits:8 nr_cpu_ids:8 nr_node_ids:1
[    0.000000] PERCPU: Embedded 34 pages/cpu @ffff88047e200000 s98712 r8192 d32360 u262144
[    0.000000] pcpu-alloc: s98712 r8192 d32360 u262144 alloc=1*2097152
[    0.000000] pcpu-alloc: [0] 0 1 2 3 4 5 6 7 
[    0.000000] Built 1 zonelists in Node order, mobility grouping on.  Total pages: 4098318
[    0.000000] Policy zone: Normal
[    0.000000] Kernel command line: BOOT_IMAGE=/vmlinuz-4.4.8-300.fc23.x86_64 root=/dev/mapper/vg_red-root ro rd.luks.uuid=luks-1bae8b30-e4e8-4006-9ea1-9accbb518d2c rd.lvm.lv=vg_red/root rd.lvm.lv=vg_red/swap LANG=en_US.UTF-8 "acpi_osi=!Windows 2013"
[    0.000000] PID hash table entries: 4096 (order: 3, 32768 bytes)
[    0.000000] Memory: 16199572K/16653580K available (7831K kernel code, 1307K rwdata, 3444K rodata, 1528K init, 1544K bss, 454008K reserved, 0K cma-reserved)
[    0.000000] SLUB: HWalign=64, Order=0-3, MinObjects=0, CPUs=8, Nodes=1
[    0.000000] Hierarchical RCU implementation.
[    0.000000] 	Build-time adjustment of leaf fanout to 64.
[    0.000000] 	RCU restricting CPUs from NR_CPUS=1024 to nr_cpu_ids=8.
[    0.000000] RCU: Adjusting geometry for rcu_fanout_leaf=64, nr_cpu_ids=8
[    0.000000] NR_IRQS:65792 nr_irqs:488 16
[    0.000000] 	Offload RCU callbacks from all CPUs
[    0.000000] 	Offload RCU callbacks from CPUs: 0-7.
[    0.000000] Console: colour dummy device 80x25
[    0.000000] console [tty0] enabled
[    0.000000] clocksource: hpet: mask: 0xffffffff max_cycles: 0xffffffff, max_idle_ns: 133484882848 ns
[    0.000000] hpet clockevent registered
[    0.000000] tsc: Fast TSC calibration using PIT
[    0.000000] tsc: Detected 2793.519 MHz processor
[    0.000024] Calibrating delay loop (skipped), value calculated using timer frequency.. 5587.03 BogoMIPS (lpj=2793519)
[    0.000030] pid_max: default: 32768 minimum: 301
[    0.000037] ACPI: Core revision 20150930
[    0.012534] ACPI: 9 ACPI AML tables successfully acquired and loaded
[    0.039356] Security Framework initialized
[    0.039362] Yama: becoming mindful.
[    0.039367] SELinux:  Initializing.
[    0.039377] SELinux:  Starting in permissive mode
[    0.040297] Dentry cache hash table entries: 2097152 (order: 12, 16777216 bytes)
[    0.042852] Inode-cache hash table entries: 1048576 (order: 11, 8388608 bytes)
[    0.043930] Mount-cache hash table entries: 32768 (order: 6, 262144 bytes)
[    0.043947] Mountpoint-cache hash table entries: 32768 (order: 6, 262144 bytes)
[    0.044150] Initializing cgroup subsys io
[    0.044155] Initializing cgroup subsys memory
[    0.044161] Initializing cgroup subsys devices
[    0.044164] Initializing cgroup subsys freezer
[    0.044167] Initializing cgroup subsys net_cls
[    0.044171] Initializing cgroup subsys perf_event
[    0.044174] Initializing cgroup subsys net_prio
[    0.044177] Initializing cgroup subsys hugetlb
[    0.044181] Initializing cgroup subsys pids
[    0.044203] CPU: Physical Processor ID: 0
[    0.044205] CPU: Processor Core ID: 0
[    0.044210] ENERGY_PERF_BIAS: Set to 'normal', was 'performance'
[    0.044212] ENERGY_PERF_BIAS: View and update with x86_energy_perf_policy(8)
[    0.045043] mce: CPU supports 9 MCE banks
[    0.045057] CPU0: Thermal monitoring enabled (TM1)
[    0.045067] process: using mwait in idle threads
[    0.045071] Last level iTLB entries: 4KB 1024, 2MB 1024, 4MB 1024
[    0.045073] Last level dTLB entries: 4KB 1024, 2MB 1024, 4MB 1024, 1GB 4
[    0.045357] Freeing SMP alternatives memory: 28K (ffffffff81ec6000 - ffffffff81ecd000)
[    0.049716] ftrace: allocating 29534 entries in 116 pages
[    0.059848] DMAR: Host address width 39
[    0.059852] DMAR: DRHD base: 0x000000fed90000 flags: 0x0
[    0.059858] DMAR: dmar0: reg_base_addr fed90000 ver 1:0 cap c0000020660462 ecap f0101a
[    0.059862] DMAR: DRHD base: 0x000000fed91000 flags: 0x1
[    0.059867] DMAR: dmar1: reg_base_addr fed91000 ver 1:0 cap d2008020660462 ecap f010da
[    0.059871] DMAR: RMRR base: 0x0000007b288000 end: 0x0000007b29efff
[    0.059874] DMAR: RMRR base: 0x0000007d800000 end: 0x0000007f9fffff
[    0.059878] DMAR-IR: IOAPIC id 2 under DRHD base  0xfed91000 IOMMU 1
[    0.059880] DMAR-IR: HPET id 0 under DRHD base 0xfed91000
[    0.059883] DMAR-IR: Queued invalidation will be enabled to support x2apic and Intr-remapping.
[    0.060143] DMAR-IR: Enabled IRQ remapping in x2apic mode
[    0.060146] x2apic enabled
[    0.060157] Switched APIC routing to cluster x2apic.
[    0.060588] ..TIMER: vector=0x30 apic1=0 pin1=2 apic2=-1 pin2=-1
[    0.070600] TSC deadline timer enabled
[    0.070603] smpboot: CPU0: Intel(R) Core(TM) i7-4810MQ CPU @ 2.80GHz (family: 0x6, model: 0x3c, stepping: 0x3)
[    0.070629] Performance Events: PEBS fmt2+, 16-deep LBR, Haswell events, full-width counters, Intel PMU driver.
[    0.070649] ... version:                3
[    0.070651] ... bit width:              48
[    0.070653] ... generic registers:      4
[    0.070656] ... value mask:             0000ffffffffffff
[    0.070658] ... max period:             0000ffffffffffff
[    0.070660] ... fixed-purpose events:   3
[    0.070662] ... event mask:             000000070000000f
[    0.071251] x86: Booting SMP configuration:
[    0.071253] .... node  #0, CPUs:      #1
[    0.074527] NMI watchdog: enabled on all CPUs, permanently consumes one hw-PMU counter.
[    0.074615]  #2
[    0.075878] microcode: CPU2 microcode updated early to revision 0x1e, date = 2015-08-13
[    0.078845]  #3
[    0.082081]  #4
[    0.083342] microcode: CPU4 microcode updated early to revision 0x1e, date = 2015-08-13
[    0.086331]  #5
[    0.089588]  #6
[    0.090850] microcode: CPU6 microcode updated early to revision 0x1e, date = 2015-08-13
[    0.093853]  #7
[    0.097054] x86: Booted up 1 node, 8 CPUs
[    0.097059] smpboot: Total of 8 processors activated (44696.30 BogoMIPS)
[    0.103699] devtmpfs: initialized
[    0.106159] PM: Registering ACPI NVS region [mem 0x7cd2f000-0x7ce7efff] (1376256 bytes)
[    0.106246] clocksource: jiffies: mask: 0xffffffff max_cycles: 0xffffffff, max_idle_ns: 1911260446275000 ns
[    0.106326] atomic64_test: passed for x86-64 platform with CX8 and with SSE
[    0.106329] pinctrl core: initialized pinctrl subsystem
[    0.106375] RTC time: 14:23:13, date: 05/05/16
[    0.106472] NET: Registered protocol family 16
[    0.109554] cpuidle: using governor menu
[    0.109653] ACPI FADT declares the system doesn't support PCIe ASPM, so disable it
[    0.109657] ACPI: bus type PCI registered
[    0.109660] acpiphp: ACPI Hot Plug PCI Controller Driver version: 0.5
[    0.109859] PCI: MMCONFIG for domain 0000 [bus 00-3f] at [mem 0xf8000000-0xfbffffff] (base 0xf8000000)
[    0.109864] PCI: not using MMCONFIG
[    0.109867] PCI: Using configuration type 1 for base access
[    0.110211] perf_event_intel: PMU erratum BJ122, BV98, HSD29 worked around, HT is on
[    0.113821] ACPI: Added _OSI(Module Device)
[    0.113824] ACPI: Added _OSI(Processor Device)
[    0.113827] ACPI: Added _OSI(3.0 _SCP Extensions)
[    0.113829] ACPI: Added _OSI(Processor Aggregator Device)
[    0.113832] ACPI: Deleted _OSI(Windows 2013)
[    0.115205] ACPI : EC: EC description table is found, configuring boot EC
[    0.115220] ACPI : EC: EC started
[    0.119374] [Firmware Bug]: ACPI: BIOS _OSI(Linux) query ignored
[    0.121644] ACPI: Dynamic OEM Table Load:
[    0.121654] ACPI: SSDT 0xFFFF88046B793000 000436 (v01 PmRef  Cpu0Cst  00003001 INTL 20120711)
[    0.122163] ACPI: Dynamic OEM Table Load:
[    0.122171] ACPI: SSDT 0xFFFF88046B793800 0005AA (v01 PmRef  ApIst    00003000 INTL 20120711)
[    0.122715] ACPI: Dynamic OEM Table Load:
[    0.122722] ACPI: SSDT 0xFFFF88046B787600 000119 (v01 PmRef  ApCst    00003000 INTL 20120711)
[    0.124021] ACPI: Interpreter enabled
[    0.124029] ACPI Exception: AE_NOT_FOUND, While evaluating Sleep State [\_S1_] (20150930/hwxface-580)
[    0.124038] ACPI Exception: AE_NOT_FOUND, While evaluating Sleep State [\_S2_] (20150930/hwxface-580)
[    0.124054] ACPI: (supports S0 S3 S4 S5)
[    0.124057] ACPI: Using IOAPIC for interrupt routing
[    0.124077] PCI: MMCONFIG for domain 0000 [bus 00-3f] at [mem 0xf8000000-0xfbffffff] (base 0xf8000000)
[    0.124406] PCI: MMCONFIG at [mem 0xf8000000-0xfbffffff] reserved in ACPI motherboard resources
[    0.124417] PCI: Using host bridge windows from ACPI; if necessary, use "pci=nocrs" and report a bug
[    0.126482] ACPI: Power Resource [PUBS] (on)
[    0.126842] ACPI: Power Resource [NVP3] (on)
[    0.126863] ACPI: Power Resource [NVP2] (on)
[    0.127766] acpi LNXIOBAY:00: ACPI dock station (docks/bays count: 1)
[    0.130111] ACPI: PCI Interrupt Link [LNKA] (IRQs 3 4 5 6 7 9 10 11) *0, disabled.
[    0.130176] ACPI: PCI Interrupt Link [LNKB] (IRQs 3 4 5 6 7 9 10 11) *0, disabled.
[    0.130235] ACPI: PCI Interrupt Link [LNKC] (IRQs 3 4 5 6 7 9 10 11) *0, disabled.
[    0.130295] ACPI: PCI Interrupt Link [LNKD] (IRQs 3 4 5 6 7 9 10 11) *0, disabled.
[    0.130354] ACPI: PCI Interrupt Link [LNKE] (IRQs 3 4 5 6 7 9 10 11) *0, disabled.
[    0.130413] ACPI: PCI Interrupt Link [LNKF] (IRQs 3 4 5 6 7 9 10 11) *0, disabled.
[    0.130471] ACPI: PCI Interrupt Link [LNKG] (IRQs 3 4 5 6 7 9 10 11) *0, disabled.
[    0.130531] ACPI: PCI Interrupt Link [LNKH] (IRQs 3 4 5 6 7 9 10 11) *0, disabled.
[    0.130603] ACPI: PCI Root Bridge [PCI0] (domain 0000 [bus 00-3f])
[    0.130609] acpi PNP0A08:00: _OSC: OS supports [ExtendedConfig ASPM ClockPM Segments MSI]
[    0.130695] acpi PNP0A08:00: _OSC: platform does not support [PCIeHotplug AER PCIeCapability]
[    0.130733] acpi PNP0A08:00: _OSC: not requesting control; platform does not support [PCIeCapability]
[    0.130738] acpi PNP0A08:00: _OSC: OS requested [PCIeHotplug PME AER PCIeCapability]
[    0.130742] acpi PNP0A08:00: _OSC: platform willing to grant [PME]
[    0.130745] acpi PNP0A08:00: _OSC failed (AE_SUPPORT); disabling ASPM
[    0.130887] PCI host bridge to bus 0000:00
[    0.130891] pci_bus 0000:00: root bus resource [io  0x0000-0x0cf7 window]
[    0.130894] pci_bus 0000:00: root bus resource [io  0x0d00-0xffff window]
[    0.130897] pci_bus 0000:00: root bus resource [mem 0x000a0000-0x000bffff window]
[    0.130901] pci_bus 0000:00: root bus resource [mem 0x000c0000-0x000c3fff window]
[    0.130904] pci_bus 0000:00: root bus resource [mem 0x000c4000-0x000c7fff window]
[    0.130908] pci_bus 0000:00: root bus resource [mem 0x000c8000-0x000cbfff window]
[    0.130912] pci_bus 0000:00: root bus resource [mem 0x000cc000-0x000cffff window]
[    0.130916] pci_bus 0000:00: root bus resource [mem 0x000d0000-0x000d3fff window]
[    0.130920] pci_bus 0000:00: root bus resource [mem 0x000d4000-0x000d7fff window]
[    0.130923] pci_bus 0000:00: root bus resource [mem 0x000d8000-0x000dbfff window]
[    0.130927] pci_bus 0000:00: root bus resource [mem 0x000dc000-0x000dffff window]
[    0.130931] pci_bus 0000:00: root bus resource [mem 0x000e0000-0x000e3fff window]
[    0.130935] pci_bus 0000:00: root bus resource [mem 0x000e4000-0x000e7fff window]
[    0.130939] pci_bus 0000:00: root bus resource [mem 0x000e8000-0x000ebfff window]
[    0.130942] pci_bus 0000:00: root bus resource [mem 0x000ec000-0x000effff window]
[    0.130946] pci_bus 0000:00: root bus resource [mem 0x7fa00000-0xfebfffff window]
[    0.130950] pci_bus 0000:00: root bus resource [mem 0xfed40000-0xfed4bfff window]
[    0.130955] pci_bus 0000:00: root bus resource [bus 00-3f]
[    0.130962] pci 0000:00:00.0: [8086:0c04] type 00 class 0x060000
[    0.131038] pci 0000:00:01.0: [8086:0c01] type 01 class 0x060400
[    0.131067] pci 0000:00:01.0: PME# supported from D0 D3hot D3cold
[    0.131129] pci 0000:00:02.0: [8086:0416] type 00 class 0x030000
[    0.131140] pci 0000:00:02.0: reg 0x10: [mem 0xb1400000-0xb17fffff 64bit]
[    0.131145] pci 0000:00:02.0: reg 0x18: [mem 0xa0000000-0xafffffff 64bit pref]
[    0.131149] pci 0000:00:02.0: reg 0x20: [io  0x5000-0x503f]
[    0.131207] pci 0000:00:03.0: [8086:0c0c] type 00 class 0x040300
[    0.131217] pci 0000:00:03.0: reg 0x10: [mem 0xb2a30000-0xb2a33fff 64bit]
[    0.131301] pci 0000:00:14.0: [8086:8c31] type 00 class 0x0c0330
[    0.131324] pci 0000:00:14.0: reg 0x10: [mem 0xb2a20000-0xb2a2ffff 64bit]
[    0.131369] pci 0000:00:14.0: PME# supported from D3hot D3cold
[    0.131401] pci 0000:00:14.0: System wakeup disabled by ACPI
[    0.131436] pci 0000:00:16.0: [8086:8c3a] type 00 class 0x078000
[    0.131460] pci 0000:00:16.0: reg 0x10: [mem 0xb2a39000-0xb2a3900f 64bit]
[    0.131508] pci 0000:00:16.0: PME# supported from D0 D3hot D3cold
[    0.131568] pci 0000:00:16.3: [8086:8c3d] type 00 class 0x070002
[    0.131589] pci 0000:00:16.3: reg 0x10: [io  0x50b0-0x50b7]
[    0.131598] pci 0000:00:16.3: reg 0x14: [mem 0xb2a40000-0xb2a40fff]
[    0.131705] pci 0000:00:19.0: [8086:153a] type 00 class 0x020000
[    0.131727] pci 0000:00:19.0: reg 0x10: [mem 0xb2a00000-0xb2a1ffff]
[    0.131735] pci 0000:00:19.0: reg 0x14: [mem 0xb2a3f000-0xb2a3ffff]
[    0.131742] pci 0000:00:19.0: reg 0x18: [io  0x5080-0x509f]
[    0.131785] pci 0000:00:19.0: PME# supported from D0 D3hot D3cold
[    0.131814] pci 0000:00:19.0: System wakeup disabled by ACPI
[    0.131852] pci 0000:00:1a.0: [8086:8c2d] type 00 class 0x0c0320
[    0.131877] pci 0000:00:1a.0: reg 0x10: [mem 0xb2a3e000-0xb2a3e3ff]
[    0.131943] pci 0000:00:1a.0: PME# supported from D0 D3hot D3cold
[    0.131973] pci 0000:00:1a.0: System wakeup disabled by ACPI
[    0.132011] pci 0000:00:1b.0: [8086:8c20] type 00 class 0x040300
[    0.132033] pci 0000:00:1b.0: reg 0x10: [mem 0xb2a34000-0xb2a37fff 64bit]
[    0.132085] pci 0000:00:1b.0: PME# supported from D0 D3hot D3cold
[    0.132146] pci 0000:00:1c.0: [8086:8c10] type 01 class 0x060400
[    0.132209] pci 0000:00:1c.0: PME# supported from D0 D3hot D3cold
[    0.132303] pci 0000:00:1c.1: [8086:8c12] type 01 class 0x060400
[    0.132366] pci 0000:00:1c.1: PME# supported from D0 D3hot D3cold
[    0.132421] pci 0000:00:1c.1: System wakeup disabled by ACPI
[    0.132458] pci 0000:00:1c.2: [8086:8c14] type 01 class 0x060400
[    0.132521] pci 0000:00:1c.2: PME# supported from D0 D3hot D3cold
[    0.132575] pci 0000:00:1c.2: System wakeup disabled by ACPI
[    0.132618] pci 0000:00:1c.4: [8086:8c18] type 01 class 0x060400
[    0.132681] pci 0000:00:1c.4: PME# supported from D0 D3hot D3cold
[    0.132775] pci 0000:00:1d.0: [8086:8c26] type 00 class 0x0c0320
[    0.132801] pci 0000:00:1d.0: reg 0x10: [mem 0xb2a3d000-0xb2a3d3ff]
[    0.132868] pci 0000:00:1d.0: PME# supported from D0 D3hot D3cold
[    0.132899] pci 0000:00:1d.0: System wakeup disabled by ACPI
[    0.132938] pci 0000:00:1f.0: [8086:8c4f] type 00 class 0x060100
[    0.133083] pci 0000:00:1f.2: [8086:8c03] type 00 class 0x010601
[    0.133102] pci 0000:00:1f.2: reg 0x10: [io  0x50a8-0x50af]
[    0.133109] pci 0000:00:1f.2: reg 0x14: [io  0x50bc-0x50bf]
[    0.133116] pci 0000:00:1f.2: reg 0x18: [io  0x50a0-0x50a7]
[    0.133122] pci 0000:00:1f.2: reg 0x1c: [io  0x50b8-0x50bb]
[    0.133129] pci 0000:00:1f.2: reg 0x20: [io  0x5060-0x507f]
[    0.133136] pci 0000:00:1f.2: reg 0x24: [mem 0xb2a3c000-0xb2a3c7ff]
[    0.133161] pci 0000:00:1f.2: PME# supported from D3hot
[    0.133217] pci 0000:00:1f.3: [8086:8c22] type 00 class 0x0c0500
[    0.133232] pci 0000:00:1f.3: reg 0x10: [mem 0xb2a38000-0xb2a380ff 64bit]
[    0.133250] pci 0000:00:1f.3: reg 0x20: [io  0xefa0-0xefbf]
[    0.133354] pci 0000:01:00.0: [10de:0ff6] type 00 class 0x030000
[    0.133379] pci 0000:01:00.0: reg 0x10: [mem 0xb0000000-0xb0ffffff]
[    0.133389] pci 0000:01:00.0: reg 0x14: [mem 0x80000000-0x8fffffff 64bit pref]
[    0.133400] pci 0000:01:00.0: reg 0x1c: [mem 0x90000000-0x91ffffff 64bit pref]
[    0.133407] pci 0000:01:00.0: reg 0x24: [io  0x4000-0x407f]
[    0.133413] pci 0000:01:00.0: reg 0x30: [mem 0xfff80000-0xffffffff pref]
[    0.134621] pci 0000:00:01.0: PCI bridge to [bus 01]
[    0.134625] pci 0000:00:01.0:   bridge window [io  0x4000-0x4fff]
[    0.134627] pci 0000:00:01.0:   bridge window [mem 0xb0000000-0xb10fffff]
[    0.134630] pci 0000:00:01.0:   bridge window [mem 0x80000000-0x91ffffff 64bit pref]
[    0.136335] pci 0000:02:00.0: [1217:8520] type 00 class 0x080501
[    0.136382] pci 0000:02:00.0: reg 0x10: [mem 0xb2901000-0xb2901fff]
[    0.136395] pci 0000:02:00.0: reg 0x14: [mem 0xb2900000-0xb29007ff]
[    0.136514] pci 0000:02:00.0: PME# supported from D3hot D3cold
[    0.140002] pci 0000:00:1c.0: PCI bridge to [bus 02]
[    0.140009] pci 0000:00:1c.0:   bridge window [mem 0xb2900000-0xb29fffff]
[    0.140088] pci 0000:03:00.0: [8086:08b2] type 00 class 0x028000
[    0.140160] pci 0000:03:00.0: reg 0x10: [mem 0xb2800000-0xb2801fff 64bit]
[    0.140365] pci 0000:03:00.0: PME# supported from D0 D3hot D3cold
[    0.142049] pci 0000:00:1c.1: PCI bridge to [bus 03]
[    0.142056] pci 0000:00:1c.1:   bridge window [mem 0xb2800000-0xb28fffff]
[    0.142119] acpiphp: Slot [1] registered
[    0.142131] pci 0000:00:1c.2: PCI bridge to [bus 04-05]
[    0.142136] pci 0000:00:1c.2:   bridge window [io  0x3000-0x3fff]
[    0.142139] pci 0000:00:1c.2:   bridge window [mem 0xb2000000-0xb27fffff]
[    0.142144] pci 0000:00:1c.2:   bridge window [mem 0xb1800000-0xb1ffffff 64bit pref]
[    0.142198] acpiphp: Slot [1-1] registered
[    0.142209] pci 0000:00:1c.4: PCI bridge to [bus 06-3f]
[    0.142216] pci 0000:00:1c.4:   bridge window [mem 0xb8000000-0xce0fffff]
[    0.142221] pci 0000:00:1c.4:   bridge window [mem 0xd0000000-0xf1ffffff 64bit pref]
[    0.142845] ACPI: Enabled 5 GPEs in block 00 to 3F
[    0.142893] ACPI : EC: GPE = 0x11, I/O: command/status = 0x66, data = 0x62
[    0.142974] vgaarb: device added: PCI:0000:00:02.0,decodes=io+mem,owns=mem,locks=none
[    0.142981] vgaarb: device added: PCI:0000:01:00.0,decodes=io+mem,owns=none,locks=none
[    0.142985] vgaarb: loaded
[    0.142987] vgaarb: bridge control possible 0000:01:00.0
[    0.142990] vgaarb: setting as boot device: PCI:0000:00:02.0
[    0.142992] vgaarb: no bridge control possible 0000:00:02.0
[    0.143063] SCSI subsystem initialized
[    0.143093] libata version 3.00 loaded.
[    0.143115] ACPI: bus type USB registered
[    0.143128] usbcore: registered new interface driver usbfs
[    0.143137] usbcore: registered new interface driver hub
[    0.143154] usbcore: registered new device driver usb
[    0.143248] PCI: Using ACPI for IRQ routing
[    0.144684] PCI: pci_cache_line_size set to 64 bytes
[    0.146405] e820: reserve RAM buffer [mem 0x00058000-0x0005ffff]
[    0.146406] e820: reserve RAM buffer [mem 0x0009c000-0x0009ffff]
[    0.146407] e820: reserve RAM buffer [mem 0x0009e000-0x0009ffff]
[    0.146408] e820: reserve RAM buffer [mem 0x6b1f9000-0x6bffffff]
[    0.146409] e820: reserve RAM buffer [mem 0x6c897018-0x6fffffff]
[    0.146410] e820: reserve RAM buffer [mem 0x6c8a8018-0x6fffffff]
[    0.146411] e820: reserve RAM buffer [mem 0x6c8c0018-0x6fffffff]
[    0.146412] e820: reserve RAM buffer [mem 0x7a3a9000-0x7bffffff]
[    0.146413] e820: reserve RAM buffer [mem 0x7cf00000-0x7fffffff]
[    0.146414] e820: reserve RAM buffer [mem 0x47e600000-0x47fffffff]
[    0.146503] NetLabel: Initializing
[    0.146506] NetLabel:  domain hash size = 128
[    0.146508] NetLabel:  protocols = UNLABELED CIPSOv4
[    0.146519] NetLabel:  unlabeled traffic allowed by default
[    0.146573] hpet0: at MMIO 0xfed00000, IRQs 2, 8, 0, 0, 0, 0, 0, 0
[    0.146579] hpet0: 8 comparators, 64-bit 14.318180 MHz counter
[    0.148617] clocksource: Switched to clocksource hpet
[    0.154033] pnp: PnP ACPI init
[    0.154325] system 00:00: [mem 0x00000000-0x0009ffff] could not be reserved
[    0.154329] system 00:00: [mem 0x000f0000-0x000fffff] could not be reserved
[    0.154333] system 00:00: [mem 0x00100000-0x7f9fffff] could not be reserved
[    0.154336] system 00:00: [mem 0xfec00000-0xfed3ffff] could not be reserved
[    0.154339] system 00:00: [mem 0xfed4c000-0xffffffff] could not be reserved
[    0.154344] system 00:00: Plug and Play ACPI device, IDs PNP0c01 (active)
[    0.154430] system 00:01: [io  0x1800-0x187f] could not be reserved
[    0.154434] system 00:01: [io  0x0800-0x087f] has been reserved
[    0.154437] system 00:01: [io  0x15e0-0x15ef] has been reserved
[    0.154439] system 00:01: [io  0x1600-0x167f] has been reserved
[    0.154442] system 00:01: [io  0x1640-0x165f] has been reserved
[    0.154446] system 00:01: [mem 0xf8000000-0xfbffffff] could not be reserved
[    0.154449] system 00:01: [mem 0x00000000-0x00000fff] could not be reserved
[    0.154452] system 00:01: [mem 0xfed1c000-0xfed1ffff] has been reserved
[    0.154455] system 00:01: [mem 0xfed10000-0xfed13fff] has been reserved
[    0.154458] system 00:01: [mem 0xfed18000-0xfed18fff] has been reserved
[    0.154461] system 00:01: [mem 0xfed19000-0xfed19fff] has been reserved
[    0.154463] system 00:01: [mem 0xfed45000-0xfed4bfff] has been reserved
[    0.154467] system 00:01: Plug and Play ACPI device, IDs PNP0c02 (active)
[    0.154506] pnp 00:02: Plug and Play ACPI device, IDs PNP0b00 (active)
[    0.154524] pnp 00:03: Plug and Play ACPI device, IDs LEN0071 PNP0303 (active)
[    0.154541] pnp 00:04: Plug and Play ACPI device, IDs LEN004a PNP0f13 (active)
[    0.154577] pnp 00:05: Plug and Play ACPI device, IDs SMO1200 PNP0c31 (active)
[    0.155128] pnp: PnP ACPI: found 6 devices
[    0.161460] clocksource: acpi_pm: mask: 0xffffff max_cycles: 0xffffff, max_idle_ns: 2085701024 ns
[    0.161469] pci 0000:01:00.0: can't claim BAR 6 [mem 0xfff80000-0xffffffff pref]: no compatible bridge window
[    0.161507] pci 0000:00:1c.4: bridge window [io  0x1000-0x0fff] to [bus 06-3f] add_size 1000
[    0.161511] pci 0000:00:1c.4: res[13]=[io  0x1000-0x0fff] res_to_dev_res add_size 1000 min_align 1000
[    0.161512] pci 0000:00:1c.4: res[13]=[io  0x1000-0x1fff] res_to_dev_res add_size 1000 min_align 1000
[    0.161516] pci 0000:00:1c.4: BAR 13: assigned [io  0x2000-0x2fff]
[    0.161520] pci 0000:01:00.0: BAR 6: assigned [mem 0xb1000000-0xb107ffff pref]
[    0.161525] pci 0000:00:01.0: PCI bridge to [bus 01]
[    0.161528] pci 0000:00:01.0:   bridge window [io  0x4000-0x4fff]
[    0.161532] pci 0000:00:01.0:   bridge window [mem 0xb0000000-0xb10fffff]
[    0.161536] pci 0000:00:01.0:   bridge window [mem 0x80000000-0x91ffffff 64bit pref]
[    0.161542] pci 0000:00:1c.0: PCI bridge to [bus 02]
[    0.161553] pci 0000:00:1c.0:   bridge window [mem 0xb2900000-0xb29fffff]
[    0.161562] pci 0000:00:1c.1: PCI bridge to [bus 03]
[    0.161568] pci 0000:00:1c.1:   bridge window [mem 0xb2800000-0xb28fffff]
[    0.161577] pci 0000:00:1c.2: PCI bridge to [bus 04-05]
[    0.161581] pci 0000:00:1c.2:   bridge window [io  0x3000-0x3fff]
[    0.161587] pci 0000:00:1c.2:   bridge window [mem 0xb2000000-0xb27fffff]
[    0.161592] pci 0000:00:1c.2:   bridge window [mem 0xb1800000-0xb1ffffff 64bit pref]
[    0.161605] pci 0000:00:1c.4: PCI bridge to [bus 06-3f]
[    0.161610] pci 0000:00:1c.4:   bridge window [io  0x2000-0x2fff]
[    0.161620] pci 0000:00:1c.4:   bridge window [mem 0xb8000000-0xce0fffff]
[    0.161626] pci 0000:00:1c.4:   bridge window [mem 0xd0000000-0xf1ffffff 64bit pref]
[    0.161639] pci_bus 0000:00: resource 4 [io  0x0000-0x0cf7 window]
[    0.161641] pci_bus 0000:00: resource 5 [io  0x0d00-0xffff window]
[    0.161642] pci_bus 0000:00: resource 6 [mem 0x000a0000-0x000bffff window]
[    0.161643] pci_bus 0000:00: resource 7 [mem 0x000c0000-0x000c3fff window]
[    0.161644] pci_bus 0000:00: resource 8 [mem 0x000c4000-0x000c7fff window]
[    0.161645] pci_bus 0000:00: resource 9 [mem 0x000c8000-0x000cbfff window]
[    0.161646] pci_bus 0000:00: resource 10 [mem 0x000cc000-0x000cffff window]
[    0.161647] pci_bus 0000:00: resource 11 [mem 0x000d0000-0x000d3fff window]
[    0.161648] pci_bus 0000:00: resource 12 [mem 0x000d4000-0x000d7fff window]
[    0.161650] pci_bus 0000:00: resource 13 [mem 0x000d8000-0x000dbfff window]
[    0.161651] pci_bus 0000:00: resource 14 [mem 0x000dc000-0x000dffff window]
[    0.161652] pci_bus 0000:00: resource 15 [mem 0x000e0000-0x000e3fff window]
[    0.161653] pci_bus 0000:00: resource 16 [mem 0x000e4000-0x000e7fff window]
[    0.161654] pci_bus 0000:00: resource 17 [mem 0x000e8000-0x000ebfff window]
[    0.161655] pci_bus 0000:00: resource 18 [mem 0x000ec000-0x000effff window]
[    0.161656] pci_bus 0000:00: resource 19 [mem 0x7fa00000-0xfebfffff window]
[    0.161657] pci_bus 0000:00: resource 20 [mem 0xfed40000-0xfed4bfff window]
[    0.161658] pci_bus 0000:01: resource 0 [io  0x4000-0x4fff]
[    0.161659] pci_bus 0000:01: resource 1 [mem 0xb0000000-0xb10fffff]
[    0.161660] pci_bus 0000:01: resource 2 [mem 0x80000000-0x91ffffff 64bit pref]
[    0.161662] pci_bus 0000:02: resource 1 [mem 0xb2900000-0xb29fffff]
[    0.161663] pci_bus 0000:03: resource 1 [mem 0xb2800000-0xb28fffff]
[    0.161664] pci_bus 0000:04: resource 0 [io  0x3000-0x3fff]
[    0.161665] pci_bus 0000:04: resource 1 [mem 0xb2000000-0xb27fffff]
[    0.161666] pci_bus 0000:04: resource 2 [mem 0xb1800000-0xb1ffffff 64bit pref]
[    0.161667] pci_bus 0000:06: resource 0 [io  0x2000-0x2fff]
[    0.161668] pci_bus 0000:06: resource 1 [mem 0xb8000000-0xce0fffff]
[    0.161670] pci_bus 0000:06: resource 2 [mem 0xd0000000-0xf1ffffff 64bit pref]
[    0.161703] NET: Registered protocol family 2
[    0.161875] TCP established hash table entries: 131072 (order: 8, 1048576 bytes)
[    0.162047] TCP bind hash table entries: 65536 (order: 8, 1048576 bytes)
[    0.162154] TCP: Hash tables configured (established 131072 bind 65536)
[    0.162182] UDP hash table entries: 8192 (order: 6, 262144 bytes)
[    0.162229] UDP-Lite hash table entries: 8192 (order: 6, 262144 bytes)
[    0.162297] NET: Registered protocol family 1
[    0.162309] pci 0000:00:02.0: Video device with shadowed ROM
[    0.164330] PCI: CLS 64 bytes, default 64
[    0.164368] Unpacking initramfs...
[    0.416783] Freeing initrd memory: 20356K (ffff88003ec1a000 - ffff88003fffb000)
[    0.416822] PCI-DMA: Using software bounce buffering for IO (SWIOTLB)
[    0.416826] software IO TLB [mem 0x75d87000-0x79d87000] (64MB) mapped at [ffff880075d87000-ffff880079d86fff]
[    0.416897] RAPL PMU detected, API unit is 2^-32 Joules, 4 fixed counters 655360 ms ovfl timer
[    0.416901] hw unit of domain pp0-core 2^-14 Joules
[    0.416903] hw unit of domain package 2^-14 Joules
[    0.416905] hw unit of domain dram 2^-14 Joules
[    0.416907] hw unit of domain pp1-gpu 2^-14 Joules
[    0.417747] futex hash table entries: 2048 (order: 5, 131072 bytes)
[    0.417781] audit: initializing netlink subsys (disabled)
[    0.417793] audit: type=2000 audit(1462458193.370:1): initialized
[    0.418037] Initialise system trusted keyring
[    0.418164] HugeTLB registered 1 GB page size, pre-allocated 0 pages
[    0.418167] HugeTLB registered 2 MB page size, pre-allocated 0 pages
[    0.419224] zbud: loaded
[    0.419406] VFS: Disk quotas dquot_6.6.0
[    0.419432] VFS: Dquot-cache hash table entries: 512 (order 0, 4096 bytes)
[    0.419744] Key type big_key registered
[    0.419748] SELinux:  Registering netfilter hooks
[    0.423763] NET: Registered protocol family 38
[    0.423776] Key type asymmetric registered
[    0.423780] Asymmetric key parser 'x509' registered
[    0.423810] Block layer SCSI generic (bsg) driver version 0.4 loaded (major 250)
[    0.423860] io scheduler noop registered
[    0.423864] io scheduler deadline registered
[    0.423891] io scheduler cfq registered (default)
[    0.424361] pci_hotplug: PCI Hot Plug PCI Core version: 0.5
[    0.424368] pciehp: PCI Express Hot Plug Controller Driver version: 0.4
[    0.424387] efifb: probing for efifb
[    0.424399] efifb: framebuffer at 0xa0000000, mapped to 0xffffc90002000000, using 8100k, total 8100k
[    0.424403] efifb: mode is 1920x1080x32, linelength=7680, pages=1
[    0.424405] efifb: scrolling: redraw
[    0.424407] efifb: Truecolor: size=8:8:8:8, shift=24:16:8:0
[    0.427845] Console: switching to colour frame buffer device 240x67
[    0.431040] fb0: EFI VGA frame buffer device
[    0.431060] intel_idle: MWAIT substates: 0x42120
[    0.431060] intel_idle: v0.4.1 model 0x3C
[    0.431061] intel_idle: lapic_timer_reliable_states 0xffffffff
[    0.431458] ACPI: AC Adapter [AC] (on-line)
[    0.431517] input: Lid Switch as /devices/LNXSYSTM:00/LNXSYBUS:00/PNP0C0D:00/input/input0
[    0.431646] ACPI: Lid Switch [LID]
[    0.431685] input: Sleep Button as /devices/LNXSYSTM:00/LNXSYBUS:00/PNP0C0E:00/input/input1
[    0.431709] ACPI: Sleep Button [SLPB]
[    0.431749] input: Power Button as /devices/LNXSYSTM:00/LNXPWRBN:00/input/input2
[    0.431770] ACPI: Power Button [PWRF]
[    0.432978] thermal LNXTHERM:00: registered as thermal_zone0
[    0.432997] ACPI: Thermal Zone [THM0] (64 C)
[    0.433042] GHES: HEST is not enabled!
[    0.433118] Serial: 8250/16550 driver, 32 ports, IRQ sharing enabled
[    0.440145] ACPI: Battery Slot [BAT0] (battery present)
[    0.454913] 0000:00:16.3: ttyS4 at I/O 0x50b0 (irq = 17, base_baud = 115200) is a 16550A
[    0.455174] Non-volatile memory driver v1.3
[    0.455222] Linux agpgart interface v0.103
[    0.455848] ahci 0000:00:1f.2: version 3.0
[    0.455977] ahci 0000:00:1f.2: AHCI 0001.0300 32 slots 6 ports 6 Gbps 0x21 impl SATA mode
[    0.456002] ahci 0000:00:1f.2: flags: 64bit ncq ilck pm led clo pio slum part ems apst 
[    0.458138] scsi host0: ahci
[    0.458298] scsi host1: ahci
[    0.458439] scsi host2: ahci
[    0.458540] scsi host3: ahci
[    0.458647] scsi host4: ahci
[    0.458750] scsi host5: ahci
[    0.458792] ata1: SATA max UDMA/133 abar m2048@0xb2a3c000 port 0xb2a3c100 irq 27
[    0.458813] ata2: DUMMY
[    0.458821] ata3: DUMMY
[    0.458829] ata4: DUMMY
[    0.458837] ata5: DUMMY
[    0.458851] ata6: SATA max UDMA/133 abar m2048@0xb2a3c000 port 0xb2a3c380 irq 27
[    0.458935] libphy: Fixed MDIO Bus: probed
[    0.459035] ehci_hcd: USB 2.0 'Enhanced' Host Controller (EHCI) Driver
[    0.459066] ehci-pci: EHCI PCI platform driver
[    0.459156] ehci-pci 0000:00:1a.0: EHCI Host Controller
[    0.459227] ehci-pci 0000:00:1a.0: new USB bus registered, assigned bus number 1
[    0.459262] ehci-pci 0000:00:1a.0: debug port 2
[    0.463197] ehci-pci 0000:00:1a.0: cache line size of 64 is not supported
[    0.463209] ehci-pci 0000:00:1a.0: irq 16, io mem 0xb2a3e000
[    0.469634] ehci-pci 0000:00:1a.0: USB 2.0 started, EHCI 1.00
[    0.470356] usb usb1: New USB device found, idVendor=1d6b, idProduct=0002
[    0.471068] usb usb1: New USB device strings: Mfr=3, Product=2, SerialNumber=1
[    0.471788] usb usb1: Product: EHCI Host Controller
[    0.472492] usb usb1: Manufacturer: Linux 4.4.8-300.fc23.x86_64 ehci_hcd
[    0.473214] usb usb1: SerialNumber: 0000:00:1a.0
[    0.474043] hub 1-0:1.0: USB hub found
[    0.474756] hub 1-0:1.0: 3 ports detected
[    0.475659] ehci-pci 0000:00:1d.0: EHCI Host Controller
[    0.476418] ehci-pci 0000:00:1d.0: new USB bus registered, assigned bus number 2
[    0.477145] ehci-pci 0000:00:1d.0: debug port 2
[    0.481751] ehci-pci 0000:00:1d.0: cache line size of 64 is not supported
[    0.481761] ehci-pci 0000:00:1d.0: irq 23, io mem 0xb2a3d000
[    0.487634] ehci-pci 0000:00:1d.0: USB 2.0 started, EHCI 1.00
[    0.488340] usb usb2: New USB device found, idVendor=1d6b, idProduct=0002
[    0.489050] usb usb2: New USB device strings: Mfr=3, Product=2, SerialNumber=1
[    0.489764] usb usb2: Product: EHCI Host Controller
[    0.490464] usb usb2: Manufacturer: Linux 4.4.8-300.fc23.x86_64 ehci_hcd
[    0.491178] usb usb2: SerialNumber: 0000:00:1d.0
[    0.491987] hub 2-0:1.0: USB hub found
[    0.492692] hub 2-0:1.0: 3 ports detected
[    0.493473] ohci_hcd: USB 1.1 'Open' Host Controller (OHCI) Driver
[    0.494170] ohci-pci: OHCI PCI platform driver
[    0.494867] uhci_hcd: USB Universal Host Controller Interface driver
[    0.495647] xhci_hcd 0000:00:14.0: xHCI Host Controller
[    0.496388] xhci_hcd 0000:00:14.0: new USB bus registered, assigned bus number 3
[    0.498180] xhci_hcd 0000:00:14.0: hcc params 0x200077c1 hci version 0x100 quirks 0x00009810
[    0.498892] xhci_hcd 0000:00:14.0: cache line size of 64 is not supported
[    0.498965] usb usb3: New USB device found, idVendor=1d6b, idProduct=0002
[    0.499667] usb usb3: New USB device strings: Mfr=3, Product=2, SerialNumber=1
[    0.500354] usb usb3: Product: xHCI Host Controller
[    0.501039] usb usb3: Manufacturer: Linux 4.4.8-300.fc23.x86_64 xhci-hcd
[    0.501724] usb usb3: SerialNumber: 0000:00:14.0
[    0.502492] hub 3-0:1.0: USB hub found
[    0.503176] hub 3-0:1.0: 15 ports detected
[    0.506822] xhci_hcd 0000:00:14.0: xHCI Host Controller
[    0.507534] xhci_hcd 0000:00:14.0: new USB bus registered, assigned bus number 4
[    0.508235] usb usb4: New USB device found, idVendor=1d6b, idProduct=0003
[    0.508908] usb usb4: New USB device strings: Mfr=3, Product=2, SerialNumber=1
[    0.509569] usb usb4: Product: xHCI Host Controller
[    0.510229] usb usb4: Manufacturer: Linux 4.4.8-300.fc23.x86_64 xhci-hcd
[    0.510886] usb usb4: SerialNumber: 0000:00:14.0
[    0.511644] hub 4-0:1.0: USB hub found
[    0.512299] hub 4-0:1.0: 6 ports detected
[    0.513781] usb: port power management may be unreliable
[    0.514895] usbcore: registered new interface driver usbserial
[    0.515539] usbcore: registered new interface driver usbserial_generic
[    0.516195] usbserial: USB Serial support registered for generic
[    0.516883] i8042: PNP: PS/2 Controller [PNP0303:KBD,PNP0f13:MOU] at 0x60,0x64 irq 1,12
[    0.519767] serio: i8042 KBD port at 0x60,0x64 irq 1
[    0.520451] serio: i8042 AUX port at 0x60,0x64 irq 12
[    0.521235] mousedev: PS/2 mouse device common for all mice
[    0.522176] rtc_cmos 00:02: RTC can wake from S4
[    0.523039] rtc_cmos 00:02: rtc core: registered rtc_cmos as rtc0
[    0.523769] rtc_cmos 00:02: alarms up to one month, y3k, 114 bytes nvram, hpet irqs
[    0.524570] device-mapper: uevent: version 1.0.3
[    0.525373] device-mapper: ioctl: 4.34.0-ioctl (2015-10-28) initialised: dm-devel@redhat.com
[    0.526187] Intel P-state driver initializing.
[    0.526931] input: AT Translated Set 2 keyboard as /devices/platform/i8042/serio0/input/input3
[    0.528999] hidraw: raw HID events driver (C) Jiri Kosina
[    0.531640] usbcore: registered new interface driver usbhid
[    0.534166] usbhid: USB HID core driver
[    0.536867] drop_monitor: Initializing network drop monitor service
[    0.539644] ip_tables: (C) 2000-2006 Netfilter Core Team
[    0.542067] Initializing XFRM netlink socket
[    0.544656] NET: Registered protocol family 10
[    0.547409] mip6: Mobile IPv6
[    0.549682] NET: Registered protocol family 17
[    0.552377] microcode: CPU0 sig=0x306c3, pf=0x10, revision=0x1e
[    0.554418] microcode: CPU1 sig=0x306c3, pf=0x10, revision=0x1e
[    0.556017] microcode: CPU2 sig=0x306c3, pf=0x10, revision=0x1e
[    0.557261] microcode: CPU3 sig=0x306c3, pf=0x10, revision=0x1e
[    0.557891] microcode: CPU4 sig=0x306c3, pf=0x10, revision=0x1e
[    0.558473] microcode: CPU5 sig=0x306c3, pf=0x10, revision=0x1e
[    0.559016] microcode: CPU6 sig=0x306c3, pf=0x10, revision=0x1e
[    0.559551] microcode: CPU7 sig=0x306c3, pf=0x10, revision=0x1e
[    0.560162] microcode: Microcode Update Driver: v2.01 <tigran@aivazian.fsnet.co.uk>, Peter Oruba
[    0.560698] AVX2 version of gcm_enc/dec engaged.
[    0.561228] AES CTR mode by8 optimization enabled
[    0.583568] registered taskstats version 1
[    0.584229] Loading compiled-in X.509 certificates
[    0.585349] Loaded X.509 cert 'Fedora kernel signing key: c6db02cb43bc60624236020373122b24cbcc13a6'
[    0.585937] zswap: loaded using pool lzo/zbud
[    0.588679]   Magic number: 0:675:383
[    0.589213] usb usb1: hash matches
[    0.589840] rtc_cmos 00:02: setting system clock to 2016-05-05 14:23:13 UTC (1462458193)
[    0.590413] PM: Hibernation image not present or could not be loaded.
[    0.763705] ata6: SATA link up 1.5 Gbps (SStatus 113 SControl 300)
[    0.764439] ata1: SATA link up 6.0 Gbps (SStatus 133 SControl 300)
[    0.766789] ata1.00: ACPI cmd ef/02:00:00:00:00:a0 (SET FEATURES) succeeded
[    0.766792] ata1.00: ACPI cmd f5/00:00:00:00:00:a0 (SECURITY FREEZE LOCK) filtered out
[    0.767808] ata1.00: ACPI cmd ef/10:03:00:00:00:a0 (SET FEATURES) filtered out
[    0.769577] ata1.00: ATA-9: SAMSUNG MZ7LN512HCHP-000L1, EMT04L0Q, max UDMA/133
[    0.770259] ata1.00: 1000215216 sectors, multi 16: LBA48 NCQ (depth 31/32), AA
[    0.771183] ata6.00: ACPI cmd e3/00:1f:00:00:00:a0 (IDLE) succeeded
[    0.771777] ata1.00: ACPI cmd ef/02:00:00:00:00:a0 (SET FEATURES) succeeded
[    0.771779] ata1.00: ACPI cmd f5/00:00:00:00:00:a0 (SECURITY FREEZE LOCK) filtered out
[    0.772471] ata1.00: ACPI cmd ef/10:03:00:00:00:a0 (SET FEATURES) filtered out
[    0.773373] ata6.00: ACPI cmd e3/00:02:00:00:00:a0 (IDLE) succeeded
[    0.773375] ata6.00: ACPI cmd ef/10:03:00:00:00:a0 (SET FEATURES) filtered out
[    0.774783] ata1.00: configured for UDMA/133
[    0.775602] scsi 0:0:0:0: Direct-Access     ATA      SAMSUNG MZ7LN512 4L0Q PQ: 0 ANSI: 5
[    0.776435] sd 0:0:0:0: Attached scsi generic sg0 type 0
[    0.776456] sd 0:0:0:0: [sda] 1000215216 512-byte logical blocks: (512 GB/477 GiB)
[    0.776646] usb 1-1: new high-speed USB device number 2 using ehci-pci
[    0.776691] sd 0:0:0:0: [sda] Write Protect is off
[    0.776693] sd 0:0:0:0: [sda] Mode Sense: 00 3a 00 00
[    0.776757] sd 0:0:0:0: [sda] Write cache: enabled, read cache: enabled, doesn't support DPO or FUA
[    0.776874] ata6.00: ATAPI: HL-DT-ST DVDRAM GUB0N, LV20, max UDMA/133
[    0.778168]  sda: sda1 sda2 sda3 sda4 sda5 sda6 sda7
[    0.778829] sd 0:0:0:0: [sda] Attached SCSI disk
[    0.780661] ata6.00: ACPI cmd e3/00:1f:00:00:00:a0 (IDLE) succeeded
[    0.780858] ata6.00: ACPI cmd e3/00:02:00:00:00:a0 (IDLE) succeeded
[    0.780860] ata6.00: ACPI cmd ef/10:03:00:00:00:a0 (SET FEATURES) filtered out
[    0.782866] ata6.00: configured for UDMA/133
[    0.788125] scsi 5:0:0:0: CD-ROM            HL-DT-ST DVDRAM GUB0N     LV20 PQ: 0 ANSI: 5
[    0.794694] usb 2-1: new high-speed USB device number 2 using ehci-pci
[    0.815302] sr 5:0:0:0: [sr0] scsi3-mmc drive: 24x/24x writer dvd-ram cd/rw xa/form2 cdda tray
[    0.816090] cdrom: Uniform CD-ROM driver Revision: 3.20
[    0.816776] usb 4-5: new SuperSpeed USB device number 2 using xhci_hcd
[    0.816893] sr 5:0:0:0: Attached scsi CD-ROM sr0
[    0.816969] sr 5:0:0:0: Attached scsi generic sg1 type 5
[    0.818945] Freeing unused kernel memory: 1528K (ffffffff81d48000 - ffffffff81ec6000)
[    0.819518] Write protecting the kernel read-only data: 12288k
[    0.820379] Freeing unused kernel memory: 348K (ffff8800017a9000 - ffff880001800000)
[    0.821960] Freeing unused kernel memory: 652K (ffff880001b5d000 - ffff880001c00000)
[    0.831370] usb 4-5: New USB device found, idVendor=17ef, idProduct=1010
[    0.838107] usb 4-5: New USB device strings: Mfr=1, Product=2, SerialNumber=0
[    0.844122] usb 4-5: Product: Lenovo ThinkPad Dock   
[    0.848857] random: systemd urandom read with 13 bits of entropy available
[    0.849474] usb 4-5: Manufacturer: LENOVO                 
[    0.851471] systemd[1]: systemd 222 running in system mode. (+PAM +AUDIT +SELINUX +IMA -APPARMOR +SMACK +SYSVINIT +UTMP +LIBCRYPTSETUP +GCRYPT +GNUTLS +ACL +XZ -LZ4 +SECCOMP +BLKID +ELFUTILS +KMOD +IDN)
[    0.852095] hub 4-5:1.0: USB hub found
[    0.852200] hub 4-5:1.0: 4 ports detected
[    0.853515] systemd[1]: Detected architecture x86-64.
[    0.854161] systemd[1]: Running in initial RAM disk.
[    0.856859] systemd[1]: Set hostname to <red>.
[    0.859639] usb 3-5: new full-speed USB device number 2 using xhci_hcd
[    0.887183] systemd[1]: Reached target Timers.
[    0.887844] systemd[1]: Starting Timers.
[    0.889257] systemd[1]: Reached target Local File Systems.
[    0.889954] systemd[1]: Starting Local File Systems.
[    0.890981] usb 1-1: New USB device found, idVendor=8087, idProduct=8008
[    0.890982] usb 1-1: New USB device strings: Mfr=0, Product=0, SerialNumber=0
[    0.891247] hub 1-1:1.0: USB hub found
[    0.891352] hub 1-1:1.0: 6 ports detected
[    0.894406] systemd[1]: Created slice -.slice.
[    0.895124] systemd[1]: Starting -.slice.
[    0.896464] systemd[1]: Listening on Journal Socket (/dev/log).
[    0.897108] systemd[1]: Starting Journal Socket (/dev/log).
[    0.898481] systemd[1]: Listening on udev Control Socket.
[    0.899125] systemd[1]: Starting udev Control Socket.
[    0.900462] systemd[1]: Created slice System Slice.
[    0.901182] systemd[1]: Starting System Slice.
[    0.902536] systemd[1]: Reached target Slices.
[    0.903197] systemd[1]: Starting Slices.
[    0.904579] systemd[1]: Listening on Journal Audit Socket.
[    0.905216] systemd[1]: Starting Journal Audit Socket.
[    0.906484] systemd[1]: Reached target Swap.
[    0.907148] systemd[1]: Starting Swap.
[    0.908435] systemd[1]: Created slice system-systemd\x2dcryptsetup.slice.
[    0.909044] systemd[1]: Starting system-systemd\x2dcryptsetup.slice.
[    0.910354] systemd[1]: Listening on udev Kernel Socket.
[    0.910962] systemd[1]: Starting udev Kernel Socket.
[    0.912239] systemd[1]: Listening on Journal Socket.
[    0.912857] systemd[1]: Starting Journal Socket.
[    0.913455] systemd[1]: Started dracut ask for additional cmdline parameters.
[    0.913984] usb 2-1: New USB device found, idVendor=8087, idProduct=8000
[    0.913984] usb 2-1: New USB device strings: Mfr=0, Product=0, SerialNumber=0
[    0.914257] hub 2-1:1.0: USB hub found
[    0.914352] hub 2-1:1.0: 8 ports detected
[    0.924765] systemd[1]: Starting Setup Virtual Console...
[    0.927043] systemd[1]: Reached target Sockets.
[    0.927690] systemd[1]: Starting Sockets.
[    0.928554] systemd[1]: Starting Create list of required static device nodes for the current kernel...
[    0.932751] systemd[1]: Starting Journal Service...
[    0.934447] systemd[1]: Starting dracut cmdline hook...
[    0.936859] systemd[1]: Started Load Kernel Modules.
[    0.938242] systemd[1]: Starting Apply Kernel Variables...
[    0.941882] systemd[1]: Started Create list of required static device nodes for the current kernel.
[    0.943150] audit: type=1130 audit(1462458193.851:2): pid=1 uid=0 auid=4294967295 ses=4294967295 subj=kernel msg='unit=kmod-static-nodes comm="systemd" exe="/usr/lib/systemd/systemd" hostname=? addr=? terminal=? res=success'
[    0.945358] systemd[1]: Started Apply Kernel Variables.
[    0.946324] audit: type=1130 audit(1462458193.854:3): pid=1 uid=0 auid=4294967295 ses=4294967295 subj=kernel msg='unit=systemd-sysctl comm="systemd" exe="/usr/lib/systemd/systemd" hostname=? addr=? terminal=? res=success'
[    0.949078] systemd[1]: Starting Create Static Device Nodes in /dev...
[    0.952630] systemd[1]: Started Create Static Device Nodes in /dev.
[    0.953699] audit: type=1130 audit(1462458193.862:4): pid=1 uid=0 auid=4294967295 ses=4294967295 subj=kernel msg='unit=systemd-tmpfiles-setup-dev comm="systemd" exe="/usr/lib/systemd/systemd" hostname=? addr=? terminal=? res=success'
[    0.955942] systemd[1]: Started Journal Service.
[    0.956893] audit: type=1130 audit(1462458193.865:5): pid=1 uid=0 auid=4294967295 ses=4294967295 subj=kernel msg='unit=systemd-journald comm="systemd" exe="/usr/lib/systemd/systemd" hostname=? addr=? terminal=? res=success'
[    0.962196] audit: type=1130 audit(1462458193.870:6): pid=1 uid=0 auid=4294967295 ses=4294967295 subj=kernel msg='unit=systemd-vconsole-setup comm="systemd" exe="/usr/lib/systemd/systemd" hostname=? addr=? terminal=? res=success'
[    1.025652] audit: type=1130 audit(1462458193.934:7): pid=1 uid=0 auid=4294967295 ses=4294967295 subj=kernel msg='unit=dracut-cmdline comm="systemd" exe="/usr/lib/systemd/systemd" hostname=? addr=? terminal=? res=success'
[    1.035999] usb 3-5: New USB device found, idVendor=058f, idProduct=9540
[    1.036000] usb 3-5: New USB device strings: Mfr=1, Product=2, SerialNumber=0
[    1.036001] usb 3-5: Product: EMV Smartcard Reader
[    1.036001] usb 3-5: Manufacturer: Generic
[    1.052047] audit: type=1130 audit(1462458193.960:8): pid=1 uid=0 auid=4294967295 ses=4294967295 subj=kernel msg='unit=dracut-pre-udev comm="systemd" exe="/usr/lib/systemd/systemd" hostname=? addr=? terminal=? res=success'
[    1.057881] audit: type=1130 audit(1462458193.966:9): pid=1 uid=0 auid=4294967295 ses=4294967295 subj=kernel msg='unit=systemd-udevd comm="systemd" exe="/usr/lib/systemd/systemd" hostname=? addr=? terminal=? res=success'
[    1.070630] audit: type=1130 audit(1462458193.978:10): pid=1 uid=0 auid=4294967295 ses=4294967295 subj=kernel msg='unit=dracut-pre-trigger comm="systemd" exe="/usr/lib/systemd/systemd" hostname=? addr=? terminal=? res=success'
[    1.113798] FUJITSU Extended Socket Network Device Driver - version 1.0 - Copyright (c) 2015 FUJITSU LIMITED
[    1.120869] wmi: Mapper loaded
[    1.123873] pps_core: LinuxPPS API ver. 1 registered
[    1.126073] pps_core: Software ver. 5.3.6 - Copyright 2005-2007 Rodolfo Giometti <giometti@linux.it>
[    1.131190] PTP clock support registered
[    1.133435] sdhci: Secure Digital Host Controller Interface driver
[    1.134610] sdhci: Copyright(c) Pierre Ossman
[    1.138212] sdhci-pci 0000:02:00.0: SDHCI controller found [1217:8520] (rev 1)
[    1.138264] [drm] Initialized drm 1.1.0 20060810
[    1.142870] mmc0: Unknown controller version (3). You may experience problems.
[    1.146238] sdhci-pci 0000:02:00.0: No vmmc regulator found
[    1.147978] sdhci-pci 0000:02:00.0: No vqmmc regulator found
[    1.153643] mmc0: SDHCI controller on PCI [0000:02:00.0] using ADMA
[    1.159304] e1000e: Intel(R) PRO/1000 Network Driver - 3.2.6-k
[    1.161547] e1000e: Copyright(c) 1999 - 2015 Intel Corporation.
[    1.163893] e1000e 0000:00:19.0: Interrupt Throttling Rate (ints/sec) set to dynamic conservative mode
[    1.189640] usb 3-9: new high-speed USB device number 3 using xhci_hcd
[    1.223498] ACPI Warning: \_SB_.PCI0.PEG_.VID_._DSM: Argument #4 type mismatch - Found [Buffer], ACPI requires [Package] (20150930/nsarguments-95)
[    1.225075] ACPI Warning: \_SB_.PCI0.PEG_.VID_._DSM: Argument #4 type mismatch - Found [Buffer], ACPI requires [Package] (20150930/nsarguments-95)
[    1.226582] pci 0000:01:00.0: optimus capabilities: enabled, status dynamic power, hda bios codec supported
[    1.227808] VGA switcheroo: detected Optimus DSM method \_SB_.PCI0.PEG_.VID_ handle
[    1.229135] checking generic (a0000000 7e9000) vs hw (80000000 10000000)
[    1.229137] checking generic (a0000000 7e9000) vs hw (90000000 2000000)
[    1.229142] nouveau 0000:01:00.0: enabling device (0004 -> 0007)
[    1.230426] nouveau 0000:01:00.0: NVIDIA GK107 (0e7360a2)
[    1.322879] psmouse serio1: synaptics: queried max coordinates: x [..5676], y [..4758]
[    1.326087] nouveau 0000:01:00.0: bios: version 80.07.ac.00.20
[    1.336661] e1000e 0000:00:19.0 eth0: registered PHC clock
[    1.337870] e1000e 0000:00:19.0 eth0: (PCI Express:2.5GT/s:Width x1) 54:ee:75:86:bb:70
[    1.339084] e1000e 0000:00:19.0 eth0: Intel(R) PRO/1000 Network Connection
[    1.340348] e1000e 0000:00:19.0 eth0: MAC: 11, PHY: 12, PBA No: 1000FF-0FF
[    1.341602] i915 0000:00:02.0: enabling device (0006 -> 0007)
[    1.342180] e1000e 0000:00:19.0 enp0s25: renamed from eth0
[    1.347940] 8021q: 802.1Q VLAN Support v1.8
[    1.352665] psmouse serio1: synaptics: queried min coordinates: x [1266..], y [1096..]
[    1.355700] usb 3-9: New USB device found, idVendor=17ef, idProduct=1010
[    1.357471] usb 3-9: New USB device strings: Mfr=1, Product=2, SerialNumber=0
[    1.359289] usb 3-9: Product: Lenovo ThinkPad Dock   
[    1.361060] usb 3-9: Manufacturer: LENOVO                 
[    1.363386] hub 3-9:1.0: USB hub found
[    1.365215] hub 3-9:1.0: 4 ports detected
[    1.416855] psmouse serio1: synaptics: Touchpad model: 1, fw: 8.1, id: 0x1e2b1, caps: 0xf003a3/0x943300/0x12e800/0x10000, board id: 3053, fw id: 2560
[    1.417689] tsc: Refined TSC clocksource calibration: 2793.539 MHz
[    1.417691] clocksource: tsc: mask: 0xffffffffffffffff max_cycles: 0x28446941c6f, max_idle_ns: 440795248189 ns
[    1.420826] psmouse serio1: synaptics: serio: Synaptics pass-through port at isa0060/serio1/input0
[    1.457904] input: SynPS/2 Synaptics TouchPad as /devices/platform/i8042/serio1/input/input5
[    1.526673] usb 3-11: new full-speed USB device number 4 using xhci_hcd
[    1.692790] usb 3-11: New USB device found, idVendor=8087, idProduct=07dc
[    1.693947] usb 3-11: New USB device strings: Mfr=0, Product=0, SerialNumber=0
[    1.766643] usb 3-9.1: new full-speed USB device number 5 using xhci_hcd
[    1.855523] usb 3-9.1: New USB device found, idVendor=046d, idProduct=c52b
[    1.856917] usb 3-9.1: New USB device strings: Mfr=1, Product=2, SerialNumber=0
[    1.858372] usb 3-9.1: Product: USB Receiver
[    1.859855] usb 3-9.1: Manufacturer: Logitech
[    2.005639] usb 3-12: new high-speed USB device number 6 using xhci_hcd
[    2.016273] nouveau 0000:01:00.0: fb: 2048 MiB GDDR5
[    2.240809] usb 3-12: New USB device found, idVendor=04f2, idProduct=b39a
[    2.241941] usb 3-12: New USB device strings: Mfr=1, Product=2, SerialNumber=0
[    2.243010] usb 3-12: Product: Integrated Camera
[    2.244317] usb 3-12: Manufacturer: SunplusIT INC.
[    2.248660] usb 3-9.2: new low-speed USB device number 7 using xhci_hcd
[    2.341443] usb 3-9.2: New USB device found, idVendor=046d, idProduct=c517
[    2.342403] usb 3-9.2: New USB device strings: Mfr=1, Product=2, SerialNumber=0
[    2.343341] usb 3-9.2: Product: USB Receiver
[    2.344479] usb 3-9.2: Manufacturer: Logitech
[    2.345739] usb 3-9.2: ep 0x81 - rounding interval to 64 microframes, ep desc says 80 microframes
[    2.346839] usb 3-9.2: ep 0x82 - rounding interval to 64 microframes, ep desc says 80 microframes
[    2.418683] clocksource: Switched to clocksource tsc
[    2.431636] usb 3-9.4: new high-speed USB device number 8 using xhci_hcd
[    2.517916] usb 3-9.4: New USB device found, idVendor=17ef, idProduct=100f
[    2.518763] usb 3-9.4: New USB device strings: Mfr=1, Product=2, SerialNumber=3
[    2.519609] usb 3-9.4: Product: Lenovo ThinkPad Dock
[    2.520453] usb 3-9.4: Manufacturer: Lenovo
[    2.521322] usb 3-9.4: SerialNumber: Rev1.2
[    2.522942] hub 3-9.4:1.0: USB hub found
[    2.523810] hub 3-9.4:1.0: 3 ports detected
[    2.529406] logitech-djreceiver 0003:046D:C52B.0003: hiddev0,hidraw0: USB HID v1.11 Device [Logitech USB Receiver] on usb-0000:00:14.0-9.1/input2
[    2.531900] input: Logitech USB Receiver as /devices/pci0000:00/0000:00:14.0/usb3/3-9/3-9.2/3-9.2:1.0/0003:046D:C517.0004/input/input7
[    2.583838] logitech 0003:046D:C517.0004: input,hidraw1: USB HID v1.10 Keyboard [Logitech USB Receiver] on usb-0000:00:14.0-9.2/input0
[    2.584608] logitech 0003:046D:C517.0005: fixing up Logitech keyboard report descriptor
[    2.585699] input: Logitech USB Receiver as /devices/pci0000:00/0000:00:14.0/usb3/3-9/3-9.2/3-9.2:1.1/0003:046D:C517.0005/input/input8
[    2.641844] input: Logitech M510 as /devices/pci0000:00/0000:00:14.0/usb3/3-9/3-9.1/3-9.1:1.2/0003:046D:C52B.0003/0003:046D:1025.0006/input/input9
[    2.679154] [TTM] Zone  kernel: Available graphics memory: 8154732 kiB
[    2.679917] [TTM] Zone   dma32: Available graphics memory: 2097152 kiB
[    2.680749] [TTM] Initializing pool allocator
[    2.681497] [TTM] Initializing DMA pool allocator
[    2.682217] nouveau 0000:01:00.0: DRM: VRAM: 2048 MiB
[    2.683049] nouveau 0000:01:00.0: DRM: GART: 1048576 MiB
[    2.683751] nouveau 0000:01:00.0: DRM: TMDS table version 2.0
[    2.684506] nouveau 0000:01:00.0: DRM: DCB version 4.0
[    2.685190] nouveau 0000:01:00.0: DRM: DCB outp 00: 08800fc6 0f420010
[    2.685931] logitech 0003:046D:C517.0005: input,hiddev0,hidraw2: USB HID v1.10 Mouse [Logitech USB Receiver] on usb-0000:00:14.0-9.2/input1
[    2.685965] logitech-hidpp-device 0003:046D:1025.0006: input,hidraw3: USB HID v1.11 Mouse [Logitech M510] on usb-0000:00:14.0-9.1:1
[    2.688788] nouveau 0000:01:00.0: DRM: DCB outp 01: 08000f82 00020010
[    2.689591] nouveau 0000:01:00.0: DRM: DCB conn 00: 01000046
[    2.704634] [drm] Supports vblank timestamp caching Rev 2 (21.10.2013).
[    2.705359] [drm] Driver supports precise vblank timestamp query.
[    2.876867] nouveau 0000:01:00.0: DRM: MM: using COPY for buffer copies
[    2.909658] nouveau 0000:01:00.0: No connectors reported connected with modes
[    2.910367] [drm] Cannot find any crtc or sizes - going 1024x768
[    2.966082] nouveau 0000:01:00.0: DRM: allocated 1024x768 fb: 0x60000, bo ffff880466906c00
[    2.966821] checking generic (a0000000 7e9000) vs hw (0 0)
[    2.966864] nouveau 0000:01:00.0: fb1: nouveaufb frame buffer device
[    2.980791] [drm] Initialized nouveau 1.3.1 20120801 for 0000:01:00.0 on minor 0
[    2.981818] [drm] Memory usable by graphics device = 2048M
[    2.982762] checking generic (a0000000 7e9000) vs hw (a0000000 10000000)
[    2.982763] fb: switching to inteldrmfb from EFI VGA
[    2.983692] Console: switching to colour dummy device 80x25
[    2.983776] [drm] Replacing VGA console driver
[    2.990129] [drm] Supports vblank timestamp caching Rev 2 (21.10.2013).
[    2.990137] [drm] Driver supports precise vblank timestamp query.
[    2.990294] vga_switcheroo: enabled
[    2.990594] vgaarb: device changed decodes: PCI:0000:01:00.0,olddecodes=io+mem,decodes=none:owns=none
[    2.990603] vgaarb: device changed decodes: PCI:0000:00:02.0,olddecodes=io+mem,decodes=none:owns=mem
[    3.074650] ACPI: Video Device [VID] (multi-head: yes  rom: no  post: no)
[    3.074952] input: Video Bus as /devices/LNXSYSTM:00/LNXSYBUS:00/PNP0A08:00/LNXVIDEO:00/input/input10
[    3.075097] ACPI: Video Device [VID1] (multi-head: yes  rom: yes  post: no)
[    3.075201] input: Video Bus as /devices/LNXSYSTM:00/LNXSYBUS:00/PNP0A08:00/device:09/LNXVIDEO:01/input/input11
[    3.075270] [drm] Initialized i915 1.6.0 20151010 for 0000:00:02.0 on minor 1
[    3.263806] fbcon: inteldrmfb (fb0) is primary device
[    4.527975] Console: switching to colour frame buffer device 240x67
[    4.708280] i915 0000:00:02.0: fb0: inteldrmfb frame buffer device
[    5.507305] psmouse serio2: trackpoint: IBM TrackPoint firmware: 0x0e, buttons: 3/3
[    5.703113] input: TPPS/2 IBM TrackPoint as /devices/platform/i8042/serio1/serio2/input/input6
[    8.739802] ACPI Warning: \_SB_.PCI0.PEG_.VID_._DSM: Argument #4 type mismatch - Found [Buffer], ACPI requires [Package] (20150930/nsarguments-95)
[    8.740622] ACPI Warning: \_SB_.PCI0.PEG_.VID_._DSM: Argument #4 type mismatch - Found [Buffer], ACPI requires [Package] (20150930/nsarguments-95)
[    8.741394] nouveau 0000:01:00.0: DRM: suspending console...
[    8.741452] nouveau 0000:01:00.0: DRM: suspending display...
[    8.741527] nouveau 0000:01:00.0: DRM: evicting buffers...
[    8.741577] nouveau 0000:01:00.0: DRM: waiting for kernel channels to go idle...
[    8.741686] nouveau 0000:01:00.0: DRM: suspending client object trees...
[    8.747536] nouveau 0000:01:00.0: DRM: suspending kernel object tree...
[   14.875997] random: nonblocking pool is initialized
[   19.026638] audit_printk_skb: 9 callbacks suppressed
[   19.026639] audit: type=1130 audit(1462458211.934:14): pid=1 uid=0 auid=4294967295 ses=4294967295 subj=kernel msg='unit=systemd-cryptsetup@luks\x2d1bae8b30\x2de4e8\x2d4006\x2d9ea1\x2d9accbb518d2c comm="systemd" exe="/usr/lib/systemd/systemd" hostname=? addr=? terminal=? res=success'
[   19.209548] audit: type=1130 audit(1462458212.117:15): pid=1 uid=0 auid=4294967295 ses=4294967295 subj=kernel msg='unit=dracut-initqueue comm="systemd" exe="/usr/lib/systemd/systemd" hostname=? addr=? terminal=? res=success'
[   19.236433] audit: type=1130 audit(1462458212.144:16): pid=1 uid=0 auid=4294967295 ses=4294967295 subj=kernel msg='unit=systemd-fsck-root comm="systemd" exe="/usr/lib/systemd/systemd" hostname=? addr=? terminal=? res=success'
[   19.246190] EXT4-fs (dm-1): mounted filesystem with ordered data mode. Opts: (null)
[   19.290120] audit: type=1130 audit(1462458212.198:17): pid=1 uid=0 auid=4294967295 ses=4294967295 subj=kernel msg='unit=initrd-parse-etc comm="systemd" exe="/usr/lib/systemd/systemd" hostname=? addr=? terminal=? res=success'
[   19.290129] audit: type=1131 audit(1462458212.198:18): pid=1 uid=0 auid=4294967295 ses=4294967295 subj=kernel msg='unit=initrd-parse-etc comm="systemd" exe="/usr/lib/systemd/systemd" hostname=? addr=? terminal=? res=success'
[   19.413127] audit: type=1130 audit(1462458212.321:19): pid=1 uid=0 auid=4294967295 ses=4294967295 subj=kernel msg='unit=dracut-pre-pivot comm="systemd" exe="/usr/lib/systemd/systemd" hostname=? addr=? terminal=? res=success'
[   19.428888] audit: type=1130 audit(1462458212.337:20): pid=1 uid=0 auid=4294967295 ses=4294967295 subj=kernel msg='unit=systemd-ask-password-plymouth comm="systemd" exe="/usr/lib/systemd/systemd" hostname=? addr=? terminal=? res=success'
[   19.428901] audit: type=1131 audit(1462458212.337:21): pid=1 uid=0 auid=4294967295 ses=4294967295 subj=kernel msg='unit=systemd-ask-password-plymouth comm="systemd" exe="/usr/lib/systemd/systemd" hostname=? addr=? terminal=? res=success'
[   19.431948] audit: type=1130 audit(1462458212.341:22): pid=1 uid=0 auid=4294967295 ses=4294967295 subj=kernel msg='unit=initrd-cleanup comm="systemd" exe="/usr/lib/systemd/systemd" hostname=? addr=? terminal=? res=success'
[   19.431959] audit: type=1131 audit(1462458212.341:23): pid=1 uid=0 auid=4294967295 ses=4294967295 subj=kernel msg='unit=initrd-cleanup comm="systemd" exe="/usr/lib/systemd/systemd" hostname=? addr=? terminal=? res=success'
[   19.497342] systemd-journald[230]: Received SIGTERM from PID 1 (systemd).
[   19.567021] SELinux: 32768 avtab hash slots, 103688 rules.
[   19.578463] SELinux: 32768 avtab hash slots, 103688 rules.
[   19.597838] SELinux:  8 users, 14 roles, 4930 types, 305 bools, 1 sens, 1024 cats
[   19.597841] SELinux:  92 classes, 103688 rules
[   19.600038] SELinux:  Completing initialization.
[   19.600039] SELinux:  Setting up existing superblocks.
[   19.611236] systemd[1]: Successfully loaded SELinux policy in 61.848ms.
[   19.640536] systemd[1]: Relabelled /dev and /run in 13.702ms.
[   19.791303] EXT4-fs (dm-1): re-mounted. Opts: (null)
[   19.811945] RPC: Registered named UNIX socket transport module.
[   19.812498] RPC: Registered udp transport module.
[   19.813045] RPC: Registered tcp transport module.
[   19.813584] RPC: Registered tcp NFSv4.1 backchannel transport module.
[   19.838376] Installing knfsd (copyright (C) 1996 okir@monad.swb.de).
[   19.845257] systemd-journald[962]: Received request to flush runtime journal from PID 1
[   19.933065] tpm_tis 00:05: 1.2 TPM (device-id 0x0, rev-id 78)
[   19.943807] thinkpad_acpi: ThinkPad ACPI Extras v0.25
[   19.944726] thinkpad_acpi: http://ibm-acpi.sf.net/
[   19.945648] thinkpad_acpi: ThinkPad BIOS GNET71WW (2.19 ), EC unknown
[   19.946511] thinkpad_acpi: Lenovo ThinkPad W541, model 20EGS0R600
[   19.949437] thinkpad_acpi: Unsupported brightness interface
[   19.950615] EDAC MC: Ver: 3.0.0
[   19.950861] thinkpad_acpi: radio switch found; radios are enabled
[   19.950875] thinkpad_acpi: This ThinkPad has standard ACPI backlight brightness control, supported by the ACPI video driver
[   19.950875] thinkpad_acpi: Disabling thinkpad-acpi brightness events by default...
[   19.952201] thinkpad_acpi: rfkill switch tpacpi_bluetooth_sw: radio is unblocked
[   19.955189] input: ThinkPad Extra Buttons as /devices/platform/thinkpad_acpi/input/input12
[   19.958965] shpchp: Standard Hot Plug PCI Controller Driver version: 0.4
[   19.962156] EDAC ie31200: No ECC support
[   19.979792] tpm_tis 00:05: TPM is disabled/deactivated (0x6)
[   19.988312] Bluetooth: Core ver 2.21
[   19.988325] NET: Registered protocol family 31
[   19.988325] Bluetooth: HCI device and connection manager initialized
[   19.988328] Bluetooth: HCI socket layer initialized
[   19.988329] Bluetooth: L2CAP socket layer initialized
[   19.988335] Bluetooth: SCO socket layer initialized
[   20.003200] media: Linux media interface: v0.10
[   20.046667] i801_smbus 0000:00:1f.3: SMBus using PCI interrupt
[   20.046790] usbcore: registered new interface driver btusb
[   20.050348] Linux video capture interface: v2.00
[   20.059595] Intel(R) Wireless WiFi driver for Linux
[   20.060253] Copyright(c) 2003- 2015 Intel Corporation
[   20.060930] Bluetooth: hci0: read Intel version: 3707100180012d0d00
[   20.065312] iwlwifi 0000:03:00.0: Direct firmware load for iwlwifi-7260-17.ucode failed with error -2
[   20.065809] Bluetooth: hci0: Intel Bluetooth firmware file: intel/ibt-hw-37.7.10-fw-1.80.1.2d.d.bseq
[   20.071391] iwlwifi 0000:03:00.0: loaded firmware version 16.242414.0 op_mode iwlmvm
[   20.105597] snd_hda_intel 0000:00:03.0: bound 0000:00:02.0 (ops i915_audio_component_bind_ops [i915])
[   20.111921] iTCO_vendor_support: vendor-support=0
[   20.113854] uvcvideo: Found UVC 1.00 device Integrated Camera (04f2:b39a)
[   20.116252] iTCO_wdt: Intel TCO WatchDog Timer Driver v1.11
[   20.117131] iTCO_wdt: Found a Lynx Point TCO device (Version=2, TCOBASE=0x1860)
[   20.117184] iTCO_wdt: initialized. heartbeat=30 sec (nowayout=0)
[   20.120794] cfg80211: World regulatory domain updated:
[   20.120795] cfg80211:  DFS Master region: unset
[   20.120795] cfg80211:   (start_freq - end_freq @ bandwidth), (max_antenna_gain, max_eirp), (dfs_cac_time)
[   20.120797] cfg80211:   (2402000 KHz - 2472000 KHz @ 40000 KHz), (N/A, 2000 mBm), (N/A)
[   20.120798] cfg80211:   (2457000 KHz - 2482000 KHz @ 20000 KHz, 92000 KHz AUTO), (N/A, 2000 mBm), (N/A)
[   20.120799] cfg80211:   (2474000 KHz - 2494000 KHz @ 20000 KHz), (N/A, 2000 mBm), (N/A)
[   20.120800] cfg80211:   (5170000 KHz - 5250000 KHz @ 80000 KHz, 160000 KHz AUTO), (N/A, 2000 mBm), (N/A)
[   20.120802] cfg80211:   (5250000 KHz - 5330000 KHz @ 80000 KHz, 160000 KHz AUTO), (N/A, 2000 mBm), (0 s)
[   20.120802] cfg80211:   (5490000 KHz - 5730000 KHz @ 160000 KHz), (N/A, 2000 mBm), (0 s)
[   20.120803] cfg80211:   (5735000 KHz - 5835000 KHz @ 80000 KHz), (N/A, 2000 mBm), (N/A)
[   20.120804] cfg80211:   (57240000 KHz - 63720000 KHz @ 2160000 KHz), (N/A, 0 mBm), (N/A)
[   20.123673] input: Integrated Camera as /devices/pci0000:00/0000:00:14.0/usb3/3-12/3-12:1.0/input/input13
[   20.123735] usbcore: registered new interface driver uvcvideo
[   20.123736] USB Video Class driver (1.1.1)
[   20.129022] input: HDA Intel HDMI HDMI/DP,pcm=3 as /devices/pci0000:00/0000:00:03.0/sound/card0/input14
[   20.129088] input: HDA Intel HDMI HDMI/DP,pcm=7 as /devices/pci0000:00/0000:00:03.0/sound/card0/input15
[   20.129142] input: HDA Intel HDMI HDMI/DP,pcm=8 as /devices/pci0000:00/0000:00:03.0/sound/card0/input16
[   20.129250] snd_hda_codec_realtek hdaudioC1D0: autoconfig for ALC3232: line_outs=1 (0x14/0x0/0x0/0x0/0x0) type:speaker
[   20.129251] snd_hda_codec_realtek hdaudioC1D0:    speaker_outs=0 (0x0/0x0/0x0/0x0/0x0)
[   20.129253] snd_hda_codec_realtek hdaudioC1D0:    hp_outs=2 (0x16/0x15/0x0/0x0/0x0)
[   20.129253] snd_hda_codec_realtek hdaudioC1D0:    mono: mono_out=0x0
[   20.129254] snd_hda_codec_realtek hdaudioC1D0:    inputs:
[   20.129256] snd_hda_codec_realtek hdaudioC1D0:      Dock Mic=0x19
[   20.129257] snd_hda_codec_realtek hdaudioC1D0:      Mic=0x1a
[   20.129258] snd_hda_codec_realtek hdaudioC1D0:      Internal Mic=0x12
[   20.155504] iwlwifi 0000:03:00.0: Detected Intel(R) Dual Band Wireless N 7260, REV=0x144
[   20.155587] iwlwifi 0000:03:00.0: L1 Enabled - LTR Enabled
[   20.155847] iwlwifi 0000:03:00.0: L1 Enabled - LTR Enabled
[   20.155970] input: HDA Intel PCH Dock Mic as /devices/pci0000:00/0000:00:1b.0/sound/card1/input17
[   20.156051] input: HDA Intel PCH Mic as /devices/pci0000:00/0000:00:1b.0/sound/card1/input18
[   20.156112] input: HDA Intel PCH Dock Headphone as /devices/pci0000:00/0000:00:1b.0/sound/card1/input19
[   20.156200] input: HDA Intel PCH Headphone as /devices/pci0000:00/0000:00:1b.0/sound/card1/input20
[   20.211159] usb 3-11: USB disconnect, device number 4
[   20.212214] Bluetooth: hci0 sending Intel patch command (0xfc8e) failed (-19)
[   20.219798] Adding 8191996k swap on /dev/mapper/vg_red-swap.  Priority:-1 extents:1 across:8191996k SSFS
[   20.297051] EXT4-fs (sda2): mounted filesystem with ordered data mode. Opts: (null)
[   20.301724] intel_rapl: Found RAPL domain package
[   20.302396] intel_rapl: Found RAPL domain dram
[   20.318844] EXT4-fs (dm-3): mounted filesystem with ordered data mode. Opts: (null)
[   20.358722] ieee80211 phy0: Selected rate control algorithm 'iwl-mvm-rs'
[   20.361894] iwlwifi 0000:03:00.0 wlp3s0: renamed from wlan0
[   20.379353] cfg80211: Regulatory domain changed to country: US
[   20.380148] cfg80211:  DFS Master region: FCC
[   20.380168] cfg80211:   (start_freq - end_freq @ bandwidth), (max_antenna_gain, max_eirp), (dfs_cac_time)
[   20.381541] cfg80211:   (2402000 KHz - 2472000 KHz @ 40000 KHz), (N/A, 3000 mBm), (N/A)
[   20.382211] cfg80211:   (5170000 KHz - 5250000 KHz @ 80000 KHz, 160000 KHz AUTO), (N/A, 2300 mBm), (N/A)
[   20.382889] cfg80211:   (5250000 KHz - 5330000 KHz @ 80000 KHz, 160000 KHz AUTO), (N/A, 2300 mBm), (0 s)
[   20.383563] cfg80211:   (5490000 KHz - 5730000 KHz @ 160000 KHz), (N/A, 2300 mBm), (0 s)
[   20.384232] cfg80211:   (5735000 KHz - 5835000 KHz @ 80000 KHz), (N/A, 3000 mBm), (N/A)
[   20.384900] cfg80211:   (57240000 KHz - 63720000 KHz @ 2160000 KHz), (N/A, 4000 mBm), (N/A)
[   20.519489] Bluetooth: BNEP (Ethernet Emulation) ver 1.3
[   20.520157] Bluetooth: BNEP filters: protocol multicast
[   20.520808] Bluetooth: BNEP socket layer initialized
[   20.761544] nf_conntrack version 0.5.0 (65536 buckets, 262144 max)
[   20.799924] ip6_tables: (C) 2000-2006 Netfilter Core Team
[   20.857903] Ebtables v2.0 registered
[   20.873700] bridge: automatic filtering via arp/ip/ip6tables has been deprecated. Update your scripts to load br_netfilter if you need this.
[   21.024871] Netfilter messages via NETLINK v0.30.
[   21.029024] ip_set: protocol 6
[   21.146936] IPv6: ADDRCONF(NETDEV_UP): wlp3s0: link is not ready
[   21.147614] iwlwifi 0000:03:00.0: L1 Enabled - LTR Enabled
[   21.148435] iwlwifi 0000:03:00.0: L1 Enabled - LTR Enabled
[   21.332917] iwlwifi 0000:03:00.0: L1 Enabled - LTR Enabled
[   21.333912] iwlwifi 0000:03:00.0: L1 Enabled - LTR Enabled
[   21.351316] IPv6: ADDRCONF(NETDEV_UP): wlp3s0: link is not ready
[   21.363063] Ethernet Channel Bonding Driver: v3.7.1 (April 27, 2011)
[   21.364814] IPv6: ADDRCONF(NETDEV_UP): bond0: link is not ready
[   21.365729] 8021q: adding VLAN 0 to HW filter on device bond0
[   21.367246] IPv6: ADDRCONF(NETDEV_UP): enp0s25: link is not ready
[   21.571934] IPv6: ADDRCONF(NETDEV_UP): enp0s25: link is not ready
[   21.578497] bond0: Setting ARP monitoring interval to 0
[   21.579106] bond0: Setting MII monitoring interval to 100
[   21.579682] bond0: Setting up delay to 0
[   21.580257] bond0: Setting down delay to 0
[   21.580848] bond0: Setting arp_validate to none (0)
[   21.581415] bond0: Recording enp0s25 as primary, but it has not been enslaved to bond0 yet
[   21.582014] bond0: Setting primary_reselect to always (0)
[   21.582593] bond0: Setting fail_over_mac to none (0)
[   21.583171] bond0: Setting use_carrier to 1
[   21.583746] bond0: Setting ad_select to stable (0)
[   21.584322] bond0: Setting xmit hash policy to layer2 (0)
[   21.584897] bond0: Setting resend_igmp to 1
[   21.585485] 8021q: adding VLAN 0 to HW filter on device bond0
[   21.632476] IPv6: ADDRCONF(NETDEV_UP): wlp3s0: link is not ready
[   22.213863] Bluetooth: hci0 command 0xfc8e tx timeout
[   22.214599] Bluetooth: hci0 sending frame failed (-19)
[   24.221902] Bluetooth: hci0 command 0xfc11 tx timeout
[   24.647596] wlp3s0: authenticate with 48:5b:39:42:b8:bc
[   24.651873] wlp3s0: send auth to 48:5b:39:42:b8:bc (try 1/3)
[   24.654458] wlp3s0: authenticated
[   24.655862] wlp3s0: associate with 48:5b:39:42:b8:bc (try 1/3)
[   24.660148] wlp3s0: RX AssocResp from 48:5b:39:42:b8:bc (capab=0x411 status=0 aid=3)
[   24.661962] wlp3s0: associated
[   24.662682] IPv6: ADDRCONF(NETDEV_CHANGE): wlp3s0: link becomes ready
[   24.702668] wlp3s0: deauthenticating from 48:5b:39:42:b8:bc by local choice (Reason: 3=DEAUTH_LEAVING)
[   24.711301] bond0: Enslaving wlp3s0 as a backup interface with a down link
[   24.711939] cfg80211: World regulatory domain updated:
[   24.712954] cfg80211:  DFS Master region: unset
[   24.712971] cfg80211:   (start_freq - end_freq @ bandwidth), (max_antenna_gain, max_eirp), (dfs_cac_time)
[   24.714954] cfg80211:   (2402000 KHz - 2472000 KHz @ 40000 KHz), (N/A, 2000 mBm), (N/A)
[   24.715952] cfg80211:   (2457000 KHz - 2482000 KHz @ 20000 KHz, 92000 KHz AUTO), (N/A, 2000 mBm), (N/A)
[   24.716981] cfg80211:   (2474000 KHz - 2494000 KHz @ 20000 KHz), (N/A, 2000 mBm), (N/A)
[   24.718027] cfg80211:   (5170000 KHz - 5250000 KHz @ 80000 KHz, 160000 KHz AUTO), (N/A, 2000 mBm), (N/A)
[   24.719067] cfg80211:   (5250000 KHz - 5330000 KHz @ 80000 KHz, 160000 KHz AUTO), (N/A, 2000 mBm), (0 s)
[   24.720105] cfg80211:   (5490000 KHz - 5730000 KHz @ 160000 KHz), (N/A, 2000 mBm), (0 s)
[   24.721164] cfg80211:   (5735000 KHz - 5835000 KHz @ 80000 KHz), (N/A, 2000 mBm), (N/A)
[   24.722204] cfg80211:   (57240000 KHz - 63720000 KHz @ 2160000 KHz), (N/A, 0 mBm), (N/A)
[   24.725159] cfg80211: Regulatory domain changed to country: US
[   24.725791] cfg80211:  DFS Master region: FCC
[   24.725801] cfg80211:   (start_freq - end_freq @ bandwidth), (max_antenna_gain, max_eirp), (dfs_cac_time)
[   24.727017] cfg80211:   (2402000 KHz - 2472000 KHz @ 40000 KHz), (N/A, 3000 mBm), (N/A)
[   24.727639] cfg80211:   (5170000 KHz - 5250000 KHz @ 80000 KHz, 160000 KHz AUTO), (N/A, 2300 mBm), (N/A)
[   24.728263] cfg80211:   (5250000 KHz - 5330000 KHz @ 80000 KHz, 160000 KHz AUTO), (N/A, 2300 mBm), (0 s)
[   24.728880] cfg80211:   (5490000 KHz - 5730000 KHz @ 160000 KHz), (N/A, 2300 mBm), (0 s)
[   24.729492] cfg80211:   (5735000 KHz - 5835000 KHz @ 80000 KHz), (N/A, 3000 mBm), (N/A)
[   24.730095] cfg80211:   (57240000 KHz - 63720000 KHz @ 2160000 KHz), (N/A, 4000 mBm), (N/A)
[   25.301812] e1000e: enp0s25 NIC Link is Up 1000 Mbps Full Duplex, Flow Control: Rx/Tx
[   25.302553] IPv6: ADDRCONF(NETDEV_CHANGE): enp0s25: link becomes ready
[   25.411876] e1000e: enp0s25 NIC Link is Down
[   25.617325] bond0: Enslaving enp0s25 as a backup interface with a down link
[   27.936688] wlp3s0: authenticate with 48:5b:39:42:b8:bc
[   27.941582] wlp3s0: send auth to 48:5b:39:42:b8:bc (try 1/3)
[   27.945920] wlp3s0: authenticated
[   27.949878] wlp3s0: associate with 48:5b:39:42:b8:bc (try 1/3)
[   27.954920] wlp3s0: RX AssocResp from 48:5b:39:42:b8:bc (capab=0x411 status=0 aid=3)
[   27.956745] wlp3s0: associated
[   27.985894] bond0: link status definitely up for interface wlp3s0, 0 Mbps full duplex
[   27.986781] bond0: making interface wlp3s0 the new active one
[   27.987684] bond0: first active interface up!
[   29.124850] e1000e: enp0s25 NIC Link is Up 1000 Mbps Full Duplex, Flow Control: Rx/Tx
[   29.163187] FS-Cache: Loaded
[   29.175496] FS-Cache: Netfs 'nfs' registered for caching
[   29.179227] Key type dns_resolver registered
[   29.187894] bond0: link status definitely up for interface enp0s25, 1000 Mbps full duplex
[   29.189280] bond0: making interface enp0s25 the new active one
[   29.197986] NFS: Registering the id_resolver key type
[   29.198759] Key type id_resolver registered
[   29.199453] Key type id_legacy registered
[   30.211914] Bluetooth: hci0 exiting Intel manufacturer mode failed (-110)
[   36.574303] nf_conntrack: automatic helper assignment is deprecated and it will be removed soon. Use the iptables CT target to attach helpers instead.
[   39.014950] nouveau 0000:01:00.0: DRM: resuming kernel object tree...
[   39.014972] thinkpad_acpi: EC reports that Thermal Table has changed
[   39.690919] nouveau 0000:01:00.0: devinit: 0x64da[0]: script needs connector type
[   39.763896] nouveau 0000:01:00.0: DRM: resuming client object trees...
[   39.763935] nouveau 0000:01:00.0: DRM: resuming display...
[   39.763956] nouveau 0000:01:00.0: DRM: resuming console...
[   40.221036] fuse init (API version 7.23)
[   47.230612] tun: Universal TUN/TAP device driver, 1.6
[   47.230614] tun: (C) 1999-2004 Max Krasnyansky <maxk@qualcomm.com>
[   47.274369] device virbr0-nic entered promiscuous mode
[   47.393977] virbr0: port 1(virbr0-nic) entered listening state
[   47.393992] virbr0: port 1(virbr0-nic) entered listening state
[   47.432414] virbr0: port 1(virbr0-nic) entered disabled state
[   54.738986] ACPI Warning: \_SB_.PCI0.PEG_.VID_._DSM: Argument #4 type mismatch - Found [Buffer], ACPI requires [Package] (20150930/nsarguments-95)
[   54.739219] ACPI Warning: \_SB_.PCI0.PEG_.VID_._DSM: Argument #4 type mismatch - Found [Buffer], ACPI requires [Package] (20150930/nsarguments-95)
[   54.739418] nouveau 0000:01:00.0: DRM: suspending console...
[   54.739423] nouveau 0000:01:00.0: DRM: suspending display...
[   54.739440] nouveau 0000:01:00.0: DRM: evicting buffers...
[   54.748413] nouveau 0000:01:00.0: DRM: waiting for kernel channels to go idle...
[   54.748438] nouveau 0000:01:00.0: DRM: suspending client object trees...
[   54.753986] nouveau 0000:01:00.0: DRM: suspending kernel object tree...
[   55.973575] thinkpad_acpi: EC reports that Thermal Table has changed
[  396.695756] thinkpad_acpi: EC reports that Thermal Table has changed
[  396.695826] nouveau 0000:01:00.0: DRM: resuming kernel object tree...
[  397.383045] nouveau 0000:01:00.0: devinit: 0x64da[0]: script needs connector type
[  397.463458] nouveau 0000:01:00.0: DRM: resuming client object trees...
[  397.463538] nouveau 0000:01:00.0: DRM: resuming display...
[  397.463559] nouveau 0000:01:00.0: DRM: resuming console...
[  402.621809] ACPI Warning: \_SB_.PCI0.PEG_.VID_._DSM: Argument #4 type mismatch - Found [Buffer], ACPI requires [Package] (20150930/nsarguments-95)
[  402.622150] ACPI Warning: \_SB_.PCI0.PEG_.VID_._DSM: Argument #4 type mismatch - Found [Buffer], ACPI requires [Package] (20150930/nsarguments-95)
[  402.622377] nouveau 0000:01:00.0: DRM: suspending console...
[  402.622381] nouveau 0000:01:00.0: DRM: suspending display...
[  402.622399] nouveau 0000:01:00.0: DRM: evicting buffers...
[  402.622401] nouveau 0000:01:00.0: DRM: waiting for kernel channels to go idle...
[  402.622426] nouveau 0000:01:00.0: DRM: suspending client object trees...
[  402.628755] nouveau 0000:01:00.0: DRM: suspending kernel object tree...
[  403.980482] thinkpad_acpi: EC reports that Thermal Table has changed
[18539.380760] wlp3s0: deauthenticating from 48:5b:39:42:b8:bc by local choice (Reason: 3=DEAUTH_LEAVING)
[18539.390871] bond0: link status definitely down for interface wlp3s0, disabling it
[18539.394590] cfg80211: World regulatory domain updated:
[18539.394594] cfg80211:  DFS Master region: unset
[18539.394595] cfg80211:   (start_freq - end_freq @ bandwidth), (max_antenna_gain, max_eirp), (dfs_cac_time)
[18539.394597] cfg80211:   (2402000 KHz - 2472000 KHz @ 40000 KHz), (N/A, 2000 mBm), (N/A)
[18539.394599] cfg80211:   (2457000 KHz - 2482000 KHz @ 20000 KHz, 92000 KHz AUTO), (N/A, 2000 mBm), (N/A)
[18539.394601] cfg80211:   (2474000 KHz - 2494000 KHz @ 20000 KHz), (N/A, 2000 mBm), (N/A)
[18539.394602] cfg80211:   (5170000 KHz - 5250000 KHz @ 80000 KHz, 160000 KHz AUTO), (N/A, 2000 mBm), (N/A)
[18539.394604] cfg80211:   (5250000 KHz - 5330000 KHz @ 80000 KHz, 160000 KHz AUTO), (N/A, 2000 mBm), (0 s)
[18539.394612] cfg80211:   (5490000 KHz - 5730000 KHz @ 160000 KHz), (N/A, 2000 mBm), (0 s)
[18539.394613] cfg80211:   (5735000 KHz - 5835000 KHz @ 80000 KHz), (N/A, 2000 mBm), (N/A)
[18539.394615] cfg80211:   (57240000 KHz - 63720000 KHz @ 2160000 KHz), (N/A, 0 mBm), (N/A)
[18539.397024] cfg80211: Regulatory domain changed to country: US
[18539.397027] cfg80211:  DFS Master region: FCC
[18539.397028] cfg80211:   (start_freq - end_freq @ bandwidth), (max_antenna_gain, max_eirp), (dfs_cac_time)
[18539.397029] cfg80211:   (2402000 KHz - 2472000 KHz @ 40000 KHz), (N/A, 3000 mBm), (N/A)
[18539.397030] cfg80211:   (5170000 KHz - 5250000 KHz @ 80000 KHz, 160000 KHz AUTO), (N/A, 2300 mBm), (N/A)
[18539.397032] cfg80211:   (5250000 KHz - 5330000 KHz @ 80000 KHz, 160000 KHz AUTO), (N/A, 2300 mBm), (0 s)
[18539.397033] cfg80211:   (5490000 KHz - 5730000 KHz @ 160000 KHz), (N/A, 2300 mBm), (0 s)
[18539.397033] cfg80211:   (5735000 KHz - 5835000 KHz @ 80000 KHz), (N/A, 3000 mBm), (N/A)
[18539.397034] cfg80211:   (57240000 KHz - 63720000 KHz @ 2160000 KHz), (N/A, 4000 mBm), (N/A)
[18539.811569] usb 3-9: USB disconnect, device number 3
[18539.811573] usb 3-9.1: USB disconnect, device number 5
[18539.844999] usb 3-9.2: USB disconnect, device number 7
[18539.957090] thinkpad_acpi: undocked from hotplug port replicator
[18539.993838] usb 3-9.4: USB disconnect, device number 8
[18540.002695] usb 4-5: USB disconnect, device number 2
[18540.160787] e1000e: enp0s25 NIC Link is Down
[18540.190817] bond0: link status definitely down for interface enp0s25, disabling it
[18540.190888] bond0: now running without any active interface!
[18540.415757] thinkpad_acpi: EC reports that Thermal Table has changed
[18542.087980] PM: Syncing filesystems ... done.
[18542.109950] PM: Preparing system for sleep (mem)
[18542.110328] Freezing user space processes ... (elapsed 0.001 seconds) done.
[18542.112162] Freezing remaining freezable tasks ... (elapsed 0.001 seconds) done.
[18542.113402] PM: Suspending system (mem)
[18542.113417] Suspending console(s) (use no_console_suspend to debug)
[18542.238141] sd 0:0:0:0: [sda] Synchronizing SCSI cache
[18542.239591] sd 0:0:0:0: [sda] Stopping disk
[18542.456422] e1000e: EEE TX LPI TIMER: 00000011
[18542.673610] nouveau 0000:01:00.0: DRM: resuming kernel object tree...
[18542.734350] thinkpad_acpi: EC reports that Thermal Table has changed
[18543.360919] nouveau 0000:01:00.0: devinit: 0x64da[0]: script needs connector type
[18543.438966] nouveau 0000:01:00.0: DRM: resuming client object trees...
[18543.439126] nouveau 0000:01:00.0: DRM: resuming display...
[18543.439147] nouveau 0000:01:00.0: DRM: resuming console...
[18543.439155] nouveau 0000:01:00.0: DRM: suspending console...
[18543.439155] nouveau 0000:01:00.0: DRM: suspending display...
[18543.439162] nouveau 0000:01:00.0: DRM: evicting buffers...
[18543.439163] nouveau 0000:01:00.0: DRM: waiting for kernel channels to go idle...
[18543.439186] nouveau 0000:01:00.0: DRM: suspending client object trees...
[18543.444643] nouveau 0000:01:00.0: DRM: suspending kernel object tree...
[18544.646075] PM: suspend of devices complete after 2532.505 msecs
[18544.669791] PM: late suspend of devices complete after 23.711 msecs
[18544.672214] ehci-pci 0000:00:1a.0: System wakeup enabled by ACPI
[18544.672565] xhci_hcd 0000:00:14.0: System wakeup enabled by ACPI
[18544.672631] e1000e 0000:00:19.0: System wakeup enabled by ACPI
[18544.672669] ehci-pci 0000:00:1d.0: System wakeup enabled by ACPI
[18544.684381] PM: noirq suspend of devices complete after 14.587 msecs
[18544.684625] ACPI: Preparing to enter system sleep state S3
[18544.735683] ACPI : EC: EC stopped
[18544.735683] PM: Saving platform NVS memory
[18544.735689] Disabling non-boot CPUs ...
[18544.736998] smpboot: CPU 1 is now offline
[18544.738643] smpboot: CPU 2 is now offline
[18544.740236] smpboot: CPU 3 is now offline
[18544.741801] smpboot: CPU 4 is now offline
[18544.743349] smpboot: CPU 5 is now offline
[18544.745236] smpboot: CPU 6 is now offline
[18544.746790] smpboot: CPU 7 is now offline
[18544.749713] ACPI: Low-level resume complete
[18544.749780] ACPI : EC: EC started
[18544.749782] PM: Restoring platform NVS memory
[18544.755612] microcode: CPU0 microcode updated early to revision 0x1e, date = 2015-08-13
[18544.755766] Enabling non-boot CPUs ...
[18544.755838] x86: Booting SMP configuration:
[18544.755840] smpboot: Booting Node 0 Processor 1 APIC 0x1
[18544.761750]  cache: parent cpu1 should not be sleeping
[18544.762014] CPU1 is up
[18544.762065] smpboot: Booting Node 0 Processor 2 APIC 0x2
[18544.766390] microcode: CPU2 microcode updated early to revision 0x1e, date = 2015-08-13
[18544.771011]  cache: parent cpu2 should not be sleeping
[18544.771274] CPU2 is up
[18544.771330] smpboot: Booting Node 0 Processor 3 APIC 0x3
[18544.777128]  cache: parent cpu3 should not be sleeping
[18544.777381] CPU3 is up
[18544.777430] smpboot: Booting Node 0 Processor 4 APIC 0x4
[18544.781757] microcode: CPU4 microcode updated early to revision 0x1e, date = 2015-08-13
[18544.786515]  cache: parent cpu4 should not be sleeping
[18544.786798] CPU4 is up
[18544.786854] smpboot: Booting Node 0 Processor 5 APIC 0x5
[18544.792948]  cache: parent cpu5 should not be sleeping
[18544.793208] CPU5 is up
[18544.793259] smpboot: Booting Node 0 Processor 6 APIC 0x6
[18544.797595] microcode: CPU6 microcode updated early to revision 0x1e, date = 2015-08-13
[18544.802513]  cache: parent cpu6 should not be sleeping
[18544.802800] CPU6 is up
[18544.802851] smpboot: Booting Node 0 Processor 7 APIC 0x7
[18544.809142]  cache: parent cpu7 should not be sleeping
[18544.809400] CPU7 is up
[18544.829806] ACPI: Waking up from system sleep state S3
[18544.932684] acpi LNXPOWER:02: Turning OFF
[18544.936145] ehci-pci 0000:00:1a.0: System wakeup disabled by ACPI
[18544.936165] ehci-pci 0000:00:1d.0: System wakeup disabled by ACPI
[18544.936752] xhci_hcd 0000:00:14.0: System wakeup disabled by ACPI
[18544.947002] PM: noirq resume of devices complete after 12.307 msecs
[18544.947866] PM: early resume of devices complete after 0.828 msecs
[18544.948020] e1000e 0000:00:19.0: System wakeup disabled by ACPI
[18544.948032] usb usb3: root hub lost power or was reset
[18544.948035] usb usb4: root hub lost power or was reset
[18544.948276] nouveau 0000:01:00.0: DRM: resuming kernel object tree...
[18544.948920] rtc_cmos 00:02: System wakeup disabled by ACPI
[18544.952956] sd 0:0:0:0: [sda] Starting disk
[18544.960690] tpm_tis 00:05: TPM is disabled/deactivated (0x6)
[18545.161721] usb 1-1: reset high-speed USB device number 2 using ehci-pci
[18545.161738] usb 2-1: reset high-speed USB device number 2 using ehci-pci
[18545.252768] ata1: SATA link up 6.0 Gbps (SStatus 133 SControl 300)
[18545.253176] ata1.00: ACPI cmd ef/02:00:00:00:00:a0 (SET FEATURES) succeeded
[18545.253181] ata1.00: ACPI cmd f5/00:00:00:00:00:a0 (SECURITY FREEZE LOCK) filtered out
[18545.253184] ata1.00: ACPI cmd ef/10:03:00:00:00:a0 (SET FEATURES) filtered out
[18545.254775] ata6: SATA link up 1.5 Gbps (SStatus 113 SControl 300)
[18545.256069] ata1.00: ACPI cmd ef/02:00:00:00:00:a0 (SET FEATURES) succeeded
[18545.256074] ata1.00: ACPI cmd f5/00:00:00:00:00:a0 (SECURITY FREEZE LOCK) filtered out
[18545.256078] ata1.00: ACPI cmd ef/10:03:00:00:00:a0 (SET FEATURES) filtered out
[18545.256790] ata1.00: configured for UDMA/133
[18545.259047] ata6.00: ACPI cmd e3/00:1f:00:00:00:a0 (IDLE) succeeded
[18545.260557] ata6.00: ACPI cmd e3/00:02:00:00:00:a0 (IDLE) succeeded
[18545.260561] ata6.00: ACPI cmd ef/10:03:00:00:00:a0 (SET FEATURES) filtered out
[18545.267625] ata6.00: ACPI cmd e3/00:1f:00:00:00:a0 (IDLE) succeeded
[18545.269109] ata6.00: ACPI cmd e3/00:02:00:00:00:a0 (IDLE) succeeded
[18545.269113] ata6.00: ACPI cmd ef/10:03:00:00:00:a0 (SET FEATURES) filtered out
[18545.272395] ata6.00: configured for UDMA/133
[18545.316791] usb 3-5: reset full-speed USB device number 2 using xhci_hcd
[18545.634692] usb 3-12: reset high-speed USB device number 6 using xhci_hcd
[18545.636156] nouveau 0000:01:00.0: devinit: 0x64da[0]: script needs connector type
[18545.653114] psmouse serio1: synaptics: queried max coordinates: x [..5676], y [..4758]
[18545.683285] psmouse serio1: synaptics: queried min coordinates: x [1266..], y [1096..]
[18545.716701] nouveau 0000:01:00.0: DRM: resuming client object trees...
[18545.716832] nouveau 0000:01:00.0: DRM: resuming display...
[18545.717265] nouveau 0000:01:00.0: DRM: resuming console...
[18545.857662] PM: resume of devices complete after 909.785 msecs
[18545.857915] PM: Finishing wakeup.
[18545.857916] Restarting tasks ... done.
[18546.003307] e1000e: enp0s25 NIC Link is Down
[18546.309656] e1000e: enp0s25 NIC Link is Down
[18546.331155] bond0: Releasing backup interface enp0s25
[18546.540836] IPv6: ADDRCONF(NETDEV_UP): enp0s25: link is not ready
[18546.542112] iwlwifi 0000:03:00.0: L1 Enabled - LTR Enabled
[18546.548281] iwlwifi 0000:03:00.0: L1 Enabled - LTR Enabled
[18546.726280] iwlwifi 0000:03:00.0: L1 Enabled - LTR Enabled
[18546.726572] iwlwifi 0000:03:00.0: L1 Enabled - LTR Enabled
[18546.744932] IPv6: ADDRCONF(NETDEV_UP): enp0s25: link is not ready
[18549.697057] wlp3s0: authenticate with 00:1f:9e:cf:20:7e
[18549.699312] wlp3s0: send auth to 00:1f:9e:cf:20:7e (try 1/3)
[18549.700210] wlp3s0: authenticated
[18549.700683] wlp3s0: associate with 00:1f:9e:cf:20:7e (try 1/3)
[18549.702619] wlp3s0: RX AssocResp from 00:1f:9e:cf:20:7e (capab=0x101 status=0 aid=64)
[18549.703236] wlp3s0: associated
[18549.705840] cfg80211: Regulatory domain changed to country: US
[18549.705842] cfg80211:  DFS Master region: FCC
[18549.705843] cfg80211:   (start_freq - end_freq @ bandwidth), (max_antenna_gain, max_eirp), (dfs_cac_time)
[18549.705845] cfg80211:   (2402000 KHz - 2472000 KHz @ 40000 KHz), (N/A, 3000 mBm), (N/A)
[18549.705846] cfg80211:   (5170000 KHz - 5250000 KHz @ 80000 KHz, 160000 KHz AUTO), (N/A, 2300 mBm), (N/A)
[18549.705847] cfg80211:   (5250000 KHz - 5330000 KHz @ 80000 KHz, 160000 KHz AUTO), (N/A, 2300 mBm), (0 s)
[18549.705848] cfg80211:   (5490000 KHz - 5730000 KHz @ 160000 KHz), (N/A, 2300 mBm), (0 s)
[18549.705849] cfg80211:   (5735000 KHz - 5835000 KHz @ 80000 KHz), (N/A, 3000 mBm), (N/A)
[18549.705849] cfg80211:   (57240000 KHz - 63720000 KHz @ 2160000 KHz), (N/A, 4000 mBm), (N/A)
[18549.728938] wlp3s0: Limiting TX power to 15 dBm as advertised by 00:1f:9e:cf:20:7e
